2026-09-01 11:45:00,495 INFO    UART mode=baud-matrix transports=dma profile=smoke port=/dev/ttyUSB0 baud=115200 payload=256 cycles=1
2026-09-01 11:45:00,515 INFO    BAUD_MATRIX status=BEGIN rates=2 transports=1 cases_per_rate=60 order=460800,921600
2026-09-01 11:45:00,520 INFO    BAUD_RATE status=BEGIN rate=1/2 index=13 baud=460800 timeout=30.0s
2026-09-01 11:45:00,575 INFO    BAUD_SWITCH status=PASS old_index=11 old=115200 new_index=13 new=460800
2026-09-01 11:45:00,575 INFO    SUITE transport=dma status=BEGIN cases=60 full_profile=SKIPPED
2026-09-01 11:45:00,576 INFO    SECTION transport=dma name=smoke status=BEGIN cases=1 payload=256
2026-09-01 11:45:00,690 INFO    transport=dma section=smoke cycle=1/1 PASS frame_payload=256 elapsed=0.014s roundtrip=34.7 KiB/s
2026-09-01 11:45:00,690 INFO    SECTION name=smoke status=PASS passed=1 failed=0 elapsed=0.014s
2026-09-01 11:45:00,690 INFO    SECTION transport=dma name=large-6144 status=BEGIN cases=1 payload=6144
2026-09-01 11:45:01,070 INFO    transport=dma section=large-6144 cycle=1/1 PASS frame_payload=6144 elapsed=0.273s roundtrip=44.0 KiB/s
2026-09-01 11:45:01,070 INFO    SECTION name=large-6144 status=PASS passed=1 failed=0 elapsed=0.273s
2026-09-01 11:45:01,070 INFO    SECTION transport=dma name=stress status=BEGIN cases=10 payload=6144
2026-09-01 11:45:01,449 INFO    transport=dma section=stress cycle=1/10 PASS frame_payload=6144 elapsed=0.273s roundtrip=44.0 KiB/s
2026-09-01 11:45:01,829 INFO    transport=dma section=stress cycle=2/10 PASS frame_payload=6144 elapsed=0.273s roundtrip=44.0 KiB/s
2026-09-01 11:45:02,208 INFO    transport=dma section=stress cycle=3/10 PASS frame_payload=6144 elapsed=0.273s roundtrip=44.0 KiB/s
2026-09-01 11:45:02,588 INFO    transport=dma section=stress cycle=4/10 PASS frame_payload=6144 elapsed=0.273s roundtrip=43.9 KiB/s
2026-09-01 11:45:02,968 INFO    transport=dma section=stress cycle=5/10 PASS frame_payload=6144 elapsed=0.273s roundtrip=44.0 KiB/s
2026-09-01 11:45:03,347 INFO    transport=dma section=stress cycle=6/10 PASS frame_payload=6144 elapsed=0.273s roundtrip=44.0 KiB/s
2026-09-01 11:45:03,725 INFO    transport=dma section=stress cycle=7/10 PASS frame_payload=6144 elapsed=0.273s roundtrip=44.0 KiB/s
2026-09-01 11:45:04,104 INFO    transport=dma section=stress cycle=8/10 PASS frame_payload=6144 elapsed=0.273s roundtrip=44.0 KiB/s
2026-09-01 11:45:04,485 INFO    transport=dma section=stress cycle=9/10 PASS frame_payload=6144 elapsed=0.273s roundtrip=44.0 KiB/s
2026-09-01 11:45:04,867 INFO    transport=dma section=stress cycle=10/10 PASS frame_payload=6144 elapsed=0.273s roundtrip=44.0 KiB/s
2026-09-01 11:45:04,867 INFO    SECTION name=stress status=PASS passed=10 failed=0 elapsed=2.730s
2026-09-01 11:45:04,867 INFO    SECTION transport=dma name=tx-tail status=BEGIN cases=23
2026-09-01 11:45:04,902 INFO    section=tx-tail case=1/23 PASS size=2 dma=0 tail=2 elapsed=0.000s
2026-09-01 11:45:04,935 INFO    section=tx-tail case=2/23 PASS size=3 dma=0 tail=3 elapsed=0.000s
2026-09-01 11:45:04,970 INFO    section=tx-tail case=3/23 PASS size=4 dma=0 tail=4 elapsed=0.000s
2026-09-01 11:45:05,005 INFO    section=tx-tail case=4/23 PASS size=5 dma=0 tail=5 elapsed=0.000s
2026-09-01 11:45:05,040 INFO    section=tx-tail case=5/23 PASS size=6 dma=0 tail=6 elapsed=0.000s
2026-09-01 11:45:05,075 INFO    section=tx-tail case=6/23 PASS size=7 dma=0 tail=7 elapsed=0.000s
2026-09-01 11:45:05,108 INFO    section=tx-tail case=7/23 PASS size=8 dma=8 tail=0 elapsed=0.000s
2026-09-01 11:45:05,143 INFO    section=tx-tail case=8/23 PASS size=9 dma=8 tail=1 elapsed=0.000s
2026-09-01 11:45:05,179 INFO    section=tx-tail case=9/23 PASS size=10 dma=8 tail=2 elapsed=0.001s
2026-09-01 11:45:05,214 INFO    section=tx-tail case=10/23 PASS size=11 dma=8 tail=3 elapsed=0.000s
2026-09-01 11:45:05,250 INFO    section=tx-tail case=11/23 PASS size=12 dma=8 tail=4 elapsed=0.001s
2026-09-01 11:45:05,286 INFO    section=tx-tail case=12/23 PASS size=13 dma=8 tail=5 elapsed=0.001s
2026-09-01 11:45:05,322 INFO    section=tx-tail case=13/23 PASS size=14 dma=8 tail=6 elapsed=0.001s
2026-09-01 11:45:05,358 INFO    section=tx-tail case=14/23 PASS size=15 dma=8 tail=7 elapsed=0.001s
2026-09-01 11:45:05,393 INFO    section=tx-tail case=15/23 PASS size=16 dma=16 tail=0 elapsed=0.000s
2026-09-01 11:45:05,559 INFO    section=tx-tail case=16/23 PASS size=6144 dma=6144 tail=0 elapsed=0.133s
2026-09-01 11:45:05,738 INFO    section=tx-tail case=17/23 PASS size=6145 dma=6144 tail=1 elapsed=0.133s
2026-09-01 11:45:05,904 INFO    section=tx-tail case=18/23 PASS size=6146 dma=6144 tail=2 elapsed=0.133s
2026-09-01 11:45:06,082 INFO    section=tx-tail case=19/23 PASS size=6147 dma=6144 tail=3 elapsed=0.133s
2026-09-01 11:45:06,260 INFO    section=tx-tail case=20/23 PASS size=6148 dma=6144 tail=4 elapsed=0.135s
2026-09-01 11:45:06,426 INFO    section=tx-tail case=21/23 PASS size=6149 dma=6144 tail=5 elapsed=0.133s
2026-09-01 11:45:06,605 INFO    section=tx-tail case=22/23 PASS size=6150 dma=6144 tail=6 elapsed=0.135s
2026-09-01 11:45:06,782 INFO    section=tx-tail case=23/23 PASS size=6151 dma=6144 tail=7 elapsed=0.135s
2026-09-01 11:45:06,782 INFO    SECTION name=tx-tail status=PASS passed=23 failed=0 elapsed=1.077s
2026-09-01 11:45:06,782 INFO    SECTION transport=dma name=rx-tail status=BEGIN cases=23
2026-09-01 11:45:06,883 INFO    section=rx-tail case=1/23 PASS size=2 dma=0 tail=2 elapsed=0.018s
2026-09-01 11:45:06,984 INFO    section=rx-tail case=2/23 PASS size=3 dma=0 tail=3 elapsed=0.018s
2026-09-01 11:45:07,085 INFO    section=rx-tail case=3/23 PASS size=4 dma=0 tail=4 elapsed=0.018s
2026-09-01 11:45:07,186 INFO    section=rx-tail case=4/23 PASS size=5 dma=0 tail=5 elapsed=0.018s
2026-09-01 11:45:07,286 INFO    section=rx-tail case=5/23 PASS size=6 dma=0 tail=6 elapsed=0.018s
2026-09-01 11:45:07,387 INFO    section=rx-tail case=6/23 PASS size=7 dma=0 tail=7 elapsed=0.018s
2026-09-01 11:45:07,488 INFO    section=rx-tail case=7/23 PASS size=8 dma=8 tail=0 elapsed=0.018s
2026-09-01 11:45:07,588 INFO    section=rx-tail case=8/23 PASS size=9 dma=8 tail=1 elapsed=0.018s
2026-09-01 11:45:07,690 INFO    section=rx-tail case=9/23 PASS size=10 dma=8 tail=2 elapsed=0.019s
2026-09-01 11:45:07,792 INFO    section=rx-tail case=10/23 PASS size=11 dma=8 tail=3 elapsed=0.019s
2026-09-01 11:45:07,894 INFO    section=rx-tail case=11/23 PASS size=12 dma=8 tail=4 elapsed=0.019s
2026-09-01 11:45:07,996 INFO    section=rx-tail case=12/23 PASS size=13 dma=8 tail=5 elapsed=0.019s
2026-09-01 11:45:08,097 INFO    section=rx-tail case=13/23 PASS size=14 dma=8 tail=6 elapsed=0.018s
2026-09-01 11:45:08,199 INFO    section=rx-tail case=14/23 PASS size=15 dma=8 tail=7 elapsed=0.019s
2026-09-01 11:45:08,301 INFO    section=rx-tail case=15/23 PASS size=16 dma=16 tail=0 elapsed=0.019s
2026-09-01 11:45:08,546 INFO    section=rx-tail case=16/23 PASS size=6144 dma=6144 tail=0 elapsed=0.154s
2026-09-01 11:45:08,791 INFO    section=rx-tail case=17/23 PASS size=6145 dma=6144 tail=1 elapsed=0.154s
2026-09-01 11:45:09,034 ERROR   BAUD_RATE status=FAIL rate=1/2 index=13 baud=460800 error=section=rx-tail case=18/23 size=6146 tail=2: device RX failure: @RESULT mode=rx sequence=52 size=6146 dma=6144 tail=2 rx=6146 crc=FAIL data=PASS hw_timeout=PASS status=FAIL
2026-09-01 11:45:09,073 INFO    BAUD_SWITCH status=PASS old_index=13 old=460800 new_index=11 new=115200
2026-09-01 11:45:09,078 INFO    BAUD_RATE status=BEGIN rate=2/2 index=14 baud=921600 timeout=30.0s
2026-09-01 11:45:09,134 INFO    BAUD_SWITCH status=PASS old_index=11 old=115200 new_index=14 new=921600
2026-09-01 11:45:09,135 INFO    SUITE transport=dma status=BEGIN cases=60 full_profile=SKIPPED
2026-09-01 11:45:09,135 INFO    SECTION transport=dma name=smoke status=BEGIN cases=1 payload=256
2026-09-01 11:45:09,235 INFO    transport=dma section=smoke cycle=1/1 PASS frame_payload=256 elapsed=0.008s roundtrip=64.2 KiB/s
2026-09-01 11:45:09,235 INFO    SECTION name=smoke status=PASS passed=1 failed=0 elapsed=0.008s
2026-09-01 11:45:09,235 INFO    SECTION transport=dma name=large-6144 status=BEGIN cases=1 payload=6144
2026-09-01 11:45:09,471 INFO    transport=dma section=large-6144 cycle=1/1 PASS frame_payload=6144 elapsed=0.137s roundtrip=87.5 KiB/s
2026-09-01 11:45:09,471 INFO    SECTION name=large-6144 status=PASS passed=1 failed=0 elapsed=0.137s
2026-09-01 11:45:09,471 INFO    SECTION transport=dma name=stress status=BEGIN cases=10 payload=6144
2026-09-01 11:45:09,706 INFO    transport=dma section=stress cycle=1/10 PASS frame_payload=6144 elapsed=0.137s roundtrip=87.5 KiB/s
2026-09-01 11:45:09,942 INFO    transport=dma section=stress cycle=2/10 PASS frame_payload=6144 elapsed=0.137s roundtrip=87.5 KiB/s
2026-09-01 11:45:10,178 INFO    transport=dma section=stress cycle=3/10 PASS frame_payload=6144 elapsed=0.137s roundtrip=87.5 KiB/s
2026-09-01 11:45:10,413 INFO    transport=dma section=stress cycle=4/10 PASS frame_payload=6144 elapsed=0.137s roundtrip=87.3 KiB/s
2026-09-01 11:45:10,649 INFO    transport=dma section=stress cycle=5/10 PASS frame_payload=6144 elapsed=0.138s roundtrip=87.0 KiB/s
2026-09-01 11:45:10,885 INFO    transport=dma section=stress cycle=6/10 PASS frame_payload=6144 elapsed=0.137s roundtrip=87.5 KiB/s
2026-09-01 11:45:11,120 INFO    transport=dma section=stress cycle=7/10 PASS frame_payload=6144 elapsed=0.137s roundtrip=87.5 KiB/s
2026-09-01 11:45:11,356 INFO    transport=dma section=stress cycle=8/10 PASS frame_payload=6144 elapsed=0.137s roundtrip=87.5 KiB/s
2026-09-01 11:45:11,592 INFO    transport=dma section=stress cycle=9/10 PASS frame_payload=6144 elapsed=0.137s roundtrip=87.5 KiB/s
2026-09-01 11:45:11,828 INFO    transport=dma section=stress cycle=10/10 PASS frame_payload=6144 elapsed=0.137s roundtrip=87.6 KiB/s
2026-09-01 11:45:11,828 INFO    SECTION name=stress status=PASS passed=10 failed=0 elapsed=1.372s
2026-09-01 11:45:11,828 INFO    SECTION transport=dma name=tx-tail status=BEGIN cases=23
2026-09-01 11:45:11,854 INFO    section=tx-tail case=1/23 PASS size=2 dma=0 tail=2 elapsed=0.000s
2026-09-01 11:45:11,879 INFO    section=tx-tail case=2/23 PASS size=3 dma=0 tail=3 elapsed=0.000s
2026-09-01 11:45:11,905 INFO    section=tx-tail case=3/23 PASS size=4 dma=0 tail=4 elapsed=0.000s
2026-09-01 11:45:11,916 INFO    section=tx-tail case=4/23 PASS size=5 dma=0 tail=5 elapsed=0.001s
2026-09-01 11:45:11,927 INFO    section=tx-tail case=5/23 PASS size=6 dma=0 tail=6 elapsed=0.001s
2026-09-01 11:45:11,953 INFO    section=tx-tail case=6/23 PASS size=7 dma=0 tail=7 elapsed=0.000s
2026-09-01 11:45:11,979 INFO    section=tx-tail case=7/23 PASS size=8 dma=8 tail=0 elapsed=0.000s
2026-09-01 11:45:12,004 INFO    section=tx-tail case=8/23 PASS size=9 dma=8 tail=1 elapsed=0.000s
2026-09-01 11:45:12,030 INFO    section=tx-tail case=9/23 PASS size=10 dma=8 tail=2 elapsed=0.000s
2026-09-01 11:45:12,056 INFO    section=tx-tail case=10/23 PASS size=11 dma=8 tail=3 elapsed=0.000s
2026-09-01 11:45:12,083 INFO    section=tx-tail case=11/23 PASS size=12 dma=8 tail=4 elapsed=0.000s
2026-09-01 11:45:12,110 INFO    section=tx-tail case=12/23 PASS size=13 dma=8 tail=5 elapsed=0.000s
2026-09-01 11:45:12,121 INFO    section=tx-tail case=13/23 PASS size=14 dma=8 tail=6 elapsed=0.000s
2026-09-01 11:45:12,148 INFO    section=tx-tail case=14/23 PASS size=15 dma=8 tail=7 elapsed=0.001s
2026-09-01 11:45:12,174 INFO    section=tx-tail case=15/23 PASS size=16 dma=16 tail=0 elapsed=0.000s
2026-09-01 11:45:12,276 INFO    section=tx-tail case=16/23 PASS size=6144 dma=6144 tail=0 elapsed=0.067s
2026-09-01 11:45:12,377 INFO    section=tx-tail case=17/23 PASS size=6145 dma=6144 tail=1 elapsed=0.067s
2026-09-01 11:45:12,477 INFO    section=tx-tail case=18/23 PASS size=6146 dma=6144 tail=2 elapsed=0.067s
2026-09-01 11:45:12,578 INFO    section=tx-tail case=19/23 PASS size=6147 dma=6144 tail=3 elapsed=0.067s
2026-09-01 11:45:12,667 INFO    section=tx-tail case=20/23 PASS size=6148 dma=6144 tail=4 elapsed=0.067s
2026-09-01 11:45:12,769 INFO    section=tx-tail case=21/23 PASS size=6149 dma=6144 tail=5 elapsed=0.067s
2026-09-01 11:45:12,870 INFO    section=tx-tail case=22/23 PASS size=6150 dma=6144 tail=6 elapsed=0.067s
2026-09-01 11:45:12,959 INFO    section=tx-tail case=23/23 PASS size=6151 dma=6144 tail=7 elapsed=0.067s
2026-09-01 11:45:12,959 INFO    SECTION name=tx-tail status=PASS passed=23 failed=0 elapsed=0.538s
2026-09-01 11:45:12,959 INFO    SECTION transport=dma name=rx-tail status=BEGIN cases=23
2026-09-01 11:45:13,051 INFO    section=rx-tail case=1/23 PASS size=2 dma=0 tail=2 elapsed=0.017s
2026-09-01 11:45:13,144 INFO    section=rx-tail case=2/23 PASS size=3 dma=0 tail=3 elapsed=0.017s
2026-09-01 11:45:13,236 INFO    section=rx-tail case=3/23 PASS size=4 dma=0 tail=4 elapsed=0.017s
2026-09-01 11:45:13,328 INFO    section=rx-tail case=4/23 PASS size=5 dma=0 tail=5 elapsed=0.017s
2026-09-01 11:45:13,422 INFO    section=rx-tail case=5/23 PASS size=6 dma=0 tail=6 elapsed=0.018s
2026-09-01 11:45:13,514 INFO    section=rx-tail case=6/23 PASS size=7 dma=0 tail=7 elapsed=0.017s
2026-09-01 11:45:13,606 INFO    section=rx-tail case=7/23 PASS size=8 dma=8 tail=0 elapsed=0.017s
2026-09-01 11:45:13,698 INFO    section=rx-tail case=8/23 PASS size=9 dma=8 tail=1 elapsed=0.018s
2026-09-01 11:45:13,791 INFO    section=rx-tail case=9/23 PASS size=10 dma=8 tail=2 elapsed=0.018s
2026-09-01 11:45:13,885 INFO    section=rx-tail case=10/23 PASS size=11 dma=8 tail=3 elapsed=0.018s
2026-09-01 11:45:13,978 INFO    section=rx-tail case=11/23 PASS size=12 dma=8 tail=4 elapsed=0.018s
2026-09-01 11:45:14,071 INFO    section=rx-tail case=12/23 PASS size=13 dma=8 tail=5 elapsed=0.018s
2026-09-01 11:45:14,163 INFO    section=rx-tail case=13/23 PASS size=14 dma=8 tail=6 elapsed=0.018s
2026-09-01 11:45:14,257 INFO    section=rx-tail case=14/23 PASS size=15 dma=8 tail=7 elapsed=0.018s
2026-09-01 11:45:14,351 INFO    section=rx-tail case=15/23 PASS size=16 dma=16 tail=0 elapsed=0.018s
2026-09-01 11:45:14,520 INFO    section=rx-tail case=16/23 PASS size=6144 dma=6144 tail=0 elapsed=0.086s
2026-09-01 11:45:14,688 INFO    section=rx-tail case=17/23 PASS size=6145 dma=6144 tail=1 elapsed=0.086s
2026-09-01 11:45:14,856 INFO    section=rx-tail case=18/23 PASS size=6146 dma=6144 tail=2 elapsed=0.086s
2026-09-01 11:45:15,024 INFO    section=rx-tail case=19/23 PASS size=6147 dma=6144 tail=3 elapsed=0.086s
2026-09-01 11:45:15,191 INFO    section=rx-tail case=20/23 PASS size=6148 dma=6144 tail=4 elapsed=0.086s
2026-09-01 11:45:15,359 ERROR   BAUD_RATE status=FAIL rate=2/2 index=14 baud=921600 error=section=rx-tail case=21/23 size=6149 tail=5: device RX failure: @RESULT mode=rx sequence=55 size=6149 dma=6144 tail=5 rx=6149 crc=FAIL data=FAIL hw_timeout=PASS status=FAIL
2026-09-01 11:45:15,394 INFO    BAUD_SWITCH status=PASS old_index=14 old=921600 new_index=11 new=115200
2026-09-01 11:45:15,395 INFO    BAUD_MATRIX status=FAIL rates_passed=0 rates_unsupported=0 rates_failed=2 hardware_cases_passed=0
