2026-09-01 12:08:01,228 INFO    UART mode=baud-matrix transports=dma profile=smoke port=/dev/ttyUSB0 baud=115200 payload=256 cycles=1
2026-09-01 12:08:01,248 INFO    BAUD_MATRIX status=BEGIN rates=2 transports=1 cases_per_rate=60 order=460800,921600
2026-09-01 12:08:01,252 INFO    BAUD_RATE status=BEGIN rate=1/2 index=13 baud=460800 timeout=30.0s
2026-09-01 12:08:01,308 INFO    BAUD_SWITCH status=PASS old_index=11 old=115200 new_index=13 new=460800
2026-09-01 12:08:01,308 INFO    SUITE transport=dma status=BEGIN cases=60 full_profile=SKIPPED
2026-09-01 12:08:01,308 INFO    SECTION transport=dma name=smoke status=BEGIN cases=1 payload=256
2026-09-01 12:08:01,423 INFO    transport=dma section=smoke cycle=1/1 PASS frame_payload=256 elapsed=0.014s roundtrip=35.5 KiB/s
2026-09-01 12:08:01,423 INFO    SECTION name=smoke status=PASS passed=1 failed=0 elapsed=0.014s
2026-09-01 12:08:01,423 INFO    SECTION transport=dma name=large-6144 status=BEGIN cases=1 payload=6144
2026-09-01 12:08:01,804 INFO    transport=dma section=large-6144 cycle=1/1 PASS frame_payload=6144 elapsed=0.273s roundtrip=44.0 KiB/s
2026-09-01 12:08:01,804 INFO    SECTION name=large-6144 status=PASS passed=1 failed=0 elapsed=0.273s
2026-09-01 12:08:01,804 INFO    SECTION transport=dma name=stress status=BEGIN cases=10 payload=6144
2026-09-01 12:08:02,183 INFO    transport=dma section=stress cycle=1/10 PASS frame_payload=6144 elapsed=0.272s roundtrip=44.2 KiB/s
2026-09-01 12:08:02,563 INFO    transport=dma section=stress cycle=2/10 PASS frame_payload=6144 elapsed=0.273s roundtrip=44.0 KiB/s
2026-09-01 12:08:02,943 INFO    transport=dma section=stress cycle=3/10 PASS frame_payload=6144 elapsed=0.273s roundtrip=44.0 KiB/s
2026-09-01 12:08:03,323 INFO    transport=dma section=stress cycle=4/10 PASS frame_payload=6144 elapsed=0.272s roundtrip=44.2 KiB/s
2026-09-01 12:08:03,703 INFO    transport=dma section=stress cycle=5/10 PASS frame_payload=6144 elapsed=0.271s roundtrip=44.2 KiB/s
2026-09-01 12:08:04,083 INFO    transport=dma section=stress cycle=6/10 PASS frame_payload=6144 elapsed=0.273s roundtrip=44.0 KiB/s
2026-09-01 12:08:04,461 INFO    transport=dma section=stress cycle=7/10 PASS frame_payload=6144 elapsed=0.273s roundtrip=44.0 KiB/s
2026-09-01 12:08:04,841 INFO    transport=dma section=stress cycle=8/10 PASS frame_payload=6144 elapsed=0.273s roundtrip=44.0 KiB/s
2026-09-01 12:08:05,222 INFO    transport=dma section=stress cycle=9/10 PASS frame_payload=6144 elapsed=0.273s roundtrip=44.0 KiB/s
2026-09-01 12:08:05,603 INFO    transport=dma section=stress cycle=10/10 PASS frame_payload=6144 elapsed=0.273s roundtrip=44.0 KiB/s
2026-09-01 12:08:05,604 INFO    SECTION name=stress status=PASS passed=10 failed=0 elapsed=2.725s
2026-09-01 12:08:05,604 INFO    SECTION transport=dma name=tx-tail status=BEGIN cases=23
2026-09-01 12:08:05,638 INFO    section=tx-tail case=1/23 PASS size=2 dma=0 tail=2 elapsed=0.000s
2026-09-01 12:08:05,672 INFO    section=tx-tail case=2/23 PASS size=3 dma=0 tail=3 elapsed=0.000s
2026-09-01 12:08:05,706 INFO    section=tx-tail case=3/23 PASS size=4 dma=0 tail=4 elapsed=0.000s
2026-09-01 12:08:05,741 INFO    section=tx-tail case=4/23 PASS size=5 dma=0 tail=5 elapsed=0.000s
2026-09-01 12:08:05,776 INFO    section=tx-tail case=5/23 PASS size=6 dma=0 tail=6 elapsed=0.000s
2026-09-01 12:08:05,811 INFO    section=tx-tail case=6/23 PASS size=7 dma=0 tail=7 elapsed=0.000s
2026-09-01 12:08:05,845 INFO    section=tx-tail case=7/23 PASS size=8 dma=8 tail=0 elapsed=0.000s
2026-09-01 12:08:05,879 INFO    section=tx-tail case=8/23 PASS size=9 dma=8 tail=1 elapsed=0.000s
2026-09-01 12:08:05,915 INFO    section=tx-tail case=9/23 PASS size=10 dma=8 tail=2 elapsed=0.000s
2026-09-01 12:08:05,949 INFO    section=tx-tail case=10/23 PASS size=11 dma=8 tail=3 elapsed=0.000s
2026-09-01 12:08:05,971 INFO    section=tx-tail case=11/23 PASS size=12 dma=8 tail=4 elapsed=0.000s
2026-09-01 12:08:05,991 INFO    section=tx-tail case=12/23 PASS size=13 dma=8 tail=5 elapsed=0.001s
2026-09-01 12:08:06,027 INFO    section=tx-tail case=13/23 PASS size=14 dma=8 tail=6 elapsed=0.001s
2026-09-01 12:08:06,063 INFO    section=tx-tail case=14/23 PASS size=15 dma=8 tail=7 elapsed=0.001s
2026-09-01 12:08:06,098 INFO    section=tx-tail case=15/23 PASS size=16 dma=16 tail=0 elapsed=0.000s
2026-09-01 12:08:06,263 INFO    section=tx-tail case=16/23 PASS size=6144 dma=6144 tail=0 elapsed=0.133s
2026-09-01 12:08:06,442 INFO    section=tx-tail case=17/23 PASS size=6145 dma=6144 tail=1 elapsed=0.135s
2026-09-01 12:08:06,608 INFO    section=tx-tail case=18/23 PASS size=6146 dma=6144 tail=2 elapsed=0.133s
2026-09-01 12:08:06,786 INFO    section=tx-tail case=19/23 PASS size=6147 dma=6144 tail=3 elapsed=0.133s
2026-09-01 12:08:06,963 INFO    section=tx-tail case=20/23 PASS size=6148 dma=6144 tail=4 elapsed=0.135s
2026-09-01 12:08:07,129 INFO    section=tx-tail case=21/23 PASS size=6149 dma=6144 tail=5 elapsed=0.133s
2026-09-01 12:08:07,308 INFO    section=tx-tail case=22/23 PASS size=6150 dma=6144 tail=6 elapsed=0.135s
2026-09-01 12:08:07,485 INFO    section=tx-tail case=23/23 PASS size=6151 dma=6144 tail=7 elapsed=0.135s
2026-09-01 12:08:07,486 INFO    SECTION name=tx-tail status=PASS passed=23 failed=0 elapsed=1.076s
2026-09-01 12:08:07,486 INFO    SECTION transport=dma name=rx-tail status=BEGIN cases=23
2026-09-01 12:08:07,586 INFO    section=rx-tail case=1/23 PASS size=2 dma=0 tail=2 elapsed=0.018s
2026-09-01 12:08:07,687 INFO    section=rx-tail case=2/23 PASS size=3 dma=0 tail=3 elapsed=0.018s
2026-09-01 12:08:07,788 INFO    section=rx-tail case=3/23 PASS size=4 dma=0 tail=4 elapsed=0.018s
2026-09-01 12:08:07,889 INFO    section=rx-tail case=4/23 PASS size=5 dma=0 tail=5 elapsed=0.018s
2026-09-01 12:08:07,989 INFO    section=rx-tail case=5/23 PASS size=6 dma=0 tail=6 elapsed=0.018s
2026-09-01 12:08:08,090 INFO    section=rx-tail case=6/23 PASS size=7 dma=0 tail=7 elapsed=0.018s
2026-09-01 12:08:08,191 INFO    section=rx-tail case=7/23 PASS size=8 dma=8 tail=0 elapsed=0.018s
2026-09-01 12:08:08,291 INFO    section=rx-tail case=8/23 PASS size=9 dma=8 tail=1 elapsed=0.018s
2026-09-01 12:08:08,393 INFO    section=rx-tail case=9/23 PASS size=10 dma=8 tail=2 elapsed=0.019s
2026-09-01 12:08:08,495 INFO    section=rx-tail case=10/23 PASS size=11 dma=8 tail=3 elapsed=0.019s
2026-09-01 12:08:08,597 INFO    section=rx-tail case=11/23 PASS size=12 dma=8 tail=4 elapsed=0.019s
2026-09-01 12:08:08,699 INFO    section=rx-tail case=12/23 PASS size=13 dma=8 tail=5 elapsed=0.019s
2026-09-01 12:08:08,800 INFO    section=rx-tail case=13/23 PASS size=14 dma=8 tail=6 elapsed=0.018s
2026-09-01 12:08:08,902 INFO    section=rx-tail case=14/23 PASS size=15 dma=8 tail=7 elapsed=0.019s
2026-09-01 12:08:09,004 INFO    section=rx-tail case=15/23 PASS size=16 dma=16 tail=0 elapsed=0.019s
2026-09-01 12:08:09,249 INFO    section=rx-tail case=16/23 PASS size=6144 dma=6144 tail=0 elapsed=0.154s
2026-09-01 12:08:09,494 INFO    section=rx-tail case=17/23 PASS size=6145 dma=6144 tail=1 elapsed=0.154s
2026-09-01 12:08:09,737 ERROR   BAUD_RATE status=FAIL rate=1/2 index=13 baud=460800 error=section=rx-tail case=18/23 size=6146 tail=2: device RX failure: @RESULT mode=rx sequence=52 size=6146 dma=6144 tail=2 rx=6146 crc=FAIL data=PASS hw_timeout=PASS status=FAIL
2026-09-01 12:08:09,777 INFO    BAUD_SWITCH status=PASS old_index=13 old=460800 new_index=11 new=115200
2026-09-01 12:08:09,783 INFO    BAUD_RATE status=BEGIN rate=2/2 index=14 baud=921600 timeout=30.0s
2026-09-01 12:08:09,838 INFO    BAUD_SWITCH status=PASS old_index=11 old=115200 new_index=14 new=921600
2026-09-01 12:08:09,838 INFO    SUITE transport=dma status=BEGIN cases=60 full_profile=SKIPPED
2026-09-01 12:08:09,839 INFO    SECTION transport=dma name=smoke status=BEGIN cases=1 payload=256
2026-09-01 12:08:09,938 INFO    transport=dma section=smoke cycle=1/1 PASS frame_payload=256 elapsed=0.008s roundtrip=66.3 KiB/s
2026-09-01 12:08:09,938 INFO    SECTION name=smoke status=PASS passed=1 failed=0 elapsed=0.008s
2026-09-01 12:08:09,938 INFO    SECTION transport=dma name=large-6144 status=BEGIN cases=1 payload=6144
2026-09-01 12:08:10,174 INFO    transport=dma section=large-6144 cycle=1/1 PASS frame_payload=6144 elapsed=0.137s roundtrip=87.5 KiB/s
2026-09-01 12:08:10,174 INFO    SECTION name=large-6144 status=PASS passed=1 failed=0 elapsed=0.137s
2026-09-01 12:08:10,174 INFO    SECTION transport=dma name=stress status=BEGIN cases=10 payload=6144
2026-09-01 12:08:10,410 INFO    transport=dma section=stress cycle=1/10 PASS frame_payload=6144 elapsed=0.137s roundtrip=87.5 KiB/s
2026-09-01 12:08:10,633 INFO    transport=dma section=stress cycle=2/10 PASS frame_payload=6144 elapsed=0.137s roundtrip=87.5 KiB/s
2026-09-01 12:08:10,868 INFO    transport=dma section=stress cycle=3/10 PASS frame_payload=6144 elapsed=0.137s roundtrip=87.5 KiB/s
2026-09-01 12:08:11,091 INFO    transport=dma section=stress cycle=4/10 PASS frame_payload=6144 elapsed=0.137s roundtrip=87.5 KiB/s
2026-09-01 12:08:11,326 INFO    transport=dma section=stress cycle=5/10 PASS frame_payload=6144 elapsed=0.137s roundtrip=87.5 KiB/s
2026-09-01 12:08:11,562 INFO    transport=dma section=stress cycle=6/10 PASS frame_payload=6144 elapsed=0.137s roundtrip=87.5 KiB/s
2026-09-01 12:08:11,797 INFO    transport=dma section=stress cycle=7/10 PASS frame_payload=6144 elapsed=0.138s roundtrip=87.0 KiB/s
2026-09-01 12:08:12,031 INFO    transport=dma section=stress cycle=8/10 PASS frame_payload=6144 elapsed=0.137s roundtrip=87.4 KiB/s
2026-09-01 12:08:12,268 INFO    transport=dma section=stress cycle=9/10 PASS frame_payload=6144 elapsed=0.137s roundtrip=87.5 KiB/s
2026-09-01 12:08:12,505 INFO    transport=dma section=stress cycle=10/10 PASS frame_payload=6144 elapsed=0.137s roundtrip=87.5 KiB/s
2026-09-01 12:08:12,505 INFO    SECTION name=stress status=PASS passed=10 failed=0 elapsed=1.372s
2026-09-01 12:08:12,505 INFO    SECTION transport=dma name=tx-tail status=BEGIN cases=23
2026-09-01 12:08:12,531 INFO    section=tx-tail case=1/23 PASS size=2 dma=0 tail=2 elapsed=0.000s
2026-09-01 12:08:12,557 INFO    section=tx-tail case=2/23 PASS size=3 dma=0 tail=3 elapsed=0.000s
2026-09-01 12:08:12,583 INFO    section=tx-tail case=3/23 PASS size=4 dma=0 tail=4 elapsed=0.000s
2026-09-01 12:08:12,609 INFO    section=tx-tail case=4/23 PASS size=5 dma=0 tail=5 elapsed=0.000s
2026-09-01 12:08:12,635 INFO    section=tx-tail case=5/23 PASS size=6 dma=0 tail=6 elapsed=0.000s
2026-09-01 12:08:12,661 INFO    section=tx-tail case=6/23 PASS size=7 dma=0 tail=7 elapsed=0.000s
2026-09-01 12:08:12,686 INFO    section=tx-tail case=7/23 PASS size=8 dma=8 tail=0 elapsed=0.000s
2026-09-01 12:08:12,712 INFO    section=tx-tail case=8/23 PASS size=9 dma=8 tail=1 elapsed=0.000s
2026-09-01 12:08:12,724 INFO    section=tx-tail case=9/23 PASS size=10 dma=8 tail=2 elapsed=0.000s
2026-09-01 12:08:12,750 INFO    section=tx-tail case=10/23 PASS size=11 dma=8 tail=3 elapsed=0.000s
2026-09-01 12:08:12,762 INFO    section=tx-tail case=11/23 PASS size=12 dma=8 tail=4 elapsed=0.000s
2026-09-01 12:08:12,774 INFO    section=tx-tail case=12/23 PASS size=13 dma=8 tail=5 elapsed=0.000s
2026-09-01 12:08:12,800 INFO    section=tx-tail case=13/23 PASS size=14 dma=8 tail=6 elapsed=0.000s
2026-09-01 12:08:12,827 INFO    section=tx-tail case=14/23 PASS size=15 dma=8 tail=7 elapsed=0.001s
2026-09-01 12:08:12,853 INFO    section=tx-tail case=15/23 PASS size=16 dma=16 tail=0 elapsed=0.000s
2026-09-01 12:08:12,954 INFO    section=tx-tail case=16/23 PASS size=6144 dma=6144 tail=0 elapsed=0.067s
2026-09-01 12:08:13,055 INFO    section=tx-tail case=17/23 PASS size=6145 dma=6144 tail=1 elapsed=0.067s
2026-09-01 12:08:13,156 INFO    section=tx-tail case=18/23 PASS size=6146 dma=6144 tail=2 elapsed=0.067s
2026-09-01 12:08:13,257 INFO    section=tx-tail case=19/23 PASS size=6147 dma=6144 tail=3 elapsed=0.067s
2026-09-01 12:08:13,358 INFO    section=tx-tail case=20/23 PASS size=6148 dma=6144 tail=4 elapsed=0.068s
2026-09-01 12:08:13,459 INFO    section=tx-tail case=21/23 PASS size=6149 dma=6144 tail=5 elapsed=0.067s
2026-09-01 12:08:13,560 INFO    section=tx-tail case=22/23 PASS size=6150 dma=6144 tail=6 elapsed=0.067s
2026-09-01 12:08:13,661 INFO    section=tx-tail case=23/23 PASS size=6151 dma=6144 tail=7 elapsed=0.067s
2026-09-01 12:08:13,661 INFO    SECTION name=tx-tail status=PASS passed=23 failed=0 elapsed=0.537s
2026-09-01 12:08:13,661 INFO    SECTION transport=dma name=rx-tail status=BEGIN cases=23
2026-09-01 12:08:13,753 INFO    section=rx-tail case=1/23 PASS size=2 dma=0 tail=2 elapsed=0.017s
2026-09-01 12:08:13,846 INFO    section=rx-tail case=2/23 PASS size=3 dma=0 tail=3 elapsed=0.018s
2026-09-01 12:08:13,939 INFO    section=rx-tail case=3/23 PASS size=4 dma=0 tail=4 elapsed=0.018s
2026-09-01 12:08:14,031 INFO    section=rx-tail case=4/23 PASS size=5 dma=0 tail=5 elapsed=0.017s
2026-09-01 12:08:14,123 INFO    section=rx-tail case=5/23 PASS size=6 dma=0 tail=6 elapsed=0.017s
2026-09-01 12:08:14,216 INFO    section=rx-tail case=6/23 PASS size=7 dma=0 tail=7 elapsed=0.018s
2026-09-01 12:08:14,309 INFO    section=rx-tail case=7/23 PASS size=8 dma=8 tail=0 elapsed=0.018s
2026-09-01 12:08:14,401 INFO    section=rx-tail case=8/23 PASS size=9 dma=8 tail=1 elapsed=0.017s
2026-09-01 12:08:14,494 INFO    section=rx-tail case=9/23 PASS size=10 dma=8 tail=2 elapsed=0.018s
2026-09-01 12:08:14,587 INFO    section=rx-tail case=10/23 PASS size=11 dma=8 tail=3 elapsed=0.018s
2026-09-01 12:08:14,681 INFO    section=rx-tail case=11/23 PASS size=12 dma=8 tail=4 elapsed=0.018s
2026-09-01 12:08:14,774 INFO    section=rx-tail case=12/23 PASS size=13 dma=8 tail=5 elapsed=0.018s
2026-09-01 12:08:14,866 INFO    section=rx-tail case=13/23 PASS size=14 dma=8 tail=6 elapsed=0.017s
2026-09-01 12:08:14,959 INFO    section=rx-tail case=14/23 PASS size=15 dma=8 tail=7 elapsed=0.018s
2026-09-01 12:08:15,052 INFO    section=rx-tail case=15/23 PASS size=16 dma=16 tail=0 elapsed=0.018s
2026-09-01 12:08:15,220 INFO    section=rx-tail case=16/23 PASS size=6144 dma=6144 tail=0 elapsed=0.086s
2026-09-01 12:08:15,388 INFO    section=rx-tail case=17/23 PASS size=6145 dma=6144 tail=1 elapsed=0.086s
2026-09-01 12:08:15,556 INFO    section=rx-tail case=18/23 PASS size=6146 dma=6144 tail=2 elapsed=0.086s
2026-09-01 12:08:15,724 ERROR   BAUD_RATE status=FAIL rate=2/2 index=14 baud=921600 error=section=rx-tail case=19/23 size=6147 tail=3: device RX failure: @RESULT mode=rx sequence=53 size=6147 dma=6144 tail=3 rx=6147 crc=FAIL data=PASS hw_timeout=PASS status=FAIL
2026-09-01 12:08:15,760 INFO    BAUD_SWITCH status=PASS old_index=14 old=921600 new_index=11 new=115200
2026-09-01 12:08:15,760 INFO    BAUD_MATRIX status=FAIL rates_passed=0 rates_unsupported=0 rates_failed=2 hardware_cases_passed=0
