2026-09-01 02:17:23,526 INFO    UART mode=baud-matrix transports=polling,isr,dma profile=smoke port=/dev/ttyUSB0 baud=115200 payload=256 cycles=1
2026-09-01 02:17:23,545 INFO    BAUD_MATRIX status=BEGIN rates=3 transports=3 cases_per_rate=174 order=14400,115200,921600
2026-09-01 02:17:23,550 INFO    BAUD_RATE status=BEGIN rate=1/3 index=6 baud=14400 timeout=30.0s
2026-09-01 02:17:23,632 INFO    BAUD_SWITCH status=PASS old_index=11 old=115200 new_index=6 new=14400
2026-09-01 02:17:23,632 INFO    SUITE transport=polling status=BEGIN cases=58 full_profile=SKIPPED
2026-09-01 02:17:23,632 INFO    SECTION transport=polling name=smoke status=BEGIN cases=1 payload=256
2026-09-01 02:17:24,838 INFO    transport=polling section=smoke cycle=1/1 PASS frame_payload=256 elapsed=0.404s roundtrip=1.2 KiB/s
2026-09-01 02:17:24,838 INFO    SECTION name=smoke status=PASS passed=1 failed=0 elapsed=0.404s
2026-09-01 02:17:24,838 INFO    SECTION transport=polling name=large-6144 status=BEGIN cases=1 payload=6144
2026-09-01 02:17:34,314 INFO    transport=polling section=large-6144 cycle=1/1 PASS frame_payload=6144 elapsed=8.594s roundtrip=1.4 KiB/s
2026-09-01 02:17:34,314 INFO    SECTION name=large-6144 status=PASS passed=1 failed=0 elapsed=8.594s
2026-09-01 02:17:34,314 INFO    SECTION transport=polling name=stress status=BEGIN cases=10 payload=6144
2026-09-01 02:17:43,793 INFO    transport=polling section=stress cycle=1/10 PASS frame_payload=6144 elapsed=8.597s roundtrip=1.4 KiB/s
2026-09-01 02:17:53,274 INFO    transport=polling section=stress cycle=2/10 PASS frame_payload=6144 elapsed=8.599s roundtrip=1.4 KiB/s
2026-09-01 02:18:02,756 INFO    transport=polling section=stress cycle=3/10 PASS frame_payload=6144 elapsed=8.601s roundtrip=1.4 KiB/s
2026-09-01 02:18:12,202 INFO    transport=polling section=stress cycle=4/10 PASS frame_payload=6144 elapsed=8.596s roundtrip=1.4 KiB/s
2026-09-01 02:18:21,682 INFO    transport=polling section=stress cycle=5/10 PASS frame_payload=6144 elapsed=8.598s roundtrip=1.4 KiB/s
2026-09-01 02:18:31,165 INFO    transport=polling section=stress cycle=6/10 PASS frame_payload=6144 elapsed=8.601s roundtrip=1.4 KiB/s
2026-09-01 02:18:40,579 INFO    transport=polling section=stress cycle=7/10 PASS frame_payload=6144 elapsed=8.596s roundtrip=1.4 KiB/s
2026-09-01 02:18:50,058 INFO    transport=polling section=stress cycle=8/10 PASS frame_payload=6144 elapsed=8.597s roundtrip=1.4 KiB/s
2026-09-01 02:18:59,571 INFO    transport=polling section=stress cycle=9/10 PASS frame_payload=6144 elapsed=8.600s roundtrip=1.4 KiB/s
2026-09-01 02:19:09,080 INFO    transport=polling section=stress cycle=10/10 PASS frame_payload=6144 elapsed=8.595s roundtrip=1.4 KiB/s
2026-09-01 02:19:09,080 INFO    SECTION name=stress status=PASS passed=10 failed=0 elapsed=85.977s
2026-09-01 02:19:09,080 INFO    SECTION transport=polling name=tx-tail status=BEGIN cases=23
2026-09-01 02:19:09,768 INFO    section=tx-tail case=1/23 PASS size=2 dma=0 tail=2 elapsed=0.000s
2026-09-01 02:19:10,424 INFO    section=tx-tail case=2/23 PASS size=3 dma=0 tail=3 elapsed=0.000s
2026-09-01 02:19:11,112 INFO    section=tx-tail case=3/23 PASS size=4 dma=0 tail=4 elapsed=0.000s
2026-09-01 02:19:11,800 INFO    section=tx-tail case=4/23 PASS size=5 dma=0 tail=5 elapsed=0.000s
2026-09-01 02:19:12,488 INFO    section=tx-tail case=5/23 PASS size=6 dma=0 tail=6 elapsed=0.000s
2026-09-01 02:19:13,176 INFO    section=tx-tail case=6/23 PASS size=7 dma=0 tail=7 elapsed=0.000s
2026-09-01 02:19:13,832 INFO    section=tx-tail case=7/23 PASS size=8 dma=8 tail=0 elapsed=0.000s
2026-09-01 02:19:14,536 INFO    section=tx-tail case=8/23 PASS size=9 dma=8 tail=1 elapsed=0.000s
2026-09-01 02:19:15,256 INFO    section=tx-tail case=9/23 PASS size=10 dma=8 tail=2 elapsed=0.000s
2026-09-01 02:19:15,960 INFO    section=tx-tail case=10/23 PASS size=11 dma=8 tail=3 elapsed=0.000s
2026-09-01 02:19:16,696 INFO    section=tx-tail case=11/23 PASS size=12 dma=8 tail=4 elapsed=0.000s
2026-09-01 02:19:17,432 INFO    section=tx-tail case=12/23 PASS size=13 dma=8 tail=5 elapsed=0.000s
2026-09-01 02:19:18,168 INFO    section=tx-tail case=13/23 PASS size=14 dma=8 tail=6 elapsed=0.000s
2026-09-01 02:19:18,904 INFO    section=tx-tail case=14/23 PASS size=15 dma=8 tail=7 elapsed=0.000s
2026-09-01 02:19:19,608 INFO    section=tx-tail case=15/23 PASS size=16 dma=16 tail=0 elapsed=0.016s
2026-09-01 02:19:24,680 INFO    section=tx-tail case=16/23 PASS size=6144 dma=6144 tail=0 elapsed=4.288s
2026-09-01 02:19:29,768 INFO    section=tx-tail case=17/23 PASS size=6145 dma=6144 tail=1 elapsed=4.288s
2026-09-01 02:19:34,856 INFO    section=tx-tail case=18/23 PASS size=6146 dma=6144 tail=2 elapsed=4.288s
2026-09-01 02:19:39,943 INFO    section=tx-tail case=19/23 PASS size=6147 dma=6144 tail=3 elapsed=4.288s
2026-09-01 02:19:44,999 INFO    section=tx-tail case=20/23 PASS size=6148 dma=6144 tail=4 elapsed=4.288s
2026-09-01 02:19:50,087 INFO    section=tx-tail case=21/23 PASS size=6149 dma=6144 tail=5 elapsed=4.288s
2026-09-01 02:19:55,175 INFO    section=tx-tail case=22/23 PASS size=6150 dma=6144 tail=6 elapsed=4.288s
2026-09-01 02:20:00,231 INFO    section=tx-tail case=23/23 PASS size=6151 dma=6144 tail=7 elapsed=4.288s
2026-09-01 02:20:00,231 INFO    SECTION name=tx-tail status=PASS passed=23 failed=0 elapsed=34.319s
2026-09-01 02:20:00,231 INFO    SECTION transport=polling name=rx-tail status=BEGIN cases=23
2026-09-01 02:20:00,987 INFO    section=rx-tail case=1/23 PASS size=2 dma=0 tail=2 elapsed=0.066s
2026-09-01 02:20:01,744 INFO    section=rx-tail case=2/23 PASS size=3 dma=0 tail=3 elapsed=0.067s
2026-09-01 02:20:02,502 INFO    section=rx-tail case=3/23 PASS size=4 dma=0 tail=4 elapsed=0.068s
2026-09-01 02:20:03,260 INFO    section=rx-tail case=4/23 PASS size=5 dma=0 tail=5 elapsed=0.068s
2026-09-01 02:20:03,987 INFO    section=rx-tail case=5/23 PASS size=6 dma=0 tail=6 elapsed=0.069s
2026-09-01 02:20:04,747 INFO    section=rx-tail case=6/23 PASS size=7 dma=0 tail=7 elapsed=0.070s
2026-09-01 02:20:05,523 INFO    section=rx-tail case=7/23 PASS size=8 dma=8 tail=0 elapsed=0.086s
2026-09-01 02:20:06,252 INFO    section=rx-tail case=8/23 PASS size=9 dma=8 tail=1 elapsed=0.071s
2026-09-01 02:20:07,062 INFO    section=rx-tail case=9/23 PASS size=10 dma=8 tail=2 elapsed=0.088s
2026-09-01 02:20:07,873 INFO    section=rx-tail case=10/23 PASS size=11 dma=8 tail=3 elapsed=0.089s
2026-09-01 02:20:08,684 INFO    section=rx-tail case=11/23 PASS size=12 dma=8 tail=4 elapsed=0.089s
2026-09-01 02:20:09,496 INFO    section=rx-tail case=12/23 PASS size=13 dma=8 tail=5 elapsed=0.090s
2026-09-01 02:20:10,277 INFO    section=rx-tail case=13/23 PASS size=14 dma=8 tail=6 elapsed=0.091s
2026-09-01 02:20:11,090 INFO    section=rx-tail case=14/23 PASS size=15 dma=8 tail=7 elapsed=0.091s
2026-09-01 02:20:11,904 INFO    section=rx-tail case=15/23 PASS size=16 dma=16 tail=0 elapsed=0.092s
2026-09-01 02:20:17,049 INFO    section=rx-tail case=16/23 PASS size=6144 dma=6144 tail=0 elapsed=4.359s
2026-09-01 02:20:22,189 INFO    section=rx-tail case=17/23 PASS size=6145 dma=6144 tail=1 elapsed=4.354s
2026-09-01 02:20:27,300 INFO    section=rx-tail case=18/23 PASS size=6146 dma=6144 tail=2 elapsed=4.357s
2026-09-01 02:20:32,448 INFO    section=rx-tail case=19/23 PASS size=6147 dma=6144 tail=3 elapsed=4.363s
2026-09-01 02:20:37,598 INFO    section=rx-tail case=20/23 PASS size=6148 dma=6144 tail=4 elapsed=4.364s
2026-09-01 02:20:42,709 INFO    section=rx-tail case=21/23 PASS size=6149 dma=6144 tail=5 elapsed=4.357s
2026-09-01 02:20:47,858 INFO    section=rx-tail case=22/23 PASS size=6150 dma=6144 tail=6 elapsed=4.363s
2026-09-01 02:20:53,007 INFO    section=rx-tail case=23/23 PASS size=6151 dma=6144 tail=7 elapsed=4.363s
2026-09-01 02:20:53,007 INFO    SECTION name=rx-tail status=PASS passed=23 failed=0 elapsed=36.073s
2026-09-01 02:20:53,007 INFO    SUITE transport=polling status=PASS passed=58 failed=0 full_profile=SKIPPED
2026-09-01 02:20:53,007 INFO    SUITE transport=isr status=BEGIN cases=58 full_profile=SKIPPED
2026-09-01 02:20:53,007 INFO    SECTION transport=isr name=smoke status=BEGIN cases=1 payload=256
2026-09-01 02:20:54,106 INFO    transport=isr section=smoke cycle=1/1 PASS frame_payload=256 elapsed=0.425s roundtrip=1.2 KiB/s
2026-09-01 02:20:54,106 INFO    SECTION name=smoke status=PASS passed=1 failed=0 elapsed=0.425s
2026-09-01 02:20:54,106 INFO    SECTION transport=isr name=large-6144 status=BEGIN cases=1 payload=6144
2026-09-01 02:21:03,476 INFO    transport=isr section=large-6144 cycle=1/1 PASS frame_payload=6144 elapsed=8.616s roundtrip=1.4 KiB/s
2026-09-01 02:21:03,476 INFO    SECTION name=large-6144 status=PASS passed=1 failed=0 elapsed=8.616s
2026-09-01 02:21:03,476 INFO    SECTION transport=isr name=stress status=BEGIN cases=10 payload=6144
2026-09-01 02:21:12,848 INFO    transport=isr section=stress cycle=1/10 PASS frame_payload=6144 elapsed=8.618s roundtrip=1.4 KiB/s
2026-09-01 02:21:22,216 INFO    transport=isr section=stress cycle=2/10 PASS frame_payload=6144 elapsed=8.615s roundtrip=1.4 KiB/s
2026-09-01 02:21:31,592 INFO    transport=isr section=stress cycle=3/10 PASS frame_payload=6144 elapsed=8.622s roundtrip=1.4 KiB/s
2026-09-01 02:21:40,929 INFO    transport=isr section=stress cycle=4/10 PASS frame_payload=6144 elapsed=8.615s roundtrip=1.4 KiB/s
2026-09-01 02:21:50,302 INFO    transport=isr section=stress cycle=5/10 PASS frame_payload=6144 elapsed=8.619s roundtrip=1.4 KiB/s
2026-09-01 02:21:59,677 INFO    transport=isr section=stress cycle=6/10 PASS frame_payload=6144 elapsed=8.621s roundtrip=1.4 KiB/s
2026-09-01 02:22:08,981 INFO    transport=isr section=stress cycle=7/10 PASS frame_payload=6144 elapsed=8.615s roundtrip=1.4 KiB/s
2026-09-01 02:22:18,353 INFO    transport=isr section=stress cycle=8/10 PASS frame_payload=6144 elapsed=8.618s roundtrip=1.4 KiB/s
2026-09-01 02:22:27,754 INFO    transport=isr section=stress cycle=9/10 PASS frame_payload=6144 elapsed=8.615s roundtrip=1.4 KiB/s
2026-09-01 02:22:37,155 INFO    transport=isr section=stress cycle=10/10 PASS frame_payload=6144 elapsed=8.615s roundtrip=1.4 KiB/s
2026-09-01 02:22:37,155 INFO    SECTION name=stress status=PASS passed=10 failed=0 elapsed=86.170s
2026-09-01 02:22:37,155 INFO    SECTION transport=isr name=tx-tail status=BEGIN cases=23
2026-09-01 02:22:37,731 INFO    section=tx-tail case=1/23 PASS size=2 dma=0 tail=2 elapsed=0.000s
2026-09-01 02:22:38,275 INFO    section=tx-tail case=2/23 PASS size=3 dma=0 tail=3 elapsed=0.000s
2026-09-01 02:22:38,851 INFO    section=tx-tail case=3/23 PASS size=4 dma=0 tail=4 elapsed=0.000s
2026-09-01 02:22:39,427 INFO    section=tx-tail case=4/23 PASS size=5 dma=0 tail=5 elapsed=0.000s
2026-09-01 02:22:40,003 INFO    section=tx-tail case=5/23 PASS size=6 dma=0 tail=6 elapsed=0.000s
2026-09-01 02:22:40,579 INFO    section=tx-tail case=6/23 PASS size=7 dma=0 tail=7 elapsed=0.000s
2026-09-01 02:22:41,123 INFO    section=tx-tail case=7/23 PASS size=8 dma=8 tail=0 elapsed=0.000s
2026-09-01 02:22:41,699 INFO    section=tx-tail case=8/23 PASS size=9 dma=8 tail=1 elapsed=0.000s
2026-09-01 02:22:42,307 INFO    section=tx-tail case=9/23 PASS size=10 dma=8 tail=2 elapsed=0.016s
2026-09-01 02:22:42,883 INFO    section=tx-tail case=10/23 PASS size=11 dma=8 tail=3 elapsed=0.000s
2026-09-01 02:22:43,491 INFO    section=tx-tail case=11/23 PASS size=12 dma=8 tail=4 elapsed=0.016s
2026-09-01 02:22:44,099 INFO    section=tx-tail case=12/23 PASS size=13 dma=8 tail=5 elapsed=0.016s
2026-09-01 02:22:44,707 INFO    section=tx-tail case=13/23 PASS size=14 dma=8 tail=6 elapsed=0.016s
2026-09-01 02:22:45,315 INFO    section=tx-tail case=14/23 PASS size=15 dma=8 tail=7 elapsed=0.016s
2026-09-01 02:22:45,891 INFO    section=tx-tail case=15/23 PASS size=16 dma=16 tail=0 elapsed=0.000s
2026-09-01 02:22:50,851 INFO    section=tx-tail case=16/23 PASS size=6144 dma=6144 tail=0 elapsed=4.288s
2026-09-01 02:22:55,810 INFO    section=tx-tail case=17/23 PASS size=6145 dma=6144 tail=1 elapsed=4.288s
2026-09-01 02:23:00,770 INFO    section=tx-tail case=18/23 PASS size=6146 dma=6144 tail=2 elapsed=4.288s
2026-09-01 02:23:05,730 INFO    section=tx-tail case=19/23 PASS size=6147 dma=6144 tail=3 elapsed=4.288s
2026-09-01 02:23:10,658 INFO    section=tx-tail case=20/23 PASS size=6148 dma=6144 tail=4 elapsed=4.288s
2026-09-01 02:23:15,618 INFO    section=tx-tail case=21/23 PASS size=6149 dma=6144 tail=5 elapsed=4.288s
2026-09-01 02:23:20,578 INFO    section=tx-tail case=22/23 PASS size=6150 dma=6144 tail=6 elapsed=4.304s
2026-09-01 02:23:25,506 INFO    section=tx-tail case=23/23 PASS size=6151 dma=6144 tail=7 elapsed=4.288s
2026-09-01 02:23:25,506 INFO    SECTION name=tx-tail status=PASS passed=23 failed=0 elapsed=34.398s
2026-09-01 02:23:25,506 INFO    SECTION transport=isr name=rx-tail status=BEGIN cases=23
2026-09-01 02:23:26,156 INFO    section=rx-tail case=1/23 PASS size=2 dma=0 tail=2 elapsed=0.072s
2026-09-01 02:23:26,810 INFO    section=rx-tail case=2/23 PASS size=3 dma=0 tail=3 elapsed=0.076s
2026-09-01 02:23:27,468 INFO    section=rx-tail case=3/23 PASS size=4 dma=0 tail=4 elapsed=0.080s
2026-09-01 02:23:28,129 INFO    section=rx-tail case=4/23 PASS size=5 dma=0 tail=5 elapsed=0.083s
2026-09-01 02:23:28,762 INFO    section=rx-tail case=5/23 PASS size=6 dma=0 tail=6 elapsed=0.087s
2026-09-01 02:23:29,431 INFO    section=rx-tail case=6/23 PASS size=7 dma=0 tail=7 elapsed=0.091s
2026-09-01 02:23:30,100 INFO    section=rx-tail case=7/23 PASS size=8 dma=8 tail=0 elapsed=0.091s
2026-09-01 02:23:30,738 INFO    section=rx-tail case=8/23 PASS size=9 dma=8 tail=1 elapsed=0.092s
2026-09-01 02:23:31,425 INFO    section=rx-tail case=9/23 PASS size=10 dma=8 tail=2 elapsed=0.093s
2026-09-01 02:23:32,112 INFO    section=rx-tail case=10/23 PASS size=11 dma=8 tail=3 elapsed=0.093s
2026-09-01 02:23:32,800 INFO    section=rx-tail case=11/23 PASS size=12 dma=8 tail=4 elapsed=0.094s
2026-09-01 02:23:33,489 INFO    section=rx-tail case=12/23 PASS size=13 dma=8 tail=5 elapsed=0.095s
2026-09-01 02:23:34,162 INFO    section=rx-tail case=13/23 PASS size=14 dma=8 tail=6 elapsed=0.095s
2026-09-01 02:23:34,852 INFO    section=rx-tail case=14/23 PASS size=15 dma=8 tail=7 elapsed=0.096s
2026-09-01 02:23:35,543 INFO    section=rx-tail case=15/23 PASS size=16 dma=16 tail=0 elapsed=0.097s
2026-09-01 02:23:40,579 INFO    section=rx-tail case=16/23 PASS size=6144 dma=6144 tail=0 elapsed=4.378s
2026-09-01 02:23:45,619 INFO    section=rx-tail case=17/23 PASS size=6145 dma=6144 tail=1 elapsed=4.383s
2026-09-01 02:23:50,622 INFO    section=rx-tail case=18/23 PASS size=6146 dma=6144 tail=2 elapsed=4.377s
2026-09-01 02:23:55,658 INFO    section=rx-tail case=19/23 PASS size=6147 dma=6144 tail=3 elapsed=4.378s
2026-09-01 02:24:00,701 INFO    section=rx-tail case=20/23 PASS size=6148 dma=6144 tail=4 elapsed=4.385s
2026-09-01 02:24:05,708 INFO    section=rx-tail case=21/23 PASS size=6149 dma=6144 tail=5 elapsed=4.381s
2026-09-01 02:24:10,750 INFO    section=rx-tail case=22/23 PASS size=6150 dma=6144 tail=6 elapsed=4.384s
2026-09-01 02:24:15,787 INFO    section=rx-tail case=23/23 PASS size=6151 dma=6144 tail=7 elapsed=4.379s
2026-09-01 02:24:15,787 INFO    SECTION name=rx-tail status=PASS passed=23 failed=0 elapsed=36.378s
2026-09-01 02:24:15,787 INFO    SUITE transport=isr status=PASS passed=58 failed=0 full_profile=SKIPPED
2026-09-01 02:24:15,787 INFO    SUITE transport=dma status=BEGIN cases=58 full_profile=SKIPPED
2026-09-01 02:24:15,787 INFO    SECTION transport=dma name=smoke status=BEGIN cases=1 payload=256
2026-09-01 02:24:16,865 INFO    transport=dma section=smoke cycle=1/1 PASS frame_payload=256 elapsed=0.404s roundtrip=1.2 KiB/s
2026-09-01 02:24:16,865 INFO    SECTION name=smoke status=PASS passed=1 failed=0 elapsed=0.404s
2026-09-01 02:24:16,865 INFO    SECTION transport=dma name=large-6144 status=BEGIN cases=1 payload=6144
2026-09-01 02:24:26,218 INFO    transport=dma section=large-6144 cycle=1/1 PASS frame_payload=6144 elapsed=8.599s roundtrip=1.4 KiB/s
2026-09-01 02:24:26,218 INFO    SECTION name=large-6144 status=PASS passed=1 failed=0 elapsed=8.599s
2026-09-01 02:24:26,218 INFO    SECTION transport=dma name=stress status=BEGIN cases=10 payload=6144
2026-09-01 02:24:35,571 INFO    transport=dma section=stress cycle=1/10 PASS frame_payload=6144 elapsed=8.599s roundtrip=1.4 KiB/s
2026-09-01 02:24:44,919 INFO    transport=dma section=stress cycle=2/10 PASS frame_payload=6144 elapsed=8.594s roundtrip=1.4 KiB/s
2026-09-01 02:24:54,271 INFO    transport=dma section=stress cycle=3/10 PASS frame_payload=6144 elapsed=8.598s roundtrip=1.4 KiB/s
2026-09-01 02:25:03,592 INFO    transport=dma section=stress cycle=4/10 PASS frame_payload=6144 elapsed=8.600s roundtrip=1.4 KiB/s
2026-09-01 02:25:12,940 INFO    transport=dma section=stress cycle=5/10 PASS frame_payload=6144 elapsed=8.594s roundtrip=1.4 KiB/s
2026-09-01 02:25:22,287 INFO    transport=dma section=stress cycle=6/10 PASS frame_payload=6144 elapsed=8.594s roundtrip=1.4 KiB/s
2026-09-01 02:25:31,575 INFO    transport=dma section=stress cycle=7/10 PASS frame_payload=6144 elapsed=8.597s roundtrip=1.4 KiB/s
2026-09-01 02:25:40,924 INFO    transport=dma section=stress cycle=8/10 PASS frame_payload=6144 elapsed=8.595s roundtrip=1.4 KiB/s
2026-09-01 02:25:50,304 INFO    transport=dma section=stress cycle=9/10 PASS frame_payload=6144 elapsed=8.595s roundtrip=1.4 KiB/s
2026-09-01 02:25:59,687 INFO    transport=dma section=stress cycle=10/10 PASS frame_payload=6144 elapsed=8.596s roundtrip=1.4 KiB/s
2026-09-01 02:25:59,687 INFO    SECTION name=stress status=PASS passed=10 failed=0 elapsed=85.960s
2026-09-01 02:25:59,687 INFO    SECTION transport=dma name=tx-tail status=BEGIN cases=23
2026-09-01 02:26:00,247 INFO    section=tx-tail case=1/23 PASS size=2 dma=0 tail=2 elapsed=0.000s
2026-09-01 02:26:00,791 INFO    section=tx-tail case=2/23 PASS size=3 dma=0 tail=3 elapsed=0.000s
2026-09-01 02:26:01,351 INFO    section=tx-tail case=3/23 PASS size=4 dma=0 tail=4 elapsed=0.000s
2026-09-01 02:26:01,911 INFO    section=tx-tail case=4/23 PASS size=5 dma=0 tail=5 elapsed=0.000s
2026-09-01 02:26:02,487 INFO    section=tx-tail case=5/23 PASS size=6 dma=0 tail=6 elapsed=0.000s
2026-09-01 02:26:03,047 INFO    section=tx-tail case=6/23 PASS size=7 dma=0 tail=7 elapsed=0.000s
2026-09-01 02:26:03,591 INFO    section=tx-tail case=7/23 PASS size=8 dma=8 tail=0 elapsed=0.000s
2026-09-01 02:26:04,167 INFO    section=tx-tail case=8/23 PASS size=9 dma=8 tail=1 elapsed=0.000s
2026-09-01 02:26:04,759 INFO    section=tx-tail case=9/23 PASS size=10 dma=8 tail=2 elapsed=0.016s
2026-09-01 02:26:05,335 INFO    section=tx-tail case=10/23 PASS size=11 dma=8 tail=3 elapsed=0.000s
2026-09-01 02:26:05,943 INFO    section=tx-tail case=11/23 PASS size=12 dma=8 tail=4 elapsed=0.016s
2026-09-01 02:26:06,551 INFO    section=tx-tail case=12/23 PASS size=13 dma=8 tail=5 elapsed=0.016s
2026-09-01 02:26:07,159 INFO    section=tx-tail case=13/23 PASS size=14 dma=8 tail=6 elapsed=0.016s
2026-09-01 02:26:07,767 INFO    section=tx-tail case=14/23 PASS size=15 dma=8 tail=7 elapsed=0.016s
2026-09-01 02:26:08,343 INFO    section=tx-tail case=15/23 PASS size=16 dma=16 tail=0 elapsed=0.000s
2026-09-01 02:26:13,286 INFO    section=tx-tail case=16/23 PASS size=6144 dma=6144 tail=0 elapsed=4.288s
2026-09-01 02:26:18,230 INFO    section=tx-tail case=17/23 PASS size=6145 dma=6144 tail=1 elapsed=4.288s
2026-09-01 02:26:23,174 INFO    section=tx-tail case=18/23 PASS size=6146 dma=6144 tail=2 elapsed=4.288s
2026-09-01 02:26:28,118 INFO    section=tx-tail case=19/23 PASS size=6147 dma=6144 tail=3 elapsed=4.288s
2026-09-01 02:26:33,046 INFO    section=tx-tail case=20/23 PASS size=6148 dma=6144 tail=4 elapsed=4.288s
2026-09-01 02:26:38,005 INFO    section=tx-tail case=21/23 PASS size=6149 dma=6144 tail=5 elapsed=4.304s
2026-09-01 02:26:42,965 INFO    section=tx-tail case=22/23 PASS size=6150 dma=6144 tail=6 elapsed=4.304s
2026-09-01 02:26:47,893 INFO    section=tx-tail case=23/23 PASS size=6151 dma=6144 tail=7 elapsed=4.288s
2026-09-01 02:26:47,893 INFO    SECTION name=tx-tail status=PASS passed=23 failed=0 elapsed=34.414s
2026-09-01 02:26:47,893 INFO    SECTION transport=dma name=rx-tail status=BEGIN cases=23
2026-09-01 02:26:48,537 INFO    section=rx-tail case=1/23 PASS size=2 dma=0 tail=2 elapsed=0.066s
2026-09-01 02:26:49,182 INFO    section=rx-tail case=2/23 PASS size=3 dma=0 tail=3 elapsed=0.067s
2026-09-01 02:26:49,828 INFO    section=rx-tail case=3/23 PASS size=4 dma=0 tail=4 elapsed=0.068s
2026-09-01 02:26:50,474 INFO    section=rx-tail case=4/23 PASS size=5 dma=0 tail=5 elapsed=0.068s
2026-09-01 02:26:51,089 INFO    section=rx-tail case=5/23 PASS size=6 dma=0 tail=6 elapsed=0.069s
2026-09-01 02:26:51,737 INFO    section=rx-tail case=6/23 PASS size=7 dma=0 tail=7 elapsed=0.070s
2026-09-01 02:26:52,385 INFO    section=rx-tail case=7/23 PASS size=8 dma=8 tail=0 elapsed=0.070s
2026-09-01 02:26:53,002 INFO    section=rx-tail case=8/23 PASS size=9 dma=8 tail=1 elapsed=0.071s
2026-09-01 02:26:53,668 INFO    section=rx-tail case=9/23 PASS size=10 dma=8 tail=2 elapsed=0.072s
2026-09-01 02:26:54,335 INFO    section=rx-tail case=10/23 PASS size=11 dma=8 tail=3 elapsed=0.073s
2026-09-01 02:26:55,002 INFO    section=rx-tail case=11/23 PASS size=12 dma=8 tail=4 elapsed=0.073s
2026-09-01 02:26:55,670 INFO    section=rx-tail case=12/23 PASS size=13 dma=8 tail=5 elapsed=0.074s
2026-09-01 02:26:56,323 INFO    section=rx-tail case=13/23 PASS size=14 dma=8 tail=6 elapsed=0.075s
2026-09-01 02:26:56,992 INFO    section=rx-tail case=14/23 PASS size=15 dma=8 tail=7 elapsed=0.075s
2026-09-01 02:26:57,662 INFO    section=rx-tail case=15/23 PASS size=16 dma=16 tail=0 elapsed=0.076s
2026-09-01 02:27:02,674 INFO    section=rx-tail case=16/23 PASS size=6144 dma=6144 tail=0 elapsed=4.354s
2026-09-01 02:27:07,685 INFO    section=rx-tail case=17/23 PASS size=6145 dma=6144 tail=1 elapsed=4.354s
2026-09-01 02:27:12,683 INFO    section=rx-tail case=18/23 PASS size=6146 dma=6144 tail=2 elapsed=4.356s
2026-09-01 02:27:17,704 INFO    section=rx-tail case=19/23 PASS size=6147 dma=6144 tail=3 elapsed=4.363s
2026-09-01 02:27:22,726 INFO    section=rx-tail case=20/23 PASS size=6148 dma=6144 tail=4 elapsed=4.364s
2026-09-01 02:27:27,732 INFO    section=rx-tail case=21/23 PASS size=6149 dma=6144 tail=5 elapsed=4.364s
2026-09-01 02:27:32,747 INFO    section=rx-tail case=22/23 PASS size=6150 dma=6144 tail=6 elapsed=4.358s
2026-09-01 02:27:37,766 INFO    section=rx-tail case=23/23 PASS size=6151 dma=6144 tail=7 elapsed=4.361s
2026-09-01 02:27:37,766 INFO    SECTION name=rx-tail status=PASS passed=23 failed=0 elapsed=35.939s
2026-09-01 02:27:37,766 INFO    SUITE transport=dma status=PASS passed=58 failed=0 full_profile=SKIPPED
2026-09-01 02:27:37,766 INFO    BAUD_RATE status=PASS rate=1/3 index=6 baud=14400 passed=174 failed=0 elapsed=496.668s
2026-09-01 02:27:37,990 INFO    BAUD_SWITCH status=PASS old_index=6 old=14400 new_index=11 new=115200
2026-09-01 02:27:37,996 INFO    BAUD_RATE status=BEGIN rate=2/3 index=11 baud=115200 timeout=30.0s
2026-09-01 02:27:38,052 INFO    BAUD_SWITCH status=PASS old_index=11 old=115200 new_index=11 new=115200
2026-09-01 02:27:38,053 INFO    SUITE transport=polling status=BEGIN cases=58 full_profile=SKIPPED
2026-09-01 02:27:38,053 INFO    SECTION transport=polling name=smoke status=BEGIN cases=1 payload=256
2026-09-01 02:27:38,274 INFO    transport=polling section=smoke cycle=1/1 PASS frame_payload=256 elapsed=0.053s roundtrip=9.4 KiB/s
2026-09-01 02:27:38,275 INFO    SECTION name=smoke status=PASS passed=1 failed=0 elapsed=0.053s
2026-09-01 02:27:38,275 INFO    SECTION transport=polling name=large-6144 status=BEGIN cases=1 payload=6144
2026-09-01 02:27:39,534 INFO    transport=polling section=large-6144 cycle=1/1 PASS frame_payload=6144 elapsed=1.081s roundtrip=11.1 KiB/s
2026-09-01 02:27:39,534 INFO    SECTION name=large-6144 status=PASS passed=1 failed=0 elapsed=1.081s
2026-09-01 02:27:39,534 INFO    SECTION transport=polling name=stress status=BEGIN cases=10 payload=6144
2026-09-01 02:27:40,794 INFO    transport=polling section=stress cycle=1/10 PASS frame_payload=6144 elapsed=1.081s roundtrip=11.1 KiB/s
2026-09-01 02:27:42,053 INFO    transport=polling section=stress cycle=2/10 PASS frame_payload=6144 elapsed=1.080s roundtrip=11.1 KiB/s
2026-09-01 02:27:43,312 INFO    transport=polling section=stress cycle=3/10 PASS frame_payload=6144 elapsed=1.080s roundtrip=11.1 KiB/s
2026-09-01 02:27:44,571 INFO    transport=polling section=stress cycle=4/10 PASS frame_payload=6144 elapsed=1.080s roundtrip=11.1 KiB/s
2026-09-01 02:27:45,830 INFO    transport=polling section=stress cycle=5/10 PASS frame_payload=6144 elapsed=1.080s roundtrip=11.1 KiB/s
2026-09-01 02:27:47,089 INFO    transport=polling section=stress cycle=6/10 PASS frame_payload=6144 elapsed=1.080s roundtrip=11.1 KiB/s
2026-09-01 02:27:48,342 INFO    transport=polling section=stress cycle=7/10 PASS frame_payload=6144 elapsed=1.080s roundtrip=11.1 KiB/s
2026-09-01 02:27:49,600 INFO    transport=polling section=stress cycle=8/10 PASS frame_payload=6144 elapsed=1.080s roundtrip=11.1 KiB/s
2026-09-01 02:27:50,864 INFO    transport=polling section=stress cycle=9/10 PASS frame_payload=6144 elapsed=1.080s roundtrip=11.1 KiB/s
2026-09-01 02:27:52,128 INFO    transport=polling section=stress cycle=10/10 PASS frame_payload=6144 elapsed=1.080s roundtrip=11.1 KiB/s
2026-09-01 02:27:52,128 INFO    SECTION name=stress status=PASS passed=10 failed=0 elapsed=10.800s
2026-09-01 02:27:52,128 INFO    SECTION transport=polling name=tx-tail status=BEGIN cases=23
2026-09-01 02:27:52,231 INFO    section=tx-tail case=1/23 PASS size=2 dma=0 tail=2 elapsed=0.000s
2026-09-01 02:27:52,328 INFO    section=tx-tail case=2/23 PASS size=3 dma=0 tail=3 elapsed=0.000s
2026-09-01 02:27:52,430 INFO    section=tx-tail case=3/23 PASS size=4 dma=0 tail=4 elapsed=0.000s
2026-09-01 02:27:52,532 INFO    section=tx-tail case=4/23 PASS size=5 dma=0 tail=5 elapsed=0.006s
2026-09-01 02:27:52,634 INFO    section=tx-tail case=5/23 PASS size=6 dma=0 tail=6 elapsed=0.006s
2026-09-01 02:27:52,736 INFO    section=tx-tail case=6/23 PASS size=7 dma=0 tail=7 elapsed=0.006s
2026-09-01 02:27:52,833 INFO    section=tx-tail case=7/23 PASS size=8 dma=8 tail=0 elapsed=0.000s
2026-09-01 02:27:52,935 INFO    section=tx-tail case=8/23 PASS size=9 dma=8 tail=1 elapsed=0.006s
2026-09-01 02:27:53,027 INFO    section=tx-tail case=9/23 PASS size=10 dma=8 tail=2 elapsed=0.000s
2026-09-01 02:27:53,130 INFO    section=tx-tail case=10/23 PASS size=11 dma=8 tail=3 elapsed=0.006s
2026-09-01 02:27:53,222 INFO    section=tx-tail case=11/23 PASS size=12 dma=8 tail=4 elapsed=0.000s
2026-09-01 02:27:53,330 INFO    section=tx-tail case=12/23 PASS size=13 dma=8 tail=5 elapsed=0.000s
2026-09-01 02:27:53,422 INFO    section=tx-tail case=13/23 PASS size=14 dma=8 tail=6 elapsed=0.000s
2026-09-01 02:27:53,530 INFO    section=tx-tail case=14/23 PASS size=15 dma=8 tail=7 elapsed=0.000s
2026-09-01 02:27:53,632 INFO    section=tx-tail case=15/23 PASS size=16 dma=16 tail=0 elapsed=0.006s
2026-09-01 02:27:54,288 INFO    section=tx-tail case=16/23 PASS size=6144 dma=6144 tail=0 elapsed=0.536s
2026-09-01 02:27:54,944 INFO    section=tx-tail case=17/23 PASS size=6145 dma=6144 tail=1 elapsed=0.536s
2026-09-01 02:27:55,600 INFO    section=tx-tail case=18/23 PASS size=6146 dma=6144 tail=2 elapsed=0.536s
2026-09-01 02:27:56,257 INFO    section=tx-tail case=19/23 PASS size=6147 dma=6144 tail=3 elapsed=0.536s
2026-09-01 02:27:56,907 INFO    section=tx-tail case=20/23 PASS size=6148 dma=6144 tail=4 elapsed=0.536s
2026-09-01 02:27:57,563 INFO    section=tx-tail case=21/23 PASS size=6149 dma=6144 tail=5 elapsed=0.536s
2026-09-01 02:27:58,219 INFO    section=tx-tail case=22/23 PASS size=6150 dma=6144 tail=6 elapsed=0.536s
2026-09-01 02:27:58,870 INFO    section=tx-tail case=23/23 PASS size=6151 dma=6144 tail=7 elapsed=0.536s
2026-09-01 02:27:58,870 INFO    SECTION name=tx-tail status=PASS passed=23 failed=0 elapsed=4.322s
2026-09-01 02:27:58,870 INFO    SECTION transport=polling name=rx-tail status=BEGIN cases=23
2026-09-01 02:27:59,034 INFO    section=rx-tail case=1/23 PASS size=2 dma=0 tail=2 elapsed=0.023s
2026-09-01 02:27:59,198 INFO    section=rx-tail case=2/23 PASS size=3 dma=0 tail=3 elapsed=0.023s
2026-09-01 02:27:59,362 INFO    section=rx-tail case=3/23 PASS size=4 dma=0 tail=4 elapsed=0.023s
2026-09-01 02:27:59,526 INFO    section=rx-tail case=4/23 PASS size=5 dma=0 tail=5 elapsed=0.023s
2026-09-01 02:27:59,690 INFO    section=rx-tail case=5/23 PASS size=6 dma=0 tail=6 elapsed=0.023s
2026-09-01 02:27:59,854 INFO    section=rx-tail case=6/23 PASS size=7 dma=0 tail=7 elapsed=0.023s
2026-09-01 02:28:00,018 INFO    section=rx-tail case=7/23 PASS size=8 dma=8 tail=0 elapsed=0.023s
2026-09-01 02:28:00,182 INFO    section=rx-tail case=8/23 PASS size=9 dma=8 tail=1 elapsed=0.023s
2026-09-01 02:28:00,351 INFO    section=rx-tail case=9/23 PASS size=10 dma=8 tail=2 elapsed=0.023s
2026-09-01 02:28:00,520 INFO    section=rx-tail case=10/23 PASS size=11 dma=8 tail=3 elapsed=0.023s
2026-09-01 02:28:00,689 INFO    section=rx-tail case=11/23 PASS size=12 dma=8 tail=4 elapsed=0.023s
2026-09-01 02:28:00,858 INFO    section=rx-tail case=12/23 PASS size=13 dma=8 tail=5 elapsed=0.023s
2026-09-01 02:28:01,023 INFO    section=rx-tail case=13/23 PASS size=14 dma=8 tail=6 elapsed=0.024s
2026-09-01 02:28:01,192 INFO    section=rx-tail case=14/23 PASS size=15 dma=8 tail=7 elapsed=0.024s
2026-09-01 02:28:01,363 INFO    section=rx-tail case=15/23 PASS size=16 dma=16 tail=0 elapsed=0.024s
2026-09-01 02:28:02,084 INFO    section=rx-tail case=16/23 PASS size=6144 dma=6144 tail=0 elapsed=0.558s
2026-09-01 02:28:02,803 INFO    section=rx-tail case=17/23 PASS size=6145 dma=6144 tail=1 elapsed=0.558s
2026-09-01 02:28:03,518 INFO    section=rx-tail case=18/23 PASS size=6146 dma=6144 tail=2 elapsed=0.558s
2026-09-01 02:28:04,239 INFO    section=rx-tail case=19/23 PASS size=6147 dma=6144 tail=3 elapsed=0.558s
2026-09-01 02:28:04,960 INFO    section=rx-tail case=20/23 PASS size=6148 dma=6144 tail=4 elapsed=0.558s
2026-09-01 02:28:05,676 INFO    section=rx-tail case=21/23 PASS size=6149 dma=6144 tail=5 elapsed=0.558s
2026-09-01 02:28:06,397 INFO    section=rx-tail case=22/23 PASS size=6150 dma=6144 tail=6 elapsed=0.558s
2026-09-01 02:28:07,118 INFO    section=rx-tail case=23/23 PASS size=6151 dma=6144 tail=7 elapsed=0.558s
2026-09-01 02:28:07,118 INFO    SECTION name=rx-tail status=PASS passed=23 failed=0 elapsed=4.810s
2026-09-01 02:28:07,118 INFO    SUITE transport=polling status=PASS passed=58 failed=0 full_profile=SKIPPED
2026-09-01 02:28:07,118 INFO    SUITE transport=isr status=BEGIN cases=58 full_profile=SKIPPED
2026-09-01 02:28:07,119 INFO    SECTION transport=isr name=smoke status=BEGIN cases=1 payload=256
2026-09-01 02:28:07,325 INFO    transport=isr section=smoke cycle=1/1 PASS frame_payload=256 elapsed=0.056s roundtrip=9.0 KiB/s
2026-09-01 02:28:07,325 INFO    SECTION name=smoke status=PASS passed=1 failed=0 elapsed=0.056s
2026-09-01 02:28:07,326 INFO    SECTION transport=isr name=large-6144 status=BEGIN cases=1 payload=6144
2026-09-01 02:28:08,570 INFO    transport=isr section=large-6144 cycle=1/1 PASS frame_payload=6144 elapsed=1.083s roundtrip=11.1 KiB/s
2026-09-01 02:28:08,570 INFO    SECTION name=large-6144 status=PASS passed=1 failed=0 elapsed=1.083s
2026-09-01 02:28:08,570 INFO    SECTION transport=isr name=stress status=BEGIN cases=10 payload=6144
2026-09-01 02:28:09,815 INFO    transport=isr section=stress cycle=1/10 PASS frame_payload=6144 elapsed=1.083s roundtrip=11.1 KiB/s
2026-09-01 02:28:11,060 INFO    transport=isr section=stress cycle=2/10 PASS frame_payload=6144 elapsed=1.083s roundtrip=11.1 KiB/s
2026-09-01 02:28:12,306 INFO    transport=isr section=stress cycle=3/10 PASS frame_payload=6144 elapsed=1.084s roundtrip=11.1 KiB/s
2026-09-01 02:28:13,551 INFO    transport=isr section=stress cycle=4/10 PASS frame_payload=6144 elapsed=1.083s roundtrip=11.1 KiB/s
2026-09-01 02:28:14,795 INFO    transport=isr section=stress cycle=5/10 PASS frame_payload=6144 elapsed=1.082s roundtrip=11.1 KiB/s
2026-09-01 02:28:16,038 INFO    transport=isr section=stress cycle=6/10 PASS frame_payload=6144 elapsed=1.082s roundtrip=11.1 KiB/s
2026-09-01 02:28:17,276 INFO    transport=isr section=stress cycle=7/10 PASS frame_payload=6144 elapsed=1.082s roundtrip=11.1 KiB/s
2026-09-01 02:28:18,522 INFO    transport=isr section=stress cycle=8/10 PASS frame_payload=6144 elapsed=1.082s roundtrip=11.1 KiB/s
2026-09-01 02:28:19,771 INFO    transport=isr section=stress cycle=9/10 PASS frame_payload=6144 elapsed=1.082s roundtrip=11.1 KiB/s
2026-09-01 02:28:21,021 INFO    transport=isr section=stress cycle=10/10 PASS frame_payload=6144 elapsed=1.082s roundtrip=11.1 KiB/s
2026-09-01 02:28:21,021 INFO    SECTION name=stress status=PASS passed=10 failed=0 elapsed=10.828s
2026-09-01 02:28:21,021 INFO    SECTION transport=isr name=tx-tail status=BEGIN cases=23
2026-09-01 02:28:21,107 INFO    section=tx-tail case=1/23 PASS size=2 dma=0 tail=2 elapsed=0.000s
2026-09-01 02:28:21,187 INFO    section=tx-tail case=2/23 PASS size=3 dma=0 tail=3 elapsed=0.000s
2026-09-01 02:28:21,273 INFO    section=tx-tail case=3/23 PASS size=4 dma=0 tail=4 elapsed=0.000s
2026-09-01 02:28:21,358 INFO    section=tx-tail case=4/23 PASS size=5 dma=0 tail=5 elapsed=0.000s
2026-09-01 02:28:21,443 INFO    section=tx-tail case=5/23 PASS size=6 dma=0 tail=6 elapsed=0.000s
2026-09-01 02:28:21,528 INFO    section=tx-tail case=6/23 PASS size=7 dma=0 tail=7 elapsed=0.000s
2026-09-01 02:28:21,598 INFO    section=tx-tail case=7/23 PASS size=8 dma=8 tail=0 elapsed=0.000s
2026-09-01 02:28:21,683 INFO    section=tx-tail case=8/23 PASS size=9 dma=8 tail=1 elapsed=0.000s
2026-09-01 02:28:21,774 INFO    section=tx-tail case=9/23 PASS size=10 dma=8 tail=2 elapsed=0.006s
2026-09-01 02:28:21,859 INFO    section=tx-tail case=10/23 PASS size=11 dma=8 tail=3 elapsed=0.000s
2026-09-01 02:28:21,950 INFO    section=tx-tail case=11/23 PASS size=12 dma=8 tail=4 elapsed=0.006s
2026-09-01 02:28:22,041 INFO    section=tx-tail case=12/23 PASS size=13 dma=8 tail=5 elapsed=0.006s
2026-09-01 02:28:22,132 INFO    section=tx-tail case=13/23 PASS size=14 dma=8 tail=6 elapsed=0.006s
2026-09-01 02:28:22,223 INFO    section=tx-tail case=14/23 PASS size=15 dma=8 tail=7 elapsed=0.006s
2026-09-01 02:28:22,308 INFO    section=tx-tail case=15/23 PASS size=16 dma=16 tail=0 elapsed=0.000s
2026-09-01 02:28:22,947 INFO    section=tx-tail case=16/23 PASS size=6144 dma=6144 tail=0 elapsed=0.536s
2026-09-01 02:28:23,586 INFO    section=tx-tail case=17/23 PASS size=6145 dma=6144 tail=1 elapsed=0.536s
2026-09-01 02:28:24,225 INFO    section=tx-tail case=18/23 PASS size=6146 dma=6144 tail=2 elapsed=0.536s
2026-09-01 02:28:24,865 INFO    section=tx-tail case=19/23 PASS size=6147 dma=6144 tail=3 elapsed=0.536s
2026-09-01 02:28:25,499 INFO    section=tx-tail case=20/23 PASS size=6148 dma=6144 tail=4 elapsed=0.536s
2026-09-01 02:28:26,139 INFO    section=tx-tail case=21/23 PASS size=6149 dma=6144 tail=5 elapsed=0.536s
2026-09-01 02:28:26,778 INFO    section=tx-tail case=22/23 PASS size=6150 dma=6144 tail=6 elapsed=0.536s
2026-09-01 02:28:27,411 INFO    section=tx-tail case=23/23 PASS size=6151 dma=6144 tail=7 elapsed=0.536s
2026-09-01 02:28:27,411 INFO    SECTION name=tx-tail status=PASS passed=23 failed=0 elapsed=4.315s
2026-09-01 02:28:27,411 INFO    SECTION transport=isr name=rx-tail status=BEGIN cases=23
2026-09-01 02:28:27,564 INFO    section=rx-tail case=1/23 PASS size=2 dma=0 tail=2 elapsed=0.023s
2026-09-01 02:28:27,717 INFO    section=rx-tail case=2/23 PASS size=3 dma=0 tail=3 elapsed=0.024s
2026-09-01 02:28:27,870 INFO    section=rx-tail case=3/23 PASS size=4 dma=0 tail=4 elapsed=0.024s
2026-09-01 02:28:28,024 INFO    section=rx-tail case=4/23 PASS size=5 dma=0 tail=5 elapsed=0.025s
2026-09-01 02:28:28,174 INFO    section=rx-tail case=5/23 PASS size=6 dma=0 tail=6 elapsed=0.025s
2026-09-01 02:28:28,329 INFO    section=rx-tail case=6/23 PASS size=7 dma=0 tail=7 elapsed=0.026s
2026-09-01 02:28:28,484 INFO    section=rx-tail case=7/23 PASS size=8 dma=8 tail=0 elapsed=0.026s
2026-09-01 02:28:28,634 INFO    section=rx-tail case=8/23 PASS size=9 dma=8 tail=1 elapsed=0.026s
2026-09-01 02:28:28,789 INFO    section=rx-tail case=9/23 PASS size=10 dma=8 tail=2 elapsed=0.026s
2026-09-01 02:28:28,944 INFO    section=rx-tail case=10/23 PASS size=11 dma=8 tail=3 elapsed=0.026s
2026-09-01 02:28:29,099 INFO    section=rx-tail case=11/23 PASS size=12 dma=8 tail=4 elapsed=0.026s
2026-09-01 02:28:29,254 INFO    section=rx-tail case=12/23 PASS size=13 dma=8 tail=5 elapsed=0.026s
2026-09-01 02:28:29,409 INFO    section=rx-tail case=13/23 PASS size=14 dma=8 tail=6 elapsed=0.026s
2026-09-01 02:28:29,565 INFO    section=rx-tail case=14/23 PASS size=15 dma=8 tail=7 elapsed=0.026s
2026-09-01 02:28:29,719 INFO    section=rx-tail case=15/23 PASS size=16 dma=16 tail=0 elapsed=0.026s
2026-09-01 02:28:30,425 INFO    section=rx-tail case=16/23 PASS size=6144 dma=6144 tail=0 elapsed=0.560s
2026-09-01 02:28:31,131 INFO    section=rx-tail case=17/23 PASS size=6145 dma=6144 tail=1 elapsed=0.561s
2026-09-01 02:28:31,832 INFO    section=rx-tail case=18/23 PASS size=6146 dma=6144 tail=2 elapsed=0.561s
2026-09-01 02:28:32,539 INFO    section=rx-tail case=19/23 PASS size=6147 dma=6144 tail=3 elapsed=0.561s
2026-09-01 02:28:33,245 INFO    section=rx-tail case=20/23 PASS size=6148 dma=6144 tail=4 elapsed=0.561s
2026-09-01 02:28:33,948 INFO    section=rx-tail case=21/23 PASS size=6149 dma=6144 tail=5 elapsed=0.562s
2026-09-01 02:28:34,657 INFO    section=rx-tail case=22/23 PASS size=6150 dma=6144 tail=6 elapsed=0.562s
2026-09-01 02:28:35,364 INFO    section=rx-tail case=23/23 PASS size=6151 dma=6144 tail=7 elapsed=0.562s
2026-09-01 02:28:35,364 INFO    SECTION name=rx-tail status=PASS passed=23 failed=0 elapsed=4.869s
2026-09-01 02:28:35,364 INFO    SUITE transport=isr status=PASS passed=58 failed=0 full_profile=SKIPPED
2026-09-01 02:28:35,365 INFO    SUITE transport=dma status=BEGIN cases=58 full_profile=SKIPPED
2026-09-01 02:28:35,365 INFO    SECTION transport=dma name=smoke status=BEGIN cases=1 payload=256
2026-09-01 02:28:35,569 INFO    transport=dma section=smoke cycle=1/1 PASS frame_payload=256 elapsed=0.053s roundtrip=9.4 KiB/s
2026-09-01 02:28:35,569 INFO    SECTION name=smoke status=PASS passed=1 failed=0 elapsed=0.053s
2026-09-01 02:28:35,569 INFO    SECTION transport=dma name=large-6144 status=BEGIN cases=1 payload=6144
2026-09-01 02:28:36,811 INFO    transport=dma section=large-6144 cycle=1/1 PASS frame_payload=6144 elapsed=1.081s roundtrip=11.1 KiB/s
2026-09-01 02:28:36,811 INFO    SECTION name=large-6144 status=PASS passed=1 failed=0 elapsed=1.081s
2026-09-01 02:28:36,811 INFO    SECTION transport=dma name=stress status=BEGIN cases=10 payload=6144
2026-09-01 02:28:38,054 INFO    transport=dma section=stress cycle=1/10 PASS frame_payload=6144 elapsed=1.081s roundtrip=11.1 KiB/s
2026-09-01 02:28:39,296 INFO    transport=dma section=stress cycle=2/10 PASS frame_payload=6144 elapsed=1.080s roundtrip=11.1 KiB/s
2026-09-01 02:28:40,538 INFO    transport=dma section=stress cycle=3/10 PASS frame_payload=6144 elapsed=1.080s roundtrip=11.1 KiB/s
2026-09-01 02:28:41,780 INFO    transport=dma section=stress cycle=4/10 PASS frame_payload=6144 elapsed=1.080s roundtrip=11.1 KiB/s
2026-09-01 02:28:43,022 INFO    transport=dma section=stress cycle=5/10 PASS frame_payload=6144 elapsed=1.080s roundtrip=11.1 KiB/s
2026-09-01 02:28:44,264 INFO    transport=dma section=stress cycle=6/10 PASS frame_payload=6144 elapsed=1.080s roundtrip=11.1 KiB/s
2026-09-01 02:28:45,500 INFO    transport=dma section=stress cycle=7/10 PASS frame_payload=6144 elapsed=1.080s roundtrip=11.1 KiB/s
2026-09-01 02:28:46,743 INFO    transport=dma section=stress cycle=8/10 PASS frame_payload=6144 elapsed=1.081s roundtrip=11.1 KiB/s
2026-09-01 02:28:47,991 INFO    transport=dma section=stress cycle=9/10 PASS frame_payload=6144 elapsed=1.081s roundtrip=11.1 KiB/s
2026-09-01 02:28:49,239 INFO    transport=dma section=stress cycle=10/10 PASS frame_payload=6144 elapsed=1.081s roundtrip=11.1 KiB/s
2026-09-01 02:28:49,239 INFO    SECTION name=stress status=PASS passed=10 failed=0 elapsed=10.805s
2026-09-01 02:28:49,239 INFO    SECTION transport=dma name=tx-tail status=BEGIN cases=23
2026-09-01 02:28:49,325 INFO    section=tx-tail case=1/23 PASS size=2 dma=0 tail=2 elapsed=0.000s
2026-09-01 02:28:49,405 INFO    section=tx-tail case=2/23 PASS size=3 dma=0 tail=3 elapsed=0.000s
2026-09-01 02:28:49,491 INFO    section=tx-tail case=3/23 PASS size=4 dma=0 tail=4 elapsed=0.000s
2026-09-01 02:28:49,577 INFO    section=tx-tail case=4/23 PASS size=5 dma=0 tail=5 elapsed=0.000s
2026-09-01 02:28:49,662 INFO    section=tx-tail case=5/23 PASS size=6 dma=0 tail=6 elapsed=0.000s
2026-09-01 02:28:49,748 INFO    section=tx-tail case=6/23 PASS size=7 dma=0 tail=7 elapsed=0.000s
2026-09-01 02:28:49,828 INFO    section=tx-tail case=7/23 PASS size=8 dma=8 tail=0 elapsed=0.000s
2026-09-01 02:28:49,914 INFO    section=tx-tail case=8/23 PASS size=9 dma=8 tail=1 elapsed=0.000s
2026-09-01 02:28:50,005 INFO    section=tx-tail case=9/23 PASS size=10 dma=8 tail=2 elapsed=0.006s
2026-09-01 02:28:50,090 INFO    section=tx-tail case=10/23 PASS size=11 dma=8 tail=3 elapsed=0.000s
2026-09-01 02:28:50,181 INFO    section=tx-tail case=11/23 PASS size=12 dma=8 tail=4 elapsed=0.006s
2026-09-01 02:28:50,272 INFO    section=tx-tail case=12/23 PASS size=13 dma=8 tail=5 elapsed=0.006s
2026-09-01 02:28:50,363 INFO    section=tx-tail case=13/23 PASS size=14 dma=8 tail=6 elapsed=0.006s
2026-09-01 02:28:50,454 INFO    section=tx-tail case=14/23 PASS size=15 dma=8 tail=7 elapsed=0.006s
2026-09-01 02:28:50,539 INFO    section=tx-tail case=15/23 PASS size=16 dma=16 tail=0 elapsed=0.000s
2026-09-01 02:28:51,178 INFO    section=tx-tail case=16/23 PASS size=6144 dma=6144 tail=0 elapsed=0.536s
2026-09-01 02:28:51,817 INFO    section=tx-tail case=17/23 PASS size=6145 dma=6144 tail=1 elapsed=0.536s
2026-09-01 02:28:52,456 INFO    section=tx-tail case=18/23 PASS size=6146 dma=6144 tail=2 elapsed=0.536s
2026-09-01 02:28:53,096 INFO    section=tx-tail case=19/23 PASS size=6147 dma=6144 tail=3 elapsed=0.536s
2026-09-01 02:28:53,730 INFO    section=tx-tail case=20/23 PASS size=6148 dma=6144 tail=4 elapsed=0.536s
2026-09-01 02:28:54,369 INFO    section=tx-tail case=21/23 PASS size=6149 dma=6144 tail=5 elapsed=0.536s
2026-09-01 02:28:55,009 INFO    section=tx-tail case=22/23 PASS size=6150 dma=6144 tail=6 elapsed=0.536s
2026-09-01 02:28:55,643 INFO    section=tx-tail case=23/23 PASS size=6151 dma=6144 tail=7 elapsed=0.536s
2026-09-01 02:28:55,643 INFO    SECTION name=tx-tail status=PASS passed=23 failed=0 elapsed=4.315s
2026-09-01 02:28:55,643 INFO    SECTION transport=dma name=rx-tail status=BEGIN cases=23
2026-09-01 02:28:55,796 INFO    section=rx-tail case=1/23 PASS size=2 dma=0 tail=2 elapsed=0.023s
2026-09-01 02:28:55,949 INFO    section=rx-tail case=2/23 PASS size=3 dma=0 tail=3 elapsed=0.023s
2026-09-01 02:28:56,101 INFO    section=rx-tail case=3/23 PASS size=4 dma=0 tail=4 elapsed=0.023s
2026-09-01 02:28:56,254 INFO    section=rx-tail case=4/23 PASS size=5 dma=0 tail=5 elapsed=0.023s
2026-09-01 02:28:56,401 INFO    section=rx-tail case=5/23 PASS size=6 dma=0 tail=6 elapsed=0.023s
2026-09-01 02:28:56,554 INFO    section=rx-tail case=6/23 PASS size=7 dma=0 tail=7 elapsed=0.023s
2026-09-01 02:28:56,706 INFO    section=rx-tail case=7/23 PASS size=8 dma=8 tail=0 elapsed=0.023s
2026-09-01 02:28:56,853 INFO    section=rx-tail case=8/23 PASS size=9 dma=8 tail=1 elapsed=0.023s
2026-09-01 02:28:57,006 INFO    section=rx-tail case=9/23 PASS size=10 dma=8 tail=2 elapsed=0.024s
2026-09-01 02:28:57,159 INFO    section=rx-tail case=10/23 PASS size=11 dma=8 tail=3 elapsed=0.024s
2026-09-01 02:28:57,312 INFO    section=rx-tail case=11/23 PASS size=12 dma=8 tail=4 elapsed=0.024s
2026-09-01 02:28:57,465 INFO    section=rx-tail case=12/23 PASS size=13 dma=8 tail=5 elapsed=0.024s
2026-09-01 02:28:57,619 INFO    section=rx-tail case=13/23 PASS size=14 dma=8 tail=6 elapsed=0.024s
2026-09-01 02:28:57,772 INFO    section=rx-tail case=14/23 PASS size=15 dma=8 tail=7 elapsed=0.024s
2026-09-01 02:28:57,925 INFO    section=rx-tail case=15/23 PASS size=16 dma=16 tail=0 elapsed=0.024s
2026-09-01 02:28:58,629 INFO    section=rx-tail case=16/23 PASS size=6144 dma=6144 tail=0 elapsed=0.558s
2026-09-01 02:28:59,333 INFO    section=rx-tail case=17/23 PASS size=6145 dma=6144 tail=1 elapsed=0.558s
2026-09-01 02:29:00,030 INFO    section=rx-tail case=18/23 PASS size=6146 dma=6144 tail=2 elapsed=0.558s
2026-09-01 02:29:00,734 INFO    section=rx-tail case=19/23 PASS size=6147 dma=6144 tail=3 elapsed=0.558s
2026-09-01 02:29:01,438 INFO    section=rx-tail case=20/23 PASS size=6148 dma=6144 tail=4 elapsed=0.558s
2026-09-01 02:29:02,137 INFO    section=rx-tail case=21/23 PASS size=6149 dma=6144 tail=5 elapsed=0.559s
2026-09-01 02:29:02,842 INFO    section=rx-tail case=22/23 PASS size=6150 dma=6144 tail=6 elapsed=0.559s
2026-09-01 02:29:03,547 INFO    section=rx-tail case=23/23 PASS size=6151 dma=6144 tail=7 elapsed=0.559s
2026-09-01 02:29:03,547 INFO    SECTION name=rx-tail status=PASS passed=23 failed=0 elapsed=4.816s
2026-09-01 02:29:03,548 INFO    SUITE transport=dma status=PASS passed=58 failed=0 full_profile=SKIPPED
2026-09-01 02:29:03,548 INFO    BAUD_RATE status=PASS rate=2/3 index=11 baud=115200 passed=174 failed=0 elapsed=63.287s
2026-09-01 02:29:03,603 INFO    BAUD_SWITCH status=PASS old_index=11 old=115200 new_index=11 new=115200
2026-09-01 02:29:03,608 INFO    BAUD_RATE status=BEGIN rate=3/3 index=14 baud=921600 timeout=30.0s
2026-09-01 02:29:03,663 INFO    BAUD_SWITCH status=PASS old_index=11 old=115200 new_index=14 new=921600
2026-09-01 02:29:03,664 INFO    SUITE transport=polling status=BEGIN cases=58 full_profile=SKIPPED
2026-09-01 02:29:03,664 INFO    SECTION transport=polling name=smoke status=BEGIN cases=1 payload=256
2026-09-01 02:29:03,765 INFO    transport=polling section=smoke cycle=1/1 PASS frame_payload=256 elapsed=0.007s roundtrip=68.3 KiB/s
2026-09-01 02:29:03,765 INFO    SECTION name=smoke status=PASS passed=1 failed=0 elapsed=0.007s
2026-09-01 02:29:03,766 INFO    SECTION transport=polling name=large-6144 status=BEGIN cases=1 payload=6144
2026-09-01 02:29:03,990 INFO    transport=polling section=large-6144 cycle=1/1 PASS frame_payload=6144 elapsed=0.137s roundtrip=87.6 KiB/s
2026-09-01 02:29:03,990 INFO    SECTION name=large-6144 status=PASS passed=1 failed=0 elapsed=0.137s
2026-09-01 02:29:03,990 INFO    SECTION transport=polling name=stress status=BEGIN cases=10 payload=6144
2026-09-01 02:29:04,228 INFO    transport=polling section=stress cycle=1/10 PASS frame_payload=6144 elapsed=0.137s roundtrip=87.8 KiB/s
2026-09-01 02:29:04,466 INFO    transport=polling section=stress cycle=2/10 PASS frame_payload=6144 elapsed=0.137s roundtrip=87.7 KiB/s
2026-09-01 02:29:04,704 INFO    transport=polling section=stress cycle=3/10 PASS frame_payload=6144 elapsed=0.137s roundtrip=87.7 KiB/s
2026-09-01 02:29:04,941 INFO    transport=polling section=stress cycle=4/10 PASS frame_payload=6144 elapsed=0.137s roundtrip=87.7 KiB/s
2026-09-01 02:29:05,166 INFO    transport=polling section=stress cycle=5/10 PASS frame_payload=6144 elapsed=0.137s roundtrip=87.6 KiB/s
2026-09-01 02:29:05,404 INFO    transport=polling section=stress cycle=6/10 PASS frame_payload=6144 elapsed=0.137s roundtrip=87.9 KiB/s
2026-09-01 02:29:05,640 INFO    transport=polling section=stress cycle=7/10 PASS frame_payload=6144 elapsed=0.137s roundtrip=87.8 KiB/s
2026-09-01 02:29:05,877 INFO    transport=polling section=stress cycle=8/10 PASS frame_payload=6144 elapsed=0.137s roundtrip=87.8 KiB/s
2026-09-01 02:29:06,116 INFO    transport=polling section=stress cycle=9/10 PASS frame_payload=6144 elapsed=0.137s roundtrip=87.7 KiB/s
2026-09-01 02:29:06,342 INFO    transport=polling section=stress cycle=10/10 PASS frame_payload=6144 elapsed=0.137s roundtrip=87.6 KiB/s
2026-09-01 02:29:06,342 INFO    SECTION name=stress status=PASS passed=10 failed=0 elapsed=1.368s
2026-09-01 02:29:06,342 INFO    SECTION transport=polling name=tx-tail status=BEGIN cases=23
2026-09-01 02:29:06,355 INFO    section=tx-tail case=1/23 PASS size=2 dma=0 tail=2 elapsed=0.000s
2026-09-01 02:29:06,383 INFO    section=tx-tail case=2/23 PASS size=3 dma=0 tail=3 elapsed=0.000s
2026-09-01 02:29:06,396 INFO    section=tx-tail case=3/23 PASS size=4 dma=0 tail=4 elapsed=0.000s
2026-09-01 02:29:06,409 INFO    section=tx-tail case=4/23 PASS size=5 dma=0 tail=5 elapsed=0.000s
2026-09-01 02:29:06,422 INFO    section=tx-tail case=5/23 PASS size=6 dma=0 tail=6 elapsed=0.000s
2026-09-01 02:29:06,451 INFO    section=tx-tail case=6/23 PASS size=7 dma=0 tail=7 elapsed=0.000s
2026-09-01 02:29:06,479 INFO    section=tx-tail case=7/23 PASS size=8 dma=8 tail=0 elapsed=0.000s
2026-09-01 02:29:06,492 INFO    section=tx-tail case=8/23 PASS size=9 dma=8 tail=1 elapsed=0.000s
2026-09-01 02:29:06,520 INFO    section=tx-tail case=9/23 PASS size=10 dma=8 tail=2 elapsed=0.000s
2026-09-01 02:29:06,533 INFO    section=tx-tail case=10/23 PASS size=11 dma=8 tail=3 elapsed=0.000s
2026-09-01 02:29:06,562 INFO    section=tx-tail case=11/23 PASS size=12 dma=8 tail=4 elapsed=0.000s
2026-09-01 02:29:06,591 INFO    section=tx-tail case=12/23 PASS size=13 dma=8 tail=5 elapsed=0.000s
2026-09-01 02:29:06,620 INFO    section=tx-tail case=13/23 PASS size=14 dma=8 tail=6 elapsed=0.000s
2026-09-01 02:29:06,649 INFO    section=tx-tail case=14/23 PASS size=15 dma=8 tail=7 elapsed=0.000s
2026-09-01 02:29:06,678 INFO    section=tx-tail case=15/23 PASS size=16 dma=16 tail=0 elapsed=0.000s
2026-09-01 02:29:06,781 INFO    section=tx-tail case=16/23 PASS size=6144 dma=6144 tail=0 elapsed=0.068s
2026-09-01 02:29:06,885 INFO    section=tx-tail case=17/23 PASS size=6145 dma=6144 tail=1 elapsed=0.067s
2026-09-01 02:29:06,988 INFO    section=tx-tail case=18/23 PASS size=6146 dma=6144 tail=2 elapsed=0.067s
2026-09-01 02:29:07,092 INFO    section=tx-tail case=19/23 PASS size=6147 dma=6144 tail=3 elapsed=0.067s
2026-09-01 02:29:07,195 INFO    section=tx-tail case=20/23 PASS size=6148 dma=6144 tail=4 elapsed=0.067s
2026-09-01 02:29:07,299 INFO    section=tx-tail case=21/23 PASS size=6149 dma=6144 tail=5 elapsed=0.067s
2026-09-01 02:29:07,404 INFO    section=tx-tail case=22/23 PASS size=6150 dma=6144 tail=6 elapsed=0.067s
2026-09-01 02:29:07,495 INFO    section=tx-tail case=23/23 PASS size=6151 dma=6144 tail=7 elapsed=0.067s
2026-09-01 02:29:07,495 INFO    SECTION name=tx-tail status=PASS passed=23 failed=0 elapsed=0.538s
2026-09-01 02:29:07,495 INFO    SECTION transport=polling name=rx-tail status=BEGIN cases=23
2026-09-01 02:29:07,590 INFO    section=rx-tail case=1/23 PASS size=2 dma=0 tail=2 elapsed=0.018s
2026-09-01 02:29:07,684 INFO    section=rx-tail case=2/23 PASS size=3 dma=0 tail=3 elapsed=0.017s
2026-09-01 02:29:07,778 INFO    section=rx-tail case=3/23 PASS size=4 dma=0 tail=4 elapsed=0.017s
2026-09-01 02:29:07,872 INFO    section=rx-tail case=4/23 PASS size=5 dma=0 tail=5 elapsed=0.017s
2026-09-01 02:29:07,966 INFO    section=rx-tail case=5/23 PASS size=6 dma=0 tail=6 elapsed=0.017s
2026-09-01 02:29:08,061 INFO    section=rx-tail case=6/23 PASS size=7 dma=0 tail=7 elapsed=0.018s
2026-09-01 02:29:08,155 INFO    section=rx-tail case=7/23 PASS size=8 dma=8 tail=0 elapsed=0.017s
2026-09-01 02:29:08,249 INFO    section=rx-tail case=8/23 PASS size=9 dma=8 tail=1 elapsed=0.017s
2026-09-01 02:29:08,344 INFO    section=rx-tail case=9/23 PASS size=10 dma=8 tail=2 elapsed=0.017s
2026-09-01 02:29:08,439 INFO    section=rx-tail case=10/23 PASS size=11 dma=8 tail=3 elapsed=0.017s
2026-09-01 02:29:08,534 INFO    section=rx-tail case=11/23 PASS size=12 dma=8 tail=4 elapsed=0.017s
2026-09-01 02:29:08,630 INFO    section=rx-tail case=12/23 PASS size=13 dma=8 tail=5 elapsed=0.018s
2026-09-01 02:29:08,725 INFO    section=rx-tail case=13/23 PASS size=14 dma=8 tail=6 elapsed=0.018s
2026-09-01 02:29:08,820 INFO    section=rx-tail case=14/23 PASS size=15 dma=8 tail=7 elapsed=0.017s
2026-09-01 02:29:08,915 INFO    section=rx-tail case=15/23 PASS size=16 dma=16 tail=0 elapsed=0.017s
2026-09-01 02:29:09,085 INFO    section=rx-tail case=16/23 PASS size=6144 dma=6144 tail=0 elapsed=0.086s
2026-09-01 02:29:09,254 INFO    section=rx-tail case=17/23 PASS size=6145 dma=6144 tail=1 elapsed=0.086s
2026-09-01 02:29:09,424 INFO    section=rx-tail case=18/23 PASS size=6146 dma=6144 tail=2 elapsed=0.086s
2026-09-01 02:29:09,593 INFO    section=rx-tail case=19/23 PASS size=6147 dma=6144 tail=3 elapsed=0.086s
2026-09-01 02:29:09,762 INFO    section=rx-tail case=20/23 PASS size=6148 dma=6144 tail=4 elapsed=0.086s
2026-09-01 02:29:09,931 INFO    section=rx-tail case=21/23 PASS size=6149 dma=6144 tail=5 elapsed=0.086s
2026-09-01 02:29:10,100 INFO    section=rx-tail case=22/23 PASS size=6150 dma=6144 tail=6 elapsed=0.086s
2026-09-01 02:29:10,269 INFO    section=rx-tail case=23/23 PASS size=6151 dma=6144 tail=7 elapsed=0.086s
2026-09-01 02:29:10,269 INFO    SECTION name=rx-tail status=PASS passed=23 failed=0 elapsed=0.944s
2026-09-01 02:29:10,269 INFO    SUITE transport=polling status=PASS passed=58 failed=0 full_profile=SKIPPED
2026-09-01 02:29:10,269 INFO    SUITE transport=isr status=BEGIN cases=58 full_profile=SKIPPED
2026-09-01 02:29:10,269 INFO    SECTION transport=isr name=smoke status=BEGIN cases=1 payload=256
2026-09-01 02:29:10,370 INFO    transport=isr section=smoke cycle=1/1 PASS frame_payload=256 elapsed=0.008s roundtrip=63.4 KiB/s
2026-09-01 02:29:10,370 INFO    SECTION name=smoke status=PASS passed=1 failed=0 elapsed=0.008s
2026-09-01 02:29:10,370 INFO    SECTION transport=isr name=large-6144 status=BEGIN cases=1 payload=6144
2026-09-01 02:29:10,606 INFO    transport=isr section=large-6144 cycle=1/1 PASS frame_payload=6144 elapsed=0.137s roundtrip=87.5 KiB/s
2026-09-01 02:29:10,606 INFO    SECTION name=large-6144 status=PASS passed=1 failed=0 elapsed=0.137s
2026-09-01 02:29:10,606 INFO    SECTION transport=isr name=stress status=BEGIN cases=10 payload=6144
2026-09-01 02:29:10,841 INFO    transport=isr section=stress cycle=1/10 PASS frame_payload=6144 elapsed=0.137s roundtrip=87.6 KiB/s
2026-09-01 02:29:11,077 INFO    transport=isr section=stress cycle=2/10 PASS frame_payload=6144 elapsed=0.137s roundtrip=87.5 KiB/s
2026-09-01 02:29:11,313 INFO    transport=isr section=stress cycle=3/10 PASS frame_payload=6144 elapsed=0.137s roundtrip=87.6 KiB/s
2026-09-01 02:29:11,549 INFO    transport=isr section=stress cycle=4/10 PASS frame_payload=6144 elapsed=0.137s roundtrip=87.5 KiB/s
2026-09-01 02:29:11,785 INFO    transport=isr section=stress cycle=5/10 PASS frame_payload=6144 elapsed=0.137s roundtrip=87.5 KiB/s
2026-09-01 02:29:12,021 INFO    transport=isr section=stress cycle=6/10 PASS frame_payload=6144 elapsed=0.137s roundtrip=87.6 KiB/s
2026-09-01 02:29:12,243 INFO    transport=isr section=stress cycle=7/10 PASS frame_payload=6144 elapsed=0.137s roundtrip=87.5 KiB/s
2026-09-01 02:29:12,478 INFO    transport=isr section=stress cycle=8/10 PASS frame_payload=6144 elapsed=0.137s roundtrip=87.5 KiB/s
2026-09-01 02:29:12,714 INFO    transport=isr section=stress cycle=9/10 PASS frame_payload=6144 elapsed=0.137s roundtrip=87.5 KiB/s
2026-09-01 02:29:12,950 INFO    transport=isr section=stress cycle=10/10 PASS frame_payload=6144 elapsed=0.137s roundtrip=87.5 KiB/s
2026-09-01 02:29:12,950 INFO    SECTION name=stress status=PASS passed=10 failed=0 elapsed=1.371s
2026-09-01 02:29:12,950 INFO    SECTION transport=isr name=tx-tail status=BEGIN cases=23
2026-09-01 02:29:12,976 INFO    section=tx-tail case=1/23 PASS size=2 dma=0 tail=2 elapsed=0.000s
2026-09-01 02:29:13,002 INFO    section=tx-tail case=2/23 PASS size=3 dma=0 tail=3 elapsed=0.000s
2026-09-01 02:29:13,028 INFO    section=tx-tail case=3/23 PASS size=4 dma=0 tail=4 elapsed=0.000s
2026-09-01 02:29:13,054 INFO    section=tx-tail case=4/23 PASS size=5 dma=0 tail=5 elapsed=0.000s
2026-09-01 02:29:13,080 INFO    section=tx-tail case=5/23 PASS size=6 dma=0 tail=6 elapsed=0.000s
2026-09-01 02:29:13,106 INFO    section=tx-tail case=6/23 PASS size=7 dma=0 tail=7 elapsed=0.000s
2026-09-01 02:29:13,132 INFO    section=tx-tail case=7/23 PASS size=8 dma=8 tail=0 elapsed=0.000s
2026-09-01 02:29:13,158 INFO    section=tx-tail case=8/23 PASS size=9 dma=8 tail=1 elapsed=0.000s
2026-09-01 02:29:13,185 INFO    section=tx-tail case=9/23 PASS size=10 dma=8 tail=2 elapsed=0.000s
2026-09-01 02:29:13,211 INFO    section=tx-tail case=10/23 PASS size=11 dma=8 tail=3 elapsed=0.000s
2026-09-01 02:29:13,238 INFO    section=tx-tail case=11/23 PASS size=12 dma=8 tail=4 elapsed=0.001s
2026-09-01 02:29:13,265 INFO    section=tx-tail case=12/23 PASS size=13 dma=8 tail=5 elapsed=0.000s
2026-09-01 02:29:13,292 INFO    section=tx-tail case=13/23 PASS size=14 dma=8 tail=6 elapsed=0.001s
2026-09-01 02:29:13,319 INFO    section=tx-tail case=14/23 PASS size=15 dma=8 tail=7 elapsed=0.001s
2026-09-01 02:29:13,345 INFO    section=tx-tail case=15/23 PASS size=16 dma=16 tail=0 elapsed=0.000s
2026-09-01 02:29:13,447 INFO    section=tx-tail case=16/23 PASS size=6144 dma=6144 tail=0 elapsed=0.067s
2026-09-01 02:29:13,548 INFO    section=tx-tail case=17/23 PASS size=6145 dma=6144 tail=1 elapsed=0.067s
2026-09-01 02:29:13,650 INFO    section=tx-tail case=18/23 PASS size=6146 dma=6144 tail=2 elapsed=0.067s
2026-09-01 02:29:13,739 INFO    section=tx-tail case=19/23 PASS size=6147 dma=6144 tail=3 elapsed=0.067s
2026-09-01 02:29:13,840 INFO    section=tx-tail case=20/23 PASS size=6148 dma=6144 tail=4 elapsed=0.067s
2026-09-01 02:29:13,929 INFO    section=tx-tail case=21/23 PASS size=6149 dma=6144 tail=5 elapsed=0.067s
2026-09-01 02:29:14,018 INFO    section=tx-tail case=22/23 PASS size=6150 dma=6144 tail=6 elapsed=0.067s
2026-09-01 02:29:14,120 INFO    section=tx-tail case=23/23 PASS size=6151 dma=6144 tail=7 elapsed=0.067s
2026-09-01 02:29:14,120 INFO    SECTION name=tx-tail status=PASS passed=23 failed=0 elapsed=0.538s
2026-09-01 02:29:14,120 INFO    SECTION transport=isr name=rx-tail status=BEGIN cases=23
2026-09-01 02:29:14,212 INFO    section=rx-tail case=1/23 PASS size=2 dma=0 tail=2 elapsed=0.017s
2026-09-01 02:29:14,304 INFO    section=rx-tail case=2/23 PASS size=3 dma=0 tail=3 elapsed=0.017s
2026-09-01 02:29:14,396 INFO    section=rx-tail case=3/23 PASS size=4 dma=0 tail=4 elapsed=0.017s
2026-09-01 02:29:14,488 INFO    section=rx-tail case=4/23 PASS size=5 dma=0 tail=5 elapsed=0.017s
2026-09-01 02:29:14,580 INFO    section=rx-tail case=5/23 PASS size=6 dma=0 tail=6 elapsed=0.018s
2026-09-01 02:29:14,673 INFO    section=rx-tail case=6/23 PASS size=7 dma=0 tail=7 elapsed=0.018s
2026-09-01 02:29:14,766 INFO    section=rx-tail case=7/23 PASS size=8 dma=8 tail=0 elapsed=0.018s
2026-09-01 02:29:14,859 INFO    section=rx-tail case=8/23 PASS size=9 dma=8 tail=1 elapsed=0.018s
2026-09-01 02:29:14,952 INFO    section=rx-tail case=9/23 PASS size=10 dma=8 tail=2 elapsed=0.018s
2026-09-01 02:29:15,045 INFO    section=rx-tail case=10/23 PASS size=11 dma=8 tail=3 elapsed=0.018s
2026-09-01 02:29:15,138 INFO    section=rx-tail case=11/23 PASS size=12 dma=8 tail=4 elapsed=0.018s
2026-09-01 02:29:15,231 INFO    section=rx-tail case=12/23 PASS size=13 dma=8 tail=5 elapsed=0.018s
2026-09-01 02:29:15,324 INFO    section=rx-tail case=13/23 PASS size=14 dma=8 tail=6 elapsed=0.018s
2026-09-01 02:29:15,417 INFO    section=rx-tail case=14/23 PASS size=15 dma=8 tail=7 elapsed=0.018s
2026-09-01 02:29:15,510 INFO    section=rx-tail case=15/23 PASS size=16 dma=16 tail=0 elapsed=0.018s
2026-09-01 02:29:15,681 INFO    section=rx-tail case=16/23 PASS size=6144 dma=6144 tail=0 elapsed=0.086s
2026-09-01 02:29:15,850 INFO    section=rx-tail case=17/23 PASS size=6145 dma=6144 tail=1 elapsed=0.086s
2026-09-01 02:29:16,017 INFO    section=rx-tail case=18/23 PASS size=6146 dma=6144 tail=2 elapsed=0.086s
2026-09-01 02:29:16,185 INFO    section=rx-tail case=19/23 PASS size=6147 dma=6144 tail=3 elapsed=0.086s
2026-09-01 02:29:16,353 INFO    section=rx-tail case=20/23 PASS size=6148 dma=6144 tail=4 elapsed=0.086s
2026-09-01 02:29:16,521 INFO    section=rx-tail case=21/23 PASS size=6149 dma=6144 tail=5 elapsed=0.086s
2026-09-01 02:29:16,689 INFO    section=rx-tail case=22/23 PASS size=6150 dma=6144 tail=6 elapsed=0.086s
2026-09-01 02:29:16,841 INFO    section=rx-tail case=23/23 PASS size=6151 dma=6144 tail=7 elapsed=0.086s
2026-09-01 02:29:16,841 INFO    SECTION name=rx-tail status=PASS passed=23 failed=0 elapsed=0.952s
2026-09-01 02:29:16,841 INFO    SUITE transport=isr status=PASS passed=58 failed=0 full_profile=SKIPPED
2026-09-01 02:29:16,841 INFO    SUITE transport=dma status=BEGIN cases=58 full_profile=SKIPPED
2026-09-01 02:29:16,841 INFO    SECTION transport=dma name=smoke status=BEGIN cases=1 payload=256
2026-09-01 02:29:16,942 INFO    transport=dma section=smoke cycle=1/1 PASS frame_payload=256 elapsed=0.008s roundtrip=64.2 KiB/s
2026-09-01 02:29:16,942 INFO    SECTION name=smoke status=PASS passed=1 failed=0 elapsed=0.008s
2026-09-01 02:29:16,942 INFO    SECTION transport=dma name=large-6144 status=BEGIN cases=1 payload=6144
2026-09-01 02:29:17,178 INFO    transport=dma section=large-6144 cycle=1/1 PASS frame_payload=6144 elapsed=0.137s roundtrip=87.5 KiB/s
2026-09-01 02:29:17,178 INFO    SECTION name=large-6144 status=PASS passed=1 failed=0 elapsed=0.137s
2026-09-01 02:29:17,178 INFO    SECTION transport=dma name=stress status=BEGIN cases=10 payload=6144
2026-09-01 02:29:17,414 INFO    transport=dma section=stress cycle=1/10 PASS frame_payload=6144 elapsed=0.137s roundtrip=87.6 KiB/s
2026-09-01 02:29:17,650 INFO    transport=dma section=stress cycle=2/10 PASS frame_payload=6144 elapsed=0.137s roundtrip=87.6 KiB/s
2026-09-01 02:29:17,886 INFO    transport=dma section=stress cycle=3/10 PASS frame_payload=6144 elapsed=0.137s roundtrip=87.5 KiB/s
2026-09-01 02:29:18,122 INFO    transport=dma section=stress cycle=4/10 PASS frame_payload=6144 elapsed=0.137s roundtrip=87.6 KiB/s
2026-09-01 02:29:18,358 INFO    transport=dma section=stress cycle=5/10 PASS frame_payload=6144 elapsed=0.137s roundtrip=87.5 KiB/s
2026-09-01 02:29:18,581 INFO    transport=dma section=stress cycle=6/10 PASS frame_payload=6144 elapsed=0.137s roundtrip=87.5 KiB/s
2026-09-01 02:29:18,816 INFO    transport=dma section=stress cycle=7/10 PASS frame_payload=6144 elapsed=0.137s roundtrip=87.7 KiB/s
2026-09-01 02:29:19,052 INFO    transport=dma section=stress cycle=8/10 PASS frame_payload=6144 elapsed=0.138s roundtrip=87.1 KiB/s
2026-09-01 02:29:19,289 INFO    transport=dma section=stress cycle=9/10 PASS frame_payload=6144 elapsed=0.137s roundtrip=87.5 KiB/s
2026-09-01 02:29:19,526 INFO    transport=dma section=stress cycle=10/10 PASS frame_payload=6144 elapsed=0.137s roundtrip=87.5 KiB/s
2026-09-01 02:29:19,526 INFO    SECTION name=stress status=PASS passed=10 failed=0 elapsed=1.371s
2026-09-01 02:29:19,526 INFO    SECTION transport=dma name=tx-tail status=BEGIN cases=23
2026-09-01 02:29:19,552 INFO    section=tx-tail case=1/23 PASS size=2 dma=0 tail=2 elapsed=0.000s
2026-09-01 02:29:19,577 INFO    section=tx-tail case=2/23 PASS size=3 dma=0 tail=3 elapsed=0.000s
2026-09-01 02:29:19,603 INFO    section=tx-tail case=3/23 PASS size=4 dma=0 tail=4 elapsed=0.000s
2026-09-01 02:29:19,629 INFO    section=tx-tail case=4/23 PASS size=5 dma=0 tail=5 elapsed=0.000s
2026-09-01 02:29:19,655 INFO    section=tx-tail case=5/23 PASS size=6 dma=0 tail=6 elapsed=0.000s
2026-09-01 02:29:19,681 INFO    section=tx-tail case=6/23 PASS size=7 dma=0 tail=7 elapsed=0.000s
2026-09-01 02:29:19,707 INFO    section=tx-tail case=7/23 PASS size=8 dma=8 tail=0 elapsed=0.000s
2026-09-01 02:29:19,733 INFO    section=tx-tail case=8/23 PASS size=9 dma=8 tail=1 elapsed=0.000s
2026-09-01 02:29:19,759 INFO    section=tx-tail case=9/23 PASS size=10 dma=8 tail=2 elapsed=0.000s
2026-09-01 02:29:19,785 INFO    section=tx-tail case=10/23 PASS size=11 dma=8 tail=3 elapsed=0.000s
2026-09-01 02:29:19,796 INFO    section=tx-tail case=11/23 PASS size=12 dma=8 tail=4 elapsed=0.000s
2026-09-01 02:29:19,823 INFO    section=tx-tail case=12/23 PASS size=13 dma=8 tail=5 elapsed=0.000s
2026-09-01 02:29:19,835 INFO    section=tx-tail case=13/23 PASS size=14 dma=8 tail=6 elapsed=0.000s
2026-09-01 02:29:19,862 INFO    section=tx-tail case=14/23 PASS size=15 dma=8 tail=7 elapsed=0.001s
2026-09-01 02:29:19,888 INFO    section=tx-tail case=15/23 PASS size=16 dma=16 tail=0 elapsed=0.000s
2026-09-01 02:29:19,989 INFO    section=tx-tail case=16/23 PASS size=6144 dma=6144 tail=0 elapsed=0.067s
2026-09-01 02:29:20,091 INFO    section=tx-tail case=17/23 PASS size=6145 dma=6144 tail=1 elapsed=0.067s
2026-09-01 02:29:20,193 INFO    section=tx-tail case=18/23 PASS size=6146 dma=6144 tail=2 elapsed=0.067s
2026-09-01 02:29:20,294 INFO    section=tx-tail case=19/23 PASS size=6147 dma=6144 tail=3 elapsed=0.067s
2026-09-01 02:29:20,395 INFO    section=tx-tail case=20/23 PASS size=6148 dma=6144 tail=4 elapsed=0.067s
2026-09-01 02:29:20,496 INFO    section=tx-tail case=21/23 PASS size=6149 dma=6144 tail=5 elapsed=0.067s
2026-09-01 02:29:20,598 INFO    section=tx-tail case=22/23 PASS size=6150 dma=6144 tail=6 elapsed=0.067s
2026-09-01 02:29:20,699 INFO    section=tx-tail case=23/23 PASS size=6151 dma=6144 tail=7 elapsed=0.067s
2026-09-01 02:29:20,699 INFO    SECTION name=tx-tail status=PASS passed=23 failed=0 elapsed=0.538s
2026-09-01 02:29:20,699 INFO    SECTION transport=dma name=rx-tail status=BEGIN cases=23
2026-09-01 02:29:20,791 INFO    section=rx-tail case=1/23 PASS size=2 dma=0 tail=2 elapsed=0.017s
2026-09-01 02:29:20,883 INFO    section=rx-tail case=2/23 PASS size=3 dma=0 tail=3 elapsed=0.017s
2026-09-01 02:29:20,975 INFO    section=rx-tail case=3/23 PASS size=4 dma=0 tail=4 elapsed=0.017s
2026-09-01 02:29:21,067 INFO    section=rx-tail case=4/23 PASS size=5 dma=0 tail=5 elapsed=0.017s
2026-09-01 02:29:21,159 INFO    section=rx-tail case=5/23 PASS size=6 dma=0 tail=6 elapsed=0.017s
2026-09-01 02:29:21,251 INFO    section=rx-tail case=6/23 PASS size=7 dma=0 tail=7 elapsed=0.017s
2026-09-01 02:29:21,343 INFO    section=rx-tail case=7/23 PASS size=8 dma=8 tail=0 elapsed=0.017s
2026-09-01 02:29:21,435 INFO    section=rx-tail case=8/23 PASS size=9 dma=8 tail=1 elapsed=0.017s
2026-09-01 02:29:21,527 INFO    section=rx-tail case=9/23 PASS size=10 dma=8 tail=2 elapsed=0.017s
2026-09-01 02:29:21,620 INFO    section=rx-tail case=10/23 PASS size=11 dma=8 tail=3 elapsed=0.018s
2026-09-01 02:29:21,713 INFO    section=rx-tail case=11/23 PASS size=12 dma=8 tail=4 elapsed=0.018s
2026-09-01 02:29:21,806 INFO    section=rx-tail case=12/23 PASS size=13 dma=8 tail=5 elapsed=0.018s
2026-09-01 02:29:21,898 INFO    section=rx-tail case=13/23 PASS size=14 dma=8 tail=6 elapsed=0.017s
2026-09-01 02:29:21,991 INFO    section=rx-tail case=14/23 PASS size=15 dma=8 tail=7 elapsed=0.018s
2026-09-01 02:29:22,084 INFO    section=rx-tail case=15/23 PASS size=16 dma=16 tail=0 elapsed=0.018s
2026-09-01 02:29:22,251 INFO    section=rx-tail case=16/23 PASS size=6144 dma=6144 tail=0 elapsed=0.086s
2026-09-01 02:29:22,419 INFO    section=rx-tail case=17/23 PASS size=6145 dma=6144 tail=1 elapsed=0.086s
2026-09-01 02:29:22,586 INFO    section=rx-tail case=18/23 PASS size=6146 dma=6144 tail=2 elapsed=0.086s
2026-09-01 02:29:22,754 INFO    section=rx-tail case=19/23 PASS size=6147 dma=6144 tail=3 elapsed=0.086s
2026-09-01 02:29:22,922 INFO    section=rx-tail case=20/23 PASS size=6148 dma=6144 tail=4 elapsed=0.086s
2026-09-01 02:29:23,089 INFO    section=rx-tail case=21/23 PASS size=6149 dma=6144 tail=5 elapsed=0.086s
2026-09-01 02:29:23,257 INFO    section=rx-tail case=22/23 PASS size=6150 dma=6144 tail=6 elapsed=0.086s
2026-09-01 02:29:23,425 INFO    section=rx-tail case=23/23 PASS size=6151 dma=6144 tail=7 elapsed=0.086s
2026-09-01 02:29:23,425 INFO    SECTION name=rx-tail status=PASS passed=23 failed=0 elapsed=0.946s
2026-09-01 02:29:23,425 INFO    SUITE transport=dma status=PASS passed=58 failed=0 full_profile=SKIPPED
2026-09-01 02:29:23,425 INFO    BAUD_RATE status=PASS rate=3/3 index=14 baud=921600 passed=174 failed=0 elapsed=9.000s
2026-09-01 02:29:23,461 INFO    BAUD_SWITCH status=PASS old_index=14 old=921600 new_index=11 new=115200
2026-09-01 02:29:23,461 INFO    BAUD_MATRIX status=PASS rates_passed=3 rates_unsupported=0 rates_failed=0 hardware_cases_passed=522
2026-09-01 02:29:23,463 INFO    SUMMARY status=PASS passed=522 failed=0 elapsed=568.955s wall_elapsed=719.937s
