2026-08-31 12:40:17,486 INFO    DMA mode=baud-matrix profile=smoke port=/dev/ttyUSB0 baud=115200 payload=256 cycles=1
2026-08-31 12:40:17,507 INFO    BAUD_MATRIX status=BEGIN rates=5 cases_per_rate=58 order=4800,2400,1200,600,300
2026-08-31 12:40:17,512 INFO    BAUD_RATE status=BEGIN rate=1/5 index=4 baud=4800 timeout=43.5s
2026-08-31 12:40:17,657 INFO    BAUD_SWITCH status=PASS old_index=11 old=115200 new_index=4 new=4800
2026-08-31 12:40:17,657 INFO    SUITE status=BEGIN cases=58 full_profile=SKIPPED
2026-08-31 12:40:17,657 INFO    SECTION name=smoke status=BEGIN cases=1 payload=256
2026-08-31 12:40:20,356 INFO    section=smoke cycle=1/1 PASS frame_payload=256 elapsed=1.177s roundtrip=0.4 KiB/s
2026-08-31 12:40:20,356 INFO    SECTION name=smoke status=PASS passed=1 failed=0 elapsed=1.177s
2026-08-31 12:40:20,356 INFO    SECTION name=large-6144 status=BEGIN cases=1 payload=6144
2026-08-31 12:40:47,816 INFO    section=large-6144 cycle=1/1 PASS frame_payload=6144 elapsed=25.778s roundtrip=0.5 KiB/s
2026-08-31 12:40:47,817 INFO    SECTION name=large-6144 status=PASS passed=1 failed=0 elapsed=25.778s
2026-08-31 12:40:47,817 INFO    SECTION name=stress status=BEGIN cases=10 payload=6144
2026-08-31 12:41:15,273 INFO    section=stress cycle=1/10 PASS frame_payload=6144 elapsed=25.759s roundtrip=0.5 KiB/s
2026-08-31 12:41:42,731 INFO    section=stress cycle=2/10 PASS frame_payload=6144 elapsed=25.775s roundtrip=0.5 KiB/s
2026-08-31 12:42:10,187 INFO    section=stress cycle=3/10 PASS frame_payload=6144 elapsed=25.775s roundtrip=0.5 KiB/s
2026-08-31 12:42:37,580 INFO    section=stress cycle=4/10 PASS frame_payload=6144 elapsed=25.774s roundtrip=0.5 KiB/s
2026-08-31 12:43:05,036 INFO    section=stress cycle=5/10 PASS frame_payload=6144 elapsed=25.758s roundtrip=0.5 KiB/s
2026-08-31 12:43:32,493 INFO    section=stress cycle=6/10 PASS frame_payload=6144 elapsed=25.759s roundtrip=0.5 KiB/s
2026-08-31 12:43:59,804 INFO    section=stress cycle=7/10 PASS frame_payload=6144 elapsed=25.773s roundtrip=0.5 KiB/s
2026-08-31 12:44:27,257 INFO    section=stress cycle=8/10 PASS frame_payload=6144 elapsed=25.772s roundtrip=0.5 KiB/s
2026-08-31 12:44:54,807 INFO    section=stress cycle=9/10 PASS frame_payload=6144 elapsed=25.772s roundtrip=0.5 KiB/s
2026-08-31 12:45:22,361 INFO    section=stress cycle=10/10 PASS frame_payload=6144 elapsed=25.760s roundtrip=0.5 KiB/s
2026-08-31 12:45:22,361 INFO    SECTION name=stress status=PASS passed=10 failed=0 elapsed=257.676s
2026-08-31 12:45:22,361 INFO    SECTION name=tx-tail status=BEGIN cases=23
2026-08-31 12:45:23,737 INFO    section=tx-tail case=1/23 PASS size=2 dma=0 tail=2 elapsed=0.016s
2026-08-31 12:45:25,033 INFO    section=tx-tail case=2/23 PASS size=3 dma=0 tail=3 elapsed=0.000s
2026-08-31 12:45:26,409 INFO    section=tx-tail case=3/23 PASS size=4 dma=0 tail=4 elapsed=0.000s
2026-08-31 12:45:27,785 INFO    section=tx-tail case=4/23 PASS size=5 dma=0 tail=5 elapsed=0.000s
2026-08-31 12:45:29,177 INFO    section=tx-tail case=5/23 PASS size=6 dma=0 tail=6 elapsed=0.016s
2026-08-31 12:45:30,553 INFO    section=tx-tail case=6/23 PASS size=7 dma=0 tail=7 elapsed=0.016s
2026-08-31 12:45:31,865 INFO    section=tx-tail case=7/23 PASS size=8 dma=8 tail=0 elapsed=0.016s
2026-08-31 12:45:33,257 INFO    section=tx-tail case=8/23 PASS size=9 dma=8 tail=1 elapsed=0.016s
2026-08-31 12:45:34,729 INFO    section=tx-tail case=9/23 PASS size=10 dma=8 tail=2 elapsed=0.032s
2026-08-31 12:45:36,121 INFO    section=tx-tail case=10/23 PASS size=11 dma=8 tail=3 elapsed=0.032s
2026-08-31 12:45:37,593 INFO    section=tx-tail case=11/23 PASS size=12 dma=8 tail=4 elapsed=0.032s
2026-08-31 12:45:39,065 INFO    section=tx-tail case=12/23 PASS size=13 dma=8 tail=5 elapsed=0.032s
2026-08-31 12:45:40,553 INFO    section=tx-tail case=13/23 PASS size=14 dma=8 tail=6 elapsed=0.032s
2026-08-31 12:45:42,025 INFO    section=tx-tail case=14/23 PASS size=15 dma=8 tail=7 elapsed=0.032s
2026-08-31 12:45:43,433 INFO    section=tx-tail case=15/23 PASS size=16 dma=16 tail=0 elapsed=0.032s
2026-08-31 12:45:57,945 INFO    section=tx-tail case=16/23 PASS size=6144 dma=6144 tail=0 elapsed=12.880s
2026-08-31 12:46:12,457 INFO    section=tx-tail case=17/23 PASS size=6145 dma=6144 tail=1 elapsed=12.880s
2026-08-31 12:46:26,968 INFO    section=tx-tail case=18/23 PASS size=6146 dma=6144 tail=2 elapsed=12.880s
2026-08-31 12:46:41,480 INFO    section=tx-tail case=19/23 PASS size=6147 dma=6144 tail=3 elapsed=12.880s
2026-08-31 12:46:55,912 INFO    section=tx-tail case=20/23 PASS size=6148 dma=6144 tail=4 elapsed=12.880s
2026-08-31 12:47:10,424 INFO    section=tx-tail case=21/23 PASS size=6149 dma=6144 tail=5 elapsed=12.880s
2026-08-31 12:47:24,952 INFO    section=tx-tail case=22/23 PASS size=6150 dma=6144 tail=6 elapsed=12.896s
2026-08-31 12:47:39,400 INFO    section=tx-tail case=23/23 PASS size=6151 dma=6144 tail=7 elapsed=12.896s
2026-08-31 12:47:39,400 INFO    SECTION name=tx-tail status=PASS passed=23 failed=0 elapsed=103.375s
2026-08-31 12:47:39,400 INFO    SECTION name=rx-tail status=BEGIN cases=23
2026-08-31 12:47:40,881 INFO    section=rx-tail case=1/23 PASS size=2 dma=0 tail=2 elapsed=0.199s
2026-08-31 12:47:42,364 INFO    section=rx-tail case=2/23 PASS size=3 dma=0 tail=3 elapsed=0.201s
2026-08-31 12:47:43,849 INFO    section=rx-tail case=3/23 PASS size=4 dma=0 tail=4 elapsed=0.203s
2026-08-31 12:47:45,336 INFO    section=rx-tail case=4/23 PASS size=5 dma=0 tail=5 elapsed=0.205s
2026-08-31 12:47:46,761 INFO    section=rx-tail case=5/23 PASS size=6 dma=0 tail=6 elapsed=0.207s
2026-08-31 12:47:48,252 INFO    section=rx-tail case=6/23 PASS size=7 dma=0 tail=7 elapsed=0.209s
2026-08-31 12:47:49,745 INFO    section=rx-tail case=7/23 PASS size=8 dma=8 tail=0 elapsed=0.211s
2026-08-31 12:47:51,176 INFO    section=rx-tail case=8/23 PASS size=9 dma=8 tail=1 elapsed=0.213s
2026-08-31 12:47:52,753 INFO    section=rx-tail case=9/23 PASS size=10 dma=8 tail=2 elapsed=0.215s
2026-08-31 12:47:54,332 INFO    section=rx-tail case=10/23 PASS size=11 dma=8 tail=3 elapsed=0.217s
2026-08-31 12:47:55,913 INFO    section=rx-tail case=11/23 PASS size=12 dma=8 tail=4 elapsed=0.219s
2026-08-31 12:47:57,497 INFO    section=rx-tail case=12/23 PASS size=13 dma=8 tail=5 elapsed=0.222s
2026-08-31 12:47:59,019 INFO    section=rx-tail case=13/23 PASS size=14 dma=8 tail=6 elapsed=0.224s
2026-08-31 12:48:00,607 INFO    section=rx-tail case=14/23 PASS size=15 dma=8 tail=7 elapsed=0.226s
2026-08-31 12:48:02,197 INFO    section=rx-tail case=15/23 PASS size=16 dma=16 tail=0 elapsed=0.228s
2026-08-31 12:48:16,737 INFO    section=rx-tail case=16/23 PASS size=6144 dma=6144 tail=0 elapsed=13.002s
2026-08-31 12:48:31,279 INFO    section=rx-tail case=17/23 PASS size=6145 dma=6144 tail=1 elapsed=13.004s
2026-08-31 12:48:45,742 INFO    section=rx-tail case=18/23 PASS size=6146 dma=6144 tail=2 elapsed=13.005s
2026-08-31 12:49:00,287 INFO    section=rx-tail case=19/23 PASS size=6147 dma=6144 tail=3 elapsed=13.007s
2026-08-31 12:49:14,834 INFO    section=rx-tail case=20/23 PASS size=6148 dma=6144 tail=4 elapsed=13.009s
2026-08-31 12:49:29,302 INFO    section=rx-tail case=21/23 PASS size=6149 dma=6144 tail=5 elapsed=13.010s
2026-08-31 12:49:43,853 INFO    section=rx-tail case=22/23 PASS size=6150 dma=6144 tail=6 elapsed=13.013s
2026-08-31 12:49:58,406 INFO    section=rx-tail case=23/23 PASS size=6151 dma=6144 tail=7 elapsed=13.015s
2026-08-31 12:49:58,406 INFO    SECTION name=rx-tail status=PASS passed=23 failed=0 elapsed=107.262s
2026-08-31 12:49:58,406 INFO    SUITE status=PASS passed=58 failed=0 full_profile=SKIPPED
2026-08-31 12:49:58,406 INFO    BAUD_RATE status=PASS rate=1/5 index=4 baud=4800 passed=58 failed=0 elapsed=495.267s
2026-08-31 12:49:59,014 INFO    BAUD_SWITCH status=PASS old_index=4 old=4800 new_index=11 new=115200
2026-08-31 12:49:59,019 INFO    BAUD_RATE status=BEGIN rate=2/5 index=3 baud=2400 timeout=82.1s
2026-08-31 12:49:59,252 INFO    BAUD_SWITCH status=PASS old_index=11 old=115200 new_index=3 new=2400
2026-08-31 12:49:59,252 INFO    SUITE status=BEGIN cases=58 full_profile=SKIPPED
2026-08-31 12:49:59,252 INFO    SECTION name=smoke status=BEGIN cases=1 payload=256
2026-08-31 12:50:04,600 INFO    section=smoke cycle=1/1 PASS frame_payload=256 elapsed=2.354s roundtrip=0.2 KiB/s
2026-08-31 12:50:04,600 INFO    SECTION name=smoke status=PASS passed=1 failed=0 elapsed=2.354s
2026-08-31 12:50:04,600 INFO    SECTION name=large-6144 status=BEGIN cases=1 payload=6144
2026-08-31 12:50:59,482 INFO    section=large-6144 cycle=1/1 PASS frame_payload=6144 elapsed=51.552s roundtrip=0.2 KiB/s
2026-08-31 12:50:59,482 INFO    SECTION name=large-6144 status=PASS passed=1 failed=0 elapsed=51.552s
2026-08-31 12:50:59,482 INFO    SECTION name=stress status=BEGIN cases=10 payload=6144
2026-08-31 12:51:54,345 INFO    section=stress cycle=1/10 PASS frame_payload=6144 elapsed=51.533s roundtrip=0.2 KiB/s
2026-08-31 12:52:49,207 INFO    section=stress cycle=2/10 PASS frame_payload=6144 elapsed=51.532s roundtrip=0.2 KiB/s
2026-08-31 12:53:44,066 INFO    section=stress cycle=3/10 PASS frame_payload=6144 elapsed=51.529s roundtrip=0.2 KiB/s
2026-08-31 12:54:38,761 INFO    section=stress cycle=4/10 PASS frame_payload=6144 elapsed=51.525s roundtrip=0.2 KiB/s
2026-08-31 12:55:33,615 INFO    section=stress cycle=5/10 PASS frame_payload=6144 elapsed=51.540s roundtrip=0.2 KiB/s
2026-08-31 12:56:28,470 INFO    section=stress cycle=6/10 PASS frame_payload=6144 elapsed=51.541s roundtrip=0.2 KiB/s
2026-08-31 12:57:23,019 INFO    section=stress cycle=7/10 PASS frame_payload=6144 elapsed=51.523s roundtrip=0.2 KiB/s
2026-08-31 12:58:17,873 INFO    section=stress cycle=8/10 PASS frame_payload=6144 elapsed=51.524s roundtrip=0.2 KiB/s
2026-08-31 12:59:12,899 INFO    section=stress cycle=9/10 PASS frame_payload=6144 elapsed=51.520s roundtrip=0.2 KiB/s
2026-08-31 13:00:07,925 INFO    section=stress cycle=10/10 PASS frame_payload=6144 elapsed=51.536s roundtrip=0.2 KiB/s
2026-08-31 13:00:07,925 INFO    SECTION name=stress status=PASS passed=10 failed=0 elapsed=515.304s
2026-08-31 13:00:07,925 INFO    SECTION name=tx-tail status=BEGIN cases=23
2026-08-31 13:00:10,677 INFO    section=tx-tail case=1/23 PASS size=2 dma=0 tail=2 elapsed=0.016s
2026-08-31 13:00:13,269 INFO    section=tx-tail case=2/23 PASS size=3 dma=0 tail=3 elapsed=0.000s
2026-08-31 13:00:16,021 INFO    section=tx-tail case=3/23 PASS size=4 dma=0 tail=4 elapsed=0.016s
2026-08-31 13:00:18,789 INFO    section=tx-tail case=4/23 PASS size=5 dma=0 tail=5 elapsed=0.032s
2026-08-31 13:00:21,541 INFO    section=tx-tail case=5/23 PASS size=6 dma=0 tail=6 elapsed=0.016s
2026-08-31 13:00:24,309 INFO    section=tx-tail case=6/23 PASS size=7 dma=0 tail=7 elapsed=0.032s
2026-08-31 13:00:26,933 INFO    section=tx-tail case=7/23 PASS size=8 dma=8 tail=0 elapsed=0.032s
2026-08-31 13:00:29,701 INFO    section=tx-tail case=8/23 PASS size=9 dma=8 tail=1 elapsed=0.032s
2026-08-31 13:00:32,645 INFO    section=tx-tail case=9/23 PASS size=10 dma=8 tail=2 elapsed=0.032s
2026-08-31 13:00:35,444 INFO    section=tx-tail case=10/23 PASS size=11 dma=8 tail=3 elapsed=0.048s
2026-08-31 13:00:38,388 INFO    section=tx-tail case=11/23 PASS size=12 dma=8 tail=4 elapsed=0.048s
2026-08-31 13:00:41,332 INFO    section=tx-tail case=12/23 PASS size=13 dma=8 tail=5 elapsed=0.064s
2026-08-31 13:00:44,292 INFO    section=tx-tail case=13/23 PASS size=14 dma=8 tail=6 elapsed=0.048s
2026-08-31 13:00:47,252 INFO    section=tx-tail case=14/23 PASS size=15 dma=8 tail=7 elapsed=0.064s
2026-08-31 13:00:50,068 INFO    section=tx-tail case=15/23 PASS size=16 dma=16 tail=0 elapsed=0.080s
2026-08-31 13:01:19,076 INFO    section=tx-tail case=16/23 PASS size=6144 dma=6144 tail=0 elapsed=25.760s
2026-08-31 13:01:48,084 INFO    section=tx-tail case=17/23 PASS size=6145 dma=6144 tail=1 elapsed=25.760s
2026-08-31 13:02:17,091 INFO    section=tx-tail case=18/23 PASS size=6146 dma=6144 tail=2 elapsed=25.760s
2026-08-31 13:02:46,099 INFO    section=tx-tail case=19/23 PASS size=6147 dma=6144 tail=3 elapsed=25.775s
2026-08-31 13:03:14,962 INFO    section=tx-tail case=20/23 PASS size=6148 dma=6144 tail=4 elapsed=25.776s
2026-08-31 13:03:44,002 INFO    section=tx-tail case=21/23 PASS size=6149 dma=6144 tail=5 elapsed=25.776s
2026-08-31 13:04:13,026 INFO    section=tx-tail case=22/23 PASS size=6150 dma=6144 tail=6 elapsed=25.776s
2026-08-31 13:04:41,905 INFO    section=tx-tail case=23/23 PASS size=6151 dma=6144 tail=7 elapsed=25.792s
2026-08-31 13:04:41,905 INFO    SECTION name=tx-tail status=PASS passed=23 failed=0 elapsed=206.734s
2026-08-31 13:04:41,905 INFO    SECTION name=rx-tail status=BEGIN cases=23
2026-08-31 13:04:44,816 INFO    section=rx-tail case=1/23 PASS size=2 dma=0 tail=2 elapsed=0.381s
2026-08-31 13:04:47,731 INFO    section=rx-tail case=2/23 PASS size=3 dma=0 tail=3 elapsed=0.385s
2026-08-31 13:04:50,650 INFO    section=rx-tail case=3/23 PASS size=4 dma=0 tail=4 elapsed=0.389s
2026-08-31 13:04:53,574 INFO    section=rx-tail case=4/23 PASS size=5 dma=0 tail=5 elapsed=0.394s
2026-08-31 13:04:56,358 INFO    section=rx-tail case=5/23 PASS size=6 dma=0 tail=6 elapsed=0.398s
2026-08-31 13:04:59,290 INFO    section=rx-tail case=6/23 PASS size=7 dma=0 tail=7 elapsed=0.402s
2026-08-31 13:05:02,226 INFO    section=rx-tail case=7/23 PASS size=8 dma=8 tail=0 elapsed=0.406s
2026-08-31 13:05:05,022 INFO    section=rx-tail case=8/23 PASS size=9 dma=8 tail=1 elapsed=0.410s
2026-08-31 13:05:08,110 INFO    section=rx-tail case=9/23 PASS size=10 dma=8 tail=2 elapsed=0.414s
2026-08-31 13:05:11,234 INFO    section=rx-tail case=10/23 PASS size=11 dma=8 tail=3 elapsed=0.434s
2026-08-31 13:05:14,331 INFO    section=rx-tail case=11/23 PASS size=12 dma=8 tail=4 elapsed=0.423s
2026-08-31 13:05:17,448 INFO    section=rx-tail case=12/23 PASS size=13 dma=8 tail=5 elapsed=0.427s
2026-08-31 13:05:20,425 INFO    section=rx-tail case=13/23 PASS size=14 dma=8 tail=6 elapsed=0.431s
2026-08-31 13:05:23,550 INFO    section=rx-tail case=14/23 PASS size=15 dma=8 tail=7 elapsed=0.435s
2026-08-31 13:05:26,695 INFO    section=rx-tail case=15/23 PASS size=16 dma=16 tail=0 elapsed=0.455s
2026-08-31 13:05:55,672 INFO    section=rx-tail case=16/23 PASS size=6144 dma=6144 tail=0 elapsed=25.967s
2026-08-31 13:06:24,652 INFO    section=rx-tail case=17/23 PASS size=6145 dma=6144 tail=1 elapsed=25.971s
2026-08-31 13:06:53,493 INFO    section=rx-tail case=18/23 PASS size=6146 dma=6144 tail=2 elapsed=25.975s
2026-08-31 13:07:22,483 INFO    section=rx-tail case=19/23 PASS size=6147 dma=6144 tail=3 elapsed=25.980s
2026-08-31 13:07:51,476 INFO    section=rx-tail case=20/23 PASS size=6148 dma=6144 tail=4 elapsed=25.983s
2026-08-31 13:08:20,328 INFO    section=rx-tail case=21/23 PASS size=6149 dma=6144 tail=5 elapsed=25.987s
2026-08-31 13:08:49,326 INFO    section=rx-tail case=22/23 PASS size=6150 dma=6144 tail=6 elapsed=25.988s
2026-08-31 13:09:18,325 INFO    section=rx-tail case=23/23 PASS size=6151 dma=6144 tail=7 elapsed=25.989s
2026-08-31 13:09:18,325 INFO    SECTION name=rx-tail status=PASS passed=23 failed=0 elapsed=214.021s
2026-08-31 13:09:18,325 INFO    SUITE status=PASS passed=58 failed=0 full_profile=SKIPPED
2026-08-31 13:09:18,325 INFO    BAUD_RATE status=PASS rate=2/5 index=3 baud=2400 passed=58 failed=0 elapsed=989.964s
2026-08-31 13:09:19,525 INFO    BAUD_SWITCH status=PASS old_index=3 old=2400 new_index=11 new=115200
2026-08-31 13:09:19,530 INFO    BAUD_RATE status=BEGIN rate=3/5 index=2 baud=1200 timeout=159.2s
2026-08-31 13:09:19,960 INFO    BAUD_SWITCH status=PASS old_index=11 old=115200 new_index=2 new=1200
2026-08-31 13:09:19,960 INFO    SUITE status=BEGIN cases=58 full_profile=SKIPPED
2026-08-31 13:09:19,960 INFO    SECTION name=smoke status=BEGIN cases=1 payload=256
2026-08-31 13:09:30,589 INFO    section=smoke cycle=1/1 PASS frame_payload=256 elapsed=4.691s roundtrip=0.1 KiB/s
2026-08-31 13:09:30,589 INFO    SECTION name=smoke status=PASS passed=1 failed=0 elapsed=4.691s
2026-08-31 13:09:30,589 INFO    SECTION name=large-6144 status=BEGIN cases=1 payload=6144
2026-08-31 13:11:20,230 INFO    section=large-6144 cycle=1/1 PASS frame_payload=6144 elapsed=103.047s roundtrip=0.1 KiB/s
2026-08-31 13:11:20,230 INFO    SECTION name=large-6144 status=PASS passed=1 failed=0 elapsed=103.047s
2026-08-31 13:11:20,230 INFO    SECTION name=stress status=BEGIN cases=10 payload=6144
2026-08-31 13:13:09,870 INFO    section=stress cycle=1/10 PASS frame_payload=6144 elapsed=103.031s roundtrip=0.1 KiB/s
2026-08-31 13:14:59,507 INFO    section=stress cycle=2/10 PASS frame_payload=6144 elapsed=103.027s roundtrip=0.1 KiB/s
2026-08-31 13:16:49,133 INFO    section=stress cycle=3/10 PASS frame_payload=6144 elapsed=103.016s roundtrip=0.1 KiB/s
2026-08-31 13:18:38,435 INFO    section=stress cycle=4/10 PASS frame_payload=6144 elapsed=103.013s roundtrip=0.1 KiB/s
2026-08-31 13:20:28,084 INFO    section=stress cycle=5/10 PASS frame_payload=6144 elapsed=103.039s roundtrip=0.1 KiB/s
2026-08-31 13:22:17,711 INFO    section=stress cycle=6/10 PASS frame_payload=6144 elapsed=103.017s roundtrip=0.1 KiB/s
2026-08-31 13:24:06,730 INFO    section=stress cycle=7/10 PASS frame_payload=6144 elapsed=103.033s roundtrip=0.1 KiB/s
2026-08-31 13:25:56,354 INFO    section=stress cycle=8/10 PASS frame_payload=6144 elapsed=103.013s roundtrip=0.1 KiB/s
2026-08-31 13:27:46,389 INFO    section=stress cycle=9/10 PASS frame_payload=6144 elapsed=103.073s roundtrip=0.1 KiB/s
2026-08-31 13:29:36,403 INFO    section=stress cycle=10/10 PASS frame_payload=6144 elapsed=103.068s roundtrip=0.1 KiB/s
2026-08-31 13:29:36,403 INFO    SECTION name=stress status=PASS passed=10 failed=0 elapsed=1030.330s
2026-08-31 13:29:36,403 INFO    SECTION name=tx-tail status=BEGIN cases=23
2026-08-31 13:29:41,890 INFO    section=tx-tail case=1/23 PASS size=2 dma=0 tail=2 elapsed=0.032s
2026-08-31 13:29:47,090 INFO    section=tx-tail case=2/23 PASS size=3 dma=0 tail=3 elapsed=0.032s
2026-08-31 13:29:52,594 INFO    section=tx-tail case=3/23 PASS size=4 dma=0 tail=4 elapsed=0.032s
2026-08-31 13:29:58,114 INFO    section=tx-tail case=4/23 PASS size=5 dma=0 tail=5 elapsed=0.048s
2026-08-31 13:30:03,634 INFO    section=tx-tail case=5/23 PASS size=6 dma=0 tail=6 elapsed=0.064s
2026-08-31 13:30:09,154 INFO    section=tx-tail case=6/23 PASS size=7 dma=0 tail=7 elapsed=0.048s
2026-08-31 13:30:14,402 INFO    section=tx-tail case=7/23 PASS size=8 dma=8 tail=0 elapsed=0.064s
2026-08-31 13:30:19,954 INFO    section=tx-tail case=8/23 PASS size=9 dma=8 tail=1 elapsed=0.080s
2026-08-31 13:30:25,826 INFO    section=tx-tail case=9/23 PASS size=10 dma=8 tail=2 elapsed=0.080s
2026-08-31 13:30:31,426 INFO    section=tx-tail case=10/23 PASS size=11 dma=8 tail=3 elapsed=0.080s
2026-08-31 13:30:37,314 INFO    section=tx-tail case=11/23 PASS size=12 dma=8 tail=4 elapsed=0.112s
2026-08-31 13:30:43,218 INFO    section=tx-tail case=12/23 PASS size=13 dma=8 tail=5 elapsed=0.112s
2026-08-31 13:30:49,121 INFO    section=tx-tail case=13/23 PASS size=14 dma=8 tail=6 elapsed=0.112s
2026-08-31 13:30:55,041 INFO    section=tx-tail case=14/23 PASS size=15 dma=8 tail=7 elapsed=0.128s
2026-08-31 13:31:00,674 INFO    section=tx-tail case=15/23 PASS size=16 dma=16 tail=0 elapsed=0.128s
2026-08-31 13:31:58,689 INFO    section=tx-tail case=16/23 PASS size=6144 dma=6144 tail=0 elapsed=51.519s
2026-08-31 13:32:56,688 INFO    section=tx-tail case=17/23 PASS size=6145 dma=6144 tail=1 elapsed=51.519s
2026-08-31 13:33:54,719 INFO    section=tx-tail case=18/23 PASS size=6146 dma=6144 tail=2 elapsed=51.535s
2026-08-31 13:34:52,750 INFO    section=tx-tail case=19/23 PASS size=6147 dma=6144 tail=3 elapsed=51.535s
2026-08-31 13:35:50,462 INFO    section=tx-tail case=20/23 PASS size=6148 dma=6144 tail=4 elapsed=51.551s
2026-08-31 13:36:48,509 INFO    section=tx-tail case=21/23 PASS size=6149 dma=6144 tail=5 elapsed=51.551s
2026-08-31 13:37:46,572 INFO    section=tx-tail case=22/23 PASS size=6150 dma=6144 tail=6 elapsed=51.584s
2026-08-31 13:38:44,316 INFO    section=tx-tail case=23/23 PASS size=6151 dma=6144 tail=7 elapsed=51.583s
2026-08-31 13:38:44,316 INFO    SECTION name=tx-tail status=PASS passed=23 failed=0 elapsed=413.530s
2026-08-31 13:38:44,316 INFO    SECTION name=rx-tail status=BEGIN cases=23
2026-08-31 13:38:50,072 INFO    section=rx-tail case=1/23 PASS size=2 dma=0 tail=2 elapsed=0.746s
2026-08-31 13:38:55,836 INFO    section=rx-tail case=2/23 PASS size=3 dma=0 tail=3 elapsed=0.754s
2026-08-31 13:39:01,607 INFO    section=rx-tail case=3/23 PASS size=4 dma=0 tail=4 elapsed=0.762s
2026-08-31 13:39:07,388 INFO    section=rx-tail case=4/23 PASS size=5 dma=0 tail=5 elapsed=0.771s
2026-08-31 13:39:12,889 INFO    section=rx-tail case=5/23 PASS size=6 dma=0 tail=6 elapsed=0.779s
2026-08-31 13:39:18,686 INFO    section=rx-tail case=6/23 PASS size=7 dma=0 tail=7 elapsed=0.787s
2026-08-31 13:39:24,492 INFO    section=rx-tail case=7/23 PASS size=8 dma=8 tail=0 elapsed=0.796s
2026-08-31 13:39:30,018 INFO    section=rx-tail case=8/23 PASS size=9 dma=8 tail=1 elapsed=0.804s
2026-08-31 13:39:36,160 INFO    section=rx-tail case=9/23 PASS size=10 dma=8 tail=2 elapsed=0.828s
2026-08-31 13:39:42,311 INFO    section=rx-tail case=10/23 PASS size=11 dma=8 tail=3 elapsed=0.837s
2026-08-31 13:39:48,470 INFO    section=rx-tail case=11/23 PASS size=12 dma=8 tail=4 elapsed=0.845s
2026-08-31 13:39:54,637 INFO    section=rx-tail case=12/23 PASS size=13 dma=8 tail=5 elapsed=0.853s
2026-08-31 13:40:00,525 INFO    section=rx-tail case=13/23 PASS size=14 dma=8 tail=6 elapsed=0.862s
2026-08-31 13:40:06,709 INFO    section=rx-tail case=14/23 PASS size=15 dma=8 tail=7 elapsed=0.870s
2026-08-31 13:40:12,933 INFO    section=rx-tail case=15/23 PASS size=16 dma=16 tail=0 elapsed=0.894s
2026-08-31 13:41:10,857 INFO    section=rx-tail case=16/23 PASS size=6144 dma=6144 tail=0 elapsed=51.954s
2026-08-31 13:42:08,784 INFO    section=rx-tail case=17/23 PASS size=6145 dma=6144 tail=1 elapsed=51.957s
2026-08-31 13:43:06,411 INFO    section=rx-tail case=18/23 PASS size=6146 dma=6144 tail=2 elapsed=51.961s
2026-08-31 13:44:04,348 INFO    section=rx-tail case=19/23 PASS size=6147 dma=6144 tail=3 elapsed=51.967s
2026-08-31 13:45:02,302 INFO    section=rx-tail case=20/23 PASS size=6148 dma=6144 tail=4 elapsed=51.984s
2026-08-31 13:45:59,962 INFO    section=rx-tail case=21/23 PASS size=6149 dma=6144 tail=5 elapsed=51.994s
2026-08-31 13:46:57,936 INFO    section=rx-tail case=22/23 PASS size=6150 dma=6144 tail=6 elapsed=52.004s
2026-08-31 13:47:55,920 INFO    section=rx-tail case=23/23 PASS size=6151 dma=6144 tail=7 elapsed=52.014s
2026-08-31 13:47:55,920 INFO    SECTION name=rx-tail status=PASS passed=23 failed=0 elapsed=428.022s
2026-08-31 13:47:55,920 INFO    SUITE status=PASS passed=58 failed=0 full_profile=SKIPPED
2026-08-31 13:47:55,920 INFO    BAUD_RATE status=PASS rate=3/5 index=2 baud=1200 passed=58 failed=0 elapsed=1979.620s
2026-08-31 13:47:58,288 INFO    BAUD_SWITCH status=PASS old_index=2 old=1200 new_index=11 new=115200
2026-08-31 13:47:58,293 INFO    BAUD_RATE status=BEGIN rate=4/5 index=1 baud=600 timeout=313.4s
2026-08-31 13:47:59,079 INFO    BAUD_SWITCH status=PASS old_index=11 old=115200 new_index=1 new=600
2026-08-31 13:47:59,080 INFO    SUITE status=BEGIN cases=58 full_profile=SKIPPED
2026-08-31 13:47:59,080 INFO    SECTION name=smoke status=BEGIN cases=1 payload=256
2026-08-31 13:48:20,293 INFO    section=smoke cycle=1/1 PASS frame_payload=256 elapsed=9.361s roundtrip=0.1 KiB/s
2026-08-31 13:48:20,293 INFO    SECTION name=smoke status=PASS passed=1 failed=0 elapsed=9.361s
2026-08-31 13:48:20,293 INFO    SECTION name=large-6144 status=BEGIN cases=1 payload=6144
2026-08-31 13:51:59,583 INFO    section=large-6144 cycle=1/1 PASS frame_payload=6144 elapsed=206.137s roundtrip=0.1 KiB/s
2026-08-31 13:51:59,583 INFO    SECTION name=large-6144 status=PASS passed=1 failed=0 elapsed=206.137s
2026-08-31 13:51:59,583 INFO    SECTION name=stress status=BEGIN cases=10 payload=6144
2026-08-31 13:55:38,857 INFO    section=stress cycle=1/10 PASS frame_payload=6144 elapsed=206.121s roundtrip=0.1 KiB/s
2026-08-31 13:59:18,125 INFO    section=stress cycle=2/10 PASS frame_payload=6144 elapsed=206.114s roundtrip=0.1 KiB/s
2026-08-31 14:02:57,402 INFO    section=stress cycle=3/10 PASS frame_payload=6144 elapsed=206.124s roundtrip=0.1 KiB/s
2026-08-31 14:06:36,058 INFO    section=stress cycle=4/10 PASS frame_payload=6144 elapsed=206.126s roundtrip=0.1 KiB/s
2026-08-31 14:10:15,335 INFO    section=stress cycle=5/10 PASS frame_payload=6144 elapsed=206.123s roundtrip=0.1 KiB/s
2026-08-31 14:13:54,641 INFO    section=stress cycle=6/10 PASS frame_payload=6144 elapsed=206.152s roundtrip=0.1 KiB/s
2026-08-31 14:17:32,681 INFO    section=stress cycle=7/10 PASS frame_payload=6144 elapsed=206.119s roundtrip=0.1 KiB/s
2026-08-31 14:21:11,965 INFO    section=stress cycle=8/10 PASS frame_payload=6144 elapsed=206.130s roundtrip=0.1 KiB/s
2026-08-31 14:24:51,933 INFO    section=stress cycle=9/10 PASS frame_payload=6144 elapsed=206.139s roundtrip=0.1 KiB/s
2026-08-31 14:28:31,905 INFO    section=stress cycle=10/10 PASS frame_payload=6144 elapsed=206.144s roundtrip=0.1 KiB/s
2026-08-31 14:28:31,905 INFO    SECTION name=stress status=PASS passed=10 failed=0 elapsed=2061.292s
2026-08-31 14:28:31,905 INFO    SECTION name=tx-tail status=BEGIN cases=23
2026-08-31 14:28:42,878 INFO    section=tx-tail case=1/23 PASS size=2 dma=0 tail=2 elapsed=0.034s
2026-08-31 14:28:53,295 INFO    section=tx-tail case=2/23 PASS size=3 dma=0 tail=3 elapsed=0.051s
2026-08-31 14:29:04,303 INFO    section=tx-tail case=3/23 PASS size=4 dma=0 tail=4 elapsed=0.068s
2026-08-31 14:29:15,328 INFO    section=tx-tail case=4/23 PASS size=5 dma=0 tail=5 elapsed=0.085s
2026-08-31 14:29:26,370 INFO    section=tx-tail case=5/23 PASS size=6 dma=0 tail=6 elapsed=0.102s
2026-08-31 14:29:37,429 INFO    section=tx-tail case=6/23 PASS size=7 dma=0 tail=7 elapsed=0.120s
2026-08-31 14:29:47,929 INFO    section=tx-tail case=7/23 PASS size=8 dma=8 tail=0 elapsed=0.134s
2026-08-31 14:29:59,020 INFO    section=tx-tail case=8/23 PASS size=9 dma=8 tail=1 elapsed=0.152s
2026-08-31 14:30:10,770 INFO    section=tx-tail case=9/23 PASS size=10 dma=8 tail=2 elapsed=0.169s
2026-08-31 14:30:21,946 INFO    section=tx-tail case=10/23 PASS size=11 dma=8 tail=3 elapsed=0.186s
2026-08-31 14:30:33,730 INFO    section=tx-tail case=11/23 PASS size=12 dma=8 tail=4 elapsed=0.203s
2026-08-31 14:30:45,532 INFO    section=tx-tail case=12/23 PASS size=13 dma=8 tail=5 elapsed=0.220s
2026-08-31 14:30:57,350 INFO    section=tx-tail case=13/23 PASS size=14 dma=8 tail=6 elapsed=0.237s
2026-08-31 14:31:09,185 INFO    section=tx-tail case=14/23 PASS size=15 dma=8 tail=7 elapsed=0.254s
2026-08-31 14:31:20,462 INFO    section=tx-tail case=15/23 PASS size=16 dma=16 tail=0 elapsed=0.269s
2026-08-31 14:33:16,465 INFO    section=tx-tail case=16/23 PASS size=6144 dma=6144 tail=0 elapsed=103.035s
2026-08-31 14:35:12,485 INFO    section=tx-tail case=17/23 PASS size=6145 dma=6144 tail=1 elapsed=103.052s
2026-08-31 14:37:08,523 INFO    section=tx-tail case=18/23 PASS size=6146 dma=6144 tail=2 elapsed=103.069s
2026-08-31 14:39:04,577 INFO    section=tx-tail case=19/23 PASS size=6147 dma=6144 tail=3 elapsed=103.086s
2026-08-31 14:41:00,025 INFO    section=tx-tail case=20/23 PASS size=6148 dma=6144 tail=4 elapsed=103.103s
2026-08-31 14:42:56,114 INFO    section=tx-tail case=21/23 PASS size=6149 dma=6144 tail=5 elapsed=103.120s
2026-08-31 14:44:52,220 INFO    section=tx-tail case=22/23 PASS size=6150 dma=6144 tail=6 elapsed=103.137s
2026-08-31 14:46:47,719 INFO    section=tx-tail case=23/23 PASS size=6151 dma=6144 tail=7 elapsed=103.155s
2026-08-31 14:46:47,719 INFO    SECTION name=tx-tail status=PASS passed=23 failed=0 elapsed=827.041s
2026-08-31 14:46:47,719 INFO    SECTION name=rx-tail status=BEGIN cases=23
2026-08-31 14:46:59,170 INFO    section=rx-tail case=1/23 PASS size=2 dma=0 tail=2 elapsed=1.487s
2026-08-31 14:47:10,638 INFO    section=rx-tail case=2/23 PASS size=3 dma=0 tail=3 elapsed=1.503s
2026-08-31 14:47:22,122 INFO    section=rx-tail case=3/23 PASS size=4 dma=0 tail=4 elapsed=1.520s
2026-08-31 14:47:33,623 INFO    section=rx-tail case=4/23 PASS size=5 dma=0 tail=5 elapsed=1.537s
2026-08-31 14:47:44,567 INFO    section=rx-tail case=5/23 PASS size=6 dma=0 tail=6 elapsed=1.553s
2026-08-31 14:47:56,102 INFO    section=rx-tail case=6/23 PASS size=7 dma=0 tail=7 elapsed=1.570s
2026-08-31 14:48:07,653 INFO    section=rx-tail case=7/23 PASS size=8 dma=8 tail=0 elapsed=1.587s
2026-08-31 14:48:18,646 INFO    section=rx-tail case=8/23 PASS size=9 dma=8 tail=1 elapsed=1.603s
2026-08-31 14:48:30,873 INFO    section=rx-tail case=9/23 PASS size=10 dma=8 tail=2 elapsed=1.654s
2026-08-31 14:48:43,116 INFO    section=rx-tail case=10/23 PASS size=11 dma=8 tail=3 elapsed=1.671s
2026-08-31 14:48:55,376 INFO    section=rx-tail case=11/23 PASS size=12 dma=8 tail=4 elapsed=1.687s
2026-08-31 14:49:07,652 INFO    section=rx-tail case=12/23 PASS size=13 dma=8 tail=5 elapsed=1.704s
2026-08-31 14:49:19,354 INFO    section=rx-tail case=13/23 PASS size=14 dma=8 tail=6 elapsed=1.721s
2026-08-31 14:49:31,664 INFO    section=rx-tail case=14/23 PASS size=15 dma=8 tail=7 elapsed=1.737s
2026-08-31 14:49:44,024 INFO    section=rx-tail case=15/23 PASS size=16 dma=16 tail=0 elapsed=1.771s
2026-08-31 14:51:39,787 INFO    section=rx-tail case=16/23 PASS size=6144 dma=6144 tail=0 elapsed=103.874s
2026-08-31 14:53:35,578 INFO    section=rx-tail case=17/23 PASS size=6145 dma=6144 tail=1 elapsed=103.902s
2026-08-31 14:55:30,772 INFO    section=rx-tail case=18/23 PASS size=6146 dma=6144 tail=2 elapsed=103.928s
2026-08-31 14:57:26,620 INFO    section=rx-tail case=19/23 PASS size=6147 dma=6144 tail=3 elapsed=103.958s
2026-08-31 14:59:22,483 INFO    section=rx-tail case=20/23 PASS size=6148 dma=6144 tail=4 elapsed=103.974s
2026-08-31 15:01:17,721 INFO    section=rx-tail case=21/23 PASS size=6149 dma=6144 tail=5 elapsed=103.973s
2026-08-31 15:03:13,639 INFO    section=rx-tail case=22/23 PASS size=6150 dma=6144 tail=6 elapsed=104.028s
2026-08-31 15:05:09,575 INFO    section=rx-tail case=23/23 PASS size=6151 dma=6144 tail=7 elapsed=104.047s
2026-08-31 15:05:09,575 INFO    SECTION name=rx-tail status=PASS passed=23 failed=0 elapsed=855.988s
2026-08-31 15:05:09,575 INFO    SUITE status=PASS passed=58 failed=0 full_profile=SKIPPED
2026-08-31 15:05:09,575 INFO    BAUD_RATE status=PASS rate=4/5 index=1 baud=600 passed=58 failed=0 elapsed=3959.818s
2026-08-31 15:05:14,267 INFO    BAUD_SWITCH status=PASS old_index=1 old=600 new_index=11 new=115200
2026-08-31 15:05:14,272 INFO    BAUD_RATE status=BEGIN rate=5/5 index=0 baud=300 timeout=621.8s
2026-08-31 15:05:15,809 INFO    BAUD_SWITCH status=PASS old_index=11 old=115200 new_index=0 new=300
2026-08-31 15:05:15,809 INFO    SUITE status=BEGIN cases=58 full_profile=SKIPPED
2026-08-31 15:05:15,810 INFO    SECTION name=smoke status=BEGIN cases=1 payload=256
2026-08-31 15:05:58,177 INFO    section=smoke cycle=1/1 PASS frame_payload=256 elapsed=18.711s roundtrip=0.0 KiB/s
2026-08-31 15:05:58,177 INFO    SECTION name=smoke status=PASS passed=1 failed=0 elapsed=18.711s
2026-08-31 15:05:58,177 INFO    SECTION name=large-6144 status=BEGIN cases=1 payload=6144
2026-08-31 15:13:16,668 INFO    section=large-6144 cycle=1/1 PASS frame_payload=6144 elapsed=412.234s roundtrip=0.0 KiB/s
2026-08-31 15:13:16,668 INFO    SECTION name=large-6144 status=PASS passed=1 failed=0 elapsed=412.234s
2026-08-31 15:13:16,668 INFO    SECTION name=stress status=BEGIN cases=10 payload=6144
2026-08-31 15:20:35,198 INFO    section=stress cycle=1/10 PASS frame_payload=6144 elapsed=412.273s roundtrip=0.0 KiB/s
2026-08-31 15:27:53,741 INFO    section=stress cycle=2/10 PASS frame_payload=6144 elapsed=412.285s roundtrip=0.0 KiB/s
2026-08-31 15:35:12,251 INFO    section=stress cycle=3/10 PASS frame_payload=6144 elapsed=412.253s roundtrip=0.0 KiB/s
