2026-08-31 04:47:45,327 INFO    DMA mode=tx-tail profile=smoke port=/dev/ttyUSB0 baud=115200 payload=256 cycles=1
2026-08-31 04:47:45,346 DEBUG   device: b'^C'
2026-08-31 04:47:45,346 DEBUG   device: b'uart>'
2026-08-31 04:47:45,393 DEBUG   device: b'uart> \r\x1b[2Kuart> a\r\x1b[2Kuart> au\r\x1b[2Kuart> aut\r\x1b[2Kuart> auto\r\x1b[2Kuart> auto \r\x1b[2Kuart> auto t\r\x1b[2Kuart> auto tx\r\x1b[2Kuart> auto tx \r\x1b[2Kuart> auto tx 2\r\x1b[2Kuart> auto tx 2 \r\x1b[2Kuart> auto tx 2 0\r\x1b[2Kuart> auto tx 2 0 \r\x1b[2Kuart> auto tx 2 0 3\r\x1b[2Kuart> auto tx 2 0 30\r\x1b[2Kuart> auto tx 2 0 305\r\x1b[2Kuart> auto tx 2 0 3054\r\x1b[2Kuart> auto tx 2 0 30541\r\x1b[2Kuart> auto tx 2 0 305419\r\x1b[2Kuart> auto tx 2 0 3054198\r\x1b[2Kuart> auto tx 2 0 30541989\r\x1b[2Kuart> auto tx 2 0 305419896'
2026-08-31 04:47:45,393 DEBUG   device: b'@READY mode=tx sequence=0 size=2 dma=0 tail=2'
2026-08-31 04:47:45,399 DEBUG   echo chunk=2 total=2/2 after=0.005588s
2026-08-31 04:47:45,399 DEBUG   device: b'@RESULT mode=tx sequence=0 size=2 tail=2 tx=2 status=PASS'
2026-08-31 04:47:45,399 INFO    case=1/23 PASS size=2 dma=0 tail=2 elapsed=0.006s
2026-08-31 04:47:45,446 DEBUG   device: b'uart> \r\x1b[2Kuart> a\r\x1b[2Kuart> au\r\x1b[2Kuart> aut\r\x1b[2Kuart> auto\r\x1b[2Kuart> auto \r\x1b[2Kuart> auto t\r\x1b[2Kuart> auto tx\r\x1b[2Kuart> auto tx \r\x1b[2Kuart> auto tx 3\r\x1b[2Kuart> auto tx 3 \r\x1b[2Kuart> auto tx 3 1\r\x1b[2Kuart> auto tx 3 1 \r\x1b[2Kuart> auto tx 3 1 2\r\x1b[2Kuart> auto tx 3 1 29\r\x1b[2Kuart> auto tx 3 1 295\r\x1b[2Kuart> auto tx 3 1 2959\r\x1b[2Kuart> auto tx 3 1 29598\r\x1b[2Kuart> auto tx 3 1 295985\r\x1b[2Kuart> auto tx 3 1 2959855\r\x1b[2Kuart> auto tx 3 1 29598556\r\x1b[2Kuart> auto tx 3 1 295985566\r\x1b[2Kuart> auto tx 3 1 2959855665'
2026-08-31 04:47:45,451 DEBUG   device: b'@READY mode=tx sequence=1 size=3 dma=0 tail=3'
2026-08-31 04:47:45,452 DEBUG   echo chunk=3 total=3/3 after=0.000011s
2026-08-31 04:47:45,467 DEBUG   device: b'@RESULT mode=tx sequence=1 size=3 tail=3 tx=3 status=PASS'
2026-08-31 04:47:45,467 INFO    case=2/23 PASS size=3 dma=0 tail=3 elapsed=0.000s
2026-08-31 04:47:45,514 DEBUG   device: b'uart> \r\x1b[2Kuart> a\r\x1b[2Kuart> au\r\x1b[2Kuart> aut\r\x1b[2Kuart> auto\r\x1b[2Kuart> auto \r\x1b[2Kuart> auto t\r\x1b[2Kuart> auto tx\r\x1b[2Kuart> auto tx \r\x1b[2Kuart> auto tx 4\r\x1b[2Kuart> auto tx 4 \r\x1b[2Kuart> auto tx 4 2\r\x1b[2Kuart> auto tx 4 2 \r\x1b[2Kuart> auto tx 4 2 1\r\x1b[2Kuart> auto tx 4 2 13\r\x1b[2Kuart> auto tx 4 2 131\r\x1b[2Kuart> auto tx 4 2 1319\r\x1b[2Kuart> auto tx 4 2 13193\r\x1b[2Kuart> auto tx 4 2 131932\r\x1b[2Kuart> auto tx 4 2 1319324\r\x1b[2Kuart> auto tx 4 2 13193241\r\x1b[2Kuart> auto tx 4 2 131932413\r\x1b[2Kuart> auto tx 4 2 1319324138'
2026-08-31 04:47:45,520 DEBUG   device: b'@READY mode=tx sequence=2 size=4 dma=0 tail=4'
2026-08-31 04:47:45,520 DEBUG   echo chunk=4 total=4/4 after=0.000010s
2026-08-31 04:47:45,536 DEBUG   device: b'@RESULT mode=tx sequence=2 size=4 tail=4 tx=4 status=PASS'
2026-08-31 04:47:45,536 INFO    case=3/23 PASS size=4 dma=0 tail=4 elapsed=0.000s
2026-08-31 04:47:45,583 DEBUG   device: b'uart> \r\x1b[2Kuart> a\r\x1b[2Kuart> au\r\x1b[2Kuart> aut\r\x1b[2Kuart> auto\r\x1b[2Kuart> auto \r\x1b[2Kuart> auto t\r\x1b[2Kuart> auto tx\r\x1b[2Kuart> auto tx \r\x1b[2Kuart> auto tx 5\r\x1b[2Kuart> auto tx 5 \r\x1b[2Kuart> auto tx 5 3\r\x1b[2Kuart> auto tx 5 3 \r\x1b[2Kuart> auto tx 5 3 3\r\x1b[2Kuart> auto tx 5 3 39\r\x1b[2Kuart> auto tx 5 3 397\r\x1b[2Kuart> auto tx 5 3 3973\r\x1b[2Kuart> auto tx 5 3 39737\r\x1b[2Kuart> auto tx 5 3 397375\r\x1b[2Kuart> auto tx 5 3 3973759\r\x1b[2Kuart> auto tx 5 3 39737599\r\x1b[2Kuart> auto tx 5 3 397375990\r\x1b[2Kuart> auto tx 5 3 3973759907'
2026-08-31 04:47:45,589 DEBUG   device: b'@READY mode=tx sequence=3 size=5 dma=0 tail=5'
2026-08-31 04:47:45,589 DEBUG   echo chunk=5 total=5/5 after=0.000010s
2026-08-31 04:47:45,604 DEBUG   device: b'@RESULT mode=tx sequence=3 size=5 tail=5 tx=5 status=PASS'
2026-08-31 04:47:45,604 INFO    case=4/23 PASS size=5 dma=0 tail=5 elapsed=0.000s
2026-08-31 04:47:45,651 DEBUG   device: b'uart> \r\x1b[2Kuart> a\r\x1b[2Kuart> au\r\x1b[2Kuart> aut\r\x1b[2Kuart> auto\r\x1b[2Kuart> auto \r\x1b[2Kuart> auto t\r\x1b[2Kuart> auto tx\r\x1b[2Kuart> auto tx \r\x1b[2Kuart> auto tx 6\r\x1b[2Kuart> auto tx 6 \r\x1b[2Kuart> auto tx 6 4\r\x1b[2Kuart> auto tx 6 4 \r\x1b[2Kuart> auto tx 6 4 2\r\x1b[2Kuart> auto tx 6 4 23\r\x1b[2Kuart> auto tx 6 4 233\r\x1b[2Kuart> auto tx 6 4 2333\r\x1b[2Kuart> auto tx 6 4 23332\r\x1b[2Kuart> auto tx 6 4 233322\r\x1b[2Kuart> auto tx 6 4 2333228\r\x1b[2Kuart> auto tx 6 4 23332283\r\x1b[2Kuart> auto tx 6 4 233322838\r\x1b[2Kuart> auto tx 6 4 2333228380'
2026-08-31 04:47:45,657 DEBUG   device: b'@READY mode=tx sequence=4 size=6 dma=0 tail=6'
2026-08-31 04:47:45,657 DEBUG   echo chunk=6 total=6/6 after=0.000009s
2026-08-31 04:47:45,672 DEBUG   device: b'@RESULT mode=tx sequence=4 size=6 tail=6 tx=6 status=PASS'
2026-08-31 04:47:45,672 INFO    case=5/23 PASS size=6 dma=0 tail=6 elapsed=0.000s
2026-08-31 04:47:45,719 DEBUG   device: b'uart> \r\x1b[2Kuart> a\r\x1b[2Kuart> au\r\x1b[2Kuart> aut\r\x1b[2Kuart> auto\r\x1b[2Kuart> auto \r\x1b[2Kuart> auto t\r\x1b[2Kuart> auto tx\r\x1b[2Kuart> auto tx \r\x1b[2Kuart> auto tx 7\r\x1b[2Kuart> auto tx 7 \r\x1b[2Kuart> auto tx 7 5\r\x1b[2Kuart> auto tx 7 5 \r\x1b[2Kuart> auto tx 7 5 6\r\x1b[2Kuart> auto tx 7 5 69\r\x1b[2Kuart> auto tx 7 5 692\r\x1b[2Kuart> auto tx 7 5 6926\r\x1b[2Kuart> auto tx 7 5 69269\r\x1b[2Kuart> auto tx 7 5 692696\r\x1b[2Kuart> auto tx 7 5 6926968\r\x1b[2Kuart> auto tx 7 5 69269685\r\x1b[2Kuart> auto tx 7 5 692696853'
2026-08-31 04:47:45,719 DEBUG   device: b'@READY mode=tx sequence=5 size=7 dma=0 tail=7'
2026-08-31 04:47:45,725 DEBUG   echo chunk=7 total=7/7 after=0.005637s
2026-08-31 04:47:45,741 DEBUG   device: b'@RESULT mode=tx sequence=5 size=7 tail=7 tx=7 status=PASS'
2026-08-31 04:47:45,741 INFO    case=6/23 PASS size=7 dma=0 tail=7 elapsed=0.006s
2026-08-31 04:47:45,788 DEBUG   device: b'uart> \r\x1b[2Kuart> a\r\x1b[2Kuart> au\r\x1b[2Kuart> aut\r\x1b[2Kuart> auto\r\x1b[2Kuart> auto \r\x1b[2Kuart> auto t\r\x1b[2Kuart> auto tx\r\x1b[2Kuart> auto tx \r\x1b[2Kuart> auto tx 8\r\x1b[2Kuart> auto tx 8 \r\x1b[2Kuart> auto tx 8 6\r\x1b[2Kuart> auto tx 8 6 \r\x1b[2Kuart> auto tx 8 6 3\r\x1b[2Kuart> auto tx 8 6 33\r\x1b[2Kuart> auto tx 8 6 334\r\x1b[2Kuart> auto tx 8 6 3347\r\x1b[2Kuart> auto tx 8 6 33471\r\x1b[2Kuart> auto tx 8 6 334713\r\x1b[2Kuart> auto tx 8 6 3347132\r\x1b[2Kuart> auto tx 8 6 33471326\r\x1b[2Kuart> auto tx 8 6 334713262\r\x1b[2Kuart> auto tx 8 6 3347132622'
2026-08-31 04:47:45,793 DEBUG   device: b'@READY mode=tx sequence=6 size=8 dma=8 tail=0'
2026-08-31 04:47:45,793 DEBUG   echo chunk=8 total=8/8 after=0.000009s
2026-08-31 04:47:45,809 DEBUG   device: b'@RESULT mode=tx sequence=6 size=8 tail=0 tx=8 status=PASS'
2026-08-31 04:47:45,809 INFO    case=7/23 PASS size=8 dma=8 tail=0 elapsed=0.000s
2026-08-31 04:47:45,856 DEBUG   device: b'uart> \r\x1b[2Kuart> a\r\x1b[2Kuart> au\r\x1b[2Kuart> aut\r\x1b[2Kuart> auto\r\x1b[2Kuart> auto \r\x1b[2Kuart> auto t\r\x1b[2Kuart> auto tx\r\x1b[2Kuart> auto tx \r\x1b[2Kuart> auto tx 9\r\x1b[2Kuart> auto tx 9 \r\x1b[2Kuart> auto tx 9 7\r\x1b[2Kuart> auto tx 9 7 \r\x1b[2Kuart> auto tx 9 7 1\r\x1b[2Kuart> auto tx 9 7 17\r\x1b[2Kuart> auto tx 9 7 170\r\x1b[2Kuart> auto tx 9 7 1706\r\x1b[2Kuart> auto tx 9 7 17066\r\x1b[2Kuart> auto tx 9 7 170660\r\x1b[2Kuart> auto tx 9 7 1706601\r\x1b[2Kuart> auto tx 9 7 17066010\r\x1b[2Kuart> auto tx 9 7 170660109\r\x1b[2Kuart> auto tx 9 7 1706601095'
2026-08-31 04:47:45,862 DEBUG   device: b'@READY mode=tx sequence=7 size=9 dma=8 tail=1'
2026-08-31 04:47:45,862 DEBUG   echo chunk=9 total=9/9 after=0.000009s
2026-08-31 04:47:45,877 DEBUG   device: b'@RESULT mode=tx sequence=7 size=9 tail=1 tx=9 status=PASS'
2026-08-31 04:47:45,877 INFO    case=8/23 PASS size=9 dma=8 tail=1 elapsed=0.000s
2026-08-31 04:47:45,924 DEBUG   device: b'uart> \r\x1b[2Kuart> a\r\x1b[2Kuart> au\r\x1b[2Kuart> aut\r\x1b[2Kuart> auto\r\x1b[2Kuart> auto \r\x1b[2Kuart> auto t\r\x1b[2Kuart> auto tx\r\x1b[2Kuart> auto tx \r\x1b[2Kuart> auto tx 1\r\x1b[2Kuart> auto tx 10\r\x1b[2Kuart> auto tx 10 \r\x1b[2Kuart> auto tx 10 8\r\x1b[2Kuart> auto tx 10 8 \r\x1b[2Kuart> auto tx 10 8 6\r\x1b[2Kuart> auto tx 10 8 66\r\x1b[2Kuart> auto tx 10 8 660\r\x1b[2Kuart> auto tx 10 8 6606\r\x1b[2Kuart> auto tx 10 8 66069\r\x1b[2Kuart> auto tx 10 8 660695\r\x1b[2Kuart> auto tx 10 8 6606956\r\x1b[2Kuart> auto tx 10 8 66069568'
2026-08-31 04:47:45,924 DEBUG   device: b'@READY mode=tx sequence=8 size=10 dma=8 tail=2'
2026-08-31 04:47:45,930 DEBUG   echo chunk=10 total=10/10 after=0.005491s
2026-08-31 04:47:45,946 DEBUG   device: b'@RESULT mode=tx sequence=8 size=10 tail=2 tx=10 status=PASS'
2026-08-31 04:47:45,946 INFO    case=9/23 PASS size=10 dma=8 tail=2 elapsed=0.006s
2026-08-31 04:47:45,998 DEBUG   device: b'uart> \r\x1b[2Kuart> a\r\x1b[2Kuart> au\r\x1b[2Kuart> aut\r\x1b[2Kuart> auto\r\x1b[2Kuart> auto \r\x1b[2Kuart> auto t\r\x1b[2Kuart> auto tx\r\x1b[2Kuart> auto tx \r\x1b[2Kuart> auto tx 1\r\x1b[2Kuart> auto tx 11\r\x1b[2Kuart> auto tx 11 \r\x1b[2Kuart> auto tx 11 9\r\x1b[2Kuart> auto tx 11 9 \r\x1b[2Kuart> auto tx 11 9 2\r\x1b[2Kuart> auto tx 11 9 27\r\x1b[2Kuart> auto tx 11 9 272\r\x1b[2Kuart> auto tx 11 9 2720\r\x1b[2Kuart> auto tx 11 9 27205\r\x1b[2Kuart> auto tx 11 9 272050\r\x1b[2Kuart> auto tx 11 9 2720505\r\x1b[2Kuart> auto tx 11 9 27205053\r\x1b[2Kuart> auto tx 11 9 272050533\r\x1b[2Kuart> auto tx 11 9 2720505337'
2026-08-31 04:47:46,004 DEBUG   device: b'@READY mode=tx sequence=9 size=11 dma=8 tail=3'
2026-08-31 04:47:46,004 DEBUG   echo chunk=11 total=11/11 after=0.000010s
2026-08-31 04:47:46,020 DEBUG   device: b'@RESULT mode=tx sequence=9 size=11 tail=3 tx=11 status=PASS'
2026-08-31 04:47:46,020 INFO    case=10/23 PASS size=11 dma=8 tail=3 elapsed=0.000s
2026-08-31 04:47:46,072 DEBUG   device: b'uart> \r\x1b[2Kuart> a\r\x1b[2Kuart> au\r\x1b[2Kuart> aut\r\x1b[2Kuart> auto\r\x1b[2Kuart> auto \r\x1b[2Kuart> auto t\r\x1b[2Kuart> auto tx\r\x1b[2Kuart> auto tx \r\x1b[2Kuart> auto tx 1\r\x1b[2Kuart> auto tx 12\r\x1b[2Kuart> auto tx 12 \r\x1b[2Kuart> auto tx 12 1\r\x1b[2Kuart> auto tx 12 10\r\x1b[2Kuart> auto tx 12 10 \r\x1b[2Kuart> auto tx 12 10 1\r\x1b[2Kuart> auto tx 12 10 10\r\x1b[2Kuart> auto tx 12 10 107\r\x1b[2Kuart> auto tx 12 10 1079\r\x1b[2Kuart> auto tx 12 10 10799\r\x1b[2Kuart> auto tx 12 10 107997\r\x1b[2Kuart> auto tx 12 10 1079973\r\x1b[2Kuart> auto tx 12 10 10799738\r\x1b[2Kuart> auto tx 12 10 107997381\r\x1b[2Kuart> auto tx 12 10 1079973810'
2026-08-31 04:47:46,078 DEBUG   device: b'@READY mode=tx sequence=10 size=12 dma=8 tail=4'
2026-08-31 04:47:46,078 DEBUG   echo chunk=12 total=12/12 after=0.000014s
2026-08-31 04:47:46,094 DEBUG   device: b'@RESULT mode=tx sequence=10 size=12 tail=4 tx=12 status=PASS'
2026-08-31 04:47:46,094 INFO    case=11/23 PASS size=12 dma=8 tail=4 elapsed=0.000s
2026-08-31 04:47:46,146 DEBUG   device: b'uart> \r\x1b[2Kuart> a\r\x1b[2Kuart> au\r\x1b[2Kuart> aut\r\x1b[2Kuart> auto\r\x1b[2Kuart> auto \r\x1b[2Kuart> auto t\r\x1b[2Kuart> auto tx\r\x1b[2Kuart> auto tx \r\x1b[2Kuart> auto tx 1\r\x1b[2Kuart> auto tx 13\r\x1b[2Kuart> auto tx 13 \r\x1b[2Kuart> auto tx 13 1\r\x1b[2Kuart> auto tx 13 11\r\x1b[2Kuart> auto tx 13 11 \r\x1b[2Kuart> auto tx 13 11 3\r\x1b[2Kuart> auto tx 13 11 37\r\x1b[2Kuart> auto tx 13 11 373\r\x1b[2Kuart> auto tx 13 11 3734\r\x1b[2Kuart> auto tx 13 11 37344\r\x1b[2Kuart> auto tx 13 11 373440\r\x1b[2Kuart> auto tx 13 11 3734409\r\x1b[2Kuart> auto tx 13 11 37344095\r\x1b[2Kuart> auto tx 13 11 373440957\r\x1b[2Kuart> auto tx 13 11 3734409579'
2026-08-31 04:47:46,152 DEBUG   device: b'@READY mode=tx sequence=11 size=13 dma=8 tail=5'
2026-08-31 04:47:46,152 DEBUG   echo chunk=13 total=13/13 after=0.000010s
2026-08-31 04:47:46,168 DEBUG   device: b'@RESULT mode=tx sequence=11 size=13 tail=5 tx=13 status=PASS'
2026-08-31 04:47:46,168 INFO    case=12/23 PASS size=13 dma=8 tail=5 elapsed=0.000s
2026-08-31 04:47:46,220 DEBUG   device: b'uart> \r\x1b[2Kuart> a\r\x1b[2Kuart> au\r\x1b[2Kuart> aut\r\x1b[2Kuart> auto\r\x1b[2Kuart> auto \r\x1b[2Kuart> auto t\r\x1b[2Kuart> auto tx\r\x1b[2Kuart> auto tx \r\x1b[2Kuart> auto tx 1\r\x1b[2Kuart> auto tx 14\r\x1b[2Kuart> auto tx 14 \r\x1b[2Kuart> auto tx 14 1\r\x1b[2Kuart> auto tx 14 12\r\x1b[2Kuart> auto tx 14 12 \r\x1b[2Kuart> auto tx 14 12 2\r\x1b[2Kuart> auto tx 14 12 20\r\x1b[2Kuart> auto tx 14 12 209\r\x1b[2Kuart> auto tx 14 12 2093\r\x1b[2Kuart> auto tx 14 12 20938\r\x1b[2Kuart> auto tx 14 12 209387\r\x1b[2Kuart> auto tx 14 12 2093878\r\x1b[2Kuart> auto tx 14 12 20938780\r\x1b[2Kuart> auto tx 14 12 209387805\r\x1b[2Kuart> auto tx 14 12 2093878052'
2026-08-31 04:47:46,226 DEBUG   device: b'@READY mode=tx sequence=12 size=14 dma=8 tail=6'
2026-08-31 04:47:46,226 DEBUG   echo chunk=14 total=14/14 after=0.000010s
2026-08-31 04:47:46,242 DEBUG   device: b'@RESULT mode=tx sequence=12 size=14 tail=6 tx=14 status=PASS'
2026-08-31 04:47:46,242 INFO    case=13/23 PASS size=14 dma=8 tail=6 elapsed=0.000s
2026-08-31 04:47:46,294 DEBUG   device: b'uart> \r\x1b[2Kuart> a\r\x1b[2Kuart> au\r\x1b[2Kuart> aut\r\x1b[2Kuart> auto\r\x1b[2Kuart> auto \r\x1b[2Kuart> auto t\r\x1b[2Kuart> auto tx\r\x1b[2Kuart> auto tx \r\x1b[2Kuart> auto tx 1\r\x1b[2Kuart> auto tx 15\r\x1b[2Kuart> auto tx 15 \r\x1b[2Kuart> auto tx 15 1\r\x1b[2Kuart> auto tx 15 13\r\x1b[2Kuart> auto tx 15 13 \r\x1b[2Kuart> auto tx 15 13 4\r\x1b[2Kuart> auto tx 15 13 45\r\x1b[2Kuart> auto tx 15 13 453\r\x1b[2Kuart> auto tx 15 13 4533\r\x1b[2Kuart> auto tx 15 13 45334\r\x1b[2Kuart> auto tx 15 13 453346\r\x1b[2Kuart> auto tx 15 13 4533465\r\x1b[2Kuart> auto tx 15 13 45334652\r\x1b[2Kuart> auto tx 15 13 453346525'
2026-08-31 04:47:46,300 DEBUG   device: b'@READY mode=tx sequence=13 size=15 dma=8 tail=7'
2026-08-31 04:47:46,300 DEBUG   echo chunk=15 total=15/15 after=0.000009s
2026-08-31 04:47:46,316 DEBUG   device: b'@RESULT mode=tx sequence=13 size=15 tail=7 tx=15 status=PASS'
2026-08-31 04:47:46,316 INFO    case=14/23 PASS size=15 dma=8 tail=7 elapsed=0.000s
2026-08-31 04:47:46,368 DEBUG   device: b'uart> \r\x1b[2Kuart> a\r\x1b[2Kuart> au\r\x1b[2Kuart> aut\r\x1b[2Kuart> auto\r\x1b[2Kuart> auto \r\x1b[2Kuart> auto t\r\x1b[2Kuart> auto tx\r\x1b[2Kuart> auto tx \r\x1b[2Kuart> auto tx 1\r\x1b[2Kuart> auto tx 16\r\x1b[2Kuart> auto tx 16 \r\x1b[2Kuart> auto tx 16 1\r\x1b[2Kuart> auto tx 16 14\r\x1b[2Kuart> auto tx 16 14 \r\x1b[2Kuart> auto tx 16 14 3\r\x1b[2Kuart> auto tx 16 14 31\r\x1b[2Kuart> auto tx 16 14 310\r\x1b[2Kuart> auto tx 16 14 3107\r\x1b[2Kuart> auto tx 16 14 31077\r\x1b[2Kuart> auto tx 16 14 310778\r\x1b[2Kuart> auto tx 16 14 3107782\r\x1b[2Kuart> auto tx 16 14 31077822\r\x1b[2Kuart> auto tx 16 14 310778229\r\x1b[2Kuart> auto tx 16 14 3107782294'
2026-08-31 04:47:46,374 DEBUG   device: b'@READY mode=tx sequence=14 size=16 dma=16 tail=0'
2026-08-31 04:47:46,374 DEBUG   echo chunk=16 total=16/16 after=0.000010s
2026-08-31 04:47:46,390 DEBUG   device: b'@RESULT mode=tx sequence=14 size=16 tail=0 tx=16 status=PASS'
2026-08-31 04:47:46,390 INFO    case=15/23 PASS size=16 dma=16 tail=0 elapsed=0.000s
2026-08-31 04:47:46,455 DEBUG   device: b'uart> \r\x1b[2Kuart> a\r\x1b[2Kuart> au\r\x1b[2Kuart> aut\r\x1b[2Kuart> auto\r\x1b[2Kuart> auto \r\x1b[2Kuart> auto t\r\x1b[2Kuart> auto tx\r\x1b[2Kuart> auto tx \r\x1b[2Kuart> auto tx 6\r\x1b[2Kuart> auto tx 61\r\x1b[2Kuart> auto tx 614\r\x1b[2Kuart> auto tx 6144\r\x1b[2Kuart> auto tx 6144 \r\x1b[2Kuart> auto tx 6144 1\r\x1b[2Kuart> auto tx 6144 15\r\x1b[2Kuart> auto tx 6144 15 \r\x1b[2Kuart> auto tx 6144 15 1\r\x1b[2Kuart> auto tx 6144 15 14\r\x1b[2Kuart> auto tx 6144 15 146\r\x1b[2Kuart> auto tx 6144 15 1467\r\x1b[2Kuart> auto tx 6144 15 14672\r\x1b[2Kuart> auto tx 6144 15 146725\r\x1b[2Kuart> auto tx 6144 15 1467250\r\x1b[2Kuart> auto tx 6144 15 14672507\r\x1b[2Kuart> auto tx 6144 15 146725076\r\x1b[2Kuart> auto tx 6144 15 1467250767'
2026-08-31 04:47:46,461 DEBUG   device: b'@READY mode=tx sequence=15 size=6144 dma=6144 tail=0'
2026-08-31 04:47:46,511 DEBUG   echo chunk=587 total=587/6144 after=0.050063s
2026-08-31 04:47:46,561 DEBUG   echo chunk=576 total=1163/6144 after=0.100211s
2026-08-31 04:47:46,611 DEBUG   echo chunk=576 total=1739/6144 after=0.150326s
2026-08-31 04:47:46,662 DEBUG   echo chunk=512 total=2251/6144 after=0.200501s
2026-08-31 04:47:46,712 DEBUG   echo chunk=576 total=2827/6144 after=0.250659s
2026-08-31 04:47:46,762 DEBUG   echo chunk=576 total=3403/6144 after=0.300798s
2026-08-31 04:47:46,812 DEBUG   echo chunk=576 total=3979/6144 after=0.350951s
2026-08-31 04:47:46,862 DEBUG   echo chunk=576 total=4555/6144 after=0.401090s
2026-08-31 04:47:46,912 DEBUG   echo chunk=576 total=5131/6144 after=0.451266s
2026-08-31 04:47:46,963 DEBUG   echo chunk=576 total=5707/6144 after=0.501441s
2026-08-31 04:47:46,997 DEBUG   echo chunk=437 total=6144/6144 after=0.535537s
2026-08-31 04:47:47,013 DEBUG   device: b'@RESULT mode=tx sequence=15 size=6144 tail=0 tx=6144 status=PASS'
2026-08-31 04:47:47,013 INFO    case=16/23 PASS size=6144 dma=6144 tail=0 elapsed=0.536s
2026-08-31 04:47:47,078 DEBUG   device: b'uart> \r\x1b[2Kuart> a\r\x1b[2Kuart> au\r\x1b[2Kuart> aut\r\x1b[2Kuart> auto\r\x1b[2Kuart> auto \r\x1b[2Kuart> auto t\r\x1b[2Kuart> auto tx\r\x1b[2Kuart> auto tx \r\x1b[2Kuart> auto tx 6\r\x1b[2Kuart> auto tx 61\r\x1b[2Kuart> auto tx 614\r\x1b[2Kuart> auto tx 6145\r\x1b[2Kuart> auto tx 6145 \r\x1b[2Kuart> auto tx 6145 1\r\x1b[2Kuart> auto tx 6145 16\r\x1b[2Kuart> auto tx 6145 16 \r\x1b[2Kuart> auto tx 6145 16 4\r\x1b[2Kuart> auto tx 6145 16 41\r\x1b[2Kuart> auto tx 6145 16 412\r\x1b[2Kuart> auto tx 6145 16 4121\r\x1b[2Kuart> auto tx 6145 16 41216\r\x1b[2Kuart> auto tx 6145 16 412168\r\x1b[2Kuart> auto tx 6145 16 4121686\r\x1b[2Kuart> auto tx 6145 16 41216865\r\x1b[2Kuart> auto tx 6145 16 412168653\r\x1b[2Kuart> auto tx 6145 16 4121686536'
2026-08-31 04:47:47,084 DEBUG   device: b'@READY mode=tx sequence=16 size=6145 dma=6144 tail=1'
2026-08-31 04:47:47,134 DEBUG   echo chunk=587 total=587/6145 after=0.050063s
2026-08-31 04:47:47,184 DEBUG   echo chunk=576 total=1163/6145 after=0.100204s
2026-08-31 04:47:47,234 DEBUG   echo chunk=576 total=1739/6145 after=0.150371s
2026-08-31 04:47:47,285 DEBUG   echo chunk=576 total=2315/6145 after=0.200523s
2026-08-31 04:47:47,335 DEBUG   echo chunk=512 total=2827/6145 after=0.250659s
2026-08-31 04:47:47,385 DEBUG   echo chunk=576 total=3403/6145 after=0.300809s
2026-08-31 04:47:47,435 DEBUG   echo chunk=576 total=3979/6145 after=0.350953s
2026-08-31 04:47:47,485 DEBUG   echo chunk=576 total=4555/6145 after=0.401137s
2026-08-31 04:47:47,535 DEBUG   echo chunk=576 total=5131/6145 after=0.451325s
2026-08-31 04:47:47,586 DEBUG   echo chunk=576 total=5707/6145 after=0.501516s
2026-08-31 04:47:47,620 DEBUG   echo chunk=438 total=6145/6145 after=0.535538s
2026-08-31 04:47:47,636 DEBUG   device: b'@RESULT mode=tx sequence=16 size=6145 tail=1 tx=6145 status=PASS'
2026-08-31 04:47:47,636 INFO    case=17/23 PASS size=6145 dma=6144 tail=1 elapsed=0.536s
2026-08-31 04:47:47,701 DEBUG   device: b'uart> \r\x1b[2Kuart> a\r\x1b[2Kuart> au\r\x1b[2Kuart> aut\r\x1b[2Kuart> auto\r\x1b[2Kuart> auto \r\x1b[2Kuart> auto t\r\x1b[2Kuart> auto tx\r\x1b[2Kuart> auto tx \r\x1b[2Kuart> auto tx 6\r\x1b[2Kuart> auto tx 61\r\x1b[2Kuart> auto tx 614\r\x1b[2Kuart> auto tx 6146\r\x1b[2Kuart> auto tx 6146 \r\x1b[2Kuart> auto tx 6146 1\r\x1b[2Kuart> auto tx 6146 17\r\x1b[2Kuart> auto tx 6146 17 \r\x1b[2Kuart> auto tx 6146 17 2\r\x1b[2Kuart> auto tx 6146 17 24\r\x1b[2Kuart> auto tx 6146 17 248\r\x1b[2Kuart> auto tx 6146 17 2481\r\x1b[2Kuart> auto tx 6146 17 24811\r\x1b[2Kuart> auto tx 6146 17 248115\r\x1b[2Kuart> auto tx 6146 17 2481155\r\x1b[2Kuart> auto tx 6146 17 24811550\r\x1b[2Kuart> auto tx 6146 17 248115500\r\x1b[2Kuart> auto tx 6146 17 2481155009'
2026-08-31 04:47:47,707 DEBUG   device: b'@READY mode=tx sequence=17 size=6146 dma=6144 tail=2'
2026-08-31 04:47:47,757 DEBUG   echo chunk=587 total=587/6146 after=0.050063s
2026-08-31 04:47:47,807 DEBUG   echo chunk=576 total=1163/6146 after=0.100216s
2026-08-31 04:47:47,857 DEBUG   echo chunk=576 total=1739/6146 after=0.150353s
2026-08-31 04:47:47,907 DEBUG   echo chunk=512 total=2251/6146 after=0.200494s
2026-08-31 04:47:47,957 DEBUG   echo chunk=576 total=2827/6146 after=0.250640s
2026-08-31 04:47:48,008 DEBUG   echo chunk=576 total=3403/6146 after=0.300790s
2026-08-31 04:47:48,058 DEBUG   echo chunk=576 total=3979/6146 after=0.350936s
2026-08-31 04:47:48,108 DEBUG   echo chunk=576 total=4555/6146 after=0.401097s
2026-08-31 04:47:48,158 DEBUG   echo chunk=576 total=5131/6146 after=0.451268s
2026-08-31 04:47:48,208 DEBUG   echo chunk=576 total=5707/6146 after=0.501466s
2026-08-31 04:47:48,242 DEBUG   echo chunk=439 total=6146/6146 after=0.535560s
2026-08-31 04:47:48,258 DEBUG   device: b'@RESULT mode=tx sequence=17 size=6146 tail=2 tx=6146 status=PASS'
2026-08-31 04:47:48,258 INFO    case=18/23 PASS size=6146 dma=6144 tail=2 elapsed=0.536s
2026-08-31 04:47:48,323 DEBUG   device: b'uart> \r\x1b[2Kuart> a\r\x1b[2Kuart> au\r\x1b[2Kuart> aut\r\x1b[2Kuart> auto\r\x1b[2Kuart> auto \r\x1b[2Kuart> auto t\r\x1b[2Kuart> auto tx\r\x1b[2Kuart> auto tx \r\x1b[2Kuart> auto tx 6\r\x1b[2Kuart> auto tx 61\r\x1b[2Kuart> auto tx 614\r\x1b[2Kuart> auto tx 6147\r\x1b[2Kuart> auto tx 6147 \r\x1b[2Kuart> auto tx 6147 1\r\x1b[2Kuart> auto tx 6147 18\r\x1b[2Kuart> auto tx 6147 18 \r\x1b[2Kuart> auto tx 6147 18 8\r\x1b[2Kuart> auto tx 6147 18 84\r\x1b[2Kuart> auto tx 6147 18 840\r\x1b[2Kuart> auto tx 6147 18 8406\r\x1b[2Kuart> auto tx 6147 18 84062\r\x1b[2Kuart> auto tx 6147 18 840623\r\x1b[2Kuart> auto tx 6147 18 8406234\r\x1b[2Kuart> auto tx 6147 18 84062348\r\x1b[2Kuart> auto tx 6147 18 840623482'
2026-08-31 04:47:48,329 DEBUG   device: b'@READY mode=tx sequence=18 size=6147 dma=6144 tail=3'
2026-08-31 04:47:48,379 DEBUG   echo chunk=624 total=624/6147 after=0.050047s
2026-08-31 04:47:48,429 DEBUG   echo chunk=512 total=1136/6147 after=0.100211s
2026-08-31 04:47:48,479 DEBUG   echo chunk=576 total=1712/6147 after=0.150364s
2026-08-31 04:47:48,529 DEBUG   echo chunk=576 total=2288/6147 after=0.200516s
2026-08-31 04:47:48,579 DEBUG   echo chunk=576 total=2864/6147 after=0.250683s
2026-08-31 04:47:48,630 DEBUG   echo chunk=576 total=3440/6147 after=0.300837s
2026-08-31 04:47:48,680 DEBUG   echo chunk=576 total=4016/6147 after=0.350983s
2026-08-31 04:47:48,730 DEBUG   echo chunk=576 total=4592/6147 after=0.401143s
2026-08-31 04:47:48,780 DEBUG   echo chunk=576 total=5168/6147 after=0.451362s
2026-08-31 04:47:48,830 DEBUG   echo chunk=576 total=5744/6147 after=0.501523s
2026-08-31 04:47:48,865 DEBUG   echo chunk=403 total=6147/6147 after=0.535904s
2026-08-31 04:47:48,881 DEBUG   device: b'@RESULT mode=tx sequence=18 size=6147 tail=3 tx=6147 status=PASS'
2026-08-31 04:47:48,881 INFO    case=19/23 PASS size=6147 dma=6144 tail=3 elapsed=0.536s
2026-08-31 04:47:48,946 DEBUG   device: b'uart> \r\x1b[2Kuart> a\r\x1b[2Kuart> au\r\x1b[2Kuart> aut\r\x1b[2Kuart> auto\r\x1b[2Kuart> auto \r\x1b[2Kuart> auto t\r\x1b[2Kuart> auto tx\r\x1b[2Kuart> auto tx \r\x1b[2Kuart> auto tx 6\r\x1b[2Kuart> auto tx 61\r\x1b[2Kuart> auto tx 614\r\x1b[2Kuart> auto tx 6148\r\x1b[2Kuart> auto tx 6148 \r\x1b[2Kuart> auto tx 6148 1\r\x1b[2Kuart> auto tx 6148 19\r\x1b[2Kuart> auto tx 6148 19 \r\x1b[2Kuart> auto tx 6148 19 3\r\x1b[2Kuart> auto tx 6148 19 34\r\x1b[2Kuart> auto tx 6148 19 349\r\x1b[2Kuart> auto tx 6148 19 3495\r\x1b[2Kuart> auto tx 6148 19 34950\r\x1b[2Kuart> auto tx 6148 19 349505\r\x1b[2Kuart> auto tx 6148 19 3495059\r\x1b[2Kuart> auto tx 6148 19 34950592\r\x1b[2Kuart> auto tx 6148 19 349505925\r\x1b[2Kuart> auto tx 6148 19 3495059251'
2026-08-31 04:47:48,952 DEBUG   device: b'@READY mode=tx sequence=19 size=6148 dma=6144 tail=4'
2026-08-31 04:47:49,002 DEBUG   echo chunk=587 total=587/6148 after=0.050063s
2026-08-31 04:47:49,052 DEBUG   echo chunk=576 total=1163/6148 after=0.100218s
2026-08-31 04:47:49,102 DEBUG   echo chunk=576 total=1739/6148 after=0.150360s
2026-08-31 04:47:49,152 DEBUG   echo chunk=512 total=2251/6148 after=0.200517s
2026-08-31 04:47:49,202 DEBUG   echo chunk=576 total=2827/6148 after=0.250664s
2026-08-31 04:47:49,252 DEBUG   echo chunk=576 total=3403/6148 after=0.300812s
2026-08-31 04:47:49,303 DEBUG   echo chunk=576 total=3979/6148 after=0.350973s
2026-08-31 04:47:49,353 DEBUG   echo chunk=576 total=4555/6148 after=0.401144s
2026-08-31 04:47:49,403 DEBUG   echo chunk=576 total=5131/6148 after=0.451305s
2026-08-31 04:47:49,453 DEBUG   echo chunk=576 total=5707/6148 after=0.501497s
2026-08-31 04:47:49,487 DEBUG   echo chunk=441 total=6148/6148 after=0.535594s
2026-08-31 04:47:49,493 DEBUG   device: b'@RESULT mode=tx sequence=19 size=6148 tail=4 tx=6148 status=PASS'
2026-08-31 04:47:49,493 INFO    case=20/23 PASS size=6148 dma=6144 tail=4 elapsed=0.536s
2026-08-31 04:47:49,557 DEBUG   device: b'uart> \r\x1b[2Kuart> a\r\x1b[2Kuart> au\r\x1b[2Kuart> aut\r\x1b[2Kuart> auto\r\x1b[2Kuart> auto \r\x1b[2Kuart> auto t\r\x1b[2Kuart> auto tx\r\x1b[2Kuart> auto tx \r\x1b[2Kuart> auto tx 6\r\x1b[2Kuart> auto tx 61\r\x1b[2Kuart> auto tx 614\r\x1b[2Kuart> auto tx 6149\r\x1b[2Kuart> auto tx 6149 \r\x1b[2Kuart> auto tx 6149 2\r\x1b[2Kuart> auto tx 6149 20\r\x1b[2Kuart> auto tx 6149 20 \r\x1b[2Kuart> auto tx 6149 20 1\r\x1b[2Kuart> auto tx 6149 20 18\r\x1b[2Kuart> auto tx 6149 20 185\r\x1b[2Kuart> auto tx 6149 20 1854\r\x1b[2Kuart> auto tx 6149 20 18545\r\x1b[2Kuart> auto tx 6149 20 185452\r\x1b[2Kuart> auto tx 6149 20 1854527\r\x1b[2Kuart> auto tx 6149 20 18545277\r\x1b[2Kuart> auto tx 6149 20 185452772\r\x1b[2Kuart> auto tx 6149 20 1854527724'
2026-08-31 04:47:49,564 DEBUG   device: b'@READY mode=tx sequence=20 size=6149 dma=6144 tail=5'
2026-08-31 04:47:49,615 DEBUG   echo chunk=586 total=586/6149 after=0.050062s
2026-08-31 04:47:49,665 DEBUG   echo chunk=576 total=1162/6149 after=0.100212s
2026-08-31 04:47:49,715 DEBUG   echo chunk=576 total=1738/6149 after=0.150325s
2026-08-31 04:47:49,765 DEBUG   echo chunk=512 total=2250/6149 after=0.200494s
2026-08-31 04:47:49,815 DEBUG   echo chunk=576 total=2826/6149 after=0.250655s
2026-08-31 04:47:49,865 DEBUG   echo chunk=576 total=3402/6149 after=0.300802s
2026-08-31 04:47:49,915 DEBUG   echo chunk=576 total=3978/6149 after=0.350941s
2026-08-31 04:47:49,966 DEBUG   echo chunk=576 total=4554/6149 after=0.401114s
2026-08-31 04:47:50,016 DEBUG   echo chunk=576 total=5130/6149 after=0.451289s
2026-08-31 04:47:50,066 DEBUG   echo chunk=576 total=5706/6149 after=0.501441s
2026-08-31 04:47:50,100 DEBUG   echo chunk=443 total=6149/6149 after=0.535565s
2026-08-31 04:47:50,106 DEBUG   device: b'@RESULT mode=tx sequence=20 size=6149 tail=5 tx=6149 status=PASS'
2026-08-31 04:47:50,106 INFO    case=21/23 PASS size=6149 dma=6144 tail=5 elapsed=0.536s
2026-08-31 04:47:50,171 DEBUG   device: b'uart> \r\x1b[2Kuart> a\r\x1b[2Kuart> au\r\x1b[2Kuart> aut\r\x1b[2Kuart> auto\r\x1b[2Kuart> auto \r\x1b[2Kuart> auto t\r\x1b[2Kuart> auto tx\r\x1b[2Kuart> auto tx \r\x1b[2Kuart> auto tx 6\r\x1b[2Kuart> auto tx 61\r\x1b[2Kuart> auto tx 615\r\x1b[2Kuart> auto tx 6150\r\x1b[2Kuart> auto tx 6150 \r\x1b[2Kuart> auto tx 6150 2\r\x1b[2Kuart> auto tx 6150 21\r\x1b[2Kuart> auto tx 6150 21 \r\x1b[2Kuart> auto tx 6150 21 2\r\x1b[2Kuart> auto tx 6150 21 21\r\x1b[2Kuart> auto tx 6150 21 213\r\x1b[2Kuart> auto tx 6150 21 2139\r\x1b[2Kuart> auto tx 6150 21 21399\r\x1b[2Kuart> auto tx 6150 21 213996\r\x1b[2Kuart> auto tx 6150 21 2139961\r\x1b[2Kuart> auto tx 6150 21 21399619\r\x1b[2Kuart> auto tx 6150 21 213996197'
2026-08-31 04:47:50,177 DEBUG   device: b'@READY mode=tx sequence=21 size=6150 dma=6144 tail=6'
2026-08-31 04:47:50,227 DEBUG   echo chunk=621 total=621/6150 after=0.050018s
2026-08-31 04:47:50,277 DEBUG   echo chunk=512 total=1133/6150 after=0.100200s
2026-08-31 04:47:50,327 DEBUG   echo chunk=576 total=1709/6150 after=0.150348s
2026-08-31 04:47:50,377 DEBUG   echo chunk=576 total=2285/6150 after=0.200497s
2026-08-31 04:47:50,428 DEBUG   echo chunk=576 total=2861/6150 after=0.250684s
2026-08-31 04:47:50,478 DEBUG   echo chunk=576 total=3437/6150 after=0.300867s
2026-08-31 04:47:50,528 DEBUG   echo chunk=576 total=4013/6150 after=0.351028s
2026-08-31 04:47:50,578 DEBUG   echo chunk=576 total=4589/6150 after=0.401185s
2026-08-31 04:47:50,628 DEBUG   echo chunk=576 total=5165/6150 after=0.451344s
2026-08-31 04:47:50,678 DEBUG   echo chunk=576 total=5741/6150 after=0.501509s
2026-08-31 04:47:50,713 DEBUG   echo chunk=409 total=6150/6150 after=0.535820s
2026-08-31 04:47:50,729 DEBUG   device: b'@RESULT mode=tx sequence=21 size=6150 tail=6 tx=6150 status=PASS'
2026-08-31 04:47:50,729 INFO    case=22/23 PASS size=6150 dma=6144 tail=6 elapsed=0.536s
2026-08-31 04:47:50,794 DEBUG   device: b'uart> \r\x1b[2Kuart> a\r\x1b[2Kuart> au\r\x1b[2Kuart> aut\r\x1b[2Kuart> auto\r\x1b[2Kuart> auto \r\x1b[2Kuart> auto t\r\x1b[2Kuart> auto tx\r\x1b[2Kuart> auto tx \r\x1b[2Kuart> auto tx 6\r\x1b[2Kuart> auto tx 61\r\x1b[2Kuart> auto tx 615\r\x1b[2Kuart> auto tx 6151\r\x1b[2Kuart> auto tx 6151 \r\x1b[2Kuart> auto tx 6151 2\r\x1b[2Kuart> auto tx 6151 22\r\x1b[2Kuart> auto tx 6151 22 \r\x1b[2Kuart> auto tx 6151 22 2\r\x1b[2Kuart> auto tx 6151 22 28\r\x1b[2Kuart> auto tx 6151 22 286\r\x1b[2Kuart> auto tx 6151 22 2868\r\x1b[2Kuart> auto tx 6151 22 28684\r\x1b[2Kuart> auto tx 6151 22 286843\r\x1b[2Kuart> auto tx 6151 22 2868431\r\x1b[2Kuart> auto tx 6151 22 28684319\r\x1b[2Kuart> auto tx 6151 22 286843196\r\x1b[2Kuart> auto tx 6151 22 2868431966'
2026-08-31 04:47:50,800 DEBUG   device: b'@READY mode=tx sequence=22 size=6151 dma=6144 tail=7'
2026-08-31 04:47:50,850 DEBUG   echo chunk=587 total=587/6151 after=0.050062s
2026-08-31 04:47:50,900 DEBUG   echo chunk=576 total=1163/6151 after=0.100223s
2026-08-31 04:47:50,950 DEBUG   echo chunk=576 total=1739/6151 after=0.150405s
2026-08-31 04:47:51,000 DEBUG   echo chunk=512 total=2251/6151 after=0.200566s
2026-08-31 04:47:51,051 DEBUG   echo chunk=576 total=2827/6151 after=0.250724s
2026-08-31 04:47:51,101 DEBUG   echo chunk=576 total=3403/6151 after=0.300869s
2026-08-31 04:47:51,151 DEBUG   echo chunk=576 total=3979/6151 after=0.351020s
2026-08-31 04:47:51,201 DEBUG   echo chunk=576 total=4555/6151 after=0.401169s
2026-08-31 04:47:51,251 DEBUG   echo chunk=576 total=5131/6151 after=0.451303s
2026-08-31 04:47:51,301 DEBUG   echo chunk=576 total=5707/6151 after=0.501451s
2026-08-31 04:47:51,336 DEBUG   echo chunk=444 total=6151/6151 after=0.535672s
2026-08-31 04:47:51,342 DEBUG   device: b'@RESULT mode=tx sequence=22 size=6151 tail=7 tx=6151 status=PASS'
2026-08-31 04:47:51,342 INFO    case=23/23 PASS size=6151 dma=6144 tail=7 elapsed=0.536s
2026-08-31 04:47:51,344 INFO    SUMMARY status=PASS passed=23 failed=0 elapsed=4.303s
