2026-08-31 15:53:59,673 INFO    DMA mode=baud-matrix profile=smoke port=/dev/ttyUSB0 baud=115200 payload=256 cycles=1
2026-08-31 15:53:59,695 INFO    BAUD_MATRIX status=BEGIN rates=1 cases_per_rate=58 order=300
2026-08-31 15:53:59,700 INFO    BAUD_RATE status=BEGIN rate=1/1 index=0 baud=300 timeout=621.8s
2026-08-31 15:54:01,237 INFO    BAUD_SWITCH status=PASS old_index=11 old=115200 new_index=0 new=300
2026-08-31 15:54:01,238 INFO    SUITE status=BEGIN cases=58 full_profile=SKIPPED
2026-08-31 15:54:01,238 INFO    SECTION name=smoke status=BEGIN cases=1 payload=256
2026-08-31 15:54:43,610 INFO    section=smoke cycle=1/1 PASS frame_payload=256 elapsed=18.716s roundtrip=0.0 KiB/s
2026-08-31 15:54:43,610 INFO    SECTION name=smoke status=PASS passed=1 failed=0 elapsed=18.716s
2026-08-31 15:54:43,610 INFO    SECTION name=large-6144 status=BEGIN cases=1 payload=6144
2026-08-31 16:02:02,070 INFO    section=large-6144 cycle=1/1 PASS frame_payload=6144 elapsed=412.202s roundtrip=0.0 KiB/s
2026-08-31 16:02:02,071 INFO    SECTION name=large-6144 status=PASS passed=1 failed=0 elapsed=412.202s
2026-08-31 16:02:02,071 INFO    SECTION name=stress status=BEGIN cases=10 payload=6144
2026-08-31 16:09:20,472 INFO    section=stress cycle=1/10 PASS frame_payload=6144 elapsed=412.144s roundtrip=0.0 KiB/s
2026-08-31 16:16:38,994 INFO    section=stress cycle=2/10 PASS frame_payload=6144 elapsed=412.266s roundtrip=0.0 KiB/s
2026-08-31 16:23:57,499 INFO    section=stress cycle=3/10 PASS frame_payload=6144 elapsed=412.247s roundtrip=0.0 KiB/s
2026-08-31 16:31:14,745 INFO    section=stress cycle=4/10 PASS frame_payload=6144 elapsed=412.236s roundtrip=0.0 KiB/s
2026-08-31 16:38:33,242 INFO    section=stress cycle=5/10 PASS frame_payload=6144 elapsed=412.238s roundtrip=0.0 KiB/s
2026-08-31 16:45:51,786 INFO    section=stress cycle=6/10 PASS frame_payload=6144 elapsed=412.285s roundtrip=0.0 KiB/s
2026-08-31 16:53:07,832 INFO    section=stress cycle=7/10 PASS frame_payload=6144 elapsed=412.251s roundtrip=0.0 KiB/s
2026-08-31 17:00:26,355 INFO    section=stress cycle=8/10 PASS frame_payload=6144 elapsed=412.265s roundtrip=0.0 KiB/s
2026-08-31 17:07:46,193 INFO    section=stress cycle=9/10 PASS frame_payload=6144 elapsed=412.229s roundtrip=0.0 KiB/s
2026-08-31 17:15:06,021 INFO    section=stress cycle=10/10 PASS frame_payload=6144 elapsed=412.219s roundtrip=0.0 KiB/s
2026-08-31 17:15:06,021 INFO    SECTION name=stress status=PASS passed=10 failed=0 elapsed=4122.380s
2026-08-31 17:15:06,021 INFO    SECTION name=tx-tail status=BEGIN cases=23
2026-08-31 17:15:27,969 INFO    section=tx-tail case=1/23 PASS size=2 dma=0 tail=2 elapsed=0.068s
2026-08-31 17:15:48,803 INFO    section=tx-tail case=2/23 PASS size=3 dma=0 tail=3 elapsed=0.103s
2026-08-31 17:16:10,819 INFO    section=tx-tail case=3/23 PASS size=4 dma=0 tail=4 elapsed=0.137s
2026-08-31 17:16:32,869 INFO    section=tx-tail case=4/23 PASS size=5 dma=0 tail=5 elapsed=0.171s
2026-08-31 17:16:54,954 INFO    section=tx-tail case=5/23 PASS size=6 dma=0 tail=6 elapsed=0.205s
2026-08-31 17:17:17,073 INFO    section=tx-tail case=6/23 PASS size=7 dma=0 tail=7 elapsed=0.239s
2026-08-31 17:17:38,074 INFO    section=tx-tail case=7/23 PASS size=8 dma=8 tail=0 elapsed=0.269s
2026-08-31 17:18:00,256 INFO    section=tx-tail case=8/23 PASS size=9 dma=8 tail=1 elapsed=0.303s
2026-08-31 17:18:23,757 INFO    section=tx-tail case=9/23 PASS size=10 dma=8 tail=2 elapsed=0.337s
2026-08-31 17:18:46,111 INFO    section=tx-tail case=10/23 PASS size=11 dma=8 tail=3 elapsed=0.372s
2026-08-31 17:19:09,680 INFO    section=tx-tail case=11/23 PASS size=12 dma=8 tail=4 elapsed=0.405s
2026-08-31 17:19:33,283 INFO    section=tx-tail case=12/23 PASS size=13 dma=8 tail=5 elapsed=0.440s
2026-08-31 17:19:56,921 INFO    section=tx-tail case=13/23 PASS size=14 dma=8 tail=6 elapsed=0.474s
2026-08-31 17:20:20,593 INFO    section=tx-tail case=14/23 PASS size=15 dma=8 tail=7 elapsed=0.508s
2026-08-31 17:20:43,146 INFO    section=tx-tail case=15/23 PASS size=16 dma=16 tail=0 elapsed=0.537s
2026-08-31 17:24:35,162 INFO    section=tx-tail case=16/23 PASS size=6144 dma=6144 tail=0 elapsed=206.080s
2026-08-31 17:28:27,212 INFO    section=tx-tail case=17/23 PASS size=6145 dma=6144 tail=1 elapsed=206.113s
2026-08-31 17:32:19,136 INFO    section=tx-tail case=18/23 PASS size=6146 dma=6144 tail=2 elapsed=205.984s
2026-08-31 17:36:11,188 INFO    section=tx-tail case=19/23 PASS size=6147 dma=6144 tail=3 elapsed=206.096s
2026-08-31 17:40:02,070 INFO    section=tx-tail case=20/23 PASS size=6148 dma=6144 tail=4 elapsed=206.194s
2026-08-31 17:43:54,251 INFO    section=tx-tail case=21/23 PASS size=6149 dma=6144 tail=5 elapsed=206.249s
2026-08-31 17:47:46,442 INFO    section=tx-tail case=22/23 PASS size=6150 dma=6144 tail=6 elapsed=206.257s
2026-08-31 17:51:37,461 INFO    section=tx-tail case=23/23 PASS size=6151 dma=6144 tail=7 elapsed=206.335s
2026-08-31 17:51:37,461 INFO    SECTION name=tx-tail status=PASS passed=23 failed=0 elapsed=1653.876s
2026-08-31 17:51:37,461 INFO    SECTION name=rx-tail status=BEGIN cases=23
2026-08-31 17:52:00,314 INFO    section=rx-tail case=1/23 PASS size=2 dma=0 tail=2 elapsed=2.973s
2026-08-31 17:52:23,200 INFO    section=rx-tail case=2/23 PASS size=3 dma=0 tail=3 elapsed=3.006s
2026-08-31 17:52:46,119 INFO    section=rx-tail case=3/23 PASS size=4 dma=0 tail=4 elapsed=3.040s
2026-08-31 17:53:09,070 INFO    section=rx-tail case=4/23 PASS size=5 dma=0 tail=5 elapsed=3.073s
2026-08-31 17:53:30,908 INFO    section=rx-tail case=5/23 PASS size=6 dma=0 tail=6 elapsed=3.106s
2026-08-31 17:53:53,925 INFO    section=rx-tail case=6/23 PASS size=7 dma=0 tail=7 elapsed=3.139s
2026-08-31 17:54:16,976 INFO    section=rx-tail case=7/23 PASS size=8 dma=8 tail=0 elapsed=3.172s
2026-08-31 17:54:38,913 INFO    section=rx-tail case=8/23 PASS size=9 dma=8 tail=1 elapsed=3.206s
2026-08-31 17:55:03,314 INFO    section=rx-tail case=9/23 PASS size=10 dma=8 tail=2 elapsed=3.308s
2026-08-31 17:55:27,749 INFO    section=rx-tail case=10/23 PASS size=11 dma=8 tail=3 elapsed=3.341s
2026-08-31 17:55:52,216 INFO    section=rx-tail case=11/23 PASS size=12 dma=8 tail=4 elapsed=3.374s
2026-08-31 17:56:16,717 INFO    section=rx-tail case=12/23 PASS size=13 dma=8 tail=5 elapsed=3.407s
2026-08-31 17:56:40,069 INFO    section=rx-tail case=13/23 PASS size=14 dma=8 tail=6 elapsed=3.441s
2026-08-31 17:57:04,637 INFO    section=rx-tail case=14/23 PASS size=15 dma=8 tail=7 elapsed=3.474s
2026-08-31 17:57:29,305 INFO    section=rx-tail case=15/23 PASS size=16 dma=16 tail=0 elapsed=3.541s
2026-08-31 18:01:20,755 INFO    section=rx-tail case=16/23 PASS size=6144 dma=6144 tail=0 elapsed=207.721s
2026-08-31 18:05:12,209 INFO    section=rx-tail case=17/23 PASS size=6145 dma=6144 tail=1 elapsed=207.725s
2026-08-31 18:09:02,407 INFO    section=rx-tail case=18/23 PASS size=6146 dma=6144 tail=2 elapsed=207.719s
2026-08-31 18:12:53,907 INFO    section=rx-tail case=19/23 PASS size=6147 dma=6144 tail=3 elapsed=207.772s
2026-08-31 18:16:45,476 INFO    section=rx-tail case=20/23 PASS size=6148 dma=6144 tail=4 elapsed=207.842s
2026-08-31 18:20:35,830 INFO    section=rx-tail case=21/23 PASS size=6149 dma=6144 tail=5 elapsed=207.873s
2026-08-31 18:24:27,482 INFO    section=rx-tail case=22/23 PASS size=6150 dma=6144 tail=6 elapsed=207.923s
2026-08-31 18:28:19,157 INFO    section=rx-tail case=23/23 PASS size=6151 dma=6144 tail=7 elapsed=207.947s
2026-08-31 18:28:19,157 INFO    SECTION name=rx-tail status=PASS passed=23 failed=0 elapsed=1711.122s
2026-08-31 18:28:19,157 INFO    SUITE status=PASS passed=58 failed=0 full_profile=SKIPPED
2026-08-31 18:28:19,157 INFO    BAUD_RATE status=PASS rate=1/1 index=0 baud=300 passed=58 failed=0 elapsed=7918.296s
2026-08-31 18:28:28,526 INFO    BAUD_SWITCH status=PASS old_index=0 old=300 new_index=11 new=115200
2026-08-31 18:28:28,527 INFO    BAUD_MATRIX status=PASS rates_passed=1 rates_unsupported=0 rates_failed=0 hardware_cases_passed=58
2026-08-31 18:28:28,528 INFO    SUMMARY status=PASS passed=58 failed=0 elapsed=7918.296s wall_elapsed=9268.855s
