2026-09-01 04:17:21,480 INFO    UART mode=baud-matrix transports=polling,isr,dma profile=smoke port=/dev/ttyUSB0 baud=115200 payload=256 cycles=1
2026-09-01 04:17:21,499 INFO    BAUD_MATRIX status=BEGIN rates=3 transports=3 cases_per_rate=180 order=14400,115200,921600
2026-09-01 04:17:21,504 INFO    BAUD_RATE status=BEGIN rate=1/3 index=6 baud=14400 timeout=30.0s
2026-09-01 04:17:21,586 INFO    BAUD_SWITCH status=PASS old_index=11 old=115200 new_index=6 new=14400
2026-09-01 04:17:21,586 INFO    SUITE transport=polling status=BEGIN cases=60 full_profile=SKIPPED
2026-09-01 04:17:21,586 INFO    SECTION transport=polling name=smoke status=BEGIN cases=1 payload=256
2026-09-01 04:17:22,792 INFO    transport=polling section=smoke cycle=1/1 PASS frame_payload=256 elapsed=0.404s roundtrip=1.2 KiB/s
2026-09-01 04:17:22,792 INFO    SECTION name=smoke status=PASS passed=1 failed=0 elapsed=0.404s
2026-09-01 04:17:22,792 INFO    SECTION transport=polling name=large-6144 status=BEGIN cases=1 payload=6144
2026-09-01 04:17:32,270 INFO    transport=polling section=large-6144 cycle=1/1 PASS frame_payload=6144 elapsed=8.596s roundtrip=1.4 KiB/s
2026-09-01 04:17:32,270 INFO    SECTION name=large-6144 status=PASS passed=1 failed=0 elapsed=8.596s
2026-09-01 04:17:32,270 INFO    SECTION transport=polling name=stress status=BEGIN cases=10 payload=6144
2026-09-01 04:17:41,747 INFO    transport=polling section=stress cycle=1/10 PASS frame_payload=6144 elapsed=8.596s roundtrip=1.4 KiB/s
2026-09-01 04:17:51,225 INFO    transport=polling section=stress cycle=2/10 PASS frame_payload=6144 elapsed=8.596s roundtrip=1.4 KiB/s
2026-09-01 04:18:00,703 INFO    transport=polling section=stress cycle=3/10 PASS frame_payload=6144 elapsed=8.596s roundtrip=1.4 KiB/s
2026-09-01 04:18:10,149 INFO    transport=polling section=stress cycle=4/10 PASS frame_payload=6144 elapsed=8.596s roundtrip=1.4 KiB/s
2026-09-01 04:18:19,627 INFO    transport=polling section=stress cycle=5/10 PASS frame_payload=6144 elapsed=8.596s roundtrip=1.4 KiB/s
2026-09-01 04:18:29,105 INFO    transport=polling section=stress cycle=6/10 PASS frame_payload=6144 elapsed=8.596s roundtrip=1.4 KiB/s
2026-09-01 04:18:38,518 INFO    transport=polling section=stress cycle=7/10 PASS frame_payload=6144 elapsed=8.596s roundtrip=1.4 KiB/s
2026-09-01 04:18:47,996 INFO    transport=polling section=stress cycle=8/10 PASS frame_payload=6144 elapsed=8.596s roundtrip=1.4 KiB/s
2026-09-01 04:18:57,507 INFO    transport=polling section=stress cycle=9/10 PASS frame_payload=6144 elapsed=8.597s roundtrip=1.4 KiB/s
2026-09-01 04:19:07,018 INFO    transport=polling section=stress cycle=10/10 PASS frame_payload=6144 elapsed=8.597s roundtrip=1.4 KiB/s
2026-09-01 04:19:07,018 INFO    SECTION name=stress status=PASS passed=10 failed=0 elapsed=85.959s
2026-09-01 04:19:07,018 INFO    SECTION transport=polling name=tx-tail status=BEGIN cases=23
2026-09-01 04:19:07,706 INFO    section=tx-tail case=1/23 PASS size=2 dma=0 tail=2 elapsed=0.000s
2026-09-01 04:19:08,362 INFO    section=tx-tail case=2/23 PASS size=3 dma=0 tail=3 elapsed=0.000s
2026-09-01 04:19:09,050 INFO    section=tx-tail case=3/23 PASS size=4 dma=0 tail=4 elapsed=0.000s
2026-09-01 04:19:09,738 INFO    section=tx-tail case=4/23 PASS size=5 dma=0 tail=5 elapsed=0.000s
2026-09-01 04:19:10,426 INFO    section=tx-tail case=5/23 PASS size=6 dma=0 tail=6 elapsed=0.000s
2026-09-01 04:19:11,114 INFO    section=tx-tail case=6/23 PASS size=7 dma=0 tail=7 elapsed=0.000s
2026-09-01 04:19:11,770 INFO    section=tx-tail case=7/23 PASS size=8 dma=8 tail=0 elapsed=0.000s
2026-09-01 04:19:12,474 INFO    section=tx-tail case=8/23 PASS size=9 dma=8 tail=1 elapsed=0.000s
2026-09-01 04:19:13,194 INFO    section=tx-tail case=9/23 PASS size=10 dma=8 tail=2 elapsed=0.000s
2026-09-01 04:19:13,898 INFO    section=tx-tail case=10/23 PASS size=11 dma=8 tail=3 elapsed=0.000s
2026-09-01 04:19:14,634 INFO    section=tx-tail case=11/23 PASS size=12 dma=8 tail=4 elapsed=0.000s
2026-09-01 04:19:15,370 INFO    section=tx-tail case=12/23 PASS size=13 dma=8 tail=5 elapsed=0.000s
2026-09-01 04:19:16,106 INFO    section=tx-tail case=13/23 PASS size=14 dma=8 tail=6 elapsed=0.000s
2026-09-01 04:19:16,842 INFO    section=tx-tail case=14/23 PASS size=15 dma=8 tail=7 elapsed=0.000s
2026-09-01 04:19:17,546 INFO    section=tx-tail case=15/23 PASS size=16 dma=16 tail=0 elapsed=0.016s
2026-09-01 04:19:22,618 INFO    section=tx-tail case=16/23 PASS size=6144 dma=6144 tail=0 elapsed=4.288s
2026-09-01 04:19:27,705 INFO    section=tx-tail case=17/23 PASS size=6145 dma=6144 tail=1 elapsed=4.288s
2026-09-01 04:19:32,793 INFO    section=tx-tail case=18/23 PASS size=6146 dma=6144 tail=2 elapsed=4.288s
2026-09-01 04:19:37,881 INFO    section=tx-tail case=19/23 PASS size=6147 dma=6144 tail=3 elapsed=4.288s
2026-09-01 04:19:42,937 INFO    section=tx-tail case=20/23 PASS size=6148 dma=6144 tail=4 elapsed=4.288s
2026-09-01 04:19:48,025 INFO    section=tx-tail case=21/23 PASS size=6149 dma=6144 tail=5 elapsed=4.288s
2026-09-01 04:19:53,113 INFO    section=tx-tail case=22/23 PASS size=6150 dma=6144 tail=6 elapsed=4.288s
2026-09-01 04:19:58,169 INFO    section=tx-tail case=23/23 PASS size=6151 dma=6144 tail=7 elapsed=4.288s
2026-09-01 04:19:58,169 INFO    SECTION name=tx-tail status=PASS passed=23 failed=0 elapsed=34.319s
2026-09-01 04:19:58,169 INFO    SECTION transport=polling name=rx-tail status=BEGIN cases=23
2026-09-01 04:19:58,925 INFO    section=rx-tail case=1/23 PASS size=2 dma=0 tail=2 elapsed=0.066s
2026-09-01 04:19:59,682 INFO    section=rx-tail case=2/23 PASS size=3 dma=0 tail=3 elapsed=0.067s
2026-09-01 04:20:00,440 INFO    section=rx-tail case=3/23 PASS size=4 dma=0 tail=4 elapsed=0.068s
2026-09-01 04:20:01,198 INFO    section=rx-tail case=4/23 PASS size=5 dma=0 tail=5 elapsed=0.068s
2026-09-01 04:20:01,925 INFO    section=rx-tail case=5/23 PASS size=6 dma=0 tail=6 elapsed=0.069s
2026-09-01 04:20:02,685 INFO    section=rx-tail case=6/23 PASS size=7 dma=0 tail=7 elapsed=0.070s
2026-09-01 04:20:03,461 INFO    section=rx-tail case=7/23 PASS size=8 dma=8 tail=0 elapsed=0.086s
2026-09-01 04:20:04,190 INFO    section=rx-tail case=8/23 PASS size=9 dma=8 tail=1 elapsed=0.071s
2026-09-01 04:20:05,000 INFO    section=rx-tail case=9/23 PASS size=10 dma=8 tail=2 elapsed=0.088s
2026-09-01 04:20:05,810 INFO    section=rx-tail case=10/23 PASS size=11 dma=8 tail=3 elapsed=0.088s
2026-09-01 04:20:06,621 INFO    section=rx-tail case=11/23 PASS size=12 dma=8 tail=4 elapsed=0.089s
2026-09-01 04:20:07,433 INFO    section=rx-tail case=12/23 PASS size=13 dma=8 tail=5 elapsed=0.090s
2026-09-01 04:20:08,214 INFO    section=rx-tail case=13/23 PASS size=14 dma=8 tail=6 elapsed=0.091s
2026-09-01 04:20:09,027 INFO    section=rx-tail case=14/23 PASS size=15 dma=8 tail=7 elapsed=0.091s
2026-09-01 04:20:09,841 INFO    section=rx-tail case=15/23 PASS size=16 dma=16 tail=0 elapsed=0.092s
2026-09-01 04:20:14,982 INFO    section=rx-tail case=16/23 PASS size=6144 dma=6144 tail=0 elapsed=4.356s
2026-09-01 04:20:20,125 INFO    section=rx-tail case=17/23 PASS size=6145 dma=6144 tail=1 elapsed=4.357s
2026-09-01 04:20:25,237 INFO    section=rx-tail case=18/23 PASS size=6146 dma=6144 tail=2 elapsed=4.358s
2026-09-01 04:20:30,381 INFO    section=rx-tail case=19/23 PASS size=6147 dma=6144 tail=3 elapsed=4.358s
2026-09-01 04:20:35,526 INFO    section=rx-tail case=20/23 PASS size=6148 dma=6144 tail=4 elapsed=4.359s
2026-09-01 04:20:40,640 INFO    section=rx-tail case=21/23 PASS size=6149 dma=6144 tail=5 elapsed=4.360s
2026-09-01 04:20:45,786 INFO    section=rx-tail case=22/23 PASS size=6150 dma=6144 tail=6 elapsed=4.360s
2026-09-01 04:20:50,933 INFO    section=rx-tail case=23/23 PASS size=6151 dma=6144 tail=7 elapsed=4.361s
2026-09-01 04:20:50,933 INFO    SECTION name=rx-tail status=PASS passed=23 failed=0 elapsed=36.061s
2026-09-01 04:20:50,933 INFO    SECTION transport=polling name=recovery status=BEGIN cases=1
2026-09-01 04:20:54,223 INFO    SECTION transport=polling name=recovery status=PASS passed=1 failed=0 elapsed=3.290s
2026-09-01 04:20:54,223 INFO    SECTION transport=polling name=unaligned-cache status=BEGIN cases=1
2026-09-01 04:21:03,846 INFO    SECTION transport=polling name=unaligned-cache status=PASS passed=1 failed=0 elapsed=8.677s
2026-09-01 04:21:03,846 INFO    SUITE transport=polling status=PASS passed=60 failed=0 full_profile=SKIPPED
2026-09-01 04:21:03,846 INFO    SUITE transport=isr status=BEGIN cases=60 full_profile=SKIPPED
2026-09-01 04:21:03,846 INFO    SECTION transport=isr name=smoke status=BEGIN cases=1 payload=256
2026-09-01 04:21:04,945 INFO    transport=isr section=smoke cycle=1/1 PASS frame_payload=256 elapsed=0.425s roundtrip=1.2 KiB/s
2026-09-01 04:21:04,945 INFO    SECTION name=smoke status=PASS passed=1 failed=0 elapsed=0.425s
2026-09-01 04:21:04,945 INFO    SECTION transport=isr name=large-6144 status=BEGIN cases=1 payload=6144
2026-09-01 04:21:14,316 INFO    transport=isr section=large-6144 cycle=1/1 PASS frame_payload=6144 elapsed=8.618s roundtrip=1.4 KiB/s
2026-09-01 04:21:14,316 INFO    SECTION name=large-6144 status=PASS passed=1 failed=0 elapsed=8.618s
2026-09-01 04:21:14,316 INFO    SECTION transport=isr name=stress status=BEGIN cases=10 payload=6144
2026-09-01 04:21:23,688 INFO    transport=isr section=stress cycle=1/10 PASS frame_payload=6144 elapsed=8.618s roundtrip=1.4 KiB/s
2026-09-01 04:21:33,060 INFO    transport=isr section=stress cycle=2/10 PASS frame_payload=6144 elapsed=8.618s roundtrip=1.4 KiB/s
2026-09-01 04:21:42,432 INFO    transport=isr section=stress cycle=3/10 PASS frame_payload=6144 elapsed=8.618s roundtrip=1.4 KiB/s
2026-09-01 04:21:51,771 INFO    transport=isr section=stress cycle=4/10 PASS frame_payload=6144 elapsed=8.617s roundtrip=1.4 KiB/s
2026-09-01 04:22:01,141 INFO    transport=isr section=stress cycle=5/10 PASS frame_payload=6144 elapsed=8.617s roundtrip=1.4 KiB/s
2026-09-01 04:22:10,512 INFO    transport=isr section=stress cycle=6/10 PASS frame_payload=6144 elapsed=8.617s roundtrip=1.4 KiB/s
2026-09-01 04:22:19,820 INFO    transport=isr section=stress cycle=7/10 PASS frame_payload=6144 elapsed=8.618s roundtrip=1.4 KiB/s
2026-09-01 04:22:29,192 INFO    transport=isr section=stress cycle=8/10 PASS frame_payload=6144 elapsed=8.618s roundtrip=1.4 KiB/s
2026-09-01 04:22:38,596 INFO    transport=isr section=stress cycle=9/10 PASS frame_payload=6144 elapsed=8.618s roundtrip=1.4 KiB/s
2026-09-01 04:22:47,999 INFO    transport=isr section=stress cycle=10/10 PASS frame_payload=6144 elapsed=8.618s roundtrip=1.4 KiB/s
2026-09-01 04:22:48,000 INFO    SECTION name=stress status=PASS passed=10 failed=0 elapsed=86.174s
2026-09-01 04:22:48,000 INFO    SECTION transport=isr name=tx-tail status=BEGIN cases=23
2026-09-01 04:22:48,575 INFO    section=tx-tail case=1/23 PASS size=2 dma=0 tail=2 elapsed=0.000s
2026-09-01 04:22:49,119 INFO    section=tx-tail case=2/23 PASS size=3 dma=0 tail=3 elapsed=0.000s
2026-09-01 04:22:49,695 INFO    section=tx-tail case=3/23 PASS size=4 dma=0 tail=4 elapsed=0.000s
2026-09-01 04:22:50,271 INFO    section=tx-tail case=4/23 PASS size=5 dma=0 tail=5 elapsed=0.000s
2026-09-01 04:22:50,847 INFO    section=tx-tail case=5/23 PASS size=6 dma=0 tail=6 elapsed=0.000s
2026-09-01 04:22:51,423 INFO    section=tx-tail case=6/23 PASS size=7 dma=0 tail=7 elapsed=0.000s
2026-09-01 04:22:51,967 INFO    section=tx-tail case=7/23 PASS size=8 dma=8 tail=0 elapsed=0.000s
2026-09-01 04:22:52,543 INFO    section=tx-tail case=8/23 PASS size=9 dma=8 tail=1 elapsed=0.000s
2026-09-01 04:22:53,151 INFO    section=tx-tail case=9/23 PASS size=10 dma=8 tail=2 elapsed=0.016s
2026-09-01 04:22:53,727 INFO    section=tx-tail case=10/23 PASS size=11 dma=8 tail=3 elapsed=0.000s
2026-09-01 04:22:54,335 INFO    section=tx-tail case=11/23 PASS size=12 dma=8 tail=4 elapsed=0.016s
2026-09-01 04:22:54,943 INFO    section=tx-tail case=12/23 PASS size=13 dma=8 tail=5 elapsed=0.016s
2026-09-01 04:22:55,551 INFO    section=tx-tail case=13/23 PASS size=14 dma=8 tail=6 elapsed=0.016s
2026-09-01 04:22:56,159 INFO    section=tx-tail case=14/23 PASS size=15 dma=8 tail=7 elapsed=0.016s
2026-09-01 04:22:56,735 INFO    section=tx-tail case=15/23 PASS size=16 dma=16 tail=0 elapsed=0.000s
2026-09-01 04:23:01,695 INFO    section=tx-tail case=16/23 PASS size=6144 dma=6144 tail=0 elapsed=4.288s
2026-09-01 04:23:06,655 INFO    section=tx-tail case=17/23 PASS size=6145 dma=6144 tail=1 elapsed=4.288s
2026-09-01 04:23:11,615 INFO    section=tx-tail case=18/23 PASS size=6146 dma=6144 tail=2 elapsed=4.288s
2026-09-01 04:23:16,575 INFO    section=tx-tail case=19/23 PASS size=6147 dma=6144 tail=3 elapsed=4.288s
2026-09-01 04:23:21,503 INFO    section=tx-tail case=20/23 PASS size=6148 dma=6144 tail=4 elapsed=4.288s
2026-09-01 04:23:26,463 INFO    section=tx-tail case=21/23 PASS size=6149 dma=6144 tail=5 elapsed=4.288s
2026-09-01 04:23:31,423 INFO    section=tx-tail case=22/23 PASS size=6150 dma=6144 tail=6 elapsed=4.304s
2026-09-01 04:23:36,350 INFO    section=tx-tail case=23/23 PASS size=6151 dma=6144 tail=7 elapsed=4.288s
2026-09-01 04:23:36,351 INFO    SECTION name=tx-tail status=PASS passed=23 failed=0 elapsed=34.398s
2026-09-01 04:23:36,351 INFO    SECTION transport=isr name=rx-tail status=BEGIN cases=23
2026-09-01 04:23:37,001 INFO    section=rx-tail case=1/23 PASS size=2 dma=0 tail=2 elapsed=0.072s
2026-09-01 04:23:37,655 INFO    section=rx-tail case=2/23 PASS size=3 dma=0 tail=3 elapsed=0.076s
2026-09-01 04:23:38,313 INFO    section=rx-tail case=3/23 PASS size=4 dma=0 tail=4 elapsed=0.080s
2026-09-01 04:23:38,973 INFO    section=rx-tail case=4/23 PASS size=5 dma=0 tail=5 elapsed=0.083s
2026-09-01 04:23:39,606 INFO    section=rx-tail case=5/23 PASS size=6 dma=0 tail=6 elapsed=0.087s
2026-09-01 04:23:40,275 INFO    section=rx-tail case=6/23 PASS size=7 dma=0 tail=7 elapsed=0.091s
2026-09-01 04:23:40,944 INFO    section=rx-tail case=7/23 PASS size=8 dma=8 tail=0 elapsed=0.091s
2026-09-01 04:23:41,582 INFO    section=rx-tail case=8/23 PASS size=9 dma=8 tail=1 elapsed=0.092s
2026-09-01 04:23:42,269 INFO    section=rx-tail case=9/23 PASS size=10 dma=8 tail=2 elapsed=0.093s
2026-09-01 04:23:42,956 INFO    section=rx-tail case=10/23 PASS size=11 dma=8 tail=3 elapsed=0.093s
2026-09-01 04:23:43,644 INFO    section=rx-tail case=11/23 PASS size=12 dma=8 tail=4 elapsed=0.094s
2026-09-01 04:23:44,333 INFO    section=rx-tail case=12/23 PASS size=13 dma=8 tail=5 elapsed=0.095s
2026-09-01 04:23:45,006 INFO    section=rx-tail case=13/23 PASS size=14 dma=8 tail=6 elapsed=0.095s
2026-09-01 04:23:45,696 INFO    section=rx-tail case=14/23 PASS size=15 dma=8 tail=7 elapsed=0.096s
2026-09-01 04:23:46,387 INFO    section=rx-tail case=15/23 PASS size=16 dma=16 tail=0 elapsed=0.097s
2026-09-01 04:23:51,422 INFO    section=rx-tail case=16/23 PASS size=6144 dma=6144 tail=0 elapsed=4.377s
2026-09-01 04:23:56,458 INFO    section=rx-tail case=17/23 PASS size=6145 dma=6144 tail=1 elapsed=4.378s
2026-09-01 04:24:01,462 INFO    section=rx-tail case=18/23 PASS size=6146 dma=6144 tail=2 elapsed=4.378s
2026-09-01 04:24:06,499 INFO    section=rx-tail case=19/23 PASS size=6147 dma=6144 tail=3 elapsed=4.379s
2026-09-01 04:24:11,537 INFO    section=rx-tail case=20/23 PASS size=6148 dma=6144 tail=4 elapsed=4.380s
2026-09-01 04:24:16,544 INFO    section=rx-tail case=21/23 PASS size=6149 dma=6144 tail=5 elapsed=4.381s
2026-09-01 04:24:21,583 INFO    section=rx-tail case=22/23 PASS size=6150 dma=6144 tail=6 elapsed=4.381s
2026-09-01 04:24:26,622 INFO    section=rx-tail case=23/23 PASS size=6151 dma=6144 tail=7 elapsed=4.382s
2026-09-01 04:24:26,623 INFO    SECTION name=rx-tail status=PASS passed=23 failed=0 elapsed=36.369s
2026-09-01 04:24:26,623 INFO    SECTION transport=isr name=recovery status=BEGIN cases=1
2026-09-01 04:24:28,585 INFO    SECTION transport=isr name=recovery status=PASS passed=1 failed=0 elapsed=1.963s
2026-09-01 04:24:28,586 INFO    SECTION transport=isr name=unaligned-cache status=BEGIN cases=1
2026-09-01 04:24:38,085 INFO    SECTION transport=isr name=unaligned-cache status=PASS passed=1 failed=0 elapsed=8.698s
2026-09-01 04:24:38,085 INFO    SUITE transport=isr status=PASS passed=60 failed=0 full_profile=SKIPPED
2026-09-01 04:24:38,085 INFO    SUITE transport=dma status=BEGIN cases=60 full_profile=SKIPPED
2026-09-01 04:24:38,085 INFO    SECTION transport=dma name=smoke status=BEGIN cases=1 payload=256
2026-09-01 04:24:39,163 INFO    transport=dma section=smoke cycle=1/1 PASS frame_payload=256 elapsed=0.404s roundtrip=1.2 KiB/s
2026-09-01 04:24:39,163 INFO    SECTION name=smoke status=PASS passed=1 failed=0 elapsed=0.404s
2026-09-01 04:24:39,163 INFO    SECTION transport=dma name=large-6144 status=BEGIN cases=1 payload=6144
2026-09-01 04:24:48,514 INFO    transport=dma section=large-6144 cycle=1/1 PASS frame_payload=6144 elapsed=8.597s roundtrip=1.4 KiB/s
2026-09-01 04:24:48,514 INFO    SECTION name=large-6144 status=PASS passed=1 failed=0 elapsed=8.597s
2026-09-01 04:24:48,514 INFO    SECTION transport=dma name=stress status=BEGIN cases=10 payload=6144
2026-09-01 04:24:57,865 INFO    transport=dma section=stress cycle=1/10 PASS frame_payload=6144 elapsed=8.597s roundtrip=1.4 KiB/s
2026-09-01 04:25:07,217 INFO    transport=dma section=stress cycle=2/10 PASS frame_payload=6144 elapsed=8.598s roundtrip=1.4 KiB/s
2026-09-01 04:25:16,568 INFO    transport=dma section=stress cycle=3/10 PASS frame_payload=6144 elapsed=8.598s roundtrip=1.4 KiB/s
2026-09-01 04:25:25,888 INFO    transport=dma section=stress cycle=4/10 PASS frame_payload=6144 elapsed=8.598s roundtrip=1.4 KiB/s
2026-09-01 04:25:35,240 INFO    transport=dma section=stress cycle=5/10 PASS frame_payload=6144 elapsed=8.598s roundtrip=1.4 KiB/s
2026-09-01 04:25:44,592 INFO    transport=dma section=stress cycle=6/10 PASS frame_payload=6144 elapsed=8.598s roundtrip=1.4 KiB/s
2026-09-01 04:25:53,880 INFO    transport=dma section=stress cycle=7/10 PASS frame_payload=6144 elapsed=8.598s roundtrip=1.4 KiB/s
2026-09-01 04:26:03,231 INFO    transport=dma section=stress cycle=8/10 PASS frame_payload=6144 elapsed=8.598s roundtrip=1.4 KiB/s
2026-09-01 04:26:12,614 INFO    transport=dma section=stress cycle=9/10 PASS frame_payload=6144 elapsed=8.597s roundtrip=1.4 KiB/s
2026-09-01 04:26:21,998 INFO    transport=dma section=stress cycle=10/10 PASS frame_payload=6144 elapsed=8.598s roundtrip=1.4 KiB/s
2026-09-01 04:26:21,998 INFO    SECTION name=stress status=PASS passed=10 failed=0 elapsed=85.975s
2026-09-01 04:26:21,998 INFO    SECTION transport=dma name=tx-tail status=BEGIN cases=23
2026-09-01 04:26:22,558 INFO    section=tx-tail case=1/23 PASS size=2 dma=0 tail=2 elapsed=0.000s
2026-09-01 04:26:23,102 INFO    section=tx-tail case=2/23 PASS size=3 dma=0 tail=3 elapsed=0.000s
2026-09-01 04:26:23,662 INFO    section=tx-tail case=3/23 PASS size=4 dma=0 tail=4 elapsed=0.000s
2026-09-01 04:26:24,222 INFO    section=tx-tail case=4/23 PASS size=5 dma=0 tail=5 elapsed=0.000s
2026-09-01 04:26:24,798 INFO    section=tx-tail case=5/23 PASS size=6 dma=0 tail=6 elapsed=0.000s
2026-09-01 04:26:25,358 INFO    section=tx-tail case=6/23 PASS size=7 dma=0 tail=7 elapsed=0.000s
2026-09-01 04:26:25,902 INFO    section=tx-tail case=7/23 PASS size=8 dma=8 tail=0 elapsed=0.000s
2026-09-01 04:26:26,478 INFO    section=tx-tail case=8/23 PASS size=9 dma=8 tail=1 elapsed=0.000s
2026-09-01 04:26:27,070 INFO    section=tx-tail case=9/23 PASS size=10 dma=8 tail=2 elapsed=0.016s
2026-09-01 04:26:27,646 INFO    section=tx-tail case=10/23 PASS size=11 dma=8 tail=3 elapsed=0.000s
2026-09-01 04:26:28,254 INFO    section=tx-tail case=11/23 PASS size=12 dma=8 tail=4 elapsed=0.016s
2026-09-01 04:26:28,862 INFO    section=tx-tail case=12/23 PASS size=13 dma=8 tail=5 elapsed=0.016s
2026-09-01 04:26:29,470 INFO    section=tx-tail case=13/23 PASS size=14 dma=8 tail=6 elapsed=0.016s
2026-09-01 04:26:30,078 INFO    section=tx-tail case=14/23 PASS size=15 dma=8 tail=7 elapsed=0.016s
2026-09-01 04:26:30,654 INFO    section=tx-tail case=15/23 PASS size=16 dma=16 tail=0 elapsed=0.000s
2026-09-01 04:26:35,598 INFO    section=tx-tail case=16/23 PASS size=6144 dma=6144 tail=0 elapsed=4.288s
2026-09-01 04:26:40,542 INFO    section=tx-tail case=17/23 PASS size=6145 dma=6144 tail=1 elapsed=4.288s
2026-09-01 04:26:45,486 INFO    section=tx-tail case=18/23 PASS size=6146 dma=6144 tail=2 elapsed=4.288s
2026-09-01 04:26:50,430 INFO    section=tx-tail case=19/23 PASS size=6147 dma=6144 tail=3 elapsed=4.288s
2026-09-01 04:26:55,357 INFO    section=tx-tail case=20/23 PASS size=6148 dma=6144 tail=4 elapsed=4.288s
2026-09-01 04:27:00,301 INFO    section=tx-tail case=21/23 PASS size=6149 dma=6144 tail=5 elapsed=4.304s
2026-09-01 04:27:05,261 INFO    section=tx-tail case=22/23 PASS size=6150 dma=6144 tail=6 elapsed=4.304s
2026-09-01 04:27:10,189 INFO    section=tx-tail case=23/23 PASS size=6151 dma=6144 tail=7 elapsed=4.288s
2026-09-01 04:27:10,189 INFO    SECTION name=tx-tail status=PASS passed=23 failed=0 elapsed=34.414s
2026-09-01 04:27:10,189 INFO    SECTION transport=dma name=rx-tail status=BEGIN cases=23
2026-09-01 04:27:10,833 INFO    section=rx-tail case=1/23 PASS size=2 dma=0 tail=2 elapsed=0.066s
2026-09-01 04:27:11,478 INFO    section=rx-tail case=2/23 PASS size=3 dma=0 tail=3 elapsed=0.067s
2026-09-01 04:27:12,124 INFO    section=rx-tail case=3/23 PASS size=4 dma=0 tail=4 elapsed=0.068s
2026-09-01 04:27:12,770 INFO    section=rx-tail case=4/23 PASS size=5 dma=0 tail=5 elapsed=0.068s
2026-09-01 04:27:13,385 INFO    section=rx-tail case=5/23 PASS size=6 dma=0 tail=6 elapsed=0.069s
2026-09-01 04:27:14,033 INFO    section=rx-tail case=6/23 PASS size=7 dma=0 tail=7 elapsed=0.070s
2026-09-01 04:27:14,682 INFO    section=rx-tail case=7/23 PASS size=8 dma=8 tail=0 elapsed=0.071s
2026-09-01 04:27:15,299 INFO    section=rx-tail case=8/23 PASS size=9 dma=8 tail=1 elapsed=0.071s
2026-09-01 04:27:15,965 INFO    section=rx-tail case=9/23 PASS size=10 dma=8 tail=2 elapsed=0.072s
2026-09-01 04:27:16,632 INFO    section=rx-tail case=10/23 PASS size=11 dma=8 tail=3 elapsed=0.073s
2026-09-01 04:27:17,299 INFO    section=rx-tail case=11/23 PASS size=12 dma=8 tail=4 elapsed=0.073s
2026-09-01 04:27:17,967 INFO    section=rx-tail case=12/23 PASS size=13 dma=8 tail=5 elapsed=0.074s
2026-09-01 04:27:18,620 INFO    section=rx-tail case=13/23 PASS size=14 dma=8 tail=6 elapsed=0.075s
2026-09-01 04:27:19,289 INFO    section=rx-tail case=14/23 PASS size=15 dma=8 tail=7 elapsed=0.075s
2026-09-01 04:27:19,959 INFO    section=rx-tail case=15/23 PASS size=16 dma=16 tail=0 elapsed=0.076s
2026-09-01 04:27:24,974 INFO    section=rx-tail case=16/23 PASS size=6144 dma=6144 tail=0 elapsed=4.357s
2026-09-01 04:27:29,990 INFO    section=rx-tail case=17/23 PASS size=6145 dma=6144 tail=1 elapsed=4.358s
2026-09-01 04:27:34,991 INFO    section=rx-tail case=18/23 PASS size=6146 dma=6144 tail=2 elapsed=4.359s
2026-09-01 04:27:40,009 INFO    section=rx-tail case=19/23 PASS size=6147 dma=6144 tail=3 elapsed=4.360s
2026-09-01 04:27:45,026 INFO    section=rx-tail case=20/23 PASS size=6148 dma=6144 tail=4 elapsed=4.360s
2026-09-01 04:27:50,029 INFO    section=rx-tail case=21/23 PASS size=6149 dma=6144 tail=5 elapsed=4.361s
2026-09-01 04:27:55,049 INFO    section=rx-tail case=22/23 PASS size=6150 dma=6144 tail=6 elapsed=4.362s
2026-09-01 04:28:00,069 INFO    section=rx-tail case=23/23 PASS size=6151 dma=6144 tail=7 elapsed=4.362s
2026-09-01 04:28:00,069 INFO    SECTION name=rx-tail status=PASS passed=23 failed=0 elapsed=35.945s
2026-09-01 04:28:00,069 INFO    SECTION transport=dma name=recovery status=BEGIN cases=1
2026-09-01 04:28:02,031 INFO    SECTION transport=dma name=recovery status=PASS passed=1 failed=0 elapsed=1.962s
2026-09-01 04:28:02,031 INFO    SECTION transport=dma name=unaligned-cache status=BEGIN cases=1
2026-09-01 04:28:11,511 INFO    SECTION transport=dma name=unaligned-cache status=PASS passed=1 failed=0 elapsed=8.678s
2026-09-01 04:28:11,511 INFO    SUITE transport=dma status=PASS passed=60 failed=0 full_profile=SKIPPED
2026-09-01 04:28:11,511 INFO    BAUD_RATE status=PASS rate=1/3 index=6 baud=14400 passed=180 failed=0 elapsed=529.925s
2026-09-01 04:28:11,735 INFO    BAUD_SWITCH status=PASS old_index=6 old=14400 new_index=11 new=115200
2026-09-01 04:28:11,741 INFO    BAUD_RATE status=BEGIN rate=2/3 index=11 baud=115200 timeout=30.0s
2026-09-01 04:28:11,796 INFO    BAUD_SWITCH status=PASS old_index=11 old=115200 new_index=11 new=115200
2026-09-01 04:28:11,796 INFO    SUITE transport=polling status=BEGIN cases=60 full_profile=SKIPPED
2026-09-01 04:28:11,796 INFO    SECTION transport=polling name=smoke status=BEGIN cases=1 payload=256
2026-09-01 04:28:12,018 INFO    transport=polling section=smoke cycle=1/1 PASS frame_payload=256 elapsed=0.053s roundtrip=9.4 KiB/s
2026-09-01 04:28:12,018 INFO    SECTION name=smoke status=PASS passed=1 failed=0 elapsed=0.053s
2026-09-01 04:28:12,018 INFO    SECTION transport=polling name=large-6144 status=BEGIN cases=1 payload=6144
2026-09-01 04:28:13,276 INFO    transport=polling section=large-6144 cycle=1/1 PASS frame_payload=6144 elapsed=1.080s roundtrip=11.1 KiB/s
2026-09-01 04:28:13,276 INFO    SECTION name=large-6144 status=PASS passed=1 failed=0 elapsed=1.080s
2026-09-01 04:28:13,276 INFO    SECTION transport=polling name=stress status=BEGIN cases=10 payload=6144
2026-09-01 04:28:14,535 INFO    transport=polling section=stress cycle=1/10 PASS frame_payload=6144 elapsed=1.080s roundtrip=11.1 KiB/s
2026-09-01 04:28:15,793 INFO    transport=polling section=stress cycle=2/10 PASS frame_payload=6144 elapsed=1.080s roundtrip=11.1 KiB/s
2026-09-01 04:28:17,052 INFO    transport=polling section=stress cycle=3/10 PASS frame_payload=6144 elapsed=1.080s roundtrip=11.1 KiB/s
2026-09-01 04:28:18,311 INFO    transport=polling section=stress cycle=4/10 PASS frame_payload=6144 elapsed=1.080s roundtrip=11.1 KiB/s
2026-09-01 04:28:19,572 INFO    transport=polling section=stress cycle=5/10 PASS frame_payload=6144 elapsed=1.080s roundtrip=11.1 KiB/s
2026-09-01 04:28:20,832 INFO    transport=polling section=stress cycle=6/10 PASS frame_payload=6144 elapsed=1.081s roundtrip=11.1 KiB/s
2026-09-01 04:28:22,086 INFO    transport=polling section=stress cycle=7/10 PASS frame_payload=6144 elapsed=1.080s roundtrip=11.1 KiB/s
2026-09-01 04:28:23,345 INFO    transport=polling section=stress cycle=8/10 PASS frame_payload=6144 elapsed=1.080s roundtrip=11.1 KiB/s
2026-09-01 04:28:24,609 INFO    transport=polling section=stress cycle=9/10 PASS frame_payload=6144 elapsed=1.080s roundtrip=11.1 KiB/s
2026-09-01 04:28:25,873 INFO    transport=polling section=stress cycle=10/10 PASS frame_payload=6144 elapsed=1.080s roundtrip=11.1 KiB/s
2026-09-01 04:28:25,873 INFO    SECTION name=stress status=PASS passed=10 failed=0 elapsed=10.804s
2026-09-01 04:28:25,873 INFO    SECTION transport=polling name=tx-tail status=BEGIN cases=23
2026-09-01 04:28:25,976 INFO    section=tx-tail case=1/23 PASS size=2 dma=0 tail=2 elapsed=0.000s
2026-09-01 04:28:26,073 INFO    section=tx-tail case=2/23 PASS size=3 dma=0 tail=3 elapsed=0.000s
2026-09-01 04:28:26,175 INFO    section=tx-tail case=3/23 PASS size=4 dma=0 tail=4 elapsed=0.000s
2026-09-01 04:28:26,277 INFO    section=tx-tail case=4/23 PASS size=5 dma=0 tail=5 elapsed=0.006s
2026-09-01 04:28:26,379 INFO    section=tx-tail case=5/23 PASS size=6 dma=0 tail=6 elapsed=0.006s
2026-09-01 04:28:26,481 INFO    section=tx-tail case=6/23 PASS size=7 dma=0 tail=7 elapsed=0.006s
2026-09-01 04:28:26,578 INFO    section=tx-tail case=7/23 PASS size=8 dma=8 tail=0 elapsed=0.000s
2026-09-01 04:28:26,680 INFO    section=tx-tail case=8/23 PASS size=9 dma=8 tail=1 elapsed=0.006s
2026-09-01 04:28:26,772 INFO    section=tx-tail case=9/23 PASS size=10 dma=8 tail=2 elapsed=0.000s
2026-09-01 04:28:26,875 INFO    section=tx-tail case=10/23 PASS size=11 dma=8 tail=3 elapsed=0.006s
2026-09-01 04:28:26,967 INFO    section=tx-tail case=11/23 PASS size=12 dma=8 tail=4 elapsed=0.000s
2026-09-01 04:28:27,076 INFO    section=tx-tail case=12/23 PASS size=13 dma=8 tail=5 elapsed=0.000s
2026-09-01 04:28:27,168 INFO    section=tx-tail case=13/23 PASS size=14 dma=8 tail=6 elapsed=0.000s
2026-09-01 04:28:27,276 INFO    section=tx-tail case=14/23 PASS size=15 dma=8 tail=7 elapsed=0.000s
2026-09-01 04:28:27,378 INFO    section=tx-tail case=15/23 PASS size=16 dma=16 tail=0 elapsed=0.006s
2026-09-01 04:28:28,034 INFO    section=tx-tail case=16/23 PASS size=6144 dma=6144 tail=0 elapsed=0.536s
2026-09-01 04:28:28,690 INFO    section=tx-tail case=17/23 PASS size=6145 dma=6144 tail=1 elapsed=0.536s
2026-09-01 04:28:29,346 INFO    section=tx-tail case=18/23 PASS size=6146 dma=6144 tail=2 elapsed=0.536s
2026-09-01 04:28:30,002 INFO    section=tx-tail case=19/23 PASS size=6147 dma=6144 tail=3 elapsed=0.536s
2026-09-01 04:28:30,652 INFO    section=tx-tail case=20/23 PASS size=6148 dma=6144 tail=4 elapsed=0.536s
2026-09-01 04:28:31,308 INFO    section=tx-tail case=21/23 PASS size=6149 dma=6144 tail=5 elapsed=0.536s
2026-09-01 04:28:31,964 INFO    section=tx-tail case=22/23 PASS size=6150 dma=6144 tail=6 elapsed=0.536s
2026-09-01 04:28:32,614 INFO    section=tx-tail case=23/23 PASS size=6151 dma=6144 tail=7 elapsed=0.536s
2026-09-01 04:28:32,614 INFO    SECTION name=tx-tail status=PASS passed=23 failed=0 elapsed=4.322s
2026-09-01 04:28:32,614 INFO    SECTION transport=polling name=rx-tail status=BEGIN cases=23
2026-09-01 04:28:32,778 INFO    section=rx-tail case=1/23 PASS size=2 dma=0 tail=2 elapsed=0.023s
2026-09-01 04:28:32,942 INFO    section=rx-tail case=2/23 PASS size=3 dma=0 tail=3 elapsed=0.023s
2026-09-01 04:28:33,106 INFO    section=rx-tail case=3/23 PASS size=4 dma=0 tail=4 elapsed=0.023s
2026-09-01 04:28:33,270 INFO    section=rx-tail case=4/23 PASS size=5 dma=0 tail=5 elapsed=0.023s
2026-09-01 04:28:33,434 INFO    section=rx-tail case=5/23 PASS size=6 dma=0 tail=6 elapsed=0.023s
2026-09-01 04:28:33,598 INFO    section=rx-tail case=6/23 PASS size=7 dma=0 tail=7 elapsed=0.023s
2026-09-01 04:28:33,762 INFO    section=rx-tail case=7/23 PASS size=8 dma=8 tail=0 elapsed=0.023s
2026-09-01 04:28:33,926 INFO    section=rx-tail case=8/23 PASS size=9 dma=8 tail=1 elapsed=0.023s
2026-09-01 04:28:34,095 INFO    section=rx-tail case=9/23 PASS size=10 dma=8 tail=2 elapsed=0.023s
2026-09-01 04:28:34,264 INFO    section=rx-tail case=10/23 PASS size=11 dma=8 tail=3 elapsed=0.023s
2026-09-01 04:28:34,433 INFO    section=rx-tail case=11/23 PASS size=12 dma=8 tail=4 elapsed=0.023s
2026-09-01 04:28:34,603 INFO    section=rx-tail case=12/23 PASS size=13 dma=8 tail=5 elapsed=0.024s
2026-09-01 04:28:34,768 INFO    section=rx-tail case=13/23 PASS size=14 dma=8 tail=6 elapsed=0.024s
2026-09-01 04:28:34,938 INFO    section=rx-tail case=14/23 PASS size=15 dma=8 tail=7 elapsed=0.024s
2026-09-01 04:28:35,108 INFO    section=rx-tail case=15/23 PASS size=16 dma=16 tail=0 elapsed=0.024s
2026-09-01 04:28:35,829 INFO    section=rx-tail case=16/23 PASS size=6144 dma=6144 tail=0 elapsed=0.558s
2026-09-01 04:28:36,549 INFO    section=rx-tail case=17/23 PASS size=6145 dma=6144 tail=1 elapsed=0.558s
2026-09-01 04:28:37,265 INFO    section=rx-tail case=18/23 PASS size=6146 dma=6144 tail=2 elapsed=0.559s
2026-09-01 04:28:37,988 INFO    section=rx-tail case=19/23 PASS size=6147 dma=6144 tail=3 elapsed=0.559s
2026-09-01 04:28:38,709 INFO    section=rx-tail case=20/23 PASS size=6148 dma=6144 tail=4 elapsed=0.559s
2026-09-01 04:28:39,425 INFO    section=rx-tail case=21/23 PASS size=6149 dma=6144 tail=5 elapsed=0.559s
2026-09-01 04:28:40,147 INFO    section=rx-tail case=22/23 PASS size=6150 dma=6144 tail=6 elapsed=0.559s
2026-09-01 04:28:40,869 INFO    section=rx-tail case=23/23 PASS size=6151 dma=6144 tail=7 elapsed=0.559s
2026-09-01 04:28:40,870 INFO    SECTION name=rx-tail status=PASS passed=23 failed=0 elapsed=4.817s
2026-09-01 04:28:40,870 INFO    SECTION transport=polling name=recovery status=BEGIN cases=1
2026-09-01 04:28:42,320 INFO    SECTION transport=polling name=recovery status=PASS passed=1 failed=0 elapsed=1.451s
2026-09-01 04:28:42,321 INFO    SECTION transport=polling name=unaligned-cache status=BEGIN cases=1
2026-09-01 04:28:43,602 INFO    SECTION transport=polling name=unaligned-cache status=PASS passed=1 failed=0 elapsed=1.102s
2026-09-01 04:28:43,602 INFO    SUITE transport=polling status=PASS passed=60 failed=0 full_profile=SKIPPED
2026-09-01 04:28:43,602 INFO    SUITE transport=isr status=BEGIN cases=60 full_profile=SKIPPED
2026-09-01 04:28:43,602 INFO    SECTION transport=isr name=smoke status=BEGIN cases=1 payload=256
2026-09-01 04:28:43,809 INFO    transport=isr section=smoke cycle=1/1 PASS frame_payload=256 elapsed=0.056s roundtrip=9.0 KiB/s
2026-09-01 04:28:43,809 INFO    SECTION name=smoke status=PASS passed=1 failed=0 elapsed=0.056s
2026-09-01 04:28:43,809 INFO    SECTION transport=isr name=large-6144 status=BEGIN cases=1 payload=6144
2026-09-01 04:28:45,053 INFO    transport=isr section=large-6144 cycle=1/1 PASS frame_payload=6144 elapsed=1.083s roundtrip=11.1 KiB/s
2026-09-01 04:28:45,053 INFO    SECTION name=large-6144 status=PASS passed=1 failed=0 elapsed=1.083s
2026-09-01 04:28:45,053 INFO    SECTION transport=isr name=stress status=BEGIN cases=10 payload=6144
2026-09-01 04:28:46,297 INFO    transport=isr section=stress cycle=1/10 PASS frame_payload=6144 elapsed=1.083s roundtrip=11.1 KiB/s
2026-09-01 04:28:47,541 INFO    transport=isr section=stress cycle=2/10 PASS frame_payload=6144 elapsed=1.083s roundtrip=11.1 KiB/s
2026-09-01 04:28:48,785 INFO    transport=isr section=stress cycle=3/10 PASS frame_payload=6144 elapsed=1.083s roundtrip=11.1 KiB/s
2026-09-01 04:28:50,030 INFO    transport=isr section=stress cycle=4/10 PASS frame_payload=6144 elapsed=1.083s roundtrip=11.1 KiB/s
2026-09-01 04:28:51,274 INFO    transport=isr section=stress cycle=5/10 PASS frame_payload=6144 elapsed=1.083s roundtrip=11.1 KiB/s
2026-09-01 04:28:52,519 INFO    transport=isr section=stress cycle=6/10 PASS frame_payload=6144 elapsed=1.083s roundtrip=11.1 KiB/s
2026-09-01 04:28:53,758 INFO    transport=isr section=stress cycle=7/10 PASS frame_payload=6144 elapsed=1.083s roundtrip=11.1 KiB/s
2026-09-01 04:28:55,002 INFO    transport=isr section=stress cycle=8/10 PASS frame_payload=6144 elapsed=1.083s roundtrip=11.1 KiB/s
2026-09-01 04:28:56,252 INFO    transport=isr section=stress cycle=9/10 PASS frame_payload=6144 elapsed=1.083s roundtrip=11.1 KiB/s
2026-09-01 04:28:57,502 INFO    transport=isr section=stress cycle=10/10 PASS frame_payload=6144 elapsed=1.083s roundtrip=11.1 KiB/s
2026-09-01 04:28:57,502 INFO    SECTION name=stress status=PASS passed=10 failed=0 elapsed=10.830s
2026-09-01 04:28:57,502 INFO    SECTION transport=isr name=tx-tail status=BEGIN cases=23
2026-09-01 04:28:57,588 INFO    section=tx-tail case=1/23 PASS size=2 dma=0 tail=2 elapsed=0.000s
2026-09-01 04:28:57,668 INFO    section=tx-tail case=2/23 PASS size=3 dma=0 tail=3 elapsed=0.000s
2026-09-01 04:28:57,753 INFO    section=tx-tail case=3/23 PASS size=4 dma=0 tail=4 elapsed=0.000s
2026-09-01 04:28:57,838 INFO    section=tx-tail case=4/23 PASS size=5 dma=0 tail=5 elapsed=0.000s
2026-09-01 04:28:57,923 INFO    section=tx-tail case=5/23 PASS size=6 dma=0 tail=6 elapsed=0.000s
2026-09-01 04:28:58,008 INFO    section=tx-tail case=6/23 PASS size=7 dma=0 tail=7 elapsed=0.000s
2026-09-01 04:28:58,078 INFO    section=tx-tail case=7/23 PASS size=8 dma=8 tail=0 elapsed=0.000s
2026-09-01 04:28:58,163 INFO    section=tx-tail case=8/23 PASS size=9 dma=8 tail=1 elapsed=0.000s
2026-09-01 04:28:58,254 INFO    section=tx-tail case=9/23 PASS size=10 dma=8 tail=2 elapsed=0.006s
2026-09-01 04:28:58,339 INFO    section=tx-tail case=10/23 PASS size=11 dma=8 tail=3 elapsed=0.000s
2026-09-01 04:28:58,430 INFO    section=tx-tail case=11/23 PASS size=12 dma=8 tail=4 elapsed=0.006s
2026-09-01 04:28:58,521 INFO    section=tx-tail case=12/23 PASS size=13 dma=8 tail=5 elapsed=0.006s
2026-09-01 04:28:58,612 INFO    section=tx-tail case=13/23 PASS size=14 dma=8 tail=6 elapsed=0.006s
2026-09-01 04:28:58,703 INFO    section=tx-tail case=14/23 PASS size=15 dma=8 tail=7 elapsed=0.006s
2026-09-01 04:28:58,788 INFO    section=tx-tail case=15/23 PASS size=16 dma=16 tail=0 elapsed=0.000s
2026-09-01 04:28:59,427 INFO    section=tx-tail case=16/23 PASS size=6144 dma=6144 tail=0 elapsed=0.536s
2026-09-01 04:29:00,066 INFO    section=tx-tail case=17/23 PASS size=6145 dma=6144 tail=1 elapsed=0.536s
2026-09-01 04:29:00,705 INFO    section=tx-tail case=18/23 PASS size=6146 dma=6144 tail=2 elapsed=0.536s
2026-09-01 04:29:01,344 INFO    section=tx-tail case=19/23 PASS size=6147 dma=6144 tail=3 elapsed=0.536s
2026-09-01 04:29:01,977 INFO    section=tx-tail case=20/23 PASS size=6148 dma=6144 tail=4 elapsed=0.536s
2026-09-01 04:29:02,616 INFO    section=tx-tail case=21/23 PASS size=6149 dma=6144 tail=5 elapsed=0.536s
2026-09-01 04:29:03,255 INFO    section=tx-tail case=22/23 PASS size=6150 dma=6144 tail=6 elapsed=0.536s
2026-09-01 04:29:03,889 INFO    section=tx-tail case=23/23 PASS size=6151 dma=6144 tail=7 elapsed=0.536s
2026-09-01 04:29:03,889 INFO    SECTION name=tx-tail status=PASS passed=23 failed=0 elapsed=4.315s
2026-09-01 04:29:03,889 INFO    SECTION transport=isr name=rx-tail status=BEGIN cases=23
2026-09-01 04:29:04,042 INFO    section=rx-tail case=1/23 PASS size=2 dma=0 tail=2 elapsed=0.023s
2026-09-01 04:29:04,195 INFO    section=rx-tail case=2/23 PASS size=3 dma=0 tail=3 elapsed=0.024s
2026-09-01 04:29:04,348 INFO    section=rx-tail case=3/23 PASS size=4 dma=0 tail=4 elapsed=0.024s
2026-09-01 04:29:04,502 INFO    section=rx-tail case=4/23 PASS size=5 dma=0 tail=5 elapsed=0.025s
2026-09-01 04:29:04,651 INFO    section=rx-tail case=5/23 PASS size=6 dma=0 tail=6 elapsed=0.025s
2026-09-01 04:29:04,806 INFO    section=rx-tail case=6/23 PASS size=7 dma=0 tail=7 elapsed=0.026s
2026-09-01 04:29:04,961 INFO    section=rx-tail case=7/23 PASS size=8 dma=8 tail=0 elapsed=0.026s
2026-09-01 04:29:05,111 INFO    section=rx-tail case=8/23 PASS size=9 dma=8 tail=1 elapsed=0.026s
2026-09-01 04:29:05,266 INFO    section=rx-tail case=9/23 PASS size=10 dma=8 tail=2 elapsed=0.026s
2026-09-01 04:29:05,421 INFO    section=rx-tail case=10/23 PASS size=11 dma=8 tail=3 elapsed=0.026s
2026-09-01 04:29:05,576 INFO    section=rx-tail case=11/23 PASS size=12 dma=8 tail=4 elapsed=0.026s
2026-09-01 04:29:05,731 INFO    section=rx-tail case=12/23 PASS size=13 dma=8 tail=5 elapsed=0.026s
2026-09-01 04:29:05,886 INFO    section=rx-tail case=13/23 PASS size=14 dma=8 tail=6 elapsed=0.026s
2026-09-01 04:29:06,041 INFO    section=rx-tail case=14/23 PASS size=15 dma=8 tail=7 elapsed=0.026s
2026-09-01 04:29:06,197 INFO    section=rx-tail case=15/23 PASS size=16 dma=16 tail=0 elapsed=0.027s
2026-09-01 04:29:06,904 INFO    section=rx-tail case=16/23 PASS size=6144 dma=6144 tail=0 elapsed=0.561s
2026-09-01 04:29:07,611 INFO    section=rx-tail case=17/23 PASS size=6145 dma=6144 tail=1 elapsed=0.561s
2026-09-01 04:29:08,312 INFO    section=rx-tail case=18/23 PASS size=6146 dma=6144 tail=2 elapsed=0.561s
2026-09-01 04:29:09,018 INFO    section=rx-tail case=19/23 PASS size=6147 dma=6144 tail=3 elapsed=0.561s
2026-09-01 04:29:09,725 INFO    section=rx-tail case=20/23 PASS size=6148 dma=6144 tail=4 elapsed=0.561s
2026-09-01 04:29:10,427 INFO    section=rx-tail case=21/23 PASS size=6149 dma=6144 tail=5 elapsed=0.562s
2026-09-01 04:29:11,134 INFO    section=rx-tail case=22/23 PASS size=6150 dma=6144 tail=6 elapsed=0.562s
2026-09-01 04:29:11,841 INFO    section=rx-tail case=23/23 PASS size=6151 dma=6144 tail=7 elapsed=0.562s
2026-09-01 04:29:11,841 INFO    SECTION name=rx-tail status=PASS passed=23 failed=0 elapsed=4.870s
2026-09-01 04:29:11,841 INFO    SECTION transport=isr name=recovery status=BEGIN cases=1
2026-09-01 04:29:12,187 INFO    SECTION transport=isr name=recovery status=PASS passed=1 failed=0 elapsed=0.346s
2026-09-01 04:29:12,187 INFO    SECTION transport=isr name=unaligned-cache status=BEGIN cases=1
2026-09-01 04:29:13,439 INFO    SECTION transport=isr name=unaligned-cache status=PASS passed=1 failed=0 elapsed=1.089s
2026-09-01 04:29:13,439 INFO    SUITE transport=isr status=PASS passed=60 failed=0 full_profile=SKIPPED
2026-09-01 04:29:13,439 INFO    SUITE transport=dma status=BEGIN cases=60 full_profile=SKIPPED
2026-09-01 04:29:13,439 INFO    SECTION transport=dma name=smoke status=BEGIN cases=1 payload=256
2026-09-01 04:29:13,643 INFO    transport=dma section=smoke cycle=1/1 PASS frame_payload=256 elapsed=0.053s roundtrip=9.4 KiB/s
2026-09-01 04:29:13,643 INFO    SECTION name=smoke status=PASS passed=1 failed=0 elapsed=0.053s
2026-09-01 04:29:13,643 INFO    SECTION transport=dma name=large-6144 status=BEGIN cases=1 payload=6144
2026-09-01 04:29:14,885 INFO    transport=dma section=large-6144 cycle=1/1 PASS frame_payload=6144 elapsed=1.081s roundtrip=11.1 KiB/s
2026-09-01 04:29:14,885 INFO    SECTION name=large-6144 status=PASS passed=1 failed=0 elapsed=1.081s
2026-09-01 04:29:14,885 INFO    SECTION transport=dma name=stress status=BEGIN cases=10 payload=6144
2026-09-01 04:29:16,127 INFO    transport=dma section=stress cycle=1/10 PASS frame_payload=6144 elapsed=1.081s roundtrip=11.1 KiB/s
2026-09-01 04:29:17,369 INFO    transport=dma section=stress cycle=2/10 PASS frame_payload=6144 elapsed=1.081s roundtrip=11.1 KiB/s
2026-09-01 04:29:18,611 INFO    transport=dma section=stress cycle=3/10 PASS frame_payload=6144 elapsed=1.081s roundtrip=11.1 KiB/s
2026-09-01 04:29:19,854 INFO    transport=dma section=stress cycle=4/10 PASS frame_payload=6144 elapsed=1.081s roundtrip=11.1 KiB/s
2026-09-01 04:29:21,096 INFO    transport=dma section=stress cycle=5/10 PASS frame_payload=6144 elapsed=1.081s roundtrip=11.1 KiB/s
2026-09-01 04:29:22,338 INFO    transport=dma section=stress cycle=6/10 PASS frame_payload=6144 elapsed=1.081s roundtrip=11.1 KiB/s
2026-09-01 04:29:23,575 INFO    transport=dma section=stress cycle=7/10 PASS frame_payload=6144 elapsed=1.081s roundtrip=11.1 KiB/s
2026-09-01 04:29:24,817 INFO    transport=dma section=stress cycle=8/10 PASS frame_payload=6144 elapsed=1.081s roundtrip=11.1 KiB/s
2026-09-01 04:29:26,066 INFO    transport=dma section=stress cycle=9/10 PASS frame_payload=6144 elapsed=1.081s roundtrip=11.1 KiB/s
2026-09-01 04:29:27,314 INFO    transport=dma section=stress cycle=10/10 PASS frame_payload=6144 elapsed=1.081s roundtrip=11.1 KiB/s
2026-09-01 04:29:27,315 INFO    SECTION name=stress status=PASS passed=10 failed=0 elapsed=10.807s
2026-09-01 04:29:27,315 INFO    SECTION transport=dma name=tx-tail status=BEGIN cases=23
2026-09-01 04:29:27,400 INFO    section=tx-tail case=1/23 PASS size=2 dma=0 tail=2 elapsed=0.000s
2026-09-01 04:29:27,481 INFO    section=tx-tail case=2/23 PASS size=3 dma=0 tail=3 elapsed=0.000s
2026-09-01 04:29:27,566 INFO    section=tx-tail case=3/23 PASS size=4 dma=0 tail=4 elapsed=0.000s
2026-09-01 04:29:27,652 INFO    section=tx-tail case=4/23 PASS size=5 dma=0 tail=5 elapsed=0.000s
2026-09-01 04:29:27,737 INFO    section=tx-tail case=5/23 PASS size=6 dma=0 tail=6 elapsed=0.000s
2026-09-01 04:29:27,822 INFO    section=tx-tail case=6/23 PASS size=7 dma=0 tail=7 elapsed=0.000s
2026-09-01 04:29:27,903 INFO    section=tx-tail case=7/23 PASS size=8 dma=8 tail=0 elapsed=0.000s
2026-09-01 04:29:27,988 INFO    section=tx-tail case=8/23 PASS size=9 dma=8 tail=1 elapsed=0.000s
2026-09-01 04:29:28,079 INFO    section=tx-tail case=9/23 PASS size=10 dma=8 tail=2 elapsed=0.006s
2026-09-01 04:29:28,164 INFO    section=tx-tail case=10/23 PASS size=11 dma=8 tail=3 elapsed=0.000s
2026-09-01 04:29:28,255 INFO    section=tx-tail case=11/23 PASS size=12 dma=8 tail=4 elapsed=0.006s
2026-09-01 04:29:28,346 INFO    section=tx-tail case=12/23 PASS size=13 dma=8 tail=5 elapsed=0.006s
2026-09-01 04:29:28,437 INFO    section=tx-tail case=13/23 PASS size=14 dma=8 tail=6 elapsed=0.006s
2026-09-01 04:29:28,528 INFO    section=tx-tail case=14/23 PASS size=15 dma=8 tail=7 elapsed=0.006s
2026-09-01 04:29:28,613 INFO    section=tx-tail case=15/23 PASS size=16 dma=16 tail=0 elapsed=0.000s
2026-09-01 04:29:29,252 INFO    section=tx-tail case=16/23 PASS size=6144 dma=6144 tail=0 elapsed=0.536s
2026-09-01 04:29:29,893 INFO    section=tx-tail case=17/23 PASS size=6145 dma=6144 tail=1 elapsed=0.536s
2026-09-01 04:29:30,532 INFO    section=tx-tail case=18/23 PASS size=6146 dma=6144 tail=2 elapsed=0.536s
2026-09-01 04:29:31,171 INFO    section=tx-tail case=19/23 PASS size=6147 dma=6144 tail=3 elapsed=0.536s
2026-09-01 04:29:31,805 INFO    section=tx-tail case=20/23 PASS size=6148 dma=6144 tail=4 elapsed=0.536s
2026-09-01 04:29:32,445 INFO    section=tx-tail case=21/23 PASS size=6149 dma=6144 tail=5 elapsed=0.536s
2026-09-01 04:29:33,084 INFO    section=tx-tail case=22/23 PASS size=6150 dma=6144 tail=6 elapsed=0.536s
2026-09-01 04:29:33,717 INFO    section=tx-tail case=23/23 PASS size=6151 dma=6144 tail=7 elapsed=0.536s
2026-09-01 04:29:33,718 INFO    SECTION name=tx-tail status=PASS passed=23 failed=0 elapsed=4.316s
2026-09-01 04:29:33,718 INFO    SECTION transport=dma name=rx-tail status=BEGIN cases=23
2026-09-01 04:29:33,870 INFO    section=rx-tail case=1/23 PASS size=2 dma=0 tail=2 elapsed=0.023s
2026-09-01 04:29:34,023 INFO    section=rx-tail case=2/23 PASS size=3 dma=0 tail=3 elapsed=0.023s
2026-09-01 04:29:34,176 INFO    section=rx-tail case=3/23 PASS size=4 dma=0 tail=4 elapsed=0.023s
2026-09-01 04:29:34,328 INFO    section=rx-tail case=4/23 PASS size=5 dma=0 tail=5 elapsed=0.023s
2026-09-01 04:29:34,475 INFO    section=rx-tail case=5/23 PASS size=6 dma=0 tail=6 elapsed=0.023s
2026-09-01 04:29:34,628 INFO    section=rx-tail case=6/23 PASS size=7 dma=0 tail=7 elapsed=0.023s
2026-09-01 04:29:34,780 INFO    section=rx-tail case=7/23 PASS size=8 dma=8 tail=0 elapsed=0.023s
2026-09-01 04:29:34,927 INFO    section=rx-tail case=8/23 PASS size=9 dma=8 tail=1 elapsed=0.023s
2026-09-01 04:29:35,079 INFO    section=rx-tail case=9/23 PASS size=10 dma=8 tail=2 elapsed=0.023s
2026-09-01 04:29:35,232 INFO    section=rx-tail case=10/23 PASS size=11 dma=8 tail=3 elapsed=0.024s
2026-09-01 04:29:35,385 INFO    section=rx-tail case=11/23 PASS size=12 dma=8 tail=4 elapsed=0.024s
2026-09-01 04:29:35,538 INFO    section=rx-tail case=12/23 PASS size=13 dma=8 tail=5 elapsed=0.024s
2026-09-01 04:29:35,692 INFO    section=rx-tail case=13/23 PASS size=14 dma=8 tail=6 elapsed=0.024s
2026-09-01 04:29:35,845 INFO    section=rx-tail case=14/23 PASS size=15 dma=8 tail=7 elapsed=0.024s
2026-09-01 04:29:35,998 INFO    section=rx-tail case=15/23 PASS size=16 dma=16 tail=0 elapsed=0.024s
2026-09-01 04:29:36,703 INFO    section=rx-tail case=16/23 PASS size=6144 dma=6144 tail=0 elapsed=0.559s
2026-09-01 04:29:37,408 INFO    section=rx-tail case=17/23 PASS size=6145 dma=6144 tail=1 elapsed=0.559s
2026-09-01 04:29:38,107 INFO    section=rx-tail case=18/23 PASS size=6146 dma=6144 tail=2 elapsed=0.559s
2026-09-01 04:29:38,812 INFO    section=rx-tail case=19/23 PASS size=6147 dma=6144 tail=3 elapsed=0.559s
2026-09-01 04:29:39,517 INFO    section=rx-tail case=20/23 PASS size=6148 dma=6144 tail=4 elapsed=0.559s
2026-09-01 04:29:40,217 INFO    section=rx-tail case=21/23 PASS size=6149 dma=6144 tail=5 elapsed=0.559s
2026-09-01 04:29:40,922 INFO    section=rx-tail case=22/23 PASS size=6150 dma=6144 tail=6 elapsed=0.559s
2026-09-01 04:29:41,627 INFO    section=rx-tail case=23/23 PASS size=6151 dma=6144 tail=7 elapsed=0.559s
2026-09-01 04:29:41,627 INFO    SECTION name=rx-tail status=PASS passed=23 failed=0 elapsed=4.820s
2026-09-01 04:29:41,627 INFO    SECTION transport=dma name=recovery status=BEGIN cases=1
2026-09-01 04:29:41,977 INFO    SECTION transport=dma name=recovery status=PASS passed=1 failed=0 elapsed=0.350s
2026-09-01 04:29:41,977 INFO    SECTION transport=dma name=unaligned-cache status=BEGIN cases=1
2026-09-01 04:29:43,227 INFO    SECTION transport=dma name=unaligned-cache status=PASS passed=1 failed=0 elapsed=1.087s
2026-09-01 04:29:43,227 INFO    SUITE transport=dma status=PASS passed=60 failed=0 full_profile=SKIPPED
2026-09-01 04:29:43,227 INFO    BAUD_RATE status=PASS rate=2/3 index=11 baud=115200 passed=180 failed=0 elapsed=68.733s
2026-09-01 04:29:43,282 INFO    BAUD_SWITCH status=PASS old_index=11 old=115200 new_index=11 new=115200
2026-09-01 04:29:43,287 INFO    BAUD_RATE status=BEGIN rate=3/3 index=14 baud=921600 timeout=30.0s
2026-09-01 04:29:43,342 INFO    BAUD_SWITCH status=PASS old_index=11 old=115200 new_index=14 new=921600
2026-09-01 04:29:43,342 INFO    SUITE transport=polling status=BEGIN cases=60 full_profile=SKIPPED
2026-09-01 04:29:43,342 INFO    SECTION transport=polling name=smoke status=BEGIN cases=1 payload=256
2026-09-01 04:29:43,444 INFO    transport=polling section=smoke cycle=1/1 PASS frame_payload=256 elapsed=0.007s roundtrip=68.5 KiB/s
2026-09-01 04:29:43,444 INFO    SECTION name=smoke status=PASS passed=1 failed=0 elapsed=0.007s
2026-09-01 04:29:43,444 INFO    SECTION transport=polling name=large-6144 status=BEGIN cases=1 payload=6144
2026-09-01 04:29:43,682 INFO    transport=polling section=large-6144 cycle=1/1 PASS frame_payload=6144 elapsed=0.137s roundtrip=87.7 KiB/s
2026-09-01 04:29:43,682 INFO    SECTION name=large-6144 status=PASS passed=1 failed=0 elapsed=0.137s
2026-09-01 04:29:43,682 INFO    SECTION transport=polling name=stress status=BEGIN cases=10 payload=6144
2026-09-01 04:29:43,921 INFO    transport=polling section=stress cycle=1/10 PASS frame_payload=6144 elapsed=0.137s roundtrip=87.7 KiB/s
2026-09-01 04:29:44,159 INFO    transport=polling section=stress cycle=2/10 PASS frame_payload=6144 elapsed=0.137s roundtrip=87.7 KiB/s
2026-09-01 04:29:44,397 INFO    transport=polling section=stress cycle=3/10 PASS frame_payload=6144 elapsed=0.137s roundtrip=87.6 KiB/s
2026-09-01 04:29:44,634 INFO    transport=polling section=stress cycle=4/10 PASS frame_payload=6144 elapsed=0.137s roundtrip=87.7 KiB/s
2026-09-01 04:29:44,872 INFO    transport=polling section=stress cycle=5/10 PASS frame_payload=6144 elapsed=0.137s roundtrip=87.7 KiB/s
2026-09-01 04:29:45,110 INFO    transport=polling section=stress cycle=6/10 PASS frame_payload=6144 elapsed=0.137s roundtrip=87.7 KiB/s
2026-09-01 04:29:45,347 INFO    transport=polling section=stress cycle=7/10 PASS frame_payload=6144 elapsed=0.137s roundtrip=87.6 KiB/s
2026-09-01 04:29:45,585 INFO    transport=polling section=stress cycle=8/10 PASS frame_payload=6144 elapsed=0.137s roundtrip=87.6 KiB/s
2026-09-01 04:29:45,824 INFO    transport=polling section=stress cycle=9/10 PASS frame_payload=6144 elapsed=0.137s roundtrip=87.6 KiB/s
2026-09-01 04:29:46,063 INFO    transport=polling section=stress cycle=10/10 PASS frame_payload=6144 elapsed=0.137s roundtrip=87.7 KiB/s
2026-09-01 04:29:46,063 INFO    SECTION name=stress status=PASS passed=10 failed=0 elapsed=1.369s
2026-09-01 04:29:46,063 INFO    SECTION transport=polling name=tx-tail status=BEGIN cases=23
2026-09-01 04:29:46,076 INFO    section=tx-tail case=1/23 PASS size=2 dma=0 tail=2 elapsed=0.000s
2026-09-01 04:29:46,104 INFO    section=tx-tail case=2/23 PASS size=3 dma=0 tail=3 elapsed=0.000s
2026-09-01 04:29:46,117 INFO    section=tx-tail case=3/23 PASS size=4 dma=0 tail=4 elapsed=0.000s
2026-09-01 04:29:46,130 INFO    section=tx-tail case=4/23 PASS size=5 dma=0 tail=5 elapsed=0.000s
2026-09-01 04:29:46,143 INFO    section=tx-tail case=5/23 PASS size=6 dma=0 tail=6 elapsed=0.000s
2026-09-01 04:29:46,172 INFO    section=tx-tail case=6/23 PASS size=7 dma=0 tail=7 elapsed=0.000s
2026-09-01 04:29:46,200 INFO    section=tx-tail case=7/23 PASS size=8 dma=8 tail=0 elapsed=0.000s
2026-09-01 04:29:46,229 INFO    section=tx-tail case=8/23 PASS size=9 dma=8 tail=1 elapsed=0.000s
2026-09-01 04:29:46,257 INFO    section=tx-tail case=9/23 PASS size=10 dma=8 tail=2 elapsed=0.000s
2026-09-01 04:29:46,286 INFO    section=tx-tail case=10/23 PASS size=11 dma=8 tail=3 elapsed=0.000s
2026-09-01 04:29:46,314 INFO    section=tx-tail case=11/23 PASS size=12 dma=8 tail=4 elapsed=0.000s
2026-09-01 04:29:46,343 INFO    section=tx-tail case=12/23 PASS size=13 dma=8 tail=5 elapsed=0.000s
2026-09-01 04:29:46,372 INFO    section=tx-tail case=13/23 PASS size=14 dma=8 tail=6 elapsed=0.000s
2026-09-01 04:29:46,401 INFO    section=tx-tail case=14/23 PASS size=15 dma=8 tail=7 elapsed=0.000s
2026-09-01 04:29:46,430 INFO    section=tx-tail case=15/23 PASS size=16 dma=16 tail=0 elapsed=0.001s
2026-09-01 04:29:46,533 INFO    section=tx-tail case=16/23 PASS size=6144 dma=6144 tail=0 elapsed=0.067s
2026-09-01 04:29:46,636 INFO    section=tx-tail case=17/23 PASS size=6145 dma=6144 tail=1 elapsed=0.067s
2026-09-01 04:29:46,740 INFO    section=tx-tail case=18/23 PASS size=6146 dma=6144 tail=2 elapsed=0.068s
2026-09-01 04:29:46,843 INFO    section=tx-tail case=19/23 PASS size=6147 dma=6144 tail=3 elapsed=0.067s
2026-09-01 04:29:46,946 INFO    section=tx-tail case=20/23 PASS size=6148 dma=6144 tail=4 elapsed=0.067s
2026-09-01 04:29:47,050 INFO    section=tx-tail case=21/23 PASS size=6149 dma=6144 tail=5 elapsed=0.068s
2026-09-01 04:29:47,153 INFO    section=tx-tail case=22/23 PASS size=6150 dma=6144 tail=6 elapsed=0.068s
2026-09-01 04:29:47,244 INFO    section=tx-tail case=23/23 PASS size=6151 dma=6144 tail=7 elapsed=0.067s
2026-09-01 04:29:47,244 INFO    SECTION name=tx-tail status=PASS passed=23 failed=0 elapsed=0.539s
2026-09-01 04:29:47,244 INFO    SECTION transport=polling name=rx-tail status=BEGIN cases=23
2026-09-01 04:29:47,338 INFO    section=rx-tail case=1/23 PASS size=2 dma=0 tail=2 elapsed=0.017s
2026-09-01 04:29:47,432 INFO    section=rx-tail case=2/23 PASS size=3 dma=0 tail=3 elapsed=0.017s
2026-09-01 04:29:47,526 INFO    section=rx-tail case=3/23 PASS size=4 dma=0 tail=4 elapsed=0.017s
2026-09-01 04:29:47,620 INFO    section=rx-tail case=4/23 PASS size=5 dma=0 tail=5 elapsed=0.017s
2026-09-01 04:29:47,714 INFO    section=rx-tail case=5/23 PASS size=6 dma=0 tail=6 elapsed=0.017s
2026-09-01 04:29:47,808 INFO    section=rx-tail case=6/23 PASS size=7 dma=0 tail=7 elapsed=0.017s
2026-09-01 04:29:47,902 INFO    section=rx-tail case=7/23 PASS size=8 dma=8 tail=0 elapsed=0.017s
2026-09-01 04:29:47,996 INFO    section=rx-tail case=8/23 PASS size=9 dma=8 tail=1 elapsed=0.017s
2026-09-01 04:29:48,091 INFO    section=rx-tail case=9/23 PASS size=10 dma=8 tail=2 elapsed=0.017s
2026-09-01 04:29:48,186 INFO    section=rx-tail case=10/23 PASS size=11 dma=8 tail=3 elapsed=0.017s
2026-09-01 04:29:48,281 INFO    section=rx-tail case=11/23 PASS size=12 dma=8 tail=4 elapsed=0.017s
2026-09-01 04:29:48,376 INFO    section=rx-tail case=12/23 PASS size=13 dma=8 tail=5 elapsed=0.017s
2026-09-01 04:29:48,471 INFO    section=rx-tail case=13/23 PASS size=14 dma=8 tail=6 elapsed=0.018s
2026-09-01 04:29:48,566 INFO    section=rx-tail case=14/23 PASS size=15 dma=8 tail=7 elapsed=0.017s
2026-09-01 04:29:48,660 INFO    section=rx-tail case=15/23 PASS size=16 dma=16 tail=0 elapsed=0.017s
2026-09-01 04:29:48,829 INFO    section=rx-tail case=16/23 PASS size=6144 dma=6144 tail=0 elapsed=0.086s
2026-09-01 04:29:48,998 INFO    section=rx-tail case=17/23 PASS size=6145 dma=6144 tail=1 elapsed=0.086s
2026-09-01 04:29:49,168 INFO    section=rx-tail case=18/23 PASS size=6146 dma=6144 tail=2 elapsed=0.086s
2026-09-01 04:29:49,337 INFO    section=rx-tail case=19/23 PASS size=6147 dma=6144 tail=3 elapsed=0.086s
2026-09-01 04:29:49,506 INFO    section=rx-tail case=20/23 PASS size=6148 dma=6144 tail=4 elapsed=0.086s
2026-09-01 04:29:49,675 INFO    section=rx-tail case=21/23 PASS size=6149 dma=6144 tail=5 elapsed=0.086s
2026-09-01 04:29:49,844 INFO    section=rx-tail case=22/23 PASS size=6150 dma=6144 tail=6 elapsed=0.086s
2026-09-01 04:29:50,013 INFO    section=rx-tail case=23/23 PASS size=6151 dma=6144 tail=7 elapsed=0.086s
2026-09-01 04:29:50,013 INFO    SECTION name=rx-tail status=PASS passed=23 failed=0 elapsed=0.941s
2026-09-01 04:29:50,013 INFO    SECTION transport=polling name=recovery status=BEGIN cases=1
2026-09-01 04:29:51,240 INFO    SECTION transport=polling name=recovery status=PASS passed=1 failed=0 elapsed=1.227s
2026-09-01 04:29:51,240 INFO    SECTION transport=polling name=unaligned-cache status=BEGIN cases=1
2026-09-01 04:29:51,481 INFO    SECTION transport=polling name=unaligned-cache status=PASS passed=1 failed=0 elapsed=0.154s
2026-09-01 04:29:51,481 INFO    SUITE transport=polling status=PASS passed=60 failed=0 full_profile=SKIPPED
2026-09-01 04:29:51,481 INFO    SUITE transport=isr status=BEGIN cases=60 full_profile=SKIPPED
2026-09-01 04:29:51,481 INFO    SECTION transport=isr name=smoke status=BEGIN cases=1 payload=256
2026-09-01 04:29:51,581 INFO    transport=isr section=smoke cycle=1/1 PASS frame_payload=256 elapsed=0.008s roundtrip=65.2 KiB/s
2026-09-01 04:29:51,581 INFO    SECTION name=smoke status=PASS passed=1 failed=0 elapsed=0.008s
2026-09-01 04:29:51,581 INFO    SECTION transport=isr name=large-6144 status=BEGIN cases=1 payload=6144
2026-09-01 04:29:51,817 INFO    transport=isr section=large-6144 cycle=1/1 PASS frame_payload=6144 elapsed=0.137s roundtrip=87.5 KiB/s
2026-09-01 04:29:51,817 INFO    SECTION name=large-6144 status=PASS passed=1 failed=0 elapsed=0.137s
2026-09-01 04:29:51,817 INFO    SECTION transport=isr name=stress status=BEGIN cases=10 payload=6144
2026-09-01 04:29:52,054 INFO    transport=isr section=stress cycle=1/10 PASS frame_payload=6144 elapsed=0.137s roundtrip=87.5 KiB/s
2026-09-01 04:29:52,290 INFO    transport=isr section=stress cycle=2/10 PASS frame_payload=6144 elapsed=0.137s roundtrip=87.4 KiB/s
2026-09-01 04:29:52,526 INFO    transport=isr section=stress cycle=3/10 PASS frame_payload=6144 elapsed=0.137s roundtrip=87.5 KiB/s
2026-09-01 04:29:52,748 INFO    transport=isr section=stress cycle=4/10 PASS frame_payload=6144 elapsed=0.137s roundtrip=87.5 KiB/s
2026-09-01 04:29:52,983 INFO    transport=isr section=stress cycle=5/10 PASS frame_payload=6144 elapsed=0.137s roundtrip=87.4 KiB/s
2026-09-01 04:29:53,206 INFO    transport=isr section=stress cycle=6/10 PASS frame_payload=6144 elapsed=0.137s roundtrip=87.4 KiB/s
2026-09-01 04:29:53,441 INFO    transport=isr section=stress cycle=7/10 PASS frame_payload=6144 elapsed=0.137s roundtrip=87.4 KiB/s
2026-09-01 04:29:53,664 INFO    transport=isr section=stress cycle=8/10 PASS frame_payload=6144 elapsed=0.137s roundtrip=87.4 KiB/s
2026-09-01 04:29:53,901 INFO    transport=isr section=stress cycle=9/10 PASS frame_payload=6144 elapsed=0.137s roundtrip=87.5 KiB/s
2026-09-01 04:29:54,137 INFO    transport=isr section=stress cycle=10/10 PASS frame_payload=6144 elapsed=0.137s roundtrip=87.5 KiB/s
2026-09-01 04:29:54,137 INFO    SECTION name=stress status=PASS passed=10 failed=0 elapsed=1.372s
2026-09-01 04:29:54,137 INFO    SECTION transport=isr name=tx-tail status=BEGIN cases=23
2026-09-01 04:29:54,163 INFO    section=tx-tail case=1/23 PASS size=2 dma=0 tail=2 elapsed=0.000s
2026-09-01 04:29:54,188 INFO    section=tx-tail case=2/23 PASS size=3 dma=0 tail=3 elapsed=0.000s
2026-09-01 04:29:54,214 INFO    section=tx-tail case=3/23 PASS size=4 dma=0 tail=4 elapsed=0.000s
2026-09-01 04:29:54,240 INFO    section=tx-tail case=4/23 PASS size=5 dma=0 tail=5 elapsed=0.000s
2026-09-01 04:29:54,266 INFO    section=tx-tail case=5/23 PASS size=6 dma=0 tail=6 elapsed=0.000s
2026-09-01 04:29:54,292 INFO    section=tx-tail case=6/23 PASS size=7 dma=0 tail=7 elapsed=0.000s
2026-09-01 04:29:54,317 INFO    section=tx-tail case=7/23 PASS size=8 dma=8 tail=0 elapsed=0.000s
2026-09-01 04:29:54,343 INFO    section=tx-tail case=8/23 PASS size=9 dma=8 tail=1 elapsed=0.000s
2026-09-01 04:29:54,370 INFO    section=tx-tail case=9/23 PASS size=10 dma=8 tail=2 elapsed=0.000s
2026-09-01 04:29:54,396 INFO    section=tx-tail case=10/23 PASS size=11 dma=8 tail=3 elapsed=0.000s
2026-09-01 04:29:54,423 INFO    section=tx-tail case=11/23 PASS size=12 dma=8 tail=4 elapsed=0.000s
2026-09-01 04:29:54,450 INFO    section=tx-tail case=12/23 PASS size=13 dma=8 tail=5 elapsed=0.000s
2026-09-01 04:29:54,477 INFO    section=tx-tail case=13/23 PASS size=14 dma=8 tail=6 elapsed=0.001s
2026-09-01 04:29:54,504 INFO    section=tx-tail case=14/23 PASS size=15 dma=8 tail=7 elapsed=0.001s
2026-09-01 04:29:54,530 INFO    section=tx-tail case=15/23 PASS size=16 dma=16 tail=0 elapsed=0.000s
2026-09-01 04:29:54,631 INFO    section=tx-tail case=16/23 PASS size=6144 dma=6144 tail=0 elapsed=0.067s
2026-09-01 04:29:54,732 INFO    section=tx-tail case=17/23 PASS size=6145 dma=6144 tail=1 elapsed=0.067s
2026-09-01 04:29:54,833 INFO    section=tx-tail case=18/23 PASS size=6146 dma=6144 tail=2 elapsed=0.067s
2026-09-01 04:29:54,934 INFO    section=tx-tail case=19/23 PASS size=6147 dma=6144 tail=3 elapsed=0.067s
2026-09-01 04:29:55,035 INFO    section=tx-tail case=20/23 PASS size=6148 dma=6144 tail=4 elapsed=0.068s
2026-09-01 04:29:55,136 INFO    section=tx-tail case=21/23 PASS size=6149 dma=6144 tail=5 elapsed=0.067s
2026-09-01 04:29:55,225 INFO    section=tx-tail case=22/23 PASS size=6150 dma=6144 tail=6 elapsed=0.067s
2026-09-01 04:29:55,326 INFO    section=tx-tail case=23/23 PASS size=6151 dma=6144 tail=7 elapsed=0.067s
2026-09-01 04:29:55,326 INFO    SECTION name=tx-tail status=PASS passed=23 failed=0 elapsed=0.538s
2026-09-01 04:29:55,326 INFO    SECTION transport=isr name=rx-tail status=BEGIN cases=23
2026-09-01 04:29:55,418 INFO    section=rx-tail case=1/23 PASS size=2 dma=0 tail=2 elapsed=0.017s
2026-09-01 04:29:55,510 INFO    section=rx-tail case=2/23 PASS size=3 dma=0 tail=3 elapsed=0.017s
2026-09-01 04:29:55,602 INFO    section=rx-tail case=3/23 PASS size=4 dma=0 tail=4 elapsed=0.017s
2026-09-01 04:29:55,694 INFO    section=rx-tail case=4/23 PASS size=5 dma=0 tail=5 elapsed=0.017s
2026-09-01 04:29:55,787 INFO    section=rx-tail case=5/23 PASS size=6 dma=0 tail=6 elapsed=0.018s
2026-09-01 04:29:55,880 INFO    section=rx-tail case=6/23 PASS size=7 dma=0 tail=7 elapsed=0.018s
2026-09-01 04:29:55,973 INFO    section=rx-tail case=7/23 PASS size=8 dma=8 tail=0 elapsed=0.018s
2026-09-01 04:29:56,066 INFO    section=rx-tail case=8/23 PASS size=9 dma=8 tail=1 elapsed=0.018s
2026-09-01 04:29:56,159 INFO    section=rx-tail case=9/23 PASS size=10 dma=8 tail=2 elapsed=0.018s
2026-09-01 04:29:56,252 INFO    section=rx-tail case=10/23 PASS size=11 dma=8 tail=3 elapsed=0.018s
2026-09-01 04:29:56,345 INFO    section=rx-tail case=11/23 PASS size=12 dma=8 tail=4 elapsed=0.018s
2026-09-01 04:29:56,438 INFO    section=rx-tail case=12/23 PASS size=13 dma=8 tail=5 elapsed=0.018s
2026-09-01 04:29:56,531 INFO    section=rx-tail case=13/23 PASS size=14 dma=8 tail=6 elapsed=0.018s
2026-09-01 04:29:56,624 INFO    section=rx-tail case=14/23 PASS size=15 dma=8 tail=7 elapsed=0.018s
2026-09-01 04:29:56,717 INFO    section=rx-tail case=15/23 PASS size=16 dma=16 tail=0 elapsed=0.018s
2026-09-01 04:29:56,885 INFO    section=rx-tail case=16/23 PASS size=6144 dma=6144 tail=0 elapsed=0.086s
2026-09-01 04:29:57,053 INFO    section=rx-tail case=17/23 PASS size=6145 dma=6144 tail=1 elapsed=0.086s
2026-09-01 04:29:57,220 INFO    section=rx-tail case=18/23 PASS size=6146 dma=6144 tail=2 elapsed=0.086s
2026-09-01 04:29:57,387 INFO    section=rx-tail case=19/23 PASS size=6147 dma=6144 tail=3 elapsed=0.086s
2026-09-01 04:29:57,555 INFO    section=rx-tail case=20/23 PASS size=6148 dma=6144 tail=4 elapsed=0.086s
2026-09-01 04:29:57,722 INFO    section=rx-tail case=21/23 PASS size=6149 dma=6144 tail=5 elapsed=0.086s
2026-09-01 04:29:57,889 INFO    section=rx-tail case=22/23 PASS size=6150 dma=6144 tail=6 elapsed=0.086s
2026-09-01 04:29:58,057 INFO    section=rx-tail case=23/23 PASS size=6151 dma=6144 tail=7 elapsed=0.087s
2026-09-01 04:29:58,057 INFO    SECTION name=rx-tail status=PASS passed=23 failed=0 elapsed=0.953s
2026-09-01 04:29:58,057 INFO    SECTION transport=isr name=recovery status=BEGIN cases=1
2026-09-01 04:29:58,206 INFO    SECTION transport=isr name=recovery status=PASS passed=1 failed=0 elapsed=0.149s
2026-09-01 04:29:58,206 INFO    SECTION transport=isr name=unaligned-cache status=BEGIN cases=1
2026-09-01 04:29:58,444 INFO    SECTION transport=isr name=unaligned-cache status=PASS passed=1 failed=0 elapsed=0.154s
2026-09-01 04:29:58,444 INFO    SUITE transport=isr status=PASS passed=60 failed=0 full_profile=SKIPPED
2026-09-01 04:29:58,444 INFO    SUITE transport=dma status=BEGIN cases=60 full_profile=SKIPPED
2026-09-01 04:29:58,444 INFO    SECTION transport=dma name=smoke status=BEGIN cases=1 payload=256
2026-09-01 04:29:58,544 INFO    transport=dma section=smoke cycle=1/1 PASS frame_payload=256 elapsed=0.008s roundtrip=64.1 KiB/s
2026-09-01 04:29:58,544 INFO    SECTION name=smoke status=PASS passed=1 failed=0 elapsed=0.008s
2026-09-01 04:29:58,544 INFO    SECTION transport=dma name=large-6144 status=BEGIN cases=1 payload=6144
2026-09-01 04:29:58,767 INFO    transport=dma section=large-6144 cycle=1/1 PASS frame_payload=6144 elapsed=0.137s roundtrip=87.4 KiB/s
2026-09-01 04:29:58,767 INFO    SECTION name=large-6144 status=PASS passed=1 failed=0 elapsed=0.137s
2026-09-01 04:29:58,767 INFO    SECTION transport=dma name=stress status=BEGIN cases=10 payload=6144
2026-09-01 04:29:59,003 INFO    transport=dma section=stress cycle=1/10 PASS frame_payload=6144 elapsed=0.137s roundtrip=87.5 KiB/s
2026-09-01 04:29:59,238 INFO    transport=dma section=stress cycle=2/10 PASS frame_payload=6144 elapsed=0.137s roundtrip=87.5 KiB/s
2026-09-01 04:29:59,474 INFO    transport=dma section=stress cycle=3/10 PASS frame_payload=6144 elapsed=0.137s roundtrip=87.5 KiB/s
2026-09-01 04:29:59,709 INFO    transport=dma section=stress cycle=4/10 PASS frame_payload=6144 elapsed=0.137s roundtrip=87.7 KiB/s
2026-09-01 04:29:59,945 INFO    transport=dma section=stress cycle=5/10 PASS frame_payload=6144 elapsed=0.137s roundtrip=87.5 KiB/s
2026-09-01 04:30:00,167 INFO    transport=dma section=stress cycle=6/10 PASS frame_payload=6144 elapsed=0.137s roundtrip=87.4 KiB/s
2026-09-01 04:30:00,402 INFO    transport=dma section=stress cycle=7/10 PASS frame_payload=6144 elapsed=0.137s roundtrip=87.5 KiB/s
2026-09-01 04:30:00,638 INFO    transport=dma section=stress cycle=8/10 PASS frame_payload=6144 elapsed=0.137s roundtrip=87.5 KiB/s
2026-09-01 04:30:00,875 INFO    transport=dma section=stress cycle=9/10 PASS frame_payload=6144 elapsed=0.137s roundtrip=87.5 KiB/s
2026-09-01 04:30:01,098 INFO    transport=dma section=stress cycle=10/10 PASS frame_payload=6144 elapsed=0.137s roundtrip=87.4 KiB/s
2026-09-01 04:30:01,098 INFO    SECTION name=stress status=PASS passed=10 failed=0 elapsed=1.372s
2026-09-01 04:30:01,098 INFO    SECTION transport=dma name=tx-tail status=BEGIN cases=23
2026-09-01 04:30:01,125 INFO    section=tx-tail case=1/23 PASS size=2 dma=0 tail=2 elapsed=0.000s
2026-09-01 04:30:01,151 INFO    section=tx-tail case=2/23 PASS size=3 dma=0 tail=3 elapsed=0.000s
2026-09-01 04:30:01,177 INFO    section=tx-tail case=3/23 PASS size=4 dma=0 tail=4 elapsed=0.000s
2026-09-01 04:30:01,188 INFO    section=tx-tail case=4/23 PASS size=5 dma=0 tail=5 elapsed=0.001s
2026-09-01 04:30:01,214 INFO    section=tx-tail case=5/23 PASS size=6 dma=0 tail=6 elapsed=0.000s
2026-09-01 04:30:01,240 INFO    section=tx-tail case=6/23 PASS size=7 dma=0 tail=7 elapsed=0.000s
2026-09-01 04:30:01,266 INFO    section=tx-tail case=7/23 PASS size=8 dma=8 tail=0 elapsed=0.000s
2026-09-01 04:30:01,292 INFO    section=tx-tail case=8/23 PASS size=9 dma=8 tail=1 elapsed=0.000s
2026-09-01 04:30:01,303 INFO    section=tx-tail case=9/23 PASS size=10 dma=8 tail=2 elapsed=0.000s
2026-09-01 04:30:01,330 INFO    section=tx-tail case=10/23 PASS size=11 dma=8 tail=3 elapsed=0.000s
2026-09-01 04:30:01,356 INFO    section=tx-tail case=11/23 PASS size=12 dma=8 tail=4 elapsed=0.000s
2026-09-01 04:30:01,367 INFO    section=tx-tail case=12/23 PASS size=13 dma=8 tail=5 elapsed=0.000s
2026-09-01 04:30:01,379 INFO    section=tx-tail case=13/23 PASS size=14 dma=8 tail=6 elapsed=0.001s
2026-09-01 04:30:01,406 INFO    section=tx-tail case=14/23 PASS size=15 dma=8 tail=7 elapsed=0.001s
2026-09-01 04:30:01,432 INFO    section=tx-tail case=15/23 PASS size=16 dma=16 tail=0 elapsed=0.001s
2026-09-01 04:30:01,533 INFO    section=tx-tail case=16/23 PASS size=6144 dma=6144 tail=0 elapsed=0.067s
2026-09-01 04:30:01,634 INFO    section=tx-tail case=17/23 PASS size=6145 dma=6144 tail=1 elapsed=0.067s
2026-09-01 04:30:01,735 INFO    section=tx-tail case=18/23 PASS size=6146 dma=6144 tail=2 elapsed=0.067s
2026-09-01 04:30:01,836 INFO    section=tx-tail case=19/23 PASS size=6147 dma=6144 tail=3 elapsed=0.067s
2026-09-01 04:30:01,937 INFO    section=tx-tail case=20/23 PASS size=6148 dma=6144 tail=4 elapsed=0.067s
2026-09-01 04:30:02,038 INFO    section=tx-tail case=21/23 PASS size=6149 dma=6144 tail=5 elapsed=0.067s
2026-09-01 04:30:02,139 INFO    section=tx-tail case=22/23 PASS size=6150 dma=6144 tail=6 elapsed=0.067s
2026-09-01 04:30:02,240 INFO    section=tx-tail case=23/23 PASS size=6151 dma=6144 tail=7 elapsed=0.067s
2026-09-01 04:30:02,240 INFO    SECTION name=tx-tail status=PASS passed=23 failed=0 elapsed=0.539s
2026-09-01 04:30:02,240 INFO    SECTION transport=dma name=rx-tail status=BEGIN cases=23
2026-09-01 04:30:02,332 INFO    section=rx-tail case=1/23 PASS size=2 dma=0 tail=2 elapsed=0.017s
2026-09-01 04:30:02,424 INFO    section=rx-tail case=2/23 PASS size=3 dma=0 tail=3 elapsed=0.017s
2026-09-01 04:30:02,516 INFO    section=rx-tail case=3/23 PASS size=4 dma=0 tail=4 elapsed=0.017s
2026-09-01 04:30:02,608 INFO    section=rx-tail case=4/23 PASS size=5 dma=0 tail=5 elapsed=0.017s
2026-09-01 04:30:02,700 INFO    section=rx-tail case=5/23 PASS size=6 dma=0 tail=6 elapsed=0.017s
2026-09-01 04:30:02,792 INFO    section=rx-tail case=6/23 PASS size=7 dma=0 tail=7 elapsed=0.017s
2026-09-01 04:30:02,884 INFO    section=rx-tail case=7/23 PASS size=8 dma=8 tail=0 elapsed=0.017s
2026-09-01 04:30:02,977 INFO    section=rx-tail case=8/23 PASS size=9 dma=8 tail=1 elapsed=0.018s
2026-09-01 04:30:03,070 INFO    section=rx-tail case=9/23 PASS size=10 dma=8 tail=2 elapsed=0.018s
2026-09-01 04:30:03,163 INFO    section=rx-tail case=10/23 PASS size=11 dma=8 tail=3 elapsed=0.018s
2026-09-01 04:30:03,256 INFO    section=rx-tail case=11/23 PASS size=12 dma=8 tail=4 elapsed=0.018s
2026-09-01 04:30:03,349 INFO    section=rx-tail case=12/23 PASS size=13 dma=8 tail=5 elapsed=0.018s
2026-09-01 04:30:03,441 INFO    section=rx-tail case=13/23 PASS size=14 dma=8 tail=6 elapsed=0.017s
2026-09-01 04:30:03,534 INFO    section=rx-tail case=14/23 PASS size=15 dma=8 tail=7 elapsed=0.018s
2026-09-01 04:30:03,627 INFO    section=rx-tail case=15/23 PASS size=16 dma=16 tail=0 elapsed=0.018s
2026-09-01 04:30:03,794 INFO    section=rx-tail case=16/23 PASS size=6144 dma=6144 tail=0 elapsed=0.086s
2026-09-01 04:30:03,962 INFO    section=rx-tail case=17/23 PASS size=6145 dma=6144 tail=1 elapsed=0.086s
2026-09-01 04:30:04,129 INFO    section=rx-tail case=18/23 PASS size=6146 dma=6144 tail=2 elapsed=0.086s
2026-09-01 04:30:04,297 INFO    section=rx-tail case=19/23 PASS size=6147 dma=6144 tail=3 elapsed=0.086s
2026-09-01 04:30:04,465 INFO    section=rx-tail case=20/23 PASS size=6148 dma=6144 tail=4 elapsed=0.086s
2026-09-01 04:30:04,632 INFO    section=rx-tail case=21/23 PASS size=6149 dma=6144 tail=5 elapsed=0.086s
2026-09-01 04:30:04,800 INFO    section=rx-tail case=22/23 PASS size=6150 dma=6144 tail=6 elapsed=0.086s
2026-09-01 04:30:04,968 INFO    section=rx-tail case=23/23 PASS size=6151 dma=6144 tail=7 elapsed=0.086s
2026-09-01 04:30:04,968 INFO    SECTION name=rx-tail status=PASS passed=23 failed=0 elapsed=0.948s
2026-09-01 04:30:04,968 INFO    SECTION transport=dma name=recovery status=BEGIN cases=1
2026-09-01 04:30:05,127 INFO    SECTION transport=dma name=recovery status=PASS passed=1 failed=0 elapsed=0.159s
2026-09-01 04:30:05,127 INFO    SECTION transport=dma name=unaligned-cache status=BEGIN cases=1
2026-09-01 04:30:05,364 INFO    SECTION transport=dma name=unaligned-cache status=PASS passed=1 failed=0 elapsed=0.154s
2026-09-01 04:30:05,364 INFO    SUITE transport=dma status=PASS passed=60 failed=0 full_profile=SKIPPED
2026-09-01 04:30:05,364 INFO    BAUD_RATE status=PASS rate=3/3 index=14 baud=921600 passed=180 failed=0 elapsed=11.002s
2026-09-01 04:30:05,400 INFO    BAUD_SWITCH status=PASS old_index=14 old=921600 new_index=11 new=115200
2026-09-01 04:30:05,400 INFO    BAUD_MATRIX status=PASS rates_passed=3 rates_unsupported=0 rates_failed=0 hardware_cases_passed=540
2026-09-01 04:30:05,402 INFO    SUMMARY status=PASS passed=540 failed=0 elapsed=609.660s wall_elapsed=763.922s
