2026-08-31 06:02:11,488 INFO    DMA mode=baud-matrix profile=smoke port=/dev/ttyUSB0 baud=115200 payload=256 cycles=1
2026-08-31 06:02:11,507 INFO    BAUD_MATRIX status=BEGIN rates=6 cases_per_rate=58 order=57600,38400,28800,19200,14400,9600
2026-08-31 06:02:11,512 INFO    BAUD_RATE status=BEGIN rate=1/6 index=10 baud=57600 timeout=30.0s
2026-08-31 06:02:11,568 INFO    BAUD_SWITCH status=PASS old_index=11 old=115200 new_index=10 new=57600
2026-08-31 06:02:11,568 INFO    SUITE status=BEGIN cases=58 full_profile=SKIPPED
2026-08-31 06:02:11,568 INFO    SECTION name=smoke status=BEGIN cases=1 payload=256
2026-08-31 06:02:11,858 INFO    section=smoke cycle=1/1 PASS frame_payload=256 elapsed=0.106s roundtrip=4.7 KiB/s
2026-08-31 06:02:11,859 INFO    SECTION name=smoke status=PASS passed=1 failed=0 elapsed=0.106s
2026-08-31 06:02:11,859 INFO    SECTION name=large-6144 status=BEGIN cases=1 payload=6144
2026-08-31 06:02:14,218 INFO    section=large-6144 cycle=1/1 PASS frame_payload=6144 elapsed=2.159s roundtrip=5.6 KiB/s
2026-08-31 06:02:14,218 INFO    SECTION name=large-6144 status=PASS passed=1 failed=0 elapsed=2.159s
2026-08-31 06:02:14,219 INFO    SECTION name=stress status=BEGIN cases=10 payload=6144
2026-08-31 06:02:16,578 INFO    section=stress cycle=1/10 PASS frame_payload=6144 elapsed=2.159s roundtrip=5.6 KiB/s
2026-08-31 06:02:18,938 INFO    section=stress cycle=2/10 PASS frame_payload=6144 elapsed=2.160s roundtrip=5.6 KiB/s
2026-08-31 06:02:21,296 INFO    section=stress cycle=3/10 PASS frame_payload=6144 elapsed=2.158s roundtrip=5.6 KiB/s
2026-08-31 06:02:23,654 INFO    section=stress cycle=4/10 PASS frame_payload=6144 elapsed=2.158s roundtrip=5.6 KiB/s
2026-08-31 06:02:26,012 INFO    section=stress cycle=5/10 PASS frame_payload=6144 elapsed=2.158s roundtrip=5.6 KiB/s
2026-08-31 06:02:28,370 INFO    section=stress cycle=6/10 PASS frame_payload=6144 elapsed=2.157s roundtrip=5.6 KiB/s
2026-08-31 06:02:30,716 INFO    section=stress cycle=7/10 PASS frame_payload=6144 elapsed=2.157s roundtrip=5.6 KiB/s
2026-08-31 06:02:33,074 INFO    section=stress cycle=8/10 PASS frame_payload=6144 elapsed=2.158s roundtrip=5.6 KiB/s
2026-08-31 06:02:35,444 INFO    section=stress cycle=9/10 PASS frame_payload=6144 elapsed=2.159s roundtrip=5.6 KiB/s
2026-08-31 06:02:37,814 INFO    section=stress cycle=10/10 PASS frame_payload=6144 elapsed=2.159s roundtrip=5.6 KiB/s
2026-08-31 06:02:37,814 INFO    SECTION name=stress status=PASS passed=10 failed=0 elapsed=21.584s
2026-08-31 06:02:37,814 INFO    SECTION name=tx-tail status=BEGIN cases=23
2026-08-31 06:02:37,945 INFO    section=tx-tail case=1/23 PASS size=2 dma=0 tail=2 elapsed=0.000s
2026-08-31 06:02:38,064 INFO    section=tx-tail case=2/23 PASS size=3 dma=0 tail=3 elapsed=0.000s
2026-08-31 06:02:38,195 INFO    section=tx-tail case=3/23 PASS size=4 dma=0 tail=4 elapsed=0.000s
2026-08-31 06:02:38,326 INFO    section=tx-tail case=4/23 PASS size=5 dma=0 tail=5 elapsed=0.000s
2026-08-31 06:02:38,456 INFO    section=tx-tail case=5/23 PASS size=6 dma=0 tail=6 elapsed=0.000s
2026-08-31 06:02:38,586 INFO    section=tx-tail case=6/23 PASS size=7 dma=0 tail=7 elapsed=0.000s
2026-08-31 06:02:38,705 INFO    section=tx-tail case=7/23 PASS size=8 dma=8 tail=0 elapsed=0.000s
2026-08-31 06:02:38,836 INFO    section=tx-tail case=8/23 PASS size=9 dma=8 tail=1 elapsed=0.000s
2026-08-31 06:02:38,966 INFO    section=tx-tail case=9/23 PASS size=10 dma=8 tail=2 elapsed=0.000s
2026-08-31 06:02:39,097 INFO    section=tx-tail case=10/23 PASS size=11 dma=8 tail=3 elapsed=0.000s
2026-08-31 06:02:39,227 INFO    section=tx-tail case=11/23 PASS size=12 dma=8 tail=4 elapsed=0.000s
2026-08-31 06:02:39,358 INFO    section=tx-tail case=12/23 PASS size=13 dma=8 tail=5 elapsed=0.000s
2026-08-31 06:02:39,489 INFO    section=tx-tail case=13/23 PASS size=14 dma=8 tail=6 elapsed=0.000s
2026-08-31 06:02:39,620 INFO    section=tx-tail case=14/23 PASS size=15 dma=8 tail=7 elapsed=0.000s
2026-08-31 06:02:39,751 INFO    section=tx-tail case=15/23 PASS size=16 dma=16 tail=0 elapsed=0.000s
2026-08-31 06:02:40,966 INFO    section=tx-tail case=16/23 PASS size=6144 dma=6144 tail=0 elapsed=1.071s
2026-08-31 06:02:42,181 INFO    section=tx-tail case=17/23 PASS size=6145 dma=6144 tail=1 elapsed=1.071s
2026-08-31 06:02:43,396 INFO    section=tx-tail case=18/23 PASS size=6146 dma=6144 tail=2 elapsed=1.071s
2026-08-31 06:02:44,626 INFO    section=tx-tail case=19/23 PASS size=6147 dma=6144 tail=3 elapsed=1.071s
2026-08-31 06:02:45,845 INFO    section=tx-tail case=20/23 PASS size=6148 dma=6144 tail=4 elapsed=1.072s
2026-08-31 06:02:47,075 INFO    section=tx-tail case=21/23 PASS size=6149 dma=6144 tail=5 elapsed=1.083s
2026-08-31 06:02:48,305 INFO    section=tx-tail case=22/23 PASS size=6150 dma=6144 tail=6 elapsed=1.083s
2026-08-31 06:02:49,524 INFO    section=tx-tail case=23/23 PASS size=6151 dma=6144 tail=7 elapsed=1.072s
2026-08-31 06:02:49,524 INFO    SECTION name=tx-tail status=PASS passed=23 failed=0 elapsed=8.595s
2026-08-31 06:02:49,524 INFO    SECTION name=rx-tail status=BEGIN cases=23
2026-08-31 06:02:49,721 INFO    section=rx-tail case=1/23 PASS size=2 dma=0 tail=2 elapsed=0.028s
2026-08-31 06:02:49,919 INFO    section=rx-tail case=2/23 PASS size=3 dma=0 tail=3 elapsed=0.029s
2026-08-31 06:02:50,117 INFO    section=rx-tail case=3/23 PASS size=4 dma=0 tail=4 elapsed=0.029s
2026-08-31 06:02:50,315 INFO    section=rx-tail case=4/23 PASS size=5 dma=0 tail=5 elapsed=0.029s
2026-08-31 06:02:50,502 INFO    section=rx-tail case=5/23 PASS size=6 dma=0 tail=6 elapsed=0.029s
2026-08-31 06:02:50,700 INFO    section=rx-tail case=6/23 PASS size=7 dma=0 tail=7 elapsed=0.029s
2026-08-31 06:02:50,898 INFO    section=rx-tail case=7/23 PASS size=8 dma=8 tail=0 elapsed=0.029s
2026-08-31 06:02:51,086 INFO    section=rx-tail case=8/23 PASS size=9 dma=8 tail=1 elapsed=0.030s
2026-08-31 06:02:51,285 INFO    section=rx-tail case=9/23 PASS size=10 dma=8 tail=2 elapsed=0.030s
2026-08-31 06:02:51,484 INFO    section=rx-tail case=10/23 PASS size=11 dma=8 tail=3 elapsed=0.030s
2026-08-31 06:02:51,683 INFO    section=rx-tail case=11/23 PASS size=12 dma=8 tail=4 elapsed=0.030s
2026-08-31 06:02:51,882 INFO    section=rx-tail case=12/23 PASS size=13 dma=8 tail=5 elapsed=0.030s
2026-08-31 06:02:52,081 INFO    section=rx-tail case=13/23 PASS size=14 dma=8 tail=6 elapsed=0.030s
2026-08-31 06:02:52,281 INFO    section=rx-tail case=14/23 PASS size=15 dma=8 tail=7 elapsed=0.031s
2026-08-31 06:02:52,481 INFO    section=rx-tail case=15/23 PASS size=16 dma=16 tail=0 elapsed=0.031s
2026-08-31 06:02:53,763 INFO    section=rx-tail case=16/23 PASS size=6144 dma=6144 tail=0 elapsed=1.098s
2026-08-31 06:02:55,045 INFO    section=rx-tail case=17/23 PASS size=6145 dma=6144 tail=1 elapsed=1.098s
2026-08-31 06:02:56,327 INFO    section=rx-tail case=18/23 PASS size=6146 dma=6144 tail=2 elapsed=1.098s
2026-08-31 06:02:57,610 INFO    section=rx-tail case=19/23 PASS size=6147 dma=6144 tail=3 elapsed=1.099s
2026-08-31 06:02:58,893 INFO    section=rx-tail case=20/23 PASS size=6148 dma=6144 tail=4 elapsed=1.099s
2026-08-31 06:03:00,176 INFO    section=rx-tail case=21/23 PASS size=6149 dma=6144 tail=5 elapsed=1.099s
2026-08-31 06:03:01,459 INFO    section=rx-tail case=22/23 PASS size=6150 dma=6144 tail=6 elapsed=1.099s
2026-08-31 06:03:02,741 INFO    section=rx-tail case=23/23 PASS size=6151 dma=6144 tail=7 elapsed=1.099s
2026-08-31 06:03:02,742 INFO    SECTION name=rx-tail status=PASS passed=23 failed=0 elapsed=9.230s
2026-08-31 06:03:02,742 INFO    SUITE status=PASS passed=58 failed=0 full_profile=SKIPPED
2026-08-31 06:03:02,742 INFO    BAUD_RATE status=PASS rate=1/6 index=10 baud=57600 passed=58 failed=0 elapsed=41.674s
2026-08-31 06:03:02,820 INFO    BAUD_SWITCH status=PASS old_index=10 old=57600 new_index=11 new=115200
2026-08-31 06:03:02,824 INFO    BAUD_RATE status=BEGIN rate=2/6 index=9 baud=38400 timeout=30.0s
2026-08-31 06:03:02,875 INFO    BAUD_SWITCH status=PASS old_index=11 old=115200 new_index=9 new=38400
2026-08-31 06:03:02,875 INFO    SUITE status=BEGIN cases=58 full_profile=SKIPPED
2026-08-31 06:03:02,875 INFO    SECTION name=smoke status=BEGIN cases=1 payload=256
2026-08-31 06:03:03,270 INFO    section=smoke cycle=1/1 PASS frame_payload=256 elapsed=0.153s roundtrip=3.3 KiB/s
2026-08-31 06:03:03,270 INFO    SECTION name=smoke status=PASS passed=1 failed=0 elapsed=0.153s
2026-08-31 06:03:03,270 INFO    SECTION name=large-6144 status=BEGIN cases=1 payload=6144
2026-08-31 06:03:06,765 INFO    section=large-6144 cycle=1/1 PASS frame_payload=6144 elapsed=3.222s roundtrip=3.7 KiB/s
2026-08-31 06:03:06,765 INFO    SECTION name=large-6144 status=PASS passed=1 failed=0 elapsed=3.222s
2026-08-31 06:03:06,765 INFO    SECTION name=stress status=BEGIN cases=10 payload=6144
2026-08-31 06:03:10,263 INFO    section=stress cycle=1/10 PASS frame_payload=6144 elapsed=3.224s roundtrip=3.7 KiB/s
2026-08-31 06:03:13,758 INFO    section=stress cycle=2/10 PASS frame_payload=6144 elapsed=3.221s roundtrip=3.7 KiB/s
2026-08-31 06:03:17,253 INFO    section=stress cycle=3/10 PASS frame_payload=6144 elapsed=3.221s roundtrip=3.7 KiB/s
2026-08-31 06:03:20,748 INFO    section=stress cycle=4/10 PASS frame_payload=6144 elapsed=3.221s roundtrip=3.7 KiB/s
2026-08-31 06:03:24,243 INFO    section=stress cycle=5/10 PASS frame_payload=6144 elapsed=3.221s roundtrip=3.7 KiB/s
2026-08-31 06:03:27,740 INFO    section=stress cycle=6/10 PASS frame_payload=6144 elapsed=3.223s roundtrip=3.7 KiB/s
2026-08-31 06:03:31,222 INFO    section=stress cycle=7/10 PASS frame_payload=6144 elapsed=3.224s roundtrip=3.7 KiB/s
2026-08-31 06:03:34,720 INFO    section=stress cycle=8/10 PASS frame_payload=6144 elapsed=3.224s roundtrip=3.7 KiB/s
2026-08-31 06:03:38,231 INFO    section=stress cycle=9/10 PASS frame_payload=6144 elapsed=3.221s roundtrip=3.7 KiB/s
2026-08-31 06:03:41,742 INFO    section=stress cycle=10/10 PASS frame_payload=6144 elapsed=3.221s roundtrip=3.7 KiB/s
2026-08-31 06:03:41,742 INFO    SECTION name=stress status=PASS passed=10 failed=0 elapsed=32.218s
2026-08-31 06:03:41,742 INFO    SECTION name=tx-tail status=BEGIN cases=23
2026-08-31 06:03:41,918 INFO    section=tx-tail case=1/23 PASS size=2 dma=0 tail=2 elapsed=0.000s
2026-08-31 06:03:42,094 INFO    section=tx-tail case=2/23 PASS size=3 dma=0 tail=3 elapsed=0.000s
2026-08-31 06:03:42,270 INFO    section=tx-tail case=3/23 PASS size=4 dma=0 tail=4 elapsed=0.000s
2026-08-31 06:03:42,446 INFO    section=tx-tail case=4/23 PASS size=5 dma=0 tail=5 elapsed=0.000s
2026-08-31 06:03:42,622 INFO    section=tx-tail case=5/23 PASS size=6 dma=0 tail=6 elapsed=0.000s
2026-08-31 06:03:42,798 INFO    section=tx-tail case=6/23 PASS size=7 dma=0 tail=7 elapsed=0.000s
2026-08-31 06:03:42,974 INFO    section=tx-tail case=7/23 PASS size=8 dma=8 tail=0 elapsed=0.000s
2026-08-31 06:03:43,150 INFO    section=tx-tail case=8/23 PASS size=9 dma=8 tail=1 elapsed=0.000s
2026-08-31 06:03:43,342 INFO    section=tx-tail case=9/23 PASS size=10 dma=8 tail=2 elapsed=0.000s
2026-08-31 06:03:43,518 INFO    section=tx-tail case=10/23 PASS size=11 dma=8 tail=3 elapsed=0.000s
2026-08-31 06:03:43,710 INFO    section=tx-tail case=11/23 PASS size=12 dma=8 tail=4 elapsed=0.000s
2026-08-31 06:03:43,902 INFO    section=tx-tail case=12/23 PASS size=13 dma=8 tail=5 elapsed=0.000s
2026-08-31 06:03:44,094 INFO    section=tx-tail case=13/23 PASS size=14 dma=8 tail=6 elapsed=0.000s
2026-08-31 06:03:44,286 INFO    section=tx-tail case=14/23 PASS size=15 dma=8 tail=7 elapsed=0.000s
2026-08-31 06:03:44,478 INFO    section=tx-tail case=15/23 PASS size=16 dma=16 tail=0 elapsed=0.000s
2026-08-31 06:03:46,302 INFO    section=tx-tail case=16/23 PASS size=6144 dma=6144 tail=0 elapsed=1.616s
2026-08-31 06:03:48,126 INFO    section=tx-tail case=17/23 PASS size=6145 dma=6144 tail=1 elapsed=1.616s
2026-08-31 06:03:49,950 INFO    section=tx-tail case=18/23 PASS size=6146 dma=6144 tail=2 elapsed=1.616s
2026-08-31 06:03:51,774 INFO    section=tx-tail case=19/23 PASS size=6147 dma=6144 tail=3 elapsed=1.616s
2026-08-31 06:03:53,597 INFO    section=tx-tail case=20/23 PASS size=6148 dma=6144 tail=4 elapsed=1.600s
2026-08-31 06:03:55,422 INFO    section=tx-tail case=21/23 PASS size=6149 dma=6144 tail=5 elapsed=1.616s
2026-08-31 06:03:57,246 INFO    section=tx-tail case=22/23 PASS size=6150 dma=6144 tail=6 elapsed=1.616s
2026-08-31 06:03:59,069 INFO    section=tx-tail case=23/23 PASS size=6151 dma=6144 tail=7 elapsed=1.600s
2026-08-31 06:03:59,069 INFO    SECTION name=tx-tail status=PASS passed=23 failed=0 elapsed=12.894s
2026-08-31 06:03:59,069 INFO    SECTION name=rx-tail status=BEGIN cases=23
2026-08-31 06:03:59,312 INFO    section=rx-tail case=1/23 PASS size=2 dma=0 tail=2 elapsed=0.033s
2026-08-31 06:03:59,555 INFO    section=rx-tail case=2/23 PASS size=3 dma=0 tail=3 elapsed=0.033s
2026-08-31 06:03:59,799 INFO    section=rx-tail case=3/23 PASS size=4 dma=0 tail=4 elapsed=0.034s
2026-08-31 06:04:00,043 INFO    section=rx-tail case=4/23 PASS size=5 dma=0 tail=5 elapsed=0.034s
2026-08-31 06:04:00,287 INFO    section=rx-tail case=5/23 PASS size=6 dma=0 tail=6 elapsed=0.034s
2026-08-31 06:04:00,531 INFO    section=rx-tail case=6/23 PASS size=7 dma=0 tail=7 elapsed=0.034s
2026-08-31 06:04:00,776 INFO    section=rx-tail case=7/23 PASS size=8 dma=8 tail=0 elapsed=0.035s
2026-08-31 06:04:01,021 INFO    section=rx-tail case=8/23 PASS size=9 dma=8 tail=1 elapsed=0.035s
2026-08-31 06:04:01,282 INFO    section=rx-tail case=9/23 PASS size=10 dma=8 tail=2 elapsed=0.035s
2026-08-31 06:04:01,543 INFO    section=rx-tail case=10/23 PASS size=11 dma=8 tail=3 elapsed=0.035s
2026-08-31 06:04:01,806 INFO    section=rx-tail case=11/23 PASS size=12 dma=8 tail=4 elapsed=0.036s
2026-08-31 06:04:02,067 INFO    section=rx-tail case=12/23 PASS size=13 dma=8 tail=5 elapsed=0.036s
2026-08-31 06:04:02,313 INFO    section=rx-tail case=13/23 PASS size=14 dma=8 tail=6 elapsed=0.036s
2026-08-31 06:04:02,575 INFO    section=rx-tail case=14/23 PASS size=15 dma=8 tail=7 elapsed=0.036s
2026-08-31 06:04:02,838 INFO    section=rx-tail case=15/23 PASS size=16 dma=16 tail=0 elapsed=0.037s
2026-08-31 06:04:04,711 INFO    section=rx-tail case=16/23 PASS size=6144 dma=6144 tail=0 elapsed=1.631s
2026-08-31 06:04:06,585 INFO    section=rx-tail case=17/23 PASS size=6145 dma=6144 tail=1 elapsed=1.632s
2026-08-31 06:04:08,461 INFO    section=rx-tail case=18/23 PASS size=6146 dma=6144 tail=2 elapsed=1.634s
2026-08-31 06:04:10,337 INFO    section=rx-tail case=19/23 PASS size=6147 dma=6144 tail=3 elapsed=1.634s
2026-08-31 06:04:12,214 INFO    section=rx-tail case=20/23 PASS size=6148 dma=6144 tail=4 elapsed=1.635s
2026-08-31 06:04:14,091 INFO    section=rx-tail case=21/23 PASS size=6149 dma=6144 tail=5 elapsed=1.635s
2026-08-31 06:04:15,966 INFO    section=rx-tail case=22/23 PASS size=6150 dma=6144 tail=6 elapsed=1.633s
2026-08-31 06:04:17,841 INFO    section=rx-tail case=23/23 PASS size=6151 dma=6144 tail=7 elapsed=1.633s
2026-08-31 06:04:17,841 INFO    SECTION name=rx-tail status=PASS passed=23 failed=0 elapsed=13.589s
2026-08-31 06:04:17,841 INFO    SUITE status=PASS passed=58 failed=0 full_profile=SKIPPED
2026-08-31 06:04:17,841 INFO    BAUD_RATE status=PASS rate=2/6 index=9 baud=38400 passed=58 failed=0 elapsed=62.075s
2026-08-31 06:04:17,937 INFO    BAUD_SWITCH status=PASS old_index=9 old=38400 new_index=11 new=115200
2026-08-31 06:04:17,942 INFO    BAUD_RATE status=BEGIN rate=3/6 index=8 baud=28800 timeout=30.0s
2026-08-31 06:04:18,008 INFO    BAUD_SWITCH status=PASS old_index=11 old=115200 new_index=8 new=28800
2026-08-31 06:04:18,008 INFO    SUITE status=BEGIN cases=58 full_profile=SKIPPED
2026-08-31 06:04:18,008 INFO    SECTION name=smoke status=BEGIN cases=1 payload=256
2026-08-31 06:04:18,508 INFO    section=smoke cycle=1/1 PASS frame_payload=256 elapsed=0.210s roundtrip=2.4 KiB/s
2026-08-31 06:04:18,508 INFO    SECTION name=smoke status=PASS passed=1 failed=0 elapsed=0.210s
2026-08-31 06:04:18,508 INFO    SECTION name=large-6144 status=BEGIN cases=1 payload=6144
2026-08-31 06:04:23,152 INFO    section=large-6144 cycle=1/1 PASS frame_payload=6144 elapsed=4.306s roundtrip=2.8 KiB/s
2026-08-31 06:04:23,152 INFO    SECTION name=large-6144 status=PASS passed=1 failed=0 elapsed=4.306s
2026-08-31 06:04:23,152 INFO    SECTION name=stress status=BEGIN cases=10 payload=6144
2026-08-31 06:04:27,796 INFO    section=stress cycle=1/10 PASS frame_payload=6144 elapsed=4.306s roundtrip=2.8 KiB/s
2026-08-31 06:04:32,440 INFO    section=stress cycle=2/10 PASS frame_payload=6144 elapsed=4.306s roundtrip=2.8 KiB/s
2026-08-31 06:04:37,084 INFO    section=stress cycle=3/10 PASS frame_payload=6144 elapsed=4.306s roundtrip=2.8 KiB/s
2026-08-31 06:04:41,715 INFO    section=stress cycle=4/10 PASS frame_payload=6144 elapsed=4.310s roundtrip=2.8 KiB/s
2026-08-31 06:04:46,363 INFO    section=stress cycle=5/10 PASS frame_payload=6144 elapsed=4.310s roundtrip=2.8 KiB/s
2026-08-31 06:04:51,011 INFO    section=stress cycle=6/10 PASS frame_payload=6144 elapsed=4.310s roundtrip=2.8 KiB/s
2026-08-31 06:04:55,639 INFO    section=stress cycle=7/10 PASS frame_payload=6144 elapsed=4.306s roundtrip=2.8 KiB/s
2026-08-31 06:05:00,283 INFO    section=stress cycle=8/10 PASS frame_payload=6144 elapsed=4.306s roundtrip=2.8 KiB/s
2026-08-31 06:05:04,943 INFO    section=stress cycle=9/10 PASS frame_payload=6144 elapsed=4.306s roundtrip=2.8 KiB/s
2026-08-31 06:05:09,603 INFO    section=stress cycle=10/10 PASS frame_payload=6144 elapsed=4.306s roundtrip=2.8 KiB/s
2026-08-31 06:05:09,603 INFO    SECTION name=stress status=PASS passed=10 failed=0 elapsed=43.070s
2026-08-31 06:05:09,603 INFO    SECTION name=tx-tail status=BEGIN cases=23
2026-08-31 06:05:09,843 INFO    section=tx-tail case=1/23 PASS size=2 dma=0 tail=2 elapsed=0.000s
2026-08-31 06:05:10,067 INFO    section=tx-tail case=2/23 PASS size=3 dma=0 tail=3 elapsed=0.000s
2026-08-31 06:05:10,307 INFO    section=tx-tail case=3/23 PASS size=4 dma=0 tail=4 elapsed=0.000s
2026-08-31 06:05:10,547 INFO    section=tx-tail case=4/23 PASS size=5 dma=0 tail=5 elapsed=0.000s
2026-08-31 06:05:10,787 INFO    section=tx-tail case=5/23 PASS size=6 dma=0 tail=6 elapsed=0.016s
2026-08-31 06:05:11,027 INFO    section=tx-tail case=6/23 PASS size=7 dma=0 tail=7 elapsed=0.016s
2026-08-31 06:05:11,251 INFO    section=tx-tail case=7/23 PASS size=8 dma=8 tail=0 elapsed=0.000s
2026-08-31 06:05:11,491 INFO    section=tx-tail case=8/23 PASS size=9 dma=8 tail=1 elapsed=0.016s
2026-08-31 06:05:11,747 INFO    section=tx-tail case=9/23 PASS size=10 dma=8 tail=2 elapsed=0.000s
2026-08-31 06:05:11,987 INFO    section=tx-tail case=10/23 PASS size=11 dma=8 tail=3 elapsed=0.016s
2026-08-31 06:05:12,243 INFO    section=tx-tail case=11/23 PASS size=12 dma=8 tail=4 elapsed=0.000s
2026-08-31 06:05:12,499 INFO    section=tx-tail case=12/23 PASS size=13 dma=8 tail=5 elapsed=0.000s
2026-08-31 06:05:12,755 INFO    section=tx-tail case=13/23 PASS size=14 dma=8 tail=6 elapsed=0.000s
2026-08-31 06:05:13,011 INFO    section=tx-tail case=14/23 PASS size=15 dma=8 tail=7 elapsed=0.000s
2026-08-31 06:05:13,251 INFO    section=tx-tail case=15/23 PASS size=16 dma=16 tail=0 elapsed=0.016s
2026-08-31 06:05:15,683 INFO    section=tx-tail case=16/23 PASS size=6144 dma=6144 tail=0 elapsed=2.144s
2026-08-31 06:05:18,115 INFO    section=tx-tail case=17/23 PASS size=6145 dma=6144 tail=1 elapsed=2.144s
2026-08-31 06:05:20,547 INFO    section=tx-tail case=18/23 PASS size=6146 dma=6144 tail=2 elapsed=2.144s
2026-08-31 06:05:22,979 INFO    section=tx-tail case=19/23 PASS size=6147 dma=6144 tail=3 elapsed=2.144s
2026-08-31 06:05:25,395 INFO    section=tx-tail case=20/23 PASS size=6148 dma=6144 tail=4 elapsed=2.160s
2026-08-31 06:05:27,827 INFO    section=tx-tail case=21/23 PASS size=6149 dma=6144 tail=5 elapsed=2.144s
2026-08-31 06:05:30,259 INFO    section=tx-tail case=22/23 PASS size=6150 dma=6144 tail=6 elapsed=2.144s
2026-08-31 06:05:32,675 INFO    section=tx-tail case=23/23 PASS size=6151 dma=6144 tail=7 elapsed=2.160s
2026-08-31 06:05:32,675 INFO    SECTION name=tx-tail status=PASS passed=23 failed=0 elapsed=17.261s
2026-08-31 06:05:32,675 INFO    SECTION name=rx-tail status=BEGIN cases=23
2026-08-31 06:05:32,966 INFO    section=rx-tail case=1/23 PASS size=2 dma=0 tail=2 elapsed=0.033s
2026-08-31 06:05:33,258 INFO    section=rx-tail case=2/23 PASS size=3 dma=0 tail=3 elapsed=0.034s
2026-08-31 06:05:33,550 INFO    section=rx-tail case=3/23 PASS size=4 dma=0 tail=4 elapsed=0.034s
2026-08-31 06:05:33,843 INFO    section=rx-tail case=4/23 PASS size=5 dma=0 tail=5 elapsed=0.035s
2026-08-31 06:05:34,136 INFO    section=rx-tail case=5/23 PASS size=6 dma=0 tail=6 elapsed=0.035s
2026-08-31 06:05:34,429 INFO    section=rx-tail case=6/23 PASS size=7 dma=0 tail=7 elapsed=0.035s
2026-08-31 06:05:34,723 INFO    section=rx-tail case=7/23 PASS size=8 dma=8 tail=0 elapsed=0.036s
2026-08-31 06:05:35,017 INFO    section=rx-tail case=8/23 PASS size=9 dma=8 tail=1 elapsed=0.036s
2026-08-31 06:05:35,327 INFO    section=rx-tail case=9/23 PASS size=10 dma=8 tail=2 elapsed=0.036s
2026-08-31 06:05:35,638 INFO    section=rx-tail case=10/23 PASS size=11 dma=8 tail=3 elapsed=0.037s
2026-08-31 06:05:35,949 INFO    section=rx-tail case=11/23 PASS size=12 dma=8 tail=4 elapsed=0.037s
2026-08-31 06:05:36,260 INFO    section=rx-tail case=12/23 PASS size=13 dma=8 tail=5 elapsed=0.037s
2026-08-31 06:05:36,556 INFO    section=rx-tail case=13/23 PASS size=14 dma=8 tail=6 elapsed=0.038s
2026-08-31 06:05:36,867 INFO    section=rx-tail case=14/23 PASS size=15 dma=8 tail=7 elapsed=0.038s
2026-08-31 06:05:37,180 INFO    section=rx-tail case=15/23 PASS size=16 dma=16 tail=0 elapsed=0.038s
2026-08-31 06:05:39,671 INFO    section=rx-tail case=16/23 PASS size=6144 dma=6144 tail=0 elapsed=2.186s
2026-08-31 06:05:42,166 INFO    section=rx-tail case=17/23 PASS size=6145 dma=6144 tail=1 elapsed=2.189s
2026-08-31 06:05:44,646 INFO    section=rx-tail case=18/23 PASS size=6146 dma=6144 tail=2 elapsed=2.190s
2026-08-31 06:05:47,142 INFO    section=rx-tail case=19/23 PASS size=6147 dma=6144 tail=3 elapsed=2.190s
2026-08-31 06:05:49,639 INFO    section=rx-tail case=20/23 PASS size=6148 dma=6144 tail=4 elapsed=2.191s
2026-08-31 06:05:52,120 INFO    section=rx-tail case=21/23 PASS size=6149 dma=6144 tail=5 elapsed=2.191s
2026-08-31 06:05:54,617 INFO    section=rx-tail case=22/23 PASS size=6150 dma=6144 tail=6 elapsed=2.191s
2026-08-31 06:05:57,115 INFO    section=rx-tail case=23/23 PASS size=6151 dma=6144 tail=7 elapsed=2.192s
2026-08-31 06:05:57,115 INFO    SECTION name=rx-tail status=PASS passed=23 failed=0 elapsed=18.057s
2026-08-31 06:05:57,115 INFO    SUITE status=PASS passed=58 failed=0 full_profile=SKIPPED
2026-08-31 06:05:57,115 INFO    BAUD_RATE status=PASS rate=3/6 index=8 baud=28800 passed=58 failed=0 elapsed=82.903s
2026-08-31 06:05:57,243 INFO    BAUD_SWITCH status=PASS old_index=8 old=28800 new_index=11 new=115200
2026-08-31 06:05:57,248 INFO    BAUD_RATE status=BEGIN rate=4/6 index=7 baud=19200 timeout=30.0s
2026-08-31 06:05:57,314 INFO    BAUD_SWITCH status=PASS old_index=11 old=115200 new_index=7 new=19200
2026-08-31 06:05:57,314 INFO    SUITE status=BEGIN cases=58 full_profile=SKIPPED
2026-08-31 06:05:57,314 INFO    SECTION name=smoke status=BEGIN cases=1 payload=256
2026-08-31 06:05:58,039 INFO    section=smoke cycle=1/1 PASS frame_payload=256 elapsed=0.307s roundtrip=1.6 KiB/s
2026-08-31 06:05:58,039 INFO    SECTION name=smoke status=PASS passed=1 failed=0 elapsed=0.307s
2026-08-31 06:05:58,039 INFO    SECTION name=large-6144 status=BEGIN cases=1 payload=6144
2026-08-31 06:06:04,966 INFO    section=large-6144 cycle=1/1 PASS frame_payload=6144 elapsed=6.445s roundtrip=1.9 KiB/s
2026-08-31 06:06:04,966 INFO    SECTION name=large-6144 status=PASS passed=1 failed=0 elapsed=6.445s
2026-08-31 06:06:04,966 INFO    SECTION name=stress status=BEGIN cases=10 payload=6144
2026-08-31 06:06:11,887 INFO    section=stress cycle=1/10 PASS frame_payload=6144 elapsed=6.439s roundtrip=1.9 KiB/s
2026-08-31 06:06:18,813 INFO    section=stress cycle=2/10 PASS frame_payload=6144 elapsed=6.444s roundtrip=1.9 KiB/s
2026-08-31 06:06:25,735 INFO    section=stress cycle=3/10 PASS frame_payload=6144 elapsed=6.441s roundtrip=1.9 KiB/s
2026-08-31 06:06:32,640 INFO    section=stress cycle=4/10 PASS frame_payload=6144 elapsed=6.439s roundtrip=1.9 KiB/s
2026-08-31 06:06:39,566 INFO    section=stress cycle=5/10 PASS frame_payload=6144 elapsed=6.444s roundtrip=1.9 KiB/s
2026-08-31 06:06:46,490 INFO    section=stress cycle=6/10 PASS frame_payload=6144 elapsed=6.442s roundtrip=1.9 KiB/s
2026-08-31 06:06:53,364 INFO    section=stress cycle=7/10 PASS frame_payload=6144 elapsed=6.440s roundtrip=1.9 KiB/s
2026-08-31 06:07:00,291 INFO    section=stress cycle=8/10 PASS frame_payload=6144 elapsed=6.445s roundtrip=1.9 KiB/s
2026-08-31 06:07:07,232 INFO    section=stress cycle=9/10 PASS frame_payload=6144 elapsed=6.443s roundtrip=1.9 KiB/s
2026-08-31 06:07:14,169 INFO    section=stress cycle=10/10 PASS frame_payload=6144 elapsed=6.440s roundtrip=1.9 KiB/s
2026-08-31 06:07:14,170 INFO    SECTION name=stress status=PASS passed=10 failed=0 elapsed=64.415s
2026-08-31 06:07:14,170 INFO    SECTION name=tx-tail status=BEGIN cases=23
2026-08-31 06:07:14,521 INFO    section=tx-tail case=1/23 PASS size=2 dma=0 tail=2 elapsed=0.000s
2026-08-31 06:07:14,857 INFO    section=tx-tail case=2/23 PASS size=3 dma=0 tail=3 elapsed=0.000s
2026-08-31 06:07:15,209 INFO    section=tx-tail case=3/23 PASS size=4 dma=0 tail=4 elapsed=0.000s
2026-08-31 06:07:15,561 INFO    section=tx-tail case=4/23 PASS size=5 dma=0 tail=5 elapsed=0.000s
2026-08-31 06:07:15,913 INFO    section=tx-tail case=5/23 PASS size=6 dma=0 tail=6 elapsed=0.000s
2026-08-31 06:07:16,265 INFO    section=tx-tail case=6/23 PASS size=7 dma=0 tail=7 elapsed=0.000s
2026-08-31 06:07:16,601 INFO    section=tx-tail case=7/23 PASS size=8 dma=8 tail=0 elapsed=0.000s
2026-08-31 06:07:16,953 INFO    section=tx-tail case=8/23 PASS size=9 dma=8 tail=1 elapsed=0.000s
2026-08-31 06:07:17,321 INFO    section=tx-tail case=9/23 PASS size=10 dma=8 tail=2 elapsed=0.000s
2026-08-31 06:07:17,673 INFO    section=tx-tail case=10/23 PASS size=11 dma=8 tail=3 elapsed=0.000s
2026-08-31 06:07:18,042 INFO    section=tx-tail case=11/23 PASS size=12 dma=8 tail=4 elapsed=0.000s
2026-08-31 06:07:18,409 INFO    section=tx-tail case=12/23 PASS size=13 dma=8 tail=5 elapsed=0.000s
2026-08-31 06:07:18,793 INFO    section=tx-tail case=13/23 PASS size=14 dma=8 tail=6 elapsed=0.000s
2026-08-31 06:07:19,161 INFO    section=tx-tail case=14/23 PASS size=15 dma=8 tail=7 elapsed=0.000s
2026-08-31 06:07:19,529 INFO    section=tx-tail case=15/23 PASS size=16 dma=16 tail=0 elapsed=0.000s
2026-08-31 06:07:23,161 INFO    section=tx-tail case=16/23 PASS size=6144 dma=6144 tail=0 elapsed=3.216s
2026-08-31 06:07:26,793 INFO    section=tx-tail case=17/23 PASS size=6145 dma=6144 tail=1 elapsed=3.216s
2026-08-31 06:07:30,425 INFO    section=tx-tail case=18/23 PASS size=6146 dma=6144 tail=2 elapsed=3.216s
2026-08-31 06:07:34,057 INFO    section=tx-tail case=19/23 PASS size=6147 dma=6144 tail=3 elapsed=3.216s
2026-08-31 06:07:37,673 INFO    section=tx-tail case=20/23 PASS size=6148 dma=6144 tail=4 elapsed=3.216s
2026-08-31 06:07:41,305 INFO    section=tx-tail case=21/23 PASS size=6149 dma=6144 tail=5 elapsed=3.216s
2026-08-31 06:07:44,937 INFO    section=tx-tail case=22/23 PASS size=6150 dma=6144 tail=6 elapsed=3.216s
2026-08-31 06:07:48,553 INFO    section=tx-tail case=23/23 PASS size=6151 dma=6144 tail=7 elapsed=3.216s
2026-08-31 06:07:48,553 INFO    SECTION name=tx-tail status=PASS passed=23 failed=0 elapsed=25.727s
2026-08-31 06:07:48,553 INFO    SECTION name=rx-tail status=BEGIN cases=23
2026-08-31 06:07:48,973 INFO    section=rx-tail case=1/23 PASS size=2 dma=0 tail=2 elapsed=0.050s
2026-08-31 06:07:49,393 INFO    section=rx-tail case=2/23 PASS size=3 dma=0 tail=3 elapsed=0.050s
2026-08-31 06:07:49,814 INFO    section=rx-tail case=3/23 PASS size=4 dma=0 tail=4 elapsed=0.051s
2026-08-31 06:07:50,235 INFO    section=rx-tail case=4/23 PASS size=5 dma=0 tail=5 elapsed=0.051s
2026-08-31 06:07:50,641 INFO    section=rx-tail case=5/23 PASS size=6 dma=0 tail=6 elapsed=0.052s
2026-08-31 06:07:51,063 INFO    section=rx-tail case=6/23 PASS size=7 dma=0 tail=7 elapsed=0.052s
2026-08-31 06:07:51,486 INFO    section=rx-tail case=7/23 PASS size=8 dma=8 tail=0 elapsed=0.053s
2026-08-31 06:07:51,893 INFO    section=rx-tail case=8/23 PASS size=9 dma=8 tail=1 elapsed=0.053s
2026-08-31 06:07:52,333 INFO    section=rx-tail case=9/23 PASS size=10 dma=8 tail=2 elapsed=0.054s
2026-08-31 06:07:52,774 INFO    section=rx-tail case=10/23 PASS size=11 dma=8 tail=3 elapsed=0.055s
2026-08-31 06:07:53,215 INFO    section=rx-tail case=11/23 PASS size=12 dma=8 tail=4 elapsed=0.055s
2026-08-31 06:07:53,657 INFO    section=rx-tail case=12/23 PASS size=13 dma=8 tail=5 elapsed=0.056s
2026-08-31 06:07:54,083 INFO    section=rx-tail case=13/23 PASS size=14 dma=8 tail=6 elapsed=0.056s
2026-08-31 06:07:54,526 INFO    section=rx-tail case=14/23 PASS size=15 dma=8 tail=7 elapsed=0.057s
2026-08-31 06:07:54,969 INFO    section=rx-tail case=15/23 PASS size=16 dma=16 tail=0 elapsed=0.057s
2026-08-31 06:07:58,662 INFO    section=rx-tail case=16/23 PASS size=6144 dma=6144 tail=0 elapsed=3.259s
2026-08-31 06:08:02,360 INFO    section=rx-tail case=17/23 PASS size=6145 dma=6144 tail=1 elapsed=3.264s
2026-08-31 06:08:06,042 INFO    section=rx-tail case=18/23 PASS size=6146 dma=6144 tail=2 elapsed=3.265s
2026-08-31 06:08:09,742 INFO    section=rx-tail case=19/23 PASS size=6147 dma=6144 tail=3 elapsed=3.266s
2026-08-31 06:08:13,443 INFO    section=rx-tail case=20/23 PASS size=6148 dma=6144 tail=4 elapsed=3.267s
2026-08-31 06:08:17,128 INFO    section=rx-tail case=21/23 PASS size=6149 dma=6144 tail=5 elapsed=3.267s
2026-08-31 06:08:20,829 INFO    section=rx-tail case=22/23 PASS size=6150 dma=6144 tail=6 elapsed=3.267s
2026-08-31 06:08:24,531 INFO    section=rx-tail case=23/23 PASS size=6151 dma=6144 tail=7 elapsed=3.268s
2026-08-31 06:08:24,531 INFO    SECTION name=rx-tail status=PASS passed=23 failed=0 elapsed=26.924s
2026-08-31 06:08:24,531 INFO    SUITE status=PASS passed=58 failed=0 full_profile=SKIPPED
2026-08-31 06:08:24,531 INFO    BAUD_RATE status=PASS rate=4/6 index=7 baud=19200 passed=58 failed=0 elapsed=123.818s
2026-08-31 06:08:24,707 INFO    BAUD_SWITCH status=PASS old_index=7 old=19200 new_index=11 new=115200
2026-08-31 06:08:24,712 INFO    BAUD_RATE status=BEGIN rate=5/6 index=6 baud=14400 timeout=30.0s
2026-08-31 06:08:24,794 INFO    BAUD_SWITCH status=PASS old_index=11 old=115200 new_index=6 new=14400
2026-08-31 06:08:24,794 INFO    SUITE status=BEGIN cases=58 full_profile=SKIPPED
2026-08-31 06:08:24,794 INFO    SECTION name=smoke status=BEGIN cases=1 payload=256
2026-08-31 06:08:25,744 INFO    section=smoke cycle=1/1 PASS frame_payload=256 elapsed=0.404s roundtrip=1.2 KiB/s
2026-08-31 06:08:25,744 INFO    SECTION name=smoke status=PASS passed=1 failed=0 elapsed=0.404s
2026-08-31 06:08:25,744 INFO    SECTION name=large-6144 status=BEGIN cases=1 payload=6144
2026-08-31 06:08:34,955 INFO    section=large-6144 cycle=1/1 PASS frame_payload=6144 elapsed=8.601s roundtrip=1.4 KiB/s
2026-08-31 06:08:34,955 INFO    SECTION name=large-6144 status=PASS passed=1 failed=0 elapsed=8.601s
2026-08-31 06:08:34,955 INFO    SECTION name=stress status=BEGIN cases=10 payload=6144
2026-08-31 06:08:44,164 INFO    section=stress cycle=1/10 PASS frame_payload=6144 elapsed=8.599s roundtrip=1.4 KiB/s
2026-08-31 06:08:53,367 INFO    section=stress cycle=2/10 PASS frame_payload=6144 elapsed=8.593s roundtrip=1.4 KiB/s
2026-08-31 06:09:02,572 INFO    section=stress cycle=3/10 PASS frame_payload=6144 elapsed=8.596s roundtrip=1.4 KiB/s
2026-08-31 06:09:11,764 INFO    section=stress cycle=4/10 PASS frame_payload=6144 elapsed=8.598s roundtrip=1.4 KiB/s
2026-08-31 06:09:20,973 INFO    section=stress cycle=5/10 PASS frame_payload=6144 elapsed=8.599s roundtrip=1.4 KiB/s
2026-08-31 06:09:30,176 INFO    section=stress cycle=6/10 PASS frame_payload=6144 elapsed=8.593s roundtrip=1.4 KiB/s
2026-08-31 06:09:39,334 INFO    section=stress cycle=7/10 PASS frame_payload=6144 elapsed=8.596s roundtrip=1.4 KiB/s
2026-08-31 06:09:48,541 INFO    section=stress cycle=8/10 PASS frame_payload=6144 elapsed=8.598s roundtrip=1.4 KiB/s
2026-08-31 06:09:57,782 INFO    section=stress cycle=9/10 PASS frame_payload=6144 elapsed=8.599s roundtrip=1.4 KiB/s
2026-08-31 06:10:07,018 INFO    section=stress cycle=10/10 PASS frame_payload=6144 elapsed=8.594s roundtrip=1.4 KiB/s
2026-08-31 06:10:07,018 INFO    SECTION name=stress status=PASS passed=10 failed=0 elapsed=85.962s
2026-08-31 06:10:07,018 INFO    SECTION name=tx-tail status=BEGIN cases=23
2026-08-31 06:10:07,482 INFO    section=tx-tail case=1/23 PASS size=2 dma=0 tail=2 elapsed=0.000s
2026-08-31 06:10:07,914 INFO    section=tx-tail case=2/23 PASS size=3 dma=0 tail=3 elapsed=0.000s
2026-08-31 06:10:08,378 INFO    section=tx-tail case=3/23 PASS size=4 dma=0 tail=4 elapsed=0.000s
2026-08-31 06:10:08,842 INFO    section=tx-tail case=4/23 PASS size=5 dma=0 tail=5 elapsed=0.000s
2026-08-31 06:10:09,306 INFO    section=tx-tail case=5/23 PASS size=6 dma=0 tail=6 elapsed=0.000s
2026-08-31 06:10:09,770 INFO    section=tx-tail case=6/23 PASS size=7 dma=0 tail=7 elapsed=0.000s
2026-08-31 06:10:10,218 INFO    section=tx-tail case=7/23 PASS size=8 dma=8 tail=0 elapsed=0.000s
2026-08-31 06:10:10,682 INFO    section=tx-tail case=8/23 PASS size=9 dma=8 tail=1 elapsed=0.000s
2026-08-31 06:10:11,178 INFO    section=tx-tail case=9/23 PASS size=10 dma=8 tail=2 elapsed=0.000s
2026-08-31 06:10:11,642 INFO    section=tx-tail case=10/23 PASS size=11 dma=8 tail=3 elapsed=0.016s
2026-08-31 06:10:12,138 INFO    section=tx-tail case=11/23 PASS size=12 dma=8 tail=4 elapsed=0.000s
2026-08-31 06:10:12,634 INFO    section=tx-tail case=12/23 PASS size=13 dma=8 tail=5 elapsed=0.000s
2026-08-31 06:10:13,130 INFO    section=tx-tail case=13/23 PASS size=14 dma=8 tail=6 elapsed=0.000s
2026-08-31 06:10:13,626 INFO    section=tx-tail case=14/23 PASS size=15 dma=8 tail=7 elapsed=0.000s
2026-08-31 06:10:14,106 INFO    section=tx-tail case=15/23 PASS size=16 dma=16 tail=0 elapsed=0.016s
2026-08-31 06:10:18,938 INFO    section=tx-tail case=16/23 PASS size=6144 dma=6144 tail=0 elapsed=4.272s
2026-08-31 06:10:23,770 INFO    section=tx-tail case=17/23 PASS size=6145 dma=6144 tail=1 elapsed=4.272s
2026-08-31 06:10:28,602 INFO    section=tx-tail case=18/23 PASS size=6146 dma=6144 tail=2 elapsed=4.288s
2026-08-31 06:10:33,434 INFO    section=tx-tail case=19/23 PASS size=6147 dma=6144 tail=3 elapsed=4.288s
2026-08-31 06:10:38,249 INFO    section=tx-tail case=20/23 PASS size=6148 dma=6144 tail=4 elapsed=4.288s
2026-08-31 06:10:43,097 INFO    section=tx-tail case=21/23 PASS size=6149 dma=6144 tail=5 elapsed=4.288s
2026-08-31 06:10:47,945 INFO    section=tx-tail case=22/23 PASS size=6150 dma=6144 tail=6 elapsed=4.288s
2026-08-31 06:10:52,761 INFO    section=tx-tail case=23/23 PASS size=6151 dma=6144 tail=7 elapsed=4.288s
2026-08-31 06:10:52,761 INFO    SECTION name=tx-tail status=PASS passed=23 failed=0 elapsed=34.303s
2026-08-31 06:10:52,761 INFO    SECTION name=rx-tail status=BEGIN cases=23
2026-08-31 06:10:53,293 INFO    section=rx-tail case=1/23 PASS size=2 dma=0 tail=2 elapsed=0.066s
2026-08-31 06:10:53,826 INFO    section=rx-tail case=2/23 PASS size=3 dma=0 tail=3 elapsed=0.067s
2026-08-31 06:10:54,360 INFO    section=rx-tail case=3/23 PASS size=4 dma=0 tail=4 elapsed=0.068s
2026-08-31 06:10:54,894 INFO    section=rx-tail case=4/23 PASS size=5 dma=0 tail=5 elapsed=0.068s
2026-08-31 06:10:55,413 INFO    section=rx-tail case=5/23 PASS size=6 dma=0 tail=6 elapsed=0.069s
2026-08-31 06:10:55,949 INFO    section=rx-tail case=6/23 PASS size=7 dma=0 tail=7 elapsed=0.070s
2026-08-31 06:10:56,486 INFO    section=rx-tail case=7/23 PASS size=8 dma=8 tail=0 elapsed=0.071s
2026-08-31 06:10:57,007 INFO    section=rx-tail case=8/23 PASS size=9 dma=8 tail=1 elapsed=0.071s
2026-08-31 06:10:57,577 INFO    section=rx-tail case=9/23 PASS size=10 dma=8 tail=2 elapsed=0.072s
2026-08-31 06:10:58,148 INFO    section=rx-tail case=10/23 PASS size=11 dma=8 tail=3 elapsed=0.073s
2026-08-31 06:10:58,719 INFO    section=rx-tail case=11/23 PASS size=12 dma=8 tail=4 elapsed=0.073s
2026-08-31 06:10:59,291 INFO    section=rx-tail case=12/23 PASS size=13 dma=8 tail=5 elapsed=0.074s
2026-08-31 06:10:59,832 INFO    section=rx-tail case=13/23 PASS size=14 dma=8 tail=6 elapsed=0.075s
2026-08-31 06:11:00,405 INFO    section=rx-tail case=14/23 PASS size=15 dma=8 tail=7 elapsed=0.075s
2026-08-31 06:11:00,979 INFO    section=rx-tail case=15/23 PASS size=16 dma=16 tail=0 elapsed=0.076s
2026-08-31 06:11:05,881 INFO    section=rx-tail case=16/23 PASS size=6144 dma=6144 tail=0 elapsed=4.356s
2026-08-31 06:11:10,788 INFO    section=rx-tail case=17/23 PASS size=6145 dma=6144 tail=1 elapsed=4.361s
2026-08-31 06:11:15,680 INFO    section=rx-tail case=18/23 PASS size=6146 dma=6144 tail=2 elapsed=4.362s
2026-08-31 06:11:20,581 INFO    section=rx-tail case=19/23 PASS size=6147 dma=6144 tail=3 elapsed=4.355s
2026-08-31 06:11:25,484 INFO    section=rx-tail case=20/23 PASS size=6148 dma=6144 tail=4 elapsed=4.358s
2026-08-31 06:11:30,378 INFO    section=rx-tail case=21/23 PASS size=6149 dma=6144 tail=5 elapsed=4.364s
2026-08-31 06:11:35,289 INFO    section=rx-tail case=22/23 PASS size=6150 dma=6144 tail=6 elapsed=4.365s
2026-08-31 06:11:40,200 INFO    section=rx-tail case=23/23 PASS size=6151 dma=6144 tail=7 elapsed=4.365s
2026-08-31 06:11:40,200 INFO    SECTION name=rx-tail status=PASS passed=23 failed=0 elapsed=35.952s
2026-08-31 06:11:40,200 INFO    SUITE status=PASS passed=58 failed=0 full_profile=SKIPPED
2026-08-31 06:11:40,200 INFO    BAUD_RATE status=PASS rate=5/6 index=6 baud=14400 passed=58 failed=0 elapsed=165.222s
2026-08-31 06:11:40,424 INFO    BAUD_SWITCH status=PASS old_index=6 old=14400 new_index=11 new=115200
2026-08-31 06:11:40,430 INFO    BAUD_RATE status=BEGIN rate=6/6 index=5 baud=9600 timeout=30.0s
2026-08-31 06:11:40,527 INFO    BAUD_SWITCH status=PASS old_index=11 old=115200 new_index=5 new=9600
2026-08-31 06:11:40,527 INFO    SUITE status=BEGIN cases=58 full_profile=SKIPPED
2026-08-31 06:11:40,527 INFO    SECTION name=smoke status=BEGIN cases=1 payload=256
2026-08-31 06:11:41,909 INFO    section=smoke cycle=1/1 PASS frame_payload=256 elapsed=0.596s roundtrip=0.8 KiB/s
2026-08-31 06:11:41,909 INFO    SECTION name=smoke status=PASS passed=1 failed=0 elapsed=0.596s
2026-08-31 06:11:41,909 INFO    SECTION name=large-6144 status=BEGIN cases=1 payload=6144
2026-08-31 06:11:55,675 INFO    section=large-6144 cycle=1/1 PASS frame_payload=6144 elapsed=12.884s roundtrip=0.9 KiB/s
2026-08-31 06:11:55,675 INFO    SECTION name=large-6144 status=PASS passed=1 failed=0 elapsed=12.884s
2026-08-31 06:11:55,675 INFO    SECTION name=stress status=BEGIN cases=10 payload=6144
2026-08-31 06:12:09,444 INFO    section=stress cycle=1/10 PASS frame_payload=6144 elapsed=12.887s roundtrip=0.9 KiB/s
2026-08-31 06:12:23,208 INFO    section=stress cycle=2/10 PASS frame_payload=6144 elapsed=12.883s roundtrip=0.9 KiB/s
2026-08-31 06:12:36,975 INFO    section=stress cycle=3/10 PASS frame_payload=6144 elapsed=12.885s roundtrip=0.9 KiB/s
2026-08-31 06:12:50,697 INFO    section=stress cycle=4/10 PASS frame_payload=6144 elapsed=12.888s roundtrip=0.9 KiB/s
2026-08-31 06:13:04,456 INFO    section=stress cycle=5/10 PASS frame_payload=6144 elapsed=12.878s roundtrip=0.9 KiB/s
2026-08-31 06:13:18,223 INFO    section=stress cycle=6/10 PASS frame_payload=6144 elapsed=12.885s roundtrip=0.9 KiB/s
2026-08-31 06:13:31,914 INFO    section=stress cycle=7/10 PASS frame_payload=6144 elapsed=12.888s roundtrip=0.9 KiB/s
2026-08-31 06:13:45,680 INFO    section=stress cycle=8/10 PASS frame_payload=6144 elapsed=12.884s roundtrip=0.9 KiB/s
2026-08-31 06:13:59,480 INFO    section=stress cycle=9/10 PASS frame_payload=6144 elapsed=12.887s roundtrip=0.9 KiB/s
2026-08-31 06:14:13,276 INFO    section=stress cycle=10/10 PASS frame_payload=6144 elapsed=12.882s roundtrip=0.9 KiB/s
2026-08-31 06:14:13,276 INFO    SECTION name=stress status=PASS passed=10 failed=0 elapsed=128.844s
2026-08-31 06:14:13,276 INFO    SECTION name=tx-tail status=BEGIN cases=23
2026-08-31 06:14:13,964 INFO    section=tx-tail case=1/23 PASS size=2 dma=0 tail=2 elapsed=0.000s
2026-08-31 06:14:14,620 INFO    section=tx-tail case=2/23 PASS size=3 dma=0 tail=3 elapsed=0.000s
2026-08-31 06:14:15,308 INFO    section=tx-tail case=3/23 PASS size=4 dma=0 tail=4 elapsed=0.000s
2026-08-31 06:14:15,996 INFO    section=tx-tail case=4/23 PASS size=5 dma=0 tail=5 elapsed=0.000s
2026-08-31 06:14:16,684 INFO    section=tx-tail case=5/23 PASS size=6 dma=0 tail=6 elapsed=0.000s
2026-08-31 06:14:17,372 INFO    section=tx-tail case=6/23 PASS size=7 dma=0 tail=7 elapsed=0.000s
2026-08-31 06:14:18,028 INFO    section=tx-tail case=7/23 PASS size=8 dma=8 tail=0 elapsed=0.000s
2026-08-31 06:14:18,732 INFO    section=tx-tail case=8/23 PASS size=9 dma=8 tail=1 elapsed=0.016s
2026-08-31 06:14:19,468 INFO    section=tx-tail case=9/23 PASS size=10 dma=8 tail=2 elapsed=0.016s
2026-08-31 06:14:20,172 INFO    section=tx-tail case=10/23 PASS size=11 dma=8 tail=3 elapsed=0.016s
2026-08-31 06:14:20,908 INFO    section=tx-tail case=11/23 PASS size=12 dma=8 tail=4 elapsed=0.016s
2026-08-31 06:14:21,644 INFO    section=tx-tail case=12/23 PASS size=13 dma=8 tail=5 elapsed=0.016s
2026-08-31 06:14:22,380 INFO    section=tx-tail case=13/23 PASS size=14 dma=8 tail=6 elapsed=0.016s
2026-08-31 06:14:23,132 INFO    section=tx-tail case=14/23 PASS size=15 dma=8 tail=7 elapsed=0.016s
2026-08-31 06:14:23,836 INFO    section=tx-tail case=15/23 PASS size=16 dma=16 tail=0 elapsed=0.016s
2026-08-31 06:14:31,084 INFO    section=tx-tail case=16/23 PASS size=6144 dma=6144 tail=0 elapsed=6.432s
2026-08-31 06:14:38,332 INFO    section=tx-tail case=17/23 PASS size=6145 dma=6144 tail=1 elapsed=6.432s
2026-08-31 06:14:45,580 INFO    section=tx-tail case=18/23 PASS size=6146 dma=6144 tail=2 elapsed=6.432s
2026-08-31 06:14:52,827 INFO    section=tx-tail case=19/23 PASS size=6147 dma=6144 tail=3 elapsed=6.432s
2026-08-31 06:15:00,043 INFO    section=tx-tail case=20/23 PASS size=6148 dma=6144 tail=4 elapsed=6.432s
2026-08-31 06:15:07,291 INFO    section=tx-tail case=21/23 PASS size=6149 dma=6144 tail=5 elapsed=6.432s
2026-08-31 06:15:14,539 INFO    section=tx-tail case=22/23 PASS size=6150 dma=6144 tail=6 elapsed=6.432s
2026-08-31 06:15:21,755 INFO    section=tx-tail case=23/23 PASS size=6151 dma=6144 tail=7 elapsed=6.448s
2026-08-31 06:15:21,755 INFO    SECTION name=tx-tail status=PASS passed=23 failed=0 elapsed=51.598s
2026-08-31 06:15:21,755 INFO    SECTION name=rx-tail status=BEGIN cases=23
2026-08-31 06:15:22,528 INFO    section=rx-tail case=1/23 PASS size=2 dma=0 tail=2 elapsed=0.099s
2026-08-31 06:15:23,302 INFO    section=rx-tail case=2/23 PASS size=3 dma=0 tail=3 elapsed=0.100s
2026-08-31 06:15:24,078 INFO    section=rx-tail case=3/23 PASS size=4 dma=0 tail=4 elapsed=0.102s
2026-08-31 06:15:24,855 INFO    section=rx-tail case=4/23 PASS size=5 dma=0 tail=5 elapsed=0.103s
2026-08-31 06:15:25,601 INFO    section=rx-tail case=5/23 PASS size=6 dma=0 tail=6 elapsed=0.104s
2026-08-31 06:15:26,380 INFO    section=rx-tail case=6/23 PASS size=7 dma=0 tail=7 elapsed=0.105s
2026-08-31 06:15:27,160 INFO    section=rx-tail case=7/23 PASS size=8 dma=8 tail=0 elapsed=0.106s
2026-08-31 06:15:27,909 INFO    section=rx-tail case=8/23 PASS size=9 dma=8 tail=1 elapsed=0.107s
2026-08-31 06:15:28,723 INFO    section=rx-tail case=9/23 PASS size=10 dma=8 tail=2 elapsed=0.108s
2026-08-31 06:15:29,538 INFO    section=rx-tail case=10/23 PASS size=11 dma=8 tail=3 elapsed=0.109s
2026-08-31 06:15:30,354 INFO    section=rx-tail case=11/23 PASS size=12 dma=8 tail=4 elapsed=0.110s
2026-08-31 06:15:31,171 INFO    section=rx-tail case=12/23 PASS size=13 dma=8 tail=5 elapsed=0.111s
2026-08-31 06:15:31,957 INFO    section=rx-tail case=13/23 PASS size=14 dma=8 tail=6 elapsed=0.112s
2026-08-31 06:15:32,776 INFO    section=rx-tail case=14/23 PASS size=15 dma=8 tail=7 elapsed=0.113s
2026-08-31 06:15:33,596 INFO    section=rx-tail case=15/23 PASS size=16 dma=16 tail=0 elapsed=0.114s
2026-08-31 06:15:40,901 INFO    section=rx-tail case=16/23 PASS size=6144 dma=6144 tail=0 elapsed=6.504s
2026-08-31 06:15:48,215 INFO    section=rx-tail case=17/23 PASS size=6145 dma=6144 tail=1 elapsed=6.512s
2026-08-31 06:15:55,482 INFO    section=rx-tail case=18/23 PASS size=6146 dma=6144 tail=2 elapsed=6.513s
2026-08-31 06:16:02,794 INFO    section=rx-tail case=19/23 PASS size=6147 dma=6144 tail=3 elapsed=6.510s
2026-08-31 06:16:10,105 INFO    section=rx-tail case=20/23 PASS size=6148 dma=6144 tail=4 elapsed=6.509s
2026-08-31 06:16:17,376 INFO    section=rx-tail case=21/23 PASS size=6149 dma=6144 tail=5 elapsed=6.517s
2026-08-31 06:16:24,696 INFO    section=rx-tail case=22/23 PASS size=6150 dma=6144 tail=6 elapsed=6.518s
2026-08-31 06:16:32,015 INFO    section=rx-tail case=23/23 PASS size=6151 dma=6144 tail=7 elapsed=6.518s
2026-08-31 06:16:32,016 INFO    SECTION name=rx-tail status=PASS passed=23 failed=0 elapsed=53.702s
2026-08-31 06:16:32,016 INFO    SUITE status=PASS passed=58 failed=0 full_profile=SKIPPED
2026-08-31 06:16:32,016 INFO    BAUD_RATE status=PASS rate=6/6 index=5 baud=9600 passed=58 failed=0 elapsed=247.624s
2026-08-31 06:16:32,336 INFO    BAUD_SWITCH status=PASS old_index=5 old=9600 new_index=11 new=115200
2026-08-31 06:16:32,336 INFO    BAUD_MATRIX status=PASS rates_passed=6 rates_unsupported=0 rates_failed=0 hardware_cases_passed=348
2026-08-31 06:16:32,338 INFO    SUMMARY status=PASS passed=348 failed=0 elapsed=723.317s wall_elapsed=860.849s
