2026-09-08 01:59:57,969 INFO    UART mode=baud-matrix transports=polling,isr,dma profile=smoke port=/dev/ttyUSB0 baud=115200 payload=256 cycles=1
2026-09-08 01:59:57,972 INFO    BAUD_MATRIX status=BEGIN rates=3 transports=3 cases_per_rate=180 order=921600,1843200,3686400
2026-09-08 01:59:57,977 INFO    BAUD_RATE status=BEGIN rate=1/3 index=14 baud=921600 timeout=30.0s
2026-09-08 01:59:58,004 INFO    BAUD_SWITCH status=PASS old_index=11 old=115200 new_index=14 new=921600
2026-09-08 01:59:58,004 INFO    SUITE transport=polling status=BEGIN cases=60 full_profile=SKIPPED
2026-09-08 01:59:58,004 INFO    SECTION transport=polling name=smoke status=BEGIN cases=1 payload=256
2026-09-08 01:59:58,075 INFO    transport=polling section=smoke cycle=1/1 PASS frame_payload=256 elapsed=0.007s roundtrip=71.4 KiB/s
2026-09-08 01:59:58,075 INFO    SECTION name=smoke status=PASS passed=1 failed=0 elapsed=0.007s
2026-09-08 01:59:58,075 INFO    SECTION transport=polling name=large-6144 status=BEGIN cases=1 payload=6144
2026-09-08 01:59:58,297 INFO    transport=polling section=large-6144 cycle=1/1 PASS frame_payload=6144 elapsed=0.149s roundtrip=80.6 KiB/s
2026-09-08 01:59:58,297 INFO    SECTION name=large-6144 status=PASS passed=1 failed=0 elapsed=0.149s
2026-09-08 01:59:58,297 INFO    SECTION transport=polling name=stress status=BEGIN cases=10 payload=6144
2026-09-08 01:59:58,518 INFO    transport=polling section=stress cycle=1/10 PASS frame_payload=6144 elapsed=0.148s roundtrip=81.0 KiB/s
2026-09-08 01:59:58,738 INFO    transport=polling section=stress cycle=2/10 PASS frame_payload=6144 elapsed=0.148s roundtrip=80.9 KiB/s
2026-09-08 01:59:58,959 INFO    transport=polling section=stress cycle=3/10 PASS frame_payload=6144 elapsed=0.148s roundtrip=80.9 KiB/s
2026-09-08 01:59:59,180 INFO    transport=polling section=stress cycle=4/10 PASS frame_payload=6144 elapsed=0.149s roundtrip=80.7 KiB/s
2026-09-08 01:59:59,401 INFO    transport=polling section=stress cycle=5/10 PASS frame_payload=6144 elapsed=0.148s roundtrip=81.0 KiB/s
2026-09-08 01:59:59,621 INFO    transport=polling section=stress cycle=6/10 PASS frame_payload=6144 elapsed=0.148s roundtrip=81.0 KiB/s
2026-09-08 01:59:59,841 INFO    transport=polling section=stress cycle=7/10 PASS frame_payload=6144 elapsed=0.148s roundtrip=80.9 KiB/s
2026-09-08 02:00:00,062 INFO    transport=polling section=stress cycle=8/10 PASS frame_payload=6144 elapsed=0.148s roundtrip=80.9 KiB/s
2026-09-08 02:00:00,284 INFO    transport=polling section=stress cycle=9/10 PASS frame_payload=6144 elapsed=0.149s roundtrip=80.6 KiB/s
2026-09-08 02:00:00,506 INFO    transport=polling section=stress cycle=10/10 PASS frame_payload=6144 elapsed=0.149s roundtrip=80.7 KiB/s
2026-09-08 02:00:00,506 INFO    SECTION name=stress status=PASS passed=10 failed=0 elapsed=1.484s
2026-09-08 02:00:00,506 INFO    SECTION transport=polling name=tx-tail status=BEGIN cases=23
2026-09-08 02:00:00,519 INFO    section=tx-tail case=1/23 PASS size=2 dma=0 tail=2 elapsed=0.000s
2026-09-08 02:00:00,531 INFO    section=tx-tail case=2/23 PASS size=3 dma=0 tail=3 elapsed=0.000s
2026-09-08 02:00:00,544 INFO    section=tx-tail case=3/23 PASS size=4 dma=0 tail=4 elapsed=0.000s
2026-09-08 02:00:00,557 INFO    section=tx-tail case=4/23 PASS size=5 dma=0 tail=5 elapsed=0.000s
2026-09-08 02:00:00,570 INFO    section=tx-tail case=5/23 PASS size=6 dma=0 tail=6 elapsed=0.000s
2026-09-08 02:00:00,582 INFO    section=tx-tail case=6/23 PASS size=7 dma=0 tail=7 elapsed=0.000s
2026-09-08 02:00:00,595 INFO    section=tx-tail case=7/23 PASS size=8 dma=8 tail=0 elapsed=0.000s
2026-09-08 02:00:00,607 INFO    section=tx-tail case=8/23 PASS size=9 dma=8 tail=1 elapsed=0.000s
2026-09-08 02:00:00,621 INFO    section=tx-tail case=9/23 PASS size=10 dma=8 tail=2 elapsed=0.000s
2026-09-08 02:00:00,634 INFO    section=tx-tail case=10/23 PASS size=11 dma=8 tail=3 elapsed=0.000s
2026-09-08 02:00:00,647 INFO    section=tx-tail case=11/23 PASS size=12 dma=8 tail=4 elapsed=0.000s
2026-09-08 02:00:00,661 INFO    section=tx-tail case=12/23 PASS size=13 dma=8 tail=5 elapsed=0.001s
2026-09-08 02:00:00,674 INFO    section=tx-tail case=13/23 PASS size=14 dma=8 tail=6 elapsed=0.000s
2026-09-08 02:00:00,688 INFO    section=tx-tail case=14/23 PASS size=15 dma=8 tail=7 elapsed=0.000s
2026-09-08 02:00:00,701 INFO    section=tx-tail case=15/23 PASS size=16 dma=16 tail=0 elapsed=0.000s
2026-09-08 02:00:00,791 INFO    section=tx-tail case=16/23 PASS size=6144 dma=6144 tail=0 elapsed=0.067s
2026-09-08 02:00:00,883 INFO    section=tx-tail case=17/23 PASS size=6145 dma=6144 tail=1 elapsed=0.068s
2026-09-08 02:00:00,974 INFO    section=tx-tail case=18/23 PASS size=6146 dma=6144 tail=2 elapsed=0.067s
2026-09-08 02:00:01,065 INFO    section=tx-tail case=19/23 PASS size=6147 dma=6144 tail=3 elapsed=0.068s
2026-09-08 02:00:01,156 INFO    section=tx-tail case=20/23 PASS size=6148 dma=6144 tail=4 elapsed=0.067s
2026-09-08 02:00:01,246 INFO    section=tx-tail case=21/23 PASS size=6149 dma=6144 tail=5 elapsed=0.067s
2026-09-08 02:00:01,337 INFO    section=tx-tail case=22/23 PASS size=6150 dma=6144 tail=6 elapsed=0.067s
2026-09-08 02:00:01,427 INFO    section=tx-tail case=23/23 PASS size=6151 dma=6144 tail=7 elapsed=0.067s
2026-09-08 02:00:01,427 INFO    SECTION name=tx-tail status=PASS passed=23 failed=0 elapsed=0.537s
2026-09-08 02:00:01,427 INFO    SECTION transport=polling name=rx-tail status=BEGIN cases=23
2026-09-08 02:00:01,490 INFO    section=rx-tail case=1/23 PASS size=2 dma=0 tail=2 elapsed=0.002s
2026-09-08 02:00:01,554 INFO    section=rx-tail case=2/23 PASS size=3 dma=0 tail=3 elapsed=0.002s
2026-09-08 02:00:01,617 INFO    section=rx-tail case=3/23 PASS size=4 dma=0 tail=4 elapsed=0.002s
2026-09-08 02:00:01,681 INFO    section=rx-tail case=4/23 PASS size=5 dma=0 tail=5 elapsed=0.002s
2026-09-08 02:00:01,744 INFO    section=rx-tail case=5/23 PASS size=6 dma=0 tail=6 elapsed=0.002s
2026-09-08 02:00:01,808 INFO    section=rx-tail case=6/23 PASS size=7 dma=0 tail=7 elapsed=0.002s
2026-09-08 02:00:01,871 INFO    section=rx-tail case=7/23 PASS size=8 dma=8 tail=0 elapsed=0.002s
2026-09-08 02:00:01,935 INFO    section=rx-tail case=8/23 PASS size=9 dma=8 tail=1 elapsed=0.002s
2026-09-08 02:00:01,999 INFO    section=rx-tail case=9/23 PASS size=10 dma=8 tail=2 elapsed=0.002s
2026-09-08 02:00:02,063 INFO    section=rx-tail case=10/23 PASS size=11 dma=8 tail=3 elapsed=0.002s
2026-09-08 02:00:02,128 INFO    section=rx-tail case=11/23 PASS size=12 dma=8 tail=4 elapsed=0.002s
2026-09-08 02:00:02,192 INFO    section=rx-tail case=12/23 PASS size=13 dma=8 tail=5 elapsed=0.002s
2026-09-08 02:00:02,256 INFO    section=rx-tail case=13/23 PASS size=14 dma=8 tail=6 elapsed=0.002s
2026-09-08 02:00:02,320 INFO    section=rx-tail case=14/23 PASS size=15 dma=8 tail=7 elapsed=0.002s
2026-09-08 02:00:02,384 INFO    section=rx-tail case=15/23 PASS size=16 dma=16 tail=0 elapsed=0.002s
2026-09-08 02:00:02,535 INFO    section=rx-tail case=16/23 PASS size=6144 dma=6144 tail=0 elapsed=0.082s
2026-09-08 02:00:02,685 INFO    section=rx-tail case=17/23 PASS size=6145 dma=6144 tail=1 elapsed=0.082s
2026-09-08 02:00:02,835 INFO    section=rx-tail case=18/23 PASS size=6146 dma=6144 tail=2 elapsed=0.082s
2026-09-08 02:00:02,986 INFO    section=rx-tail case=19/23 PASS size=6147 dma=6144 tail=3 elapsed=0.082s
2026-09-08 02:00:03,136 INFO    section=rx-tail case=20/23 PASS size=6148 dma=6144 tail=4 elapsed=0.082s
2026-09-08 02:00:03,286 INFO    section=rx-tail case=21/23 PASS size=6149 dma=6144 tail=5 elapsed=0.082s
2026-09-08 02:00:03,437 INFO    section=rx-tail case=22/23 PASS size=6150 dma=6144 tail=6 elapsed=0.082s
2026-09-08 02:00:03,587 INFO    section=rx-tail case=23/23 PASS size=6151 dma=6144 tail=7 elapsed=0.082s
2026-09-08 02:00:03,587 INFO    SECTION name=rx-tail status=PASS passed=23 failed=0 elapsed=0.686s
2026-09-08 02:00:03,588 INFO    SECTION transport=polling name=recovery status=BEGIN cases=1
2026-09-08 02:00:04,769 INFO    SECTION transport=polling name=recovery status=PASS passed=1 failed=0 elapsed=1.181s
2026-09-08 02:00:04,769 INFO    SECTION transport=polling name=unaligned-cache status=BEGIN cases=1
2026-09-08 02:00:04,990 INFO    SECTION transport=polling name=unaligned-cache status=PASS passed=1 failed=0 elapsed=0.150s
2026-09-08 02:00:04,990 INFO    SUITE transport=polling status=PASS passed=60 failed=0 full_profile=SKIPPED
2026-09-08 02:00:04,990 INFO    SUITE transport=isr status=BEGIN cases=60 full_profile=SKIPPED
2026-09-08 02:00:04,990 INFO    SECTION transport=isr name=smoke status=BEGIN cases=1 payload=256
2026-09-08 02:00:05,059 INFO    transport=isr section=smoke cycle=1/1 PASS frame_payload=256 elapsed=0.007s roundtrip=72.4 KiB/s
2026-09-08 02:00:05,059 INFO    SECTION name=smoke status=PASS passed=1 failed=0 elapsed=0.007s
2026-09-08 02:00:05,059 INFO    SECTION transport=isr name=large-6144 status=BEGIN cases=1 payload=6144
2026-09-08 02:00:05,280 INFO    transport=isr section=large-6144 cycle=1/1 PASS frame_payload=6144 elapsed=0.148s roundtrip=81.0 KiB/s
2026-09-08 02:00:05,280 INFO    SECTION name=large-6144 status=PASS passed=1 failed=0 elapsed=0.148s
2026-09-08 02:00:05,280 INFO    SECTION transport=isr name=stress status=BEGIN cases=10 payload=6144
2026-09-08 02:00:05,499 INFO    transport=isr section=stress cycle=1/10 PASS frame_payload=6144 elapsed=0.148s roundtrip=81.0 KiB/s
2026-09-08 02:00:05,718 INFO    transport=isr section=stress cycle=2/10 PASS frame_payload=6144 elapsed=0.148s roundtrip=80.9 KiB/s
2026-09-08 02:00:05,938 INFO    transport=isr section=stress cycle=3/10 PASS frame_payload=6144 elapsed=0.148s roundtrip=81.0 KiB/s
2026-09-08 02:00:06,158 INFO    transport=isr section=stress cycle=4/10 PASS frame_payload=6144 elapsed=0.148s roundtrip=80.9 KiB/s
2026-09-08 02:00:06,376 INFO    transport=isr section=stress cycle=5/10 PASS frame_payload=6144 elapsed=0.148s roundtrip=81.0 KiB/s
2026-09-08 02:00:06,594 INFO    transport=isr section=stress cycle=6/10 PASS frame_payload=6144 elapsed=0.148s roundtrip=80.9 KiB/s
2026-09-08 02:00:06,812 INFO    transport=isr section=stress cycle=7/10 PASS frame_payload=6144 elapsed=0.148s roundtrip=80.9 KiB/s
2026-09-08 02:00:07,031 INFO    transport=isr section=stress cycle=8/10 PASS frame_payload=6144 elapsed=0.148s roundtrip=80.9 KiB/s
2026-09-08 02:00:07,250 INFO    transport=isr section=stress cycle=9/10 PASS frame_payload=6144 elapsed=0.149s roundtrip=80.7 KiB/s
2026-09-08 02:00:07,470 INFO    transport=isr section=stress cycle=10/10 PASS frame_payload=6144 elapsed=0.148s roundtrip=81.0 KiB/s
2026-09-08 02:00:07,470 INFO    SECTION name=stress status=PASS passed=10 failed=0 elapsed=1.483s
2026-09-08 02:00:07,470 INFO    SECTION transport=isr name=tx-tail status=BEGIN cases=23
2026-09-08 02:00:07,481 INFO    section=tx-tail case=1/23 PASS size=2 dma=0 tail=2 elapsed=0.000s
2026-09-08 02:00:07,491 INFO    section=tx-tail case=2/23 PASS size=3 dma=0 tail=3 elapsed=0.000s
2026-09-08 02:00:07,502 INFO    section=tx-tail case=3/23 PASS size=4 dma=0 tail=4 elapsed=0.000s
2026-09-08 02:00:07,513 INFO    section=tx-tail case=4/23 PASS size=5 dma=0 tail=5 elapsed=0.000s
2026-09-08 02:00:07,523 INFO    section=tx-tail case=5/23 PASS size=6 dma=0 tail=6 elapsed=0.000s
2026-09-08 02:00:07,534 INFO    section=tx-tail case=6/23 PASS size=7 dma=0 tail=7 elapsed=0.000s
2026-09-08 02:00:07,545 INFO    section=tx-tail case=7/23 PASS size=8 dma=8 tail=0 elapsed=0.000s
2026-09-08 02:00:07,556 INFO    section=tx-tail case=8/23 PASS size=9 dma=8 tail=1 elapsed=0.000s
2026-09-08 02:00:07,567 INFO    section=tx-tail case=9/23 PASS size=10 dma=8 tail=2 elapsed=0.000s
2026-09-08 02:00:07,578 INFO    section=tx-tail case=10/23 PASS size=11 dma=8 tail=3 elapsed=0.000s
2026-09-08 02:00:07,589 INFO    section=tx-tail case=11/23 PASS size=12 dma=8 tail=4 elapsed=0.000s
2026-09-08 02:00:07,601 INFO    section=tx-tail case=12/23 PASS size=13 dma=8 tail=5 elapsed=0.001s
2026-09-08 02:00:07,612 INFO    section=tx-tail case=13/23 PASS size=14 dma=8 tail=6 elapsed=0.001s
2026-09-08 02:00:07,624 INFO    section=tx-tail case=14/23 PASS size=15 dma=8 tail=7 elapsed=0.001s
2026-09-08 02:00:07,634 INFO    section=tx-tail case=15/23 PASS size=16 dma=16 tail=0 elapsed=0.000s
2026-09-08 02:00:07,723 INFO    section=tx-tail case=16/23 PASS size=6144 dma=6144 tail=0 elapsed=0.067s
2026-09-08 02:00:07,812 INFO    section=tx-tail case=17/23 PASS size=6145 dma=6144 tail=1 elapsed=0.067s
2026-09-08 02:00:07,901 INFO    section=tx-tail case=18/23 PASS size=6146 dma=6144 tail=2 elapsed=0.067s
2026-09-08 02:00:07,989 INFO    section=tx-tail case=19/23 PASS size=6147 dma=6144 tail=3 elapsed=0.067s
2026-09-08 02:00:08,077 INFO    section=tx-tail case=20/23 PASS size=6148 dma=6144 tail=4 elapsed=0.067s
2026-09-08 02:00:08,170 INFO    section=tx-tail case=21/23 PASS size=6149 dma=6144 tail=5 elapsed=0.067s
2026-09-08 02:00:08,258 INFO    section=tx-tail case=22/23 PASS size=6150 dma=6144 tail=6 elapsed=0.067s
2026-09-08 02:00:08,346 INFO    section=tx-tail case=23/23 PASS size=6151 dma=6144 tail=7 elapsed=0.067s
2026-09-08 02:00:08,346 INFO    SECTION name=tx-tail status=PASS passed=23 failed=0 elapsed=0.537s
2026-09-08 02:00:08,346 INFO    SECTION transport=isr name=rx-tail status=BEGIN cases=23
2026-09-08 02:00:08,408 INFO    section=rx-tail case=1/23 PASS size=2 dma=0 tail=2 elapsed=0.002s
2026-09-08 02:00:08,469 INFO    section=rx-tail case=2/23 PASS size=3 dma=0 tail=3 elapsed=0.002s
2026-09-08 02:00:08,531 INFO    section=rx-tail case=3/23 PASS size=4 dma=0 tail=4 elapsed=0.002s
2026-09-08 02:00:08,592 INFO    section=rx-tail case=4/23 PASS size=5 dma=0 tail=5 elapsed=0.002s
2026-09-08 02:00:08,654 INFO    section=rx-tail case=5/23 PASS size=6 dma=0 tail=6 elapsed=0.002s
2026-09-08 02:00:08,715 INFO    section=rx-tail case=6/23 PASS size=7 dma=0 tail=7 elapsed=0.002s
2026-09-08 02:00:08,777 INFO    section=rx-tail case=7/23 PASS size=8 dma=8 tail=0 elapsed=0.002s
2026-09-08 02:00:08,838 INFO    section=rx-tail case=8/23 PASS size=9 dma=8 tail=1 elapsed=0.002s
2026-09-08 02:00:08,901 INFO    section=rx-tail case=9/23 PASS size=10 dma=8 tail=2 elapsed=0.002s
2026-09-08 02:00:08,963 INFO    section=rx-tail case=10/23 PASS size=11 dma=8 tail=3 elapsed=0.002s
2026-09-08 02:00:09,025 INFO    section=rx-tail case=11/23 PASS size=12 dma=8 tail=4 elapsed=0.002s
2026-09-08 02:00:09,088 INFO    section=rx-tail case=12/23 PASS size=13 dma=8 tail=5 elapsed=0.002s
2026-09-08 02:00:09,150 INFO    section=rx-tail case=13/23 PASS size=14 dma=8 tail=6 elapsed=0.002s
2026-09-08 02:00:09,212 INFO    section=rx-tail case=14/23 PASS size=15 dma=8 tail=7 elapsed=0.002s
2026-09-08 02:00:09,274 INFO    section=rx-tail case=15/23 PASS size=16 dma=16 tail=0 elapsed=0.002s
2026-09-08 02:00:09,423 INFO    section=rx-tail case=16/23 PASS size=6144 dma=6144 tail=0 elapsed=0.082s
2026-09-08 02:00:09,571 INFO    section=rx-tail case=17/23 PASS size=6145 dma=6144 tail=1 elapsed=0.082s
2026-09-08 02:00:09,719 INFO    section=rx-tail case=18/23 PASS size=6146 dma=6144 tail=2 elapsed=0.082s
2026-09-08 02:00:09,867 INFO    section=rx-tail case=19/23 PASS size=6147 dma=6144 tail=3 elapsed=0.082s
2026-09-08 02:00:10,016 INFO    section=rx-tail case=20/23 PASS size=6148 dma=6144 tail=4 elapsed=0.082s
2026-09-08 02:00:10,164 INFO    section=rx-tail case=21/23 PASS size=6149 dma=6144 tail=5 elapsed=0.082s
2026-09-08 02:00:10,313 INFO    section=rx-tail case=22/23 PASS size=6150 dma=6144 tail=6 elapsed=0.082s
2026-09-08 02:00:10,461 INFO    section=rx-tail case=23/23 PASS size=6151 dma=6144 tail=7 elapsed=0.082s
2026-09-08 02:00:10,462 INFO    SECTION name=rx-tail status=PASS passed=23 failed=0 elapsed=0.685s
2026-09-08 02:00:10,462 INFO    SECTION transport=isr name=recovery status=BEGIN cases=1
2026-09-08 02:00:10,564 INFO    SECTION transport=isr name=recovery status=PASS passed=1 failed=0 elapsed=0.103s
2026-09-08 02:00:10,564 INFO    SECTION transport=isr name=unaligned-cache status=BEGIN cases=1
2026-09-08 02:00:10,784 INFO    SECTION transport=isr name=unaligned-cache status=PASS passed=1 failed=0 elapsed=0.150s
2026-09-08 02:00:10,784 INFO    SUITE transport=isr status=PASS passed=60 failed=0 full_profile=SKIPPED
2026-09-08 02:00:10,784 INFO    SUITE transport=dma status=BEGIN cases=60 full_profile=SKIPPED
2026-09-08 02:00:10,784 INFO    SECTION transport=dma name=smoke status=BEGIN cases=1 payload=256
2026-09-08 02:00:10,854 INFO    transport=dma section=smoke cycle=1/1 PASS frame_payload=256 elapsed=0.007s roundtrip=69.8 KiB/s
2026-09-08 02:00:10,854 INFO    SECTION name=smoke status=PASS passed=1 failed=0 elapsed=0.007s
2026-09-08 02:00:10,854 INFO    SECTION transport=dma name=large-6144 status=BEGIN cases=1 payload=6144
2026-09-08 02:00:11,077 INFO    transport=dma section=large-6144 cycle=1/1 PASS frame_payload=6144 elapsed=0.148s roundtrip=80.8 KiB/s
2026-09-08 02:00:11,077 INFO    SECTION name=large-6144 status=PASS passed=1 failed=0 elapsed=0.148s
2026-09-08 02:00:11,077 INFO    SECTION transport=dma name=stress status=BEGIN cases=10 payload=6144
2026-09-08 02:00:11,296 INFO    transport=dma section=stress cycle=1/10 PASS frame_payload=6144 elapsed=0.148s roundtrip=80.8 KiB/s
2026-09-08 02:00:11,515 INFO    transport=dma section=stress cycle=2/10 PASS frame_payload=6144 elapsed=0.148s roundtrip=80.9 KiB/s
2026-09-08 02:00:11,733 INFO    transport=dma section=stress cycle=3/10 PASS frame_payload=6144 elapsed=0.148s roundtrip=80.8 KiB/s
2026-09-08 02:00:11,952 INFO    transport=dma section=stress cycle=4/10 PASS frame_payload=6144 elapsed=0.148s roundtrip=80.8 KiB/s
2026-09-08 02:00:12,171 INFO    transport=dma section=stress cycle=5/10 PASS frame_payload=6144 elapsed=0.148s roundtrip=80.8 KiB/s
2026-09-08 02:00:12,390 INFO    transport=dma section=stress cycle=6/10 PASS frame_payload=6144 elapsed=0.148s roundtrip=80.9 KiB/s
2026-09-08 02:00:12,608 INFO    transport=dma section=stress cycle=7/10 PASS frame_payload=6144 elapsed=0.148s roundtrip=80.8 KiB/s
2026-09-08 02:00:12,827 INFO    transport=dma section=stress cycle=8/10 PASS frame_payload=6144 elapsed=0.148s roundtrip=80.8 KiB/s
2026-09-08 02:00:13,046 INFO    transport=dma section=stress cycle=9/10 PASS frame_payload=6144 elapsed=0.149s roundtrip=80.8 KiB/s
2026-09-08 02:00:13,266 INFO    transport=dma section=stress cycle=10/10 PASS frame_payload=6144 elapsed=0.148s roundtrip=80.9 KiB/s
2026-09-08 02:00:13,266 INFO    SECTION name=stress status=PASS passed=10 failed=0 elapsed=1.485s
2026-09-08 02:00:13,266 INFO    SECTION transport=dma name=tx-tail status=BEGIN cases=23
2026-09-08 02:00:13,277 INFO    section=tx-tail case=1/23 PASS size=2 dma=0 tail=2 elapsed=0.000s
2026-09-08 02:00:13,287 INFO    section=tx-tail case=2/23 PASS size=3 dma=0 tail=3 elapsed=0.000s
2026-09-08 02:00:13,298 INFO    section=tx-tail case=3/23 PASS size=4 dma=0 tail=4 elapsed=0.000s
2026-09-08 02:00:13,309 INFO    section=tx-tail case=4/23 PASS size=5 dma=0 tail=5 elapsed=0.000s
2026-09-08 02:00:13,320 INFO    section=tx-tail case=5/23 PASS size=6 dma=0 tail=6 elapsed=0.000s
2026-09-08 02:00:13,330 INFO    section=tx-tail case=6/23 PASS size=7 dma=0 tail=7 elapsed=0.000s
2026-09-08 02:00:13,341 INFO    section=tx-tail case=7/23 PASS size=8 dma=8 tail=0 elapsed=0.000s
2026-09-08 02:00:13,352 INFO    section=tx-tail case=8/23 PASS size=9 dma=8 tail=1 elapsed=0.000s
2026-09-08 02:00:13,363 INFO    section=tx-tail case=9/23 PASS size=10 dma=8 tail=2 elapsed=0.000s
2026-09-08 02:00:13,374 INFO    section=tx-tail case=10/23 PASS size=11 dma=8 tail=3 elapsed=0.000s
2026-09-08 02:00:13,386 INFO    section=tx-tail case=11/23 PASS size=12 dma=8 tail=4 elapsed=0.000s
2026-09-08 02:00:13,397 INFO    section=tx-tail case=12/23 PASS size=13 dma=8 tail=5 elapsed=0.000s
2026-09-08 02:00:13,408 INFO    section=tx-tail case=13/23 PASS size=14 dma=8 tail=6 elapsed=0.001s
2026-09-08 02:00:13,420 INFO    section=tx-tail case=14/23 PASS size=15 dma=8 tail=7 elapsed=0.001s
2026-09-08 02:00:13,431 INFO    section=tx-tail case=15/23 PASS size=16 dma=16 tail=0 elapsed=0.000s
2026-09-08 02:00:13,519 INFO    section=tx-tail case=16/23 PASS size=6144 dma=6144 tail=0 elapsed=0.067s
2026-09-08 02:00:13,608 INFO    section=tx-tail case=17/23 PASS size=6145 dma=6144 tail=1 elapsed=0.067s
2026-09-08 02:00:13,697 INFO    section=tx-tail case=18/23 PASS size=6146 dma=6144 tail=2 elapsed=0.067s
2026-09-08 02:00:13,786 INFO    section=tx-tail case=19/23 PASS size=6147 dma=6144 tail=3 elapsed=0.068s
2026-09-08 02:00:13,875 INFO    section=tx-tail case=20/23 PASS size=6148 dma=6144 tail=4 elapsed=0.068s
2026-09-08 02:00:13,963 INFO    section=tx-tail case=21/23 PASS size=6149 dma=6144 tail=5 elapsed=0.067s
2026-09-08 02:00:14,051 INFO    section=tx-tail case=22/23 PASS size=6150 dma=6144 tail=6 elapsed=0.067s
2026-09-08 02:00:14,140 INFO    section=tx-tail case=23/23 PASS size=6151 dma=6144 tail=7 elapsed=0.068s
2026-09-08 02:00:14,140 INFO    SECTION name=tx-tail status=PASS passed=23 failed=0 elapsed=0.539s
2026-09-08 02:00:14,140 INFO    SECTION transport=dma name=rx-tail status=BEGIN cases=23
2026-09-08 02:00:14,202 INFO    section=rx-tail case=1/23 PASS size=2 dma=0 tail=2 elapsed=0.002s
2026-09-08 02:00:14,264 INFO    section=rx-tail case=2/23 PASS size=3 dma=0 tail=3 elapsed=0.002s
2026-09-08 02:00:14,325 INFO    section=rx-tail case=3/23 PASS size=4 dma=0 tail=4 elapsed=0.002s
2026-09-08 02:00:14,387 INFO    section=rx-tail case=4/23 PASS size=5 dma=0 tail=5 elapsed=0.002s
2026-09-08 02:00:14,449 INFO    section=rx-tail case=5/23 PASS size=6 dma=0 tail=6 elapsed=0.002s
2026-09-08 02:00:14,510 INFO    section=rx-tail case=6/23 PASS size=7 dma=0 tail=7 elapsed=0.002s
2026-09-08 02:00:14,572 INFO    section=rx-tail case=7/23 PASS size=8 dma=8 tail=0 elapsed=0.002s
2026-09-08 02:00:14,633 INFO    section=rx-tail case=8/23 PASS size=9 dma=8 tail=1 elapsed=0.002s
2026-09-08 02:00:14,696 INFO    section=rx-tail case=9/23 PASS size=10 dma=8 tail=2 elapsed=0.002s
2026-09-08 02:00:14,758 INFO    section=rx-tail case=10/23 PASS size=11 dma=8 tail=3 elapsed=0.002s
2026-09-08 02:00:14,821 INFO    section=rx-tail case=11/23 PASS size=12 dma=8 tail=4 elapsed=0.002s
2026-09-08 02:00:14,883 INFO    section=rx-tail case=12/23 PASS size=13 dma=8 tail=5 elapsed=0.002s
2026-09-08 02:00:14,945 INFO    section=rx-tail case=13/23 PASS size=14 dma=8 tail=6 elapsed=0.002s
2026-09-08 02:00:15,007 INFO    section=rx-tail case=14/23 PASS size=15 dma=8 tail=7 elapsed=0.002s
2026-09-08 02:00:15,070 INFO    section=rx-tail case=15/23 PASS size=16 dma=16 tail=0 elapsed=0.002s
2026-09-08 02:00:15,218 INFO    section=rx-tail case=16/23 PASS size=6144 dma=6144 tail=0 elapsed=0.082s
2026-09-08 02:00:15,367 INFO    section=rx-tail case=17/23 PASS size=6145 dma=6144 tail=1 elapsed=0.082s
2026-09-08 02:00:15,515 INFO    section=rx-tail case=18/23 PASS size=6146 dma=6144 tail=2 elapsed=0.082s
2026-09-08 02:00:15,663 INFO    section=rx-tail case=19/23 PASS size=6147 dma=6144 tail=3 elapsed=0.082s
2026-09-08 02:00:15,812 INFO    section=rx-tail case=20/23 PASS size=6148 dma=6144 tail=4 elapsed=0.082s
2026-09-08 02:00:15,961 INFO    section=rx-tail case=21/23 PASS size=6149 dma=6144 tail=5 elapsed=0.083s
2026-09-08 02:00:16,109 INFO    section=rx-tail case=22/23 PASS size=6150 dma=6144 tail=6 elapsed=0.082s
2026-09-08 02:00:16,258 INFO    section=rx-tail case=23/23 PASS size=6151 dma=6144 tail=7 elapsed=0.082s
2026-09-08 02:00:16,258 INFO    SECTION name=rx-tail status=PASS passed=23 failed=0 elapsed=0.687s
2026-09-08 02:00:16,258 INFO    SECTION transport=dma name=recovery status=BEGIN cases=1
2026-09-08 02:00:16,371 INFO    SECTION transport=dma name=recovery status=PASS passed=1 failed=0 elapsed=0.113s
2026-09-08 02:00:16,371 INFO    SECTION transport=dma name=unaligned-cache status=BEGIN cases=1
2026-09-08 02:00:16,589 INFO    SECTION transport=dma name=unaligned-cache status=PASS passed=1 failed=0 elapsed=0.150s
2026-09-08 02:00:16,589 INFO    SUITE transport=dma status=PASS passed=60 failed=0 full_profile=SKIPPED
2026-09-08 02:00:16,589 INFO    BAUD_RATE status=PASS rate=1/3 index=14 baud=921600 passed=180 failed=0 elapsed=10.437s
2026-09-08 02:00:16,599 INFO    BAUD_SWITCH status=PASS old_index=14 old=921600 new_index=11 new=115200
2026-09-08 02:00:16,603 INFO    BAUD_RATE status=BEGIN rate=2/3 index=15 baud=1843200 timeout=30.0s
2026-09-08 02:00:46,636 WARNING BAUD_RATE status=UNSUPPORTED rate=2/3 index=15 baud=1843200 adapter_or_link=timeout waiting for @BAUD ACTIVE
2026-09-08 02:00:47,643 INFO    BAUD_RATE status=BEGIN rate=3/3 index=16 baud=3686400 timeout=30.0s
2026-09-08 02:01:17,671 WARNING BAUD_RATE status=UNSUPPORTED rate=3/3 index=16 baud=3686400 adapter_or_link=timeout waiting for @BAUD ACTIVE
2026-09-08 02:01:18,673 INFO    BAUD_MATRIX status=PASS rates_passed=1 rates_unsupported=2 rates_failed=0 hardware_cases_passed=180
2026-09-08 02:01:18,673 INFO    SUMMARY status=PASS passed=180 failed=0 elapsed=10.437s wall_elapsed=80.704s
