2026-09-01 11:32:01,326 INFO    UART mode=baud-matrix transports=dma profile=smoke port=/dev/ttyUSB0 baud=115200 payload=256 cycles=1
2026-09-01 11:32:01,345 INFO    BAUD_MATRIX status=BEGIN rates=2 transports=1 cases_per_rate=60 order=460800,921600
2026-09-01 11:32:01,350 INFO    BAUD_RATE status=BEGIN rate=1/2 index=13 baud=460800 timeout=30.0s
2026-09-01 11:32:01,406 INFO    BAUD_SWITCH status=PASS old_index=11 old=115200 new_index=13 new=460800
2026-09-01 11:32:01,406 INFO    SUITE transport=dma status=BEGIN cases=60 full_profile=SKIPPED
2026-09-01 11:32:01,406 INFO    SECTION transport=dma name=smoke status=BEGIN cases=1 payload=256
2026-09-01 11:32:01,521 INFO    transport=dma section=smoke cycle=1/1 PASS frame_payload=256 elapsed=0.014s roundtrip=35.2 KiB/s
2026-09-01 11:32:01,521 INFO    SECTION name=smoke status=PASS passed=1 failed=0 elapsed=0.014s
2026-09-01 11:32:01,521 INFO    SECTION transport=dma name=large-6144 status=BEGIN cases=1 payload=6144
2026-09-01 11:32:01,901 INFO    transport=dma section=large-6144 cycle=1/1 PASS frame_payload=6144 elapsed=0.273s roundtrip=44.0 KiB/s
2026-09-01 11:32:01,901 INFO    SECTION name=large-6144 status=PASS passed=1 failed=0 elapsed=0.273s
2026-09-01 11:32:01,901 INFO    SECTION transport=dma name=stress status=BEGIN cases=10 payload=6144
2026-09-01 11:32:02,283 INFO    transport=dma section=stress cycle=1/10 PASS frame_payload=6144 elapsed=0.273s roundtrip=44.0 KiB/s
2026-09-01 11:32:02,663 INFO    transport=dma section=stress cycle=2/10 PASS frame_payload=6144 elapsed=0.273s roundtrip=44.0 KiB/s
2026-09-01 11:32:03,043 INFO    transport=dma section=stress cycle=3/10 PASS frame_payload=6144 elapsed=0.273s roundtrip=43.9 KiB/s
2026-09-01 11:32:03,423 INFO    transport=dma section=stress cycle=4/10 PASS frame_payload=6144 elapsed=0.273s roundtrip=44.0 KiB/s
2026-09-01 11:32:03,803 INFO    transport=dma section=stress cycle=5/10 PASS frame_payload=6144 elapsed=0.271s roundtrip=44.2 KiB/s
2026-09-01 11:32:04,183 INFO    transport=dma section=stress cycle=6/10 PASS frame_payload=6144 elapsed=0.272s roundtrip=44.2 KiB/s
2026-09-01 11:32:04,562 INFO    transport=dma section=stress cycle=7/10 PASS frame_payload=6144 elapsed=0.273s roundtrip=44.0 KiB/s
2026-09-01 11:32:04,942 INFO    transport=dma section=stress cycle=8/10 PASS frame_payload=6144 elapsed=0.271s roundtrip=44.2 KiB/s
2026-09-01 11:32:05,324 INFO    transport=dma section=stress cycle=9/10 PASS frame_payload=6144 elapsed=0.273s roundtrip=44.0 KiB/s
2026-09-01 11:32:05,705 INFO    transport=dma section=stress cycle=10/10 PASS frame_payload=6144 elapsed=0.271s roundtrip=44.2 KiB/s
2026-09-01 11:32:05,705 INFO    SECTION name=stress status=PASS passed=10 failed=0 elapsed=2.724s
2026-09-01 11:32:05,705 INFO    SECTION transport=dma name=tx-tail status=BEGIN cases=23
2026-09-01 11:32:05,740 INFO    section=tx-tail case=1/23 PASS size=2 dma=0 tail=2 elapsed=0.000s
2026-09-01 11:32:05,773 INFO    section=tx-tail case=2/23 PASS size=3 dma=0 tail=3 elapsed=0.000s
2026-09-01 11:32:05,808 INFO    section=tx-tail case=3/23 PASS size=4 dma=0 tail=4 elapsed=0.000s
2026-09-01 11:32:05,843 INFO    section=tx-tail case=4/23 PASS size=5 dma=0 tail=5 elapsed=0.000s
2026-09-01 11:32:05,878 INFO    section=tx-tail case=5/23 PASS size=6 dma=0 tail=6 elapsed=0.000s
2026-09-01 11:32:05,913 INFO    section=tx-tail case=6/23 PASS size=7 dma=0 tail=7 elapsed=0.000s
2026-09-01 11:32:05,946 INFO    section=tx-tail case=7/23 PASS size=8 dma=8 tail=0 elapsed=0.000s
2026-09-01 11:32:05,981 INFO    section=tx-tail case=8/23 PASS size=9 dma=8 tail=1 elapsed=0.000s
2026-09-01 11:32:06,016 INFO    section=tx-tail case=9/23 PASS size=10 dma=8 tail=2 elapsed=0.001s
2026-09-01 11:32:06,052 INFO    section=tx-tail case=10/23 PASS size=11 dma=8 tail=3 elapsed=0.000s
2026-09-01 11:32:06,087 INFO    section=tx-tail case=11/23 PASS size=12 dma=8 tail=4 elapsed=0.002s
2026-09-01 11:32:06,108 INFO    section=tx-tail case=12/23 PASS size=13 dma=8 tail=5 elapsed=0.002s
2026-09-01 11:32:06,145 INFO    section=tx-tail case=13/23 PASS size=14 dma=8 tail=6 elapsed=0.001s
2026-09-01 11:32:06,180 INFO    section=tx-tail case=14/23 PASS size=15 dma=8 tail=7 elapsed=0.001s
2026-09-01 11:32:06,216 INFO    section=tx-tail case=15/23 PASS size=16 dma=16 tail=0 elapsed=0.000s
2026-09-01 11:32:06,381 INFO    section=tx-tail case=16/23 PASS size=6144 dma=6144 tail=0 elapsed=0.133s
2026-09-01 11:32:06,547 INFO    section=tx-tail case=17/23 PASS size=6145 dma=6144 tail=1 elapsed=0.133s
2026-09-01 11:32:06,712 INFO    section=tx-tail case=18/23 PASS size=6146 dma=6144 tail=2 elapsed=0.133s
2026-09-01 11:32:06,890 INFO    section=tx-tail case=19/23 PASS size=6147 dma=6144 tail=3 elapsed=0.135s
2026-09-01 11:32:07,069 INFO    section=tx-tail case=20/23 PASS size=6148 dma=6144 tail=4 elapsed=0.135s
2026-09-01 11:32:07,234 INFO    section=tx-tail case=21/23 PASS size=6149 dma=6144 tail=5 elapsed=0.133s
2026-09-01 11:32:07,413 INFO    section=tx-tail case=22/23 PASS size=6150 dma=6144 tail=6 elapsed=0.135s
2026-09-01 11:32:07,591 INFO    section=tx-tail case=23/23 PASS size=6151 dma=6144 tail=7 elapsed=0.135s
2026-09-01 11:32:07,591 INFO    SECTION name=tx-tail status=PASS passed=23 failed=0 elapsed=1.079s
2026-09-01 11:32:07,591 INFO    SECTION transport=dma name=rx-tail status=BEGIN cases=23
2026-09-01 11:32:07,692 INFO    section=rx-tail case=1/23 PASS size=2 dma=0 tail=2 elapsed=0.018s
2026-09-01 11:32:07,793 INFO    section=rx-tail case=2/23 PASS size=3 dma=0 tail=3 elapsed=0.018s
2026-09-01 11:32:07,894 INFO    section=rx-tail case=3/23 PASS size=4 dma=0 tail=4 elapsed=0.018s
2026-09-01 11:32:07,995 INFO    section=rx-tail case=4/23 PASS size=5 dma=0 tail=5 elapsed=0.018s
2026-09-01 11:32:08,095 INFO    section=rx-tail case=5/23 PASS size=6 dma=0 tail=6 elapsed=0.018s
2026-09-01 11:32:08,196 INFO    section=rx-tail case=6/23 PASS size=7 dma=0 tail=7 elapsed=0.018s
2026-09-01 11:32:08,297 INFO    section=rx-tail case=7/23 PASS size=8 dma=8 tail=0 elapsed=0.018s
2026-09-01 11:32:08,397 INFO    section=rx-tail case=8/23 PASS size=9 dma=8 tail=1 elapsed=0.018s
2026-09-01 11:32:08,499 ERROR   BAUD_RATE status=FAIL rate=1/2 index=13 baud=460800 error=section=rx-tail case=9/23 size=10 tail=2: device RX failure: @RESULT mode=rx sequence=43 size=10 dma=8 tail=2 rx=10 crc=FAIL data=PASS hw_timeout=PASS status=FAIL
2026-09-01 11:32:08,538 INFO    BAUD_SWITCH status=PASS old_index=13 old=460800 new_index=11 new=115200
2026-09-01 11:32:08,543 INFO    BAUD_RATE status=BEGIN rate=2/2 index=14 baud=921600 timeout=30.0s
2026-09-01 11:32:08,598 INFO    BAUD_SWITCH status=PASS old_index=11 old=115200 new_index=14 new=921600
2026-09-01 11:32:08,598 INFO    SUITE transport=dma status=BEGIN cases=60 full_profile=SKIPPED
2026-09-01 11:32:08,598 INFO    SECTION transport=dma name=smoke status=BEGIN cases=1 payload=256
2026-09-01 11:32:08,698 INFO    transport=dma section=smoke cycle=1/1 PASS frame_payload=256 elapsed=0.008s roundtrip=66.3 KiB/s
2026-09-01 11:32:08,698 INFO    SECTION name=smoke status=PASS passed=1 failed=0 elapsed=0.008s
2026-09-01 11:32:08,698 INFO    SECTION transport=dma name=large-6144 status=BEGIN cases=1 payload=6144
2026-09-01 11:32:08,933 INFO    transport=dma section=large-6144 cycle=1/1 PASS frame_payload=6144 elapsed=0.137s roundtrip=87.7 KiB/s
2026-09-01 11:32:08,934 INFO    SECTION name=large-6144 status=PASS passed=1 failed=0 elapsed=0.137s
2026-09-01 11:32:08,934 INFO    SECTION transport=dma name=stress status=BEGIN cases=10 payload=6144
2026-09-01 11:32:09,169 INFO    transport=dma section=stress cycle=1/10 PASS frame_payload=6144 elapsed=0.137s roundtrip=87.5 KiB/s
2026-09-01 11:32:09,404 INFO    transport=dma section=stress cycle=2/10 PASS frame_payload=6144 elapsed=0.137s roundtrip=87.5 KiB/s
2026-09-01 11:32:09,640 INFO    transport=dma section=stress cycle=3/10 PASS frame_payload=6144 elapsed=0.137s roundtrip=87.5 KiB/s
2026-09-01 11:32:09,864 INFO    transport=dma section=stress cycle=4/10 PASS frame_payload=6144 elapsed=0.137s roundtrip=87.4 KiB/s
2026-09-01 11:32:10,087 INFO    transport=dma section=stress cycle=5/10 PASS frame_payload=6144 elapsed=0.137s roundtrip=87.4 KiB/s
2026-09-01 11:32:10,310 INFO    transport=dma section=stress cycle=6/10 PASS frame_payload=6144 elapsed=0.137s roundtrip=87.5 KiB/s
2026-09-01 11:32:10,544 INFO    transport=dma section=stress cycle=7/10 PASS frame_payload=6144 elapsed=0.137s roundtrip=87.7 KiB/s
2026-09-01 11:32:10,767 INFO    transport=dma section=stress cycle=8/10 PASS frame_payload=6144 elapsed=0.137s roundtrip=87.5 KiB/s
2026-09-01 11:32:10,990 INFO    transport=dma section=stress cycle=9/10 PASS frame_payload=6144 elapsed=0.137s roundtrip=87.5 KiB/s
2026-09-01 11:32:11,226 INFO    transport=dma section=stress cycle=10/10 PASS frame_payload=6144 elapsed=0.137s roundtrip=87.5 KiB/s
2026-09-01 11:32:11,226 INFO    SECTION name=stress status=PASS passed=10 failed=0 elapsed=1.371s
2026-09-01 11:32:11,226 INFO    SECTION transport=dma name=tx-tail status=BEGIN cases=23
2026-09-01 11:32:11,237 INFO    section=tx-tail case=1/23 PASS size=2 dma=0 tail=2 elapsed=0.000s
2026-09-01 11:32:11,263 INFO    section=tx-tail case=2/23 PASS size=3 dma=0 tail=3 elapsed=0.000s
2026-09-01 11:32:11,288 INFO    section=tx-tail case=3/23 PASS size=4 dma=0 tail=4 elapsed=0.000s
2026-09-01 11:32:11,314 INFO    section=tx-tail case=4/23 PASS size=5 dma=0 tail=5 elapsed=0.000s
2026-09-01 11:32:11,340 INFO    section=tx-tail case=5/23 PASS size=6 dma=0 tail=6 elapsed=0.000s
2026-09-01 11:32:11,366 INFO    section=tx-tail case=6/23 PASS size=7 dma=0 tail=7 elapsed=0.001s
2026-09-01 11:32:11,393 INFO    section=tx-tail case=7/23 PASS size=8 dma=8 tail=0 elapsed=0.000s
2026-09-01 11:32:11,418 INFO    section=tx-tail case=8/23 PASS size=9 dma=8 tail=1 elapsed=0.000s
2026-09-01 11:32:11,445 INFO    section=tx-tail case=9/23 PASS size=10 dma=8 tail=2 elapsed=0.000s
2026-09-01 11:32:11,471 INFO    section=tx-tail case=10/23 PASS size=11 dma=8 tail=3 elapsed=0.000s
2026-09-01 11:32:11,498 INFO    section=tx-tail case=11/23 PASS size=12 dma=8 tail=4 elapsed=0.000s
2026-09-01 11:32:11,509 INFO    section=tx-tail case=12/23 PASS size=13 dma=8 tail=5 elapsed=0.001s
2026-09-01 11:32:11,536 INFO    section=tx-tail case=13/23 PASS size=14 dma=8 tail=6 elapsed=0.000s
2026-09-01 11:32:11,547 INFO    section=tx-tail case=14/23 PASS size=15 dma=8 tail=7 elapsed=0.001s
2026-09-01 11:32:11,574 INFO    section=tx-tail case=15/23 PASS size=16 dma=16 tail=0 elapsed=0.000s
2026-09-01 11:32:11,675 INFO    section=tx-tail case=16/23 PASS size=6144 dma=6144 tail=0 elapsed=0.067s
2026-09-01 11:32:11,776 INFO    section=tx-tail case=17/23 PASS size=6145 dma=6144 tail=1 elapsed=0.067s
2026-09-01 11:32:11,877 INFO    section=tx-tail case=18/23 PASS size=6146 dma=6144 tail=2 elapsed=0.067s
2026-09-01 11:32:11,978 INFO    section=tx-tail case=19/23 PASS size=6147 dma=6144 tail=3 elapsed=0.067s
2026-09-01 11:32:12,066 INFO    section=tx-tail case=20/23 PASS size=6148 dma=6144 tail=4 elapsed=0.067s
2026-09-01 11:32:12,168 INFO    section=tx-tail case=21/23 PASS size=6149 dma=6144 tail=5 elapsed=0.067s
2026-09-01 11:32:12,270 INFO    section=tx-tail case=22/23 PASS size=6150 dma=6144 tail=6 elapsed=0.067s
2026-09-01 11:32:12,359 INFO    section=tx-tail case=23/23 PASS size=6151 dma=6144 tail=7 elapsed=0.067s
2026-09-01 11:32:12,360 INFO    SECTION name=tx-tail status=PASS passed=23 failed=0 elapsed=0.537s
2026-09-01 11:32:12,360 INFO    SECTION transport=dma name=rx-tail status=BEGIN cases=23
2026-09-01 11:32:12,453 INFO    section=rx-tail case=1/23 PASS size=2 dma=0 tail=2 elapsed=0.017s
2026-09-01 11:32:12,545 INFO    section=rx-tail case=2/23 PASS size=3 dma=0 tail=3 elapsed=0.017s
2026-09-01 11:32:12,638 INFO    section=rx-tail case=3/23 PASS size=4 dma=0 tail=4 elapsed=0.017s
2026-09-01 11:32:12,731 INFO    section=rx-tail case=4/23 PASS size=5 dma=0 tail=5 elapsed=0.017s
2026-09-01 11:32:12,824 INFO    section=rx-tail case=5/23 PASS size=6 dma=0 tail=6 elapsed=0.018s
2026-09-01 11:32:12,917 INFO    section=rx-tail case=6/23 PASS size=7 dma=0 tail=7 elapsed=0.017s
2026-09-01 11:32:13,008 INFO    section=rx-tail case=7/23 PASS size=8 dma=8 tail=0 elapsed=0.017s
2026-09-01 11:32:13,102 INFO    section=rx-tail case=8/23 PASS size=9 dma=8 tail=1 elapsed=0.018s
2026-09-01 11:32:13,195 INFO    section=rx-tail case=9/23 PASS size=10 dma=8 tail=2 elapsed=0.018s
2026-09-01 11:32:13,287 ERROR   BAUD_RATE status=FAIL rate=2/2 index=14 baud=921600 error=section=rx-tail case=10/23 size=11 tail=3: device RX failure: @RESULT mode=rx sequence=44 size=11 dma=8 tail=3 rx=11 crc=FAIL data=PASS hw_timeout=PASS status=FAIL
2026-09-01 11:32:13,324 INFO    BAUD_SWITCH status=PASS old_index=14 old=921600 new_index=11 new=115200
2026-09-01 11:32:13,324 INFO    BAUD_MATRIX status=FAIL rates_passed=0 rates_unsupported=0 rates_failed=2 hardware_cases_passed=0
