2026-08-31 04:43:54,653 INFO    DMA mode=rx-tail profile=smoke port=/dev/ttyUSB0 baud=115200 payload=256 cycles=1
2026-08-31 04:43:54,672 DEBUG   device: b'^C'
2026-08-31 04:43:54,673 DEBUG   device: b'uart>'
2026-08-31 04:43:54,730 DEBUG   device: b'uart> \r\x1b[2Kuart> a\r\x1b[2Kuart> au\r\x1b[2Kuart> aut\r\x1b[2Kuart> auto\r\x1b[2Kuart> auto \r\x1b[2Kuart> auto r\r\x1b[2Kuart> auto rx\r\x1b[2Kuart> auto rx \r\x1b[2Kuart> auto rx 2\r\x1b[2Kuart> auto rx 2 \r\x1b[2Kuart> auto rx 2 0\r\x1b[2Kuart> auto rx 2 0 \r\x1b[2Kuart> auto rx 2 0 3\r\x1b[2Kuart> auto rx 2 0 30\r\x1b[2Kuart> auto rx 2 0 305\r\x1b[2Kuart> auto rx 2 0 3054\r\x1b[2Kuart> auto rx 2 0 30541\r\x1b[2Kuart> auto rx 2 0 305419\r\x1b[2Kuart> auto rx 2 0 3054198\r\x1b[2Kuart> auto rx 2 0 30541989\r\x1b[2Kuart> auto rx 2 0 305419896'
2026-08-31 04:43:54,730 DEBUG   device: b'@READY mode=rx sequence=0 size=2 dma=0 tail=2'
2026-08-31 04:43:54,730 DEBUG   RX READY accepted; delaying 0.050s before packet TX
2026-08-31 04:43:54,781 DEBUG   RX packet submitted bytes=2 write_and_flush=0.000473s crc=0xFFFF
2026-08-31 04:43:54,803 DEBUG   device: b'@RESULT mode=rx sequence=0 size=2 dma=0 tail=2 rx=2 crc=PASS data=PASS status=PASS'
2026-08-31 04:43:54,803 INFO    case=1/23 PASS size=2 dma=0 tail=2 elapsed=0.022s
2026-08-31 04:43:54,849 DEBUG   device: b'uart> \r\x1b[2Kuart> a\r\x1b[2Kuart> au\r\x1b[2Kuart> aut\r\x1b[2Kuart> auto\r\x1b[2Kuart> auto \r\x1b[2Kuart> auto r\r\x1b[2Kuart> auto rx\r\x1b[2Kuart> auto rx \r\x1b[2Kuart> auto rx 3\r\x1b[2Kuart> auto rx 3 \r\x1b[2Kuart> auto rx 3 1\r\x1b[2Kuart> auto rx 3 1 \r\x1b[2Kuart> auto rx 3 1 2\r\x1b[2Kuart> auto rx 3 1 29\r\x1b[2Kuart> auto rx 3 1 295\r\x1b[2Kuart> auto rx 3 1 2959\r\x1b[2Kuart> auto rx 3 1 29598\r\x1b[2Kuart> auto rx 3 1 295985\r\x1b[2Kuart> auto rx 3 1 2959855\r\x1b[2Kuart> auto rx 3 1 29598556\r\x1b[2Kuart> auto rx 3 1 295985566\r\x1b[2Kuart> auto rx 3 1 2959855665'
2026-08-31 04:43:54,865 DEBUG   device: b'@READY mode=rx sequence=1 size=3 dma=0 tail=3'
2026-08-31 04:43:54,865 DEBUG   RX READY accepted; delaying 0.050s before packet TX
2026-08-31 04:43:54,915 DEBUG   RX packet submitted bytes=3 write_and_flush=0.000448s crc=0x6C39
2026-08-31 04:43:54,937 DEBUG   device: b'@RESULT mode=rx sequence=1 size=3 dma=0 tail=3 rx=3 crc=PASS data=PASS status=PASS'
2026-08-31 04:43:54,938 INFO    case=2/23 PASS size=3 dma=0 tail=3 elapsed=0.023s
2026-08-31 04:43:54,984 DEBUG   device: b'uart> \r\x1b[2Kuart> a\r\x1b[2Kuart> au\r\x1b[2Kuart> aut\r\x1b[2Kuart> auto\r\x1b[2Kuart> auto \r\x1b[2Kuart> auto r\r\x1b[2Kuart> auto rx\r\x1b[2Kuart> auto rx \r\x1b[2Kuart> auto rx 4\r\x1b[2Kuart> auto rx 4 \r\x1b[2Kuart> auto rx 4 2\r\x1b[2Kuart> auto rx 4 2 \r\x1b[2Kuart> auto rx 4 2 1\r\x1b[2Kuart> auto rx 4 2 13\r\x1b[2Kuart> auto rx 4 2 131\r\x1b[2Kuart> auto rx 4 2 1319\r\x1b[2Kuart> auto rx 4 2 13193\r\x1b[2Kuart> auto rx 4 2 131932\r\x1b[2Kuart> auto rx 4 2 1319324\r\x1b[2Kuart> auto rx 4 2 13193241\r\x1b[2Kuart> auto rx 4 2 131932413\r\x1b[2Kuart> auto rx 4 2 1319324138'
2026-08-31 04:43:55,000 DEBUG   device: b'@READY mode=rx sequence=2 size=4 dma=0 tail=4'
2026-08-31 04:43:55,000 DEBUG   RX READY accepted; delaying 0.050s before packet TX
2026-08-31 04:43:55,050 DEBUG   RX packet submitted bytes=4 write_and_flush=0.000460s crc=0xED63
2026-08-31 04:43:55,072 DEBUG   device: b'@RESULT mode=rx sequence=2 size=4 dma=0 tail=4 rx=4 crc=PASS data=PASS status=PASS'
2026-08-31 04:43:55,073 INFO    case=3/23 PASS size=4 dma=0 tail=4 elapsed=0.023s
2026-08-31 04:43:55,119 DEBUG   device: b'uart> \r\x1b[2Kuart> a\r\x1b[2Kuart> au\r\x1b[2Kuart> aut\r\x1b[2Kuart> auto\r\x1b[2Kuart> auto \r\x1b[2Kuart> auto r\r\x1b[2Kuart> auto rx\r\x1b[2Kuart> auto rx \r\x1b[2Kuart> auto rx 5\r\x1b[2Kuart> auto rx 5 \r\x1b[2Kuart> auto rx 5 3\r\x1b[2Kuart> auto rx 5 3 \r\x1b[2Kuart> auto rx 5 3 3\r\x1b[2Kuart> auto rx 5 3 39\r\x1b[2Kuart> auto rx 5 3 397\r\x1b[2Kuart> auto rx 5 3 3973\r\x1b[2Kuart> auto rx 5 3 39737\r\x1b[2Kuart> auto rx 5 3 397375\r\x1b[2Kuart> auto rx 5 3 3973759\r\x1b[2Kuart> auto rx 5 3 39737599\r\x1b[2Kuart> auto rx 5 3 397375990\r\x1b[2Kuart> auto rx 5 3 3973759907'
2026-08-31 04:43:55,135 DEBUG   device: b'@READY mode=rx sequence=3 size=5 dma=0 tail=5'
2026-08-31 04:43:55,135 DEBUG   RX READY accepted; delaying 0.050s before packet TX
2026-08-31 04:43:55,187 DEBUG   RX packet submitted bytes=5 write_and_flush=0.002619s crc=0x41AC
2026-08-31 04:43:55,208 DEBUG   device: b'@RESULT mode=rx sequence=3 size=5 dma=0 tail=5 rx=5 crc=PASS data=PASS status=PASS'
2026-08-31 04:43:55,208 INFO    case=4/23 PASS size=5 dma=0 tail=5 elapsed=0.023s
2026-08-31 04:43:55,255 DEBUG   device: b'uart> \r\x1b[2Kuart> a\r\x1b[2Kuart> au\r\x1b[2Kuart> aut\r\x1b[2Kuart> auto\r\x1b[2Kuart> auto \r\x1b[2Kuart> auto r\r\x1b[2Kuart> auto rx\r\x1b[2Kuart> auto rx \r\x1b[2Kuart> auto rx 6\r\x1b[2Kuart> auto rx 6 \r\x1b[2Kuart> auto rx 6 4\r\x1b[2Kuart> auto rx 6 4 \r\x1b[2Kuart> auto rx 6 4 2\r\x1b[2Kuart> auto rx 6 4 23\r\x1b[2Kuart> auto rx 6 4 233\r\x1b[2Kuart> auto rx 6 4 2333\r\x1b[2Kuart> auto rx 6 4 23332\r\x1b[2Kuart> auto rx 6 4 233322\r\x1b[2Kuart> auto rx 6 4 2333228\r\x1b[2Kuart> auto rx 6 4 23332283\r\x1b[2Kuart> auto rx 6 4 233322838\r\x1b[2Kuart> auto rx 6 4 2333228380'
2026-08-31 04:43:55,270 DEBUG   device: b'@READY mode=rx sequence=4 size=6 dma=0 tail=6'
2026-08-31 04:43:55,270 DEBUG   RX READY accepted; delaying 0.050s before packet TX
2026-08-31 04:43:55,322 DEBUG   RX packet submitted bytes=6 write_and_flush=0.002615s crc=0x2A2F
2026-08-31 04:43:55,342 DEBUG   device: b'@RESULT mode=rx sequence=4 size=6 dma=0 tail=6 rx=6 crc=PASS data=PASS status=PASS'
2026-08-31 04:43:55,343 INFO    case=5/23 PASS size=6 dma=0 tail=6 elapsed=0.023s
2026-08-31 04:43:55,400 DEBUG   device: b'uart> \r\x1b[2Kuart> a\r\x1b[2Kuart> au\r\x1b[2Kuart> aut\r\x1b[2Kuart> auto\r\x1b[2Kuart> auto \r\x1b[2Kuart> auto r\r\x1b[2Kuart> auto rx\r\x1b[2Kuart> auto rx \r\x1b[2Kuart> auto rx 7\r\x1b[2Kuart> auto rx 7 \r\x1b[2Kuart> auto rx 7 5\r\x1b[2Kuart> auto rx 7 5 \r\x1b[2Kuart> auto rx 7 5 6\r\x1b[2Kuart> auto rx 7 5 69\r\x1b[2Kuart> auto rx 7 5 692\r\x1b[2Kuart> auto rx 7 5 6926\r\x1b[2Kuart> auto rx 7 5 69269\r\x1b[2Kuart> auto rx 7 5 692696\r\x1b[2Kuart> auto rx 7 5 6926968\r\x1b[2Kuart> auto rx 7 5 69269685\r\x1b[2Kuart> auto rx 7 5 692696853'
2026-08-31 04:43:55,400 DEBUG   device: b'@READY mode=rx sequence=5 size=7 dma=0 tail=7'
2026-08-31 04:43:55,400 DEBUG   RX READY accepted; delaying 0.050s before packet TX
2026-08-31 04:43:55,452 DEBUG   RX packet submitted bytes=7 write_and_flush=0.002319s crc=0xC050
2026-08-31 04:43:55,472 DEBUG   device: b'@RESULT mode=rx sequence=5 size=7 dma=0 tail=7 rx=7 crc=PASS data=PASS status=PASS'
2026-08-31 04:43:55,473 INFO    case=6/23 PASS size=7 dma=0 tail=7 elapsed=0.023s
2026-08-31 04:43:55,519 DEBUG   device: b'uart> \r\x1b[2Kuart> a\r\x1b[2Kuart> au\r\x1b[2Kuart> aut\r\x1b[2Kuart> auto\r\x1b[2Kuart> auto \r\x1b[2Kuart> auto r\r\x1b[2Kuart> auto rx\r\x1b[2Kuart> auto rx \r\x1b[2Kuart> auto rx 8\r\x1b[2Kuart> auto rx 8 \r\x1b[2Kuart> auto rx 8 6\r\x1b[2Kuart> auto rx 8 6 \r\x1b[2Kuart> auto rx 8 6 3\r\x1b[2Kuart> auto rx 8 6 33\r\x1b[2Kuart> auto rx 8 6 334\r\x1b[2Kuart> auto rx 8 6 3347\r\x1b[2Kuart> auto rx 8 6 33471\r\x1b[2Kuart> auto rx 8 6 334713\r\x1b[2Kuart> auto rx 8 6 3347132\r\x1b[2Kuart> auto rx 8 6 33471326\r\x1b[2Kuart> auto rx 8 6 334713262\r\x1b[2Kuart> auto rx 8 6 3347132622'
2026-08-31 04:43:55,535 DEBUG   device: b'@READY mode=rx sequence=6 size=8 dma=8 tail=0'
2026-08-31 04:43:55,535 DEBUG   RX READY accepted; delaying 0.050s before packet TX
2026-08-31 04:43:55,587 DEBUG   RX packet submitted bytes=8 write_and_flush=0.002639s crc=0x80AE
2026-08-31 04:43:55,607 DEBUG   device: b'@RESULT mode=rx sequence=6 size=8 dma=8 tail=0 rx=8 crc=PASS data=PASS status=PASS'
2026-08-31 04:43:55,608 INFO    case=7/23 PASS size=8 dma=8 tail=0 elapsed=0.023s
2026-08-31 04:43:55,654 DEBUG   device: b'uart> \r\x1b[2Kuart> a\r\x1b[2Kuart> au\r\x1b[2Kuart> aut\r\x1b[2Kuart> auto\r\x1b[2Kuart> auto \r\x1b[2Kuart> auto r\r\x1b[2Kuart> auto rx\r\x1b[2Kuart> auto rx \r\x1b[2Kuart> auto rx 9\r\x1b[2Kuart> auto rx 9 \r\x1b[2Kuart> auto rx 9 7\r\x1b[2Kuart> auto rx 9 7 \r\x1b[2Kuart> auto rx 9 7 1\r\x1b[2Kuart> auto rx 9 7 17\r\x1b[2Kuart> auto rx 9 7 170\r\x1b[2Kuart> auto rx 9 7 1706\r\x1b[2Kuart> auto rx 9 7 17066\r\x1b[2Kuart> auto rx 9 7 170660\r\x1b[2Kuart> auto rx 9 7 1706601\r\x1b[2Kuart> auto rx 9 7 17066010\r\x1b[2Kuart> auto rx 9 7 170660109\r\x1b[2Kuart> auto rx 9 7 1706601095'
2026-08-31 04:43:55,670 DEBUG   device: b'@READY mode=rx sequence=7 size=9 dma=8 tail=1'
2026-08-31 04:43:55,670 DEBUG   RX READY accepted; delaying 0.050s before packet TX
2026-08-31 04:43:55,723 DEBUG   RX packet submitted bytes=9 write_and_flush=0.003618s crc=0xE086
2026-08-31 04:43:55,742 DEBUG   device: b'@RESULT mode=rx sequence=7 size=9 dma=8 tail=1 rx=9 crc=PASS data=PASS status=PASS'
2026-08-31 04:43:55,743 INFO    case=8/23 PASS size=9 dma=8 tail=1 elapsed=0.023s
2026-08-31 04:43:55,789 DEBUG   device: b'uart> \r\x1b[2Kuart> a\r\x1b[2Kuart> au\r\x1b[2Kuart> aut\r\x1b[2Kuart> auto\r\x1b[2Kuart> auto \r\x1b[2Kuart> auto r\r\x1b[2Kuart> auto rx\r\x1b[2Kuart> auto rx \r\x1b[2Kuart> auto rx 1\r\x1b[2Kuart> auto rx 10\r\x1b[2Kuart> auto rx 10 \r\x1b[2Kuart> auto rx 10 8\r\x1b[2Kuart> auto rx 10 8 \r\x1b[2Kuart> auto rx 10 8 6\r\x1b[2Kuart> auto rx 10 8 66\r\x1b[2Kuart> auto rx 10 8 660\r\x1b[2Kuart> auto rx 10 8 6606\r\x1b[2Kuart> auto rx 10 8 66069\r\x1b[2Kuart> auto rx 10 8 660695\r\x1b[2Kuart> auto rx 10 8 6606956\r\x1b[2Kuart> auto rx 10 8 66069568'
2026-08-31 04:43:55,790 DEBUG   device: b'@READY mode=rx sequence=8 size=10 dma=8 tail=2'
2026-08-31 04:43:55,790 DEBUG   RX READY accepted; delaying 0.050s before packet TX
2026-08-31 04:43:55,842 DEBUG   RX packet submitted bytes=10 write_and_flush=0.002617s crc=0x93AD
2026-08-31 04:43:55,862 DEBUG   device: b'@RESULT mode=rx sequence=8 size=10 dma=8 tail=2 rx=10 crc=PASS data=PASS status=PASS'
2026-08-31 04:43:55,863 INFO    case=9/23 PASS size=10 dma=8 tail=2 elapsed=0.023s
2026-08-31 04:43:55,915 DEBUG   device: b'uart> \r\x1b[2Kuart> a\r\x1b[2Kuart> au\r\x1b[2Kuart> aut\r\x1b[2Kuart> auto\r\x1b[2Kuart> auto \r\x1b[2Kuart> auto r\r\x1b[2Kuart> auto rx\r\x1b[2Kuart> auto rx \r\x1b[2Kuart> auto rx 1\r\x1b[2Kuart> auto rx 11\r\x1b[2Kuart> auto rx 11 \r\x1b[2Kuart> auto rx 11 9\r\x1b[2Kuart> auto rx 11 9 \r\x1b[2Kuart> auto rx 11 9 2\r\x1b[2Kuart> auto rx 11 9 27\r\x1b[2Kuart> auto rx 11 9 272\r\x1b[2Kuart> auto rx 11 9 2720\r\x1b[2Kuart> auto rx 11 9 27205\r\x1b[2Kuart> auto rx 11 9 272050\r\x1b[2Kuart> auto rx 11 9 2720505\r\x1b[2Kuart> auto rx 11 9 27205053\r\x1b[2Kuart> auto rx 11 9 272050533\r\x1b[2Kuart> auto rx 11 9 2720505337'
2026-08-31 04:43:55,930 DEBUG   device: b'@READY mode=rx sequence=9 size=11 dma=8 tail=3'
2026-08-31 04:43:55,930 DEBUG   RX READY accepted; delaying 0.050s before packet TX
2026-08-31 04:43:55,983 DEBUG   RX packet submitted bytes=11 write_and_flush=0.002790s crc=0xA32B
2026-08-31 04:43:56,003 DEBUG   device: b'@RESULT mode=rx sequence=9 size=11 dma=8 tail=3 rx=11 crc=PASS data=PASS status=PASS'
2026-08-31 04:43:56,004 INFO    case=10/23 PASS size=11 dma=8 tail=3 elapsed=0.023s
2026-08-31 04:43:56,056 DEBUG   device: b'uart> \r\x1b[2Kuart> a\r\x1b[2Kuart> au\r\x1b[2Kuart> aut\r\x1b[2Kuart> auto\r\x1b[2Kuart> auto \r\x1b[2Kuart> auto r\r\x1b[2Kuart> auto rx\r\x1b[2Kuart> auto rx \r\x1b[2Kuart> auto rx 1\r\x1b[2Kuart> auto rx 12\r\x1b[2Kuart> auto rx 12 \r\x1b[2Kuart> auto rx 12 1\r\x1b[2Kuart> auto rx 12 10\r\x1b[2Kuart> auto rx 12 10 \r\x1b[2Kuart> auto rx 12 10 1\r\x1b[2Kuart> auto rx 12 10 10\r\x1b[2Kuart> auto rx 12 10 107\r\x1b[2Kuart> auto rx 12 10 1079\r\x1b[2Kuart> auto rx 12 10 10799\r\x1b[2Kuart> auto rx 12 10 107997\r\x1b[2Kuart> auto rx 12 10 1079973\r\x1b[2Kuart> auto rx 12 10 10799738\r\x1b[2Kuart> auto rx 12 10 107997381\r\x1b[2Kuart> auto rx 12 10 1079973810'
2026-08-31 04:43:56,072 DEBUG   device: b'@READY mode=rx sequence=10 size=12 dma=8 tail=4'
2026-08-31 04:43:56,072 DEBUG   RX READY accepted; delaying 0.050s before packet TX
2026-08-31 04:43:56,124 DEBUG   RX packet submitted bytes=12 write_and_flush=0.002607s crc=0x804A
2026-08-31 04:43:56,146 DEBUG   device: b'@RESULT mode=rx sequence=10 size=12 dma=8 tail=4 rx=12 crc=PASS data=PASS status=PASS'
2026-08-31 04:43:56,146 INFO    case=11/23 PASS size=12 dma=8 tail=4 elapsed=0.024s
2026-08-31 04:43:56,198 DEBUG   device: b'uart> \r\x1b[2Kuart> a\r\x1b[2Kuart> au\r\x1b[2Kuart> aut\r\x1b[2Kuart> auto\r\x1b[2Kuart> auto \r\x1b[2Kuart> auto r\r\x1b[2Kuart> auto rx\r\x1b[2Kuart> auto rx \r\x1b[2Kuart> auto rx 1\r\x1b[2Kuart> auto rx 13\r\x1b[2Kuart> auto rx 13 \r\x1b[2Kuart> auto rx 13 1\r\x1b[2Kuart> auto rx 13 11\r\x1b[2Kuart> auto rx 13 11 \r\x1b[2Kuart> auto rx 13 11 3\r\x1b[2Kuart> auto rx 13 11 37\r\x1b[2Kuart> auto rx 13 11 373\r\x1b[2Kuart> auto rx 13 11 3734\r\x1b[2Kuart> auto rx 13 11 37344\r\x1b[2Kuart> auto rx 13 11 373440\r\x1b[2Kuart> auto rx 13 11 3734409\r\x1b[2Kuart> auto rx 13 11 37344095\r\x1b[2Kuart> auto rx 13 11 373440957\r\x1b[2Kuart> auto rx 13 11 3734409579'
2026-08-31 04:43:56,214 DEBUG   device: b'@READY mode=rx sequence=11 size=13 dma=8 tail=5'
2026-08-31 04:43:56,214 DEBUG   RX READY accepted; delaying 0.050s before packet TX
2026-08-31 04:43:56,266 DEBUG   RX packet submitted bytes=13 write_and_flush=0.002587s crc=0x9EAA
2026-08-31 04:43:56,287 DEBUG   device: b'@RESULT mode=rx sequence=11 size=13 dma=8 tail=5 rx=13 crc=PASS data=PASS status=PASS'
2026-08-31 04:43:56,288 INFO    case=12/23 PASS size=13 dma=8 tail=5 elapsed=0.024s
2026-08-31 04:43:56,340 DEBUG   device: b'uart> \r\x1b[2Kuart> a\r\x1b[2Kuart> au\r\x1b[2Kuart> aut\r\x1b[2Kuart> auto\r\x1b[2Kuart> auto \r\x1b[2Kuart> auto r\r\x1b[2Kuart> auto rx\r\x1b[2Kuart> auto rx \r\x1b[2Kuart> auto rx 1\r\x1b[2Kuart> auto rx 14\r\x1b[2Kuart> auto rx 14 \r\x1b[2Kuart> auto rx 14 1\r\x1b[2Kuart> auto rx 14 12\r\x1b[2Kuart> auto rx 14 12 \r\x1b[2Kuart> auto rx 14 12 2\r\x1b[2Kuart> auto rx 14 12 20\r\x1b[2Kuart> auto rx 14 12 209\r\x1b[2Kuart> auto rx 14 12 2093\r\x1b[2Kuart> auto rx 14 12 20938\r\x1b[2Kuart> auto rx 14 12 209387\r\x1b[2Kuart> auto rx 14 12 2093878\r\x1b[2Kuart> auto rx 14 12 20938780\r\x1b[2Kuart> auto rx 14 12 209387805\r\x1b[2Kuart> auto rx 14 12 2093878052'
2026-08-31 04:43:56,356 DEBUG   device: b'@READY mode=rx sequence=12 size=14 dma=8 tail=6'
2026-08-31 04:43:56,356 DEBUG   RX READY accepted; delaying 0.050s before packet TX
2026-08-31 04:43:56,408 DEBUG   RX packet submitted bytes=14 write_and_flush=0.002615s crc=0x16A0
2026-08-31 04:43:56,429 DEBUG   device: b'@RESULT mode=rx sequence=12 size=14 dma=8 tail=6 rx=14 crc=PASS data=PASS status=PASS'
2026-08-31 04:43:56,430 INFO    case=13/23 PASS size=14 dma=8 tail=6 elapsed=0.024s
2026-08-31 04:43:56,482 DEBUG   device: b'uart> \r\x1b[2Kuart> a\r\x1b[2Kuart> au\r\x1b[2Kuart> aut\r\x1b[2Kuart> auto\r\x1b[2Kuart> auto \r\x1b[2Kuart> auto r\r\x1b[2Kuart> auto rx\r\x1b[2Kuart> auto rx \r\x1b[2Kuart> auto rx 1\r\x1b[2Kuart> auto rx 15\r\x1b[2Kuart> auto rx 15 \r\x1b[2Kuart> auto rx 15 1\r\x1b[2Kuart> auto rx 15 13\r\x1b[2Kuart> auto rx 15 13 \r\x1b[2Kuart> auto rx 15 13 4\r\x1b[2Kuart> auto rx 15 13 45\r\x1b[2Kuart> auto rx 15 13 453\r\x1b[2Kuart> auto rx 15 13 4533\r\x1b[2Kuart> auto rx 15 13 45334\r\x1b[2Kuart> auto rx 15 13 453346\r\x1b[2Kuart> auto rx 15 13 4533465\r\x1b[2Kuart> auto rx 15 13 45334652\r\x1b[2Kuart> auto rx 15 13 453346525'
2026-08-31 04:43:56,497 DEBUG   device: b'@READY mode=rx sequence=13 size=15 dma=8 tail=7'
2026-08-31 04:43:56,497 DEBUG   RX READY accepted; delaying 0.050s before packet TX
2026-08-31 04:43:56,550 DEBUG   RX packet submitted bytes=15 write_and_flush=0.002754s crc=0xBE00
2026-08-31 04:43:56,571 DEBUG   device: b'@RESULT mode=rx sequence=13 size=15 dma=8 tail=7 rx=15 crc=PASS data=PASS status=PASS'
2026-08-31 04:43:56,572 INFO    case=14/23 PASS size=15 dma=8 tail=7 elapsed=0.024s
2026-08-31 04:43:56,624 DEBUG   device: b'uart> \r\x1b[2Kuart> a\r\x1b[2Kuart> au\r\x1b[2Kuart> aut\r\x1b[2Kuart> auto\r\x1b[2Kuart> auto \r\x1b[2Kuart> auto r\r\x1b[2Kuart> auto rx\r\x1b[2Kuart> auto rx \r\x1b[2Kuart> auto rx 1\r\x1b[2Kuart> auto rx 16\r\x1b[2Kuart> auto rx 16 \r\x1b[2Kuart> auto rx 16 1\r\x1b[2Kuart> auto rx 16 14\r\x1b[2Kuart> auto rx 16 14 \r\x1b[2Kuart> auto rx 16 14 3\r\x1b[2Kuart> auto rx 16 14 31\r\x1b[2Kuart> auto rx 16 14 310\r\x1b[2Kuart> auto rx 16 14 3107\r\x1b[2Kuart> auto rx 16 14 31077\r\x1b[2Kuart> auto rx 16 14 310778\r\x1b[2Kuart> auto rx 16 14 3107782\r\x1b[2Kuart> auto rx 16 14 31077822\r\x1b[2Kuart> auto rx 16 14 310778229\r\x1b[2Kuart> auto rx 16 14 3107782294'
2026-08-31 04:43:56,640 DEBUG   device: b'@READY mode=rx sequence=14 size=16 dma=16 tail=0'
2026-08-31 04:43:56,640 DEBUG   RX READY accepted; delaying 0.050s before packet TX
2026-08-31 04:43:56,692 DEBUG   RX packet submitted bytes=16 write_and_flush=0.002636s crc=0xDD4D
2026-08-31 04:43:56,714 DEBUG   device: b'@RESULT mode=rx sequence=14 size=16 dma=16 tail=0 rx=16 crc=PASS data=PASS status=PASS'
2026-08-31 04:43:56,714 INFO    case=15/23 PASS size=16 dma=16 tail=0 elapsed=0.024s
2026-08-31 04:43:56,777 DEBUG   device: b'uart> \r\x1b[2Kuart> a\r\x1b[2Kuart> au\r\x1b[2Kuart> aut\r\x1b[2Kuart> auto\r\x1b[2Kuart> auto \r\x1b[2Kuart> auto r\r\x1b[2Kuart> auto rx\r\x1b[2Kuart> auto rx \r\x1b[2Kuart> auto rx 6\r\x1b[2Kuart> auto rx 61\r\x1b[2Kuart> auto rx 614\r\x1b[2Kuart> auto rx 6144\r\x1b[2Kuart> auto rx 6144 \r\x1b[2Kuart> auto rx 6144 1\r\x1b[2Kuart> auto rx 6144 15\r\x1b[2Kuart> auto rx 6144 15 \r\x1b[2Kuart> auto rx 6144 15 1\r\x1b[2Kuart> auto rx 6144 15 14\r\x1b[2Kuart> auto rx 6144 15 146\r\x1b[2Kuart> auto rx 6144 15 1467\r\x1b[2Kuart> auto rx 6144 15 14672\r\x1b[2Kuart> auto rx 6144 15 146725\r\x1b[2Kuart> auto rx 6144 15 1467250\r\x1b[2Kuart> auto rx 6144 15 14672507\r\x1b[2Kuart> auto rx 6144 15 146725076\r\x1b[2Kuart> auto rx 6144 15 1467250767'
2026-08-31 04:43:56,793 DEBUG   device: b'@READY mode=rx sequence=15 size=6144 dma=6144 tail=0'
2026-08-31 04:43:56,793 DEBUG   RX READY accepted; delaying 0.050s before packet TX
2026-08-31 04:43:57,378 DEBUG   RX packet submitted bytes=6144 write_and_flush=0.535505s crc=0x8F0D
2026-08-31 04:43:57,402 DEBUG   device: b'@RESULT mode=rx sequence=15 size=6144 dma=6144 tail=0 rx=6144 crc=PASS data=PASS status=PASS'
2026-08-31 04:43:57,402 INFO    case=16/23 PASS size=6144 dma=6144 tail=0 elapsed=0.559s
2026-08-31 04:43:57,465 DEBUG   device: b'uart> \r\x1b[2Kuart> a\r\x1b[2Kuart> au\r\x1b[2Kuart> aut\r\x1b[2Kuart> auto\r\x1b[2Kuart> auto \r\x1b[2Kuart> auto r\r\x1b[2Kuart> auto rx\r\x1b[2Kuart> auto rx \r\x1b[2Kuart> auto rx 6\r\x1b[2Kuart> auto rx 61\r\x1b[2Kuart> auto rx 614\r\x1b[2Kuart> auto rx 6145\r\x1b[2Kuart> auto rx 6145 \r\x1b[2Kuart> auto rx 6145 1\r\x1b[2Kuart> auto rx 6145 16\r\x1b[2Kuart> auto rx 6145 16 \r\x1b[2Kuart> auto rx 6145 16 4\r\x1b[2Kuart> auto rx 6145 16 41\r\x1b[2Kuart> auto rx 6145 16 412\r\x1b[2Kuart> auto rx 6145 16 4121\r\x1b[2Kuart> auto rx 6145 16 41216\r\x1b[2Kuart> auto rx 6145 16 412168\r\x1b[2Kuart> auto rx 6145 16 4121686\r\x1b[2Kuart> auto rx 6145 16 41216865\r\x1b[2Kuart> auto rx 6145 16 412168653\r\x1b[2Kuart> auto rx 6145 16 4121686536'
2026-08-31 04:43:57,481 DEBUG   device: b'@READY mode=rx sequence=16 size=6145 dma=6144 tail=1'
2026-08-31 04:43:57,481 DEBUG   RX READY accepted; delaying 0.050s before packet TX
2026-08-31 04:43:58,065 DEBUG   RX packet submitted bytes=6145 write_and_flush=0.534449s crc=0x34BD
2026-08-31 04:43:58,090 DEBUG   device: b'@RESULT mode=rx sequence=16 size=6145 dma=6144 tail=1 rx=6145 crc=PASS data=PASS status=PASS'
2026-08-31 04:43:58,090 INFO    case=17/23 PASS size=6145 dma=6144 tail=1 elapsed=0.559s
2026-08-31 04:43:58,153 DEBUG   device: b'uart> \r\x1b[2Kuart> a\r\x1b[2Kuart> au\r\x1b[2Kuart> aut\r\x1b[2Kuart> auto\r\x1b[2Kuart> auto \r\x1b[2Kuart> auto r\r\x1b[2Kuart> auto rx\r\x1b[2Kuart> auto rx \r\x1b[2Kuart> auto rx 6\r\x1b[2Kuart> auto rx 61\r\x1b[2Kuart> auto rx 614\r\x1b[2Kuart> auto rx 6146\r\x1b[2Kuart> auto rx 6146 \r\x1b[2Kuart> auto rx 6146 1\r\x1b[2Kuart> auto rx 6146 17\r\x1b[2Kuart> auto rx 6146 17 \r\x1b[2Kuart> auto rx 6146 17 2\r\x1b[2Kuart> auto rx 6146 17 24\r\x1b[2Kuart> auto rx 6146 17 248\r\x1b[2Kuart> auto rx 6146 17 2481\r\x1b[2Kuart> auto rx 6146 17 24811\r\x1b[2Kuart> auto rx 6146 17 248115\r\x1b[2Kuart> auto rx 6146 17 2481155\r\x1b[2Kuart> auto rx 6146 17 24811550\r\x1b[2Kuart> auto rx 6146 17 248115500\r\x1b[2Kuart> auto rx 6146 17 2481155009'
2026-08-31 04:43:58,169 DEBUG   device: b'@READY mode=rx sequence=17 size=6146 dma=6144 tail=2'
2026-08-31 04:43:58,169 DEBUG   RX READY accepted; delaying 0.050s before packet TX
2026-08-31 04:43:58,754 DEBUG   RX packet submitted bytes=6146 write_and_flush=0.535477s crc=0x2E07
2026-08-31 04:43:58,777 DEBUG   device: b'@RESULT mode=rx sequence=17 size=6146 dma=6144 tail=2 rx=6146 crc=PASS data=PASS status=PASS'
2026-08-31 04:43:58,778 INFO    case=18/23 PASS size=6146 dma=6144 tail=2 elapsed=0.559s
2026-08-31 04:43:58,841 DEBUG   device: b'uart> \r\x1b[2Kuart> a\r\x1b[2Kuart> au\r\x1b[2Kuart> aut\r\x1b[2Kuart> auto\r\x1b[2Kuart> auto \r\x1b[2Kuart> auto r\r\x1b[2Kuart> auto rx\r\x1b[2Kuart> auto rx \r\x1b[2Kuart> auto rx 6\r\x1b[2Kuart> auto rx 61\r\x1b[2Kuart> auto rx 614\r\x1b[2Kuart> auto rx 6147\r\x1b[2Kuart> auto rx 6147 \r\x1b[2Kuart> auto rx 6147 1\r\x1b[2Kuart> auto rx 6147 18\r\x1b[2Kuart> auto rx 6147 18 \r\x1b[2Kuart> auto rx 6147 18 8\r\x1b[2Kuart> auto rx 6147 18 84\r\x1b[2Kuart> auto rx 6147 18 840\r\x1b[2Kuart> auto rx 6147 18 8406\r\x1b[2Kuart> auto rx 6147 18 84062\r\x1b[2Kuart> auto rx 6147 18 840623\r\x1b[2Kuart> auto rx 6147 18 8406234\r\x1b[2Kuart> auto rx 6147 18 84062348\r\x1b[2Kuart> auto rx 6147 18 840623482'
2026-08-31 04:43:58,856 DEBUG   device: b'@READY mode=rx sequence=18 size=6147 dma=6144 tail=3'
2026-08-31 04:43:58,857 DEBUG   RX READY accepted; delaying 0.050s before packet TX
2026-08-31 04:43:59,442 DEBUG   RX packet submitted bytes=6147 write_and_flush=0.535331s crc=0xAFC2
2026-08-31 04:43:59,466 DEBUG   device: b'@RESULT mode=rx sequence=18 size=6147 dma=6144 tail=3 rx=6147 crc=PASS data=PASS status=PASS'
2026-08-31 04:43:59,467 INFO    case=19/23 PASS size=6147 dma=6144 tail=3 elapsed=0.560s
2026-08-31 04:43:59,530 DEBUG   device: b'uart> \r\x1b[2Kuart> a\r\x1b[2Kuart> au\r\x1b[2Kuart> aut\r\x1b[2Kuart> auto\r\x1b[2Kuart> auto \r\x1b[2Kuart> auto r\r\x1b[2Kuart> auto rx\r\x1b[2Kuart> auto rx \r\x1b[2Kuart> auto rx 6\r\x1b[2Kuart> auto rx 61\r\x1b[2Kuart> auto rx 614\r\x1b[2Kuart> auto rx 6148\r\x1b[2Kuart> auto rx 6148 \r\x1b[2Kuart> auto rx 6148 1\r\x1b[2Kuart> auto rx 6148 19\r\x1b[2Kuart> auto rx 6148 19 \r\x1b[2Kuart> auto rx 6148 19 3\r\x1b[2Kuart> auto rx 6148 19 34\r\x1b[2Kuart> auto rx 6148 19 349\r\x1b[2Kuart> auto rx 6148 19 3495\r\x1b[2Kuart> auto rx 6148 19 34950\r\x1b[2Kuart> auto rx 6148 19 349505\r\x1b[2Kuart> auto rx 6148 19 3495059\r\x1b[2Kuart> auto rx 6148 19 34950592\r\x1b[2Kuart> auto rx 6148 19 349505925\r\x1b[2Kuart> auto rx 6148 19 3495059251'
2026-08-31 04:43:59,545 DEBUG   device: b'@READY mode=rx sequence=19 size=6148 dma=6144 tail=4'
2026-08-31 04:43:59,546 DEBUG   RX READY accepted; delaying 0.050s before packet TX
2026-08-31 04:44:00,132 DEBUG   RX packet submitted bytes=6148 write_and_flush=0.536644s crc=0xE85C
2026-08-31 04:44:00,155 DEBUG   device: b'@RESULT mode=rx sequence=19 size=6148 dma=6144 tail=4 rx=6148 crc=PASS data=PASS status=PASS'
2026-08-31 04:44:00,156 INFO    case=20/23 PASS size=6148 dma=6144 tail=4 elapsed=0.560s
2026-08-31 04:44:00,218 DEBUG   device: b'uart> \r\x1b[2Kuart> a\r\x1b[2Kuart> au\r\x1b[2Kuart> aut\r\x1b[2Kuart> auto\r\x1b[2Kuart> auto \r\x1b[2Kuart> auto r\r\x1b[2Kuart> auto rx\r\x1b[2Kuart> auto rx \r\x1b[2Kuart> auto rx 6\r\x1b[2Kuart> auto rx 61\r\x1b[2Kuart> auto rx 614\r\x1b[2Kuart> auto rx 6149\r\x1b[2Kuart> auto rx 6149 \r\x1b[2Kuart> auto rx 6149 2\r\x1b[2Kuart> auto rx 6149 20\r\x1b[2Kuart> auto rx 6149 20 \r\x1b[2Kuart> auto rx 6149 20 1\r\x1b[2Kuart> auto rx 6149 20 18\r\x1b[2Kuart> auto rx 6149 20 185\r\x1b[2Kuart> auto rx 6149 20 1854\r\x1b[2Kuart> auto rx 6149 20 18545\r\x1b[2Kuart> auto rx 6149 20 185452\r\x1b[2Kuart> auto rx 6149 20 1854527\r\x1b[2Kuart> auto rx 6149 20 18545277\r\x1b[2Kuart> auto rx 6149 20 185452772\r\x1b[2Kuart> auto rx 6149 20 1854527724'
2026-08-31 04:44:00,235 DEBUG   device: b'@READY mode=rx sequence=20 size=6149 dma=6144 tail=5'
2026-08-31 04:44:00,235 DEBUG   RX READY accepted; delaying 0.050s before packet TX
2026-08-31 04:44:00,820 DEBUG   RX packet submitted bytes=6149 write_and_flush=0.535587s crc=0xBAF6
2026-08-31 04:44:00,844 DEBUG   device: b'@RESULT mode=rx sequence=20 size=6149 dma=6144 tail=5 rx=6149 crc=PASS data=PASS status=PASS'
2026-08-31 04:44:00,844 INFO    case=21/23 PASS size=6149 dma=6144 tail=5 elapsed=0.560s
2026-08-31 04:44:00,907 DEBUG   device: b'uart> \r\x1b[2Kuart> a\r\x1b[2Kuart> au\r\x1b[2Kuart> aut\r\x1b[2Kuart> auto\r\x1b[2Kuart> auto \r\x1b[2Kuart> auto r\r\x1b[2Kuart> auto rx\r\x1b[2Kuart> auto rx \r\x1b[2Kuart> auto rx 6\r\x1b[2Kuart> auto rx 61\r\x1b[2Kuart> auto rx 615\r\x1b[2Kuart> auto rx 6150\r\x1b[2Kuart> auto rx 6150 \r\x1b[2Kuart> auto rx 6150 2\r\x1b[2Kuart> auto rx 6150 21\r\x1b[2Kuart> auto rx 6150 21 \r\x1b[2Kuart> auto rx 6150 21 2\r\x1b[2Kuart> auto rx 6150 21 21\r\x1b[2Kuart> auto rx 6150 21 213\r\x1b[2Kuart> auto rx 6150 21 2139\r\x1b[2Kuart> auto rx 6150 21 21399\r\x1b[2Kuart> auto rx 6150 21 213996\r\x1b[2Kuart> auto rx 6150 21 2139961\r\x1b[2Kuart> auto rx 6150 21 21399619\r\x1b[2Kuart> auto rx 6150 21 213996197'
2026-08-31 04:44:00,923 DEBUG   device: b'@READY mode=rx sequence=21 size=6150 dma=6144 tail=6'
2026-08-31 04:44:00,923 DEBUG   RX READY accepted; delaying 0.050s before packet TX
2026-08-31 04:44:01,510 DEBUG   RX packet submitted bytes=6150 write_and_flush=0.536876s crc=0xF9EB
2026-08-31 04:44:01,534 DEBUG   device: b'@RESULT mode=rx sequence=21 size=6150 dma=6144 tail=6 rx=6150 crc=PASS data=PASS status=PASS'
2026-08-31 04:44:01,534 INFO    case=22/23 PASS size=6150 dma=6144 tail=6 elapsed=0.560s
2026-08-31 04:44:01,597 DEBUG   device: b'uart> \r\x1b[2Kuart> a\r\x1b[2Kuart> au\r\x1b[2Kuart> aut\r\x1b[2Kuart> auto\r\x1b[2Kuart> auto \r\x1b[2Kuart> auto r\r\x1b[2Kuart> auto rx\r\x1b[2Kuart> auto rx \r\x1b[2Kuart> auto rx 6\r\x1b[2Kuart> auto rx 61\r\x1b[2Kuart> auto rx 615\r\x1b[2Kuart> auto rx 6151\r\x1b[2Kuart> auto rx 6151 \r\x1b[2Kuart> auto rx 6151 2\r\x1b[2Kuart> auto rx 6151 22\r\x1b[2Kuart> auto rx 6151 22 \r\x1b[2Kuart> auto rx 6151 22 2\r\x1b[2Kuart> auto rx 6151 22 28\r\x1b[2Kuart> auto rx 6151 22 286\r\x1b[2Kuart> auto rx 6151 22 2868\r\x1b[2Kuart> auto rx 6151 22 28684\r\x1b[2Kuart> auto rx 6151 22 286843\r\x1b[2Kuart> auto rx 6151 22 2868431\r\x1b[2Kuart> auto rx 6151 22 28684319\r\x1b[2Kuart> auto rx 6151 22 286843196\r\x1b[2Kuart> auto rx 6151 22 2868431966'
2026-08-31 04:44:01,613 DEBUG   device: b'@READY mode=rx sequence=22 size=6151 dma=6144 tail=7'
2026-08-31 04:44:01,613 DEBUG   RX READY accepted; delaying 0.050s before packet TX
2026-08-31 04:44:02,200 DEBUG   RX packet submitted bytes=6151 write_and_flush=0.537669s crc=0xE9F4
2026-08-31 04:44:02,222 DEBUG   device: b'@RESULT mode=rx sequence=22 size=6151 dma=6144 tail=7 rx=6151 crc=PASS data=PASS status=PASS'
2026-08-31 04:44:02,222 INFO    case=23/23 PASS size=6151 dma=6144 tail=7 elapsed=0.560s
2026-08-31 04:44:02,224 INFO    SUMMARY status=PASS passed=23 failed=0 elapsed=4.822s
