2026-08-31 05:52:58,776 INFO    DMA mode=baud-matrix profile=smoke port=/dev/ttyUSB0 baud=115200 payload=256 cycles=1
2026-08-31 05:52:58,796 DEBUG   device: b'^C'
2026-08-31 05:52:58,796 DEBUG   device: b'uart>'
2026-08-31 05:52:58,796 INFO    BAUD_MATRIX status=BEGIN rates=1 cases_per_rate=58 order=115200
2026-08-31 05:52:58,801 INFO    BAUD_RATE status=BEGIN rate=1/1 index=11 baud=115200 timeout=30.0s
2026-08-31 05:52:58,825 DEBUG   device: b'uart> \r\x1b[2Kuart> a\r\x1b[2Kuart> au\r\x1b[2Kuart> aut\r\x1b[2Kuart> auto\r\x1b[2Kuart> auto \r\x1b[2Kuart> auto b\r\x1b[2Kuart> auto ba\r\x1b[2Kuart> auto bau\r\x1b[2Kuart> auto baud\r\x1b[2Kuart> auto baud \r\x1b[2Kuart> auto baud 1\r\x1b[2Kuart> auto baud 11'
2026-08-31 05:52:58,840 DEBUG   device: b'@BAUD READY old_index=11 old=115200 new_index=11 new=115200'
2026-08-31 05:52:58,856 DEBUG   device: b'@BAUD ACTIVE index=11 baud=115200 mode=16x'
2026-08-31 05:52:58,856 INFO    BAUD_SWITCH status=PASS old_index=11 old=115200 new_index=11 new=115200
2026-08-31 05:52:58,856 INFO    SUITE status=BEGIN cases=58 full_profile=SKIPPED
2026-08-31 05:52:58,856 INFO    SECTION name=smoke status=BEGIN cases=1 payload=256
2026-08-31 05:52:58,909 DEBUG   device: b'uart> \r\x1b[2Kuart> a\r\x1b[2Kuart> au\r\x1b[2Kuart> aut\r\x1b[2Kuart> auto\r\x1b[2Kuart> auto \r\x1b[2Kuart> auto d\r\x1b[2Kuart> auto dm\r\x1b[2Kuart> auto dma\r\x1b[2Kuart> auto dma \r\x1b[2Kuart> auto dma 2\r\x1b[2Kuart> auto dma 25\r\x1b[2Kuart> auto dma 256\r\x1b[2Kuart> auto dma 256 \r\x1b[2Kuart> auto dma 256 0\r\x1b[2Kuart> auto dma 256 0 \r\x1b[2Kuart> auto dma 256 0 3\r\x1b[2Kuart> auto dma 256 0 30\r\x1b[2Kuart> auto dma 256 0 305\r\x1b[2Kuart> auto dma 256 0 3054\r\x1b[2Kuart> auto dma 256 0 30541\r\x1b[2Kuart> auto dma 256 0 305419\r\x1b[2Kuart> auto dma 256 0 3054198\r\x1b[2Kuart> auto dma 256 0 30541989\r\x1b[2Kuart> auto dma 256 0 305419896'
2026-08-31 05:52:58,925 DEBUG   device: b'@READY mode=dma sequence=0 frame=280 payload=256'
2026-08-31 05:52:58,925 DEBUG   READY accepted; delaying 0.050s before frame TX
2026-08-31 05:52:59,001 DEBUG   frame TX submitted bytes=280/280 write_and_flush=0.026283s crc=0xEA60
2026-08-31 05:52:59,028 DEBUG   echo chunk=280 total=280/280 after=0.027036s
2026-08-31 05:52:59,044 DEBUG   device: b'@RESULT mode=dma sequence=0 rx=280 tx=280 crc=PASS data=PASS status=PASS'
2026-08-31 05:52:59,044 INFO    section=smoke cycle=1/1 PASS frame_payload=256 elapsed=0.053s roundtrip=9.3 KiB/s
2026-08-31 05:52:59,044 INFO    SECTION name=smoke status=PASS passed=1 failed=0 elapsed=0.053s
2026-08-31 05:52:59,044 INFO    SECTION name=large-6144 status=BEGIN cases=1 payload=6144
2026-08-31 05:52:59,107 DEBUG   device: b'uart> \r\x1b[2Kuart> a\r\x1b[2Kuart> au\r\x1b[2Kuart> aut\r\x1b[2Kuart> auto\r\x1b[2Kuart> auto \r\x1b[2Kuart> auto d\r\x1b[2Kuart> auto dm\r\x1b[2Kuart> auto dma\r\x1b[2Kuart> auto dma \r\x1b[2Kuart> auto dma 6\r\x1b[2Kuart> auto dma 61\r\x1b[2Kuart> auto dma 614\r\x1b[2Kuart> auto dma 6144\r\x1b[2Kuart> auto dma 6144 \r\x1b[2Kuart> auto dma 6144 1\r\x1b[2Kuart> auto dma 6144 1 \r\x1b[2Kuart> auto dma 6144 1 2\r\x1b[2Kuart> auto dma 6144 1 29\r\x1b[2Kuart> auto dma 6144 1 295\r\x1b[2Kuart> auto dma 6144 1 2959\r\x1b[2Kuart> auto dma 6144 1 29598\r\x1b[2Kuart> auto dma 6144 1 295985\r\x1b[2Kuart> auto dma 6144 1 2959855\r\x1b[2Kuart> auto dma 6144 1 29598556\r\x1b[2Kuart> auto dma 6144 1 295985566\r\x1b[2Kuart> auto dma 6144 1 2959855665'
2026-08-31 05:52:59,123 DEBUG   device: b'@READY mode=dma sequence=1 frame=6168 payload=6144'
2026-08-31 05:52:59,123 DEBUG   READY accepted; delaying 0.050s before frame TX
2026-08-31 05:52:59,709 DEBUG   frame TX submitted bytes=6168/6168 write_and_flush=0.536208s crc=0x6BA3
2026-08-31 05:52:59,760 DEBUG   echo chunk=513 total=513/6168 after=0.050069s
2026-08-31 05:52:59,810 DEBUG   echo chunk=576 total=1089/6168 after=0.100226s
2026-08-31 05:52:59,860 DEBUG   echo chunk=576 total=1665/6168 after=0.150375s
2026-08-31 05:52:59,910 DEBUG   echo chunk=576 total=2241/6168 after=0.200542s
2026-08-31 05:52:59,960 DEBUG   echo chunk=576 total=2817/6168 after=0.250682s
2026-08-31 05:53:00,010 DEBUG   echo chunk=576 total=3393/6168 after=0.300844s
2026-08-31 05:53:00,060 DEBUG   echo chunk=576 total=3969/6168 after=0.350982s
2026-08-31 05:53:00,111 DEBUG   echo chunk=576 total=4545/6168 after=0.401126s
2026-08-31 05:53:00,161 DEBUG   echo chunk=576 total=5121/6168 after=0.451278s
2026-08-31 05:53:00,211 DEBUG   echo chunk=576 total=5697/6168 after=0.501422s
2026-08-31 05:53:00,253 DEBUG   echo chunk=471 total=6168/6168 after=0.543877s
2026-08-31 05:53:00,269 DEBUG   device: b'@RESULT mode=dma sequence=1 rx=6168 tx=6168 crc=PASS data=PASS status=PASS'
2026-08-31 05:53:00,269 INFO    section=large-6144 cycle=1/1 PASS frame_payload=6144 elapsed=1.080s roundtrip=11.1 KiB/s
2026-08-31 05:53:00,269 INFO    SECTION name=large-6144 status=PASS passed=1 failed=0 elapsed=1.080s
2026-08-31 05:53:00,269 INFO    SECTION name=stress status=BEGIN cases=10 payload=6144
2026-08-31 05:53:00,332 DEBUG   device: b'uart> \r\x1b[2Kuart> a\r\x1b[2Kuart> au\r\x1b[2Kuart> aut\r\x1b[2Kuart> auto\r\x1b[2Kuart> auto \r\x1b[2Kuart> auto d\r\x1b[2Kuart> auto dm\r\x1b[2Kuart> auto dma\r\x1b[2Kuart> auto dma \r\x1b[2Kuart> auto dma 6\r\x1b[2Kuart> auto dma 61\r\x1b[2Kuart> auto dma 614\r\x1b[2Kuart> auto dma 6144\r\x1b[2Kuart> auto dma 6144 \r\x1b[2Kuart> auto dma 6144 2\r\x1b[2Kuart> auto dma 6144 2 \r\x1b[2Kuart> auto dma 6144 2 1\r\x1b[2Kuart> auto dma 6144 2 13\r\x1b[2Kuart> auto dma 6144 2 131\r\x1b[2Kuart> auto dma 6144 2 1319\r\x1b[2Kuart> auto dma 6144 2 13193\r\x1b[2Kuart> auto dma 6144 2 131932\r\x1b[2Kuart> auto dma 6144 2 1319324\r\x1b[2Kuart> auto dma 6144 2 13193241\r\x1b[2Kuart> auto dma 6144 2 131932413\r\x1b[2Kuart> auto dma 6144 2 1319324138'
2026-08-31 05:53:00,348 DEBUG   device: b'@READY mode=dma sequence=2 frame=6168 payload=6144'
2026-08-31 05:53:00,348 DEBUG   READY accepted; delaying 0.050s before frame TX
2026-08-31 05:53:00,935 DEBUG   frame TX submitted bytes=6168/6168 write_and_flush=0.537335s crc=0x331D
2026-08-31 05:53:00,986 DEBUG   echo chunk=513 total=513/6168 after=0.050073s
2026-08-31 05:53:01,036 DEBUG   echo chunk=576 total=1089/6168 after=0.100246s
2026-08-31 05:53:01,086 DEBUG   echo chunk=576 total=1665/6168 after=0.150416s
2026-08-31 05:53:01,136 DEBUG   echo chunk=576 total=2241/6168 after=0.200527s
2026-08-31 05:53:01,186 DEBUG   echo chunk=576 total=2817/6168 after=0.250669s
2026-08-31 05:53:01,236 DEBUG   echo chunk=576 total=3393/6168 after=0.300817s
2026-08-31 05:53:01,286 DEBUG   echo chunk=576 total=3969/6168 after=0.350975s
2026-08-31 05:53:01,337 DEBUG   echo chunk=576 total=4545/6168 after=0.401121s
2026-08-31 05:53:01,387 DEBUG   echo chunk=576 total=5121/6168 after=0.451305s
2026-08-31 05:53:01,437 DEBUG   echo chunk=576 total=5697/6168 after=0.501453s
2026-08-31 05:53:01,478 DEBUG   echo chunk=471 total=6168/6168 after=0.542749s
2026-08-31 05:53:01,494 DEBUG   device: b'@RESULT mode=dma sequence=2 rx=6168 tx=6168 crc=PASS data=PASS status=PASS'
2026-08-31 05:53:01,494 INFO    section=stress cycle=1/10 PASS frame_payload=6144 elapsed=1.080s roundtrip=11.1 KiB/s
2026-08-31 05:53:01,557 DEBUG   device: b'uart> \r\x1b[2Kuart> a\r\x1b[2Kuart> au\r\x1b[2Kuart> aut\r\x1b[2Kuart> auto\r\x1b[2Kuart> auto \r\x1b[2Kuart> auto d\r\x1b[2Kuart> auto dm\r\x1b[2Kuart> auto dma\r\x1b[2Kuart> auto dma \r\x1b[2Kuart> auto dma 6\r\x1b[2Kuart> auto dma 61\r\x1b[2Kuart> auto dma 614\r\x1b[2Kuart> auto dma 6144\r\x1b[2Kuart> auto dma 6144 \r\x1b[2Kuart> auto dma 6144 3\r\x1b[2Kuart> auto dma 6144 3 \r\x1b[2Kuart> auto dma 6144 3 3\r\x1b[2Kuart> auto dma 6144 3 39\r\x1b[2Kuart> auto dma 6144 3 397\r\x1b[2Kuart> auto dma 6144 3 3973\r\x1b[2Kuart> auto dma 6144 3 39737\r\x1b[2Kuart> auto dma 6144 3 397375\r\x1b[2Kuart> auto dma 6144 3 3973759\r\x1b[2Kuart> auto dma 6144 3 39737599\r\x1b[2Kuart> auto dma 6144 3 397375990\r\x1b[2Kuart> auto dma 6144 3 3973759907'
2026-08-31 05:53:01,573 DEBUG   device: b'@READY mode=dma sequence=3 frame=6168 payload=6144'
2026-08-31 05:53:01,573 DEBUG   READY accepted; delaying 0.050s before frame TX
2026-08-31 05:53:02,161 DEBUG   frame TX submitted bytes=6168/6168 write_and_flush=0.538088s crc=0x105A
2026-08-31 05:53:02,212 DEBUG   echo chunk=513 total=513/6168 after=0.050065s
2026-08-31 05:53:02,262 DEBUG   echo chunk=576 total=1089/6168 after=0.100224s
2026-08-31 05:53:02,312 DEBUG   echo chunk=576 total=1665/6168 after=0.150381s
2026-08-31 05:53:02,362 DEBUG   echo chunk=576 total=2241/6168 after=0.200537s
2026-08-31 05:53:02,412 DEBUG   echo chunk=576 total=2817/6168 after=0.250693s
2026-08-31 05:53:02,462 DEBUG   echo chunk=576 total=3393/6168 after=0.300845s
2026-08-31 05:53:02,512 DEBUG   echo chunk=576 total=3969/6168 after=0.350992s
2026-08-31 05:53:02,563 DEBUG   echo chunk=576 total=4545/6168 after=0.401146s
2026-08-31 05:53:02,613 DEBUG   echo chunk=576 total=5121/6168 after=0.451292s
2026-08-31 05:53:02,663 DEBUG   echo chunk=576 total=5697/6168 after=0.501438s
2026-08-31 05:53:02,703 DEBUG   echo chunk=471 total=6168/6168 after=0.542008s
2026-08-31 05:53:02,720 DEBUG   device: b'@RESULT mode=dma sequence=3 rx=6168 tx=6168 crc=PASS data=PASS status=PASS'
2026-08-31 05:53:02,720 INFO    section=stress cycle=2/10 PASS frame_payload=6144 elapsed=1.080s roundtrip=11.1 KiB/s
2026-08-31 05:53:02,783 DEBUG   device: b'uart> \r\x1b[2Kuart> a\r\x1b[2Kuart> au\r\x1b[2Kuart> aut\r\x1b[2Kuart> auto\r\x1b[2Kuart> auto \r\x1b[2Kuart> auto d\r\x1b[2Kuart> auto dm\r\x1b[2Kuart> auto dma\r\x1b[2Kuart> auto dma \r\x1b[2Kuart> auto dma 6\r\x1b[2Kuart> auto dma 61\r\x1b[2Kuart> auto dma 614\r\x1b[2Kuart> auto dma 6144\r\x1b[2Kuart> auto dma 6144 \r\x1b[2Kuart> auto dma 6144 4\r\x1b[2Kuart> auto dma 6144 4 \r\x1b[2Kuart> auto dma 6144 4 2\r\x1b[2Kuart> auto dma 6144 4 23\r\x1b[2Kuart> auto dma 6144 4 233\r\x1b[2Kuart> auto dma 6144 4 2333\r\x1b[2Kuart> auto dma 6144 4 23332\r\x1b[2Kuart> auto dma 6144 4 233322\r\x1b[2Kuart> auto dma 6144 4 2333228\r\x1b[2Kuart> auto dma 6144 4 23332283\r\x1b[2Kuart> auto dma 6144 4 233322838\r\x1b[2Kuart> auto dma 6144 4 2333228380'
2026-08-31 05:53:02,799 DEBUG   device: b'@READY mode=dma sequence=4 frame=6168 payload=6144'
2026-08-31 05:53:02,799 DEBUG   READY accepted; delaying 0.050s before frame TX
2026-08-31 05:53:03,385 DEBUG   frame TX submitted bytes=6168/6168 write_and_flush=0.536245s crc=0x306F
2026-08-31 05:53:03,436 DEBUG   echo chunk=513 total=513/6168 after=0.050068s
2026-08-31 05:53:03,486 DEBUG   echo chunk=576 total=1089/6168 after=0.100220s
2026-08-31 05:53:03,536 DEBUG   echo chunk=576 total=1665/6168 after=0.150382s
2026-08-31 05:53:03,586 DEBUG   echo chunk=576 total=2241/6168 after=0.200538s
2026-08-31 05:53:03,636 DEBUG   echo chunk=576 total=2817/6168 after=0.250695s
2026-08-31 05:53:03,686 DEBUG   echo chunk=576 total=3393/6168 after=0.300839s
2026-08-31 05:53:03,736 DEBUG   echo chunk=576 total=3969/6168 after=0.350974s
2026-08-31 05:53:03,787 DEBUG   echo chunk=576 total=4545/6168 after=0.401128s
2026-08-31 05:53:03,837 DEBUG   echo chunk=576 total=5121/6168 after=0.451371s
2026-08-31 05:53:03,887 DEBUG   echo chunk=576 total=5697/6168 after=0.501607s
2026-08-31 05:53:03,929 DEBUG   echo chunk=471 total=6168/6168 after=0.543828s
2026-08-31 05:53:03,945 DEBUG   device: b'@RESULT mode=dma sequence=4 rx=6168 tx=6168 crc=PASS data=PASS status=PASS'
2026-08-31 05:53:03,945 INFO    section=stress cycle=3/10 PASS frame_payload=6144 elapsed=1.080s roundtrip=11.1 KiB/s
2026-08-31 05:53:04,008 DEBUG   device: b'uart> \r\x1b[2Kuart> a\r\x1b[2Kuart> au\r\x1b[2Kuart> aut\r\x1b[2Kuart> auto\r\x1b[2Kuart> auto \r\x1b[2Kuart> auto d\r\x1b[2Kuart> auto dm\r\x1b[2Kuart> auto dma\r\x1b[2Kuart> auto dma \r\x1b[2Kuart> auto dma 6\r\x1b[2Kuart> auto dma 61\r\x1b[2Kuart> auto dma 614\r\x1b[2Kuart> auto dma 6144\r\x1b[2Kuart> auto dma 6144 \r\x1b[2Kuart> auto dma 6144 5\r\x1b[2Kuart> auto dma 6144 5 \r\x1b[2Kuart> auto dma 6144 5 6\r\x1b[2Kuart> auto dma 6144 5 69\r\x1b[2Kuart> auto dma 6144 5 692\r\x1b[2Kuart> auto dma 6144 5 6926\r\x1b[2Kuart> auto dma 6144 5 69269\r\x1b[2Kuart> auto dma 6144 5 692696\r\x1b[2Kuart> auto dma 6144 5 6926968\r\x1b[2Kuart> auto dma 6144 5 69269685\r\x1b[2Kuart> auto dma 6144 5 692696853'
2026-08-31 05:53:04,024 DEBUG   device: b'@READY mode=dma sequence=5 frame=6168 payload=6144'
2026-08-31 05:53:04,024 DEBUG   READY accepted; delaying 0.050s before frame TX
2026-08-31 05:53:04,610 DEBUG   frame TX submitted bytes=6168/6168 write_and_flush=0.536458s crc=0x1A18
2026-08-31 05:53:04,661 DEBUG   echo chunk=513 total=513/6168 after=0.050071s
2026-08-31 05:53:04,711 DEBUG   echo chunk=576 total=1089/6168 after=0.100260s
2026-08-31 05:53:04,761 DEBUG   echo chunk=576 total=1665/6168 after=0.150439s
2026-08-31 05:53:04,811 DEBUG   echo chunk=576 total=2241/6168 after=0.200602s
2026-08-31 05:53:04,861 DEBUG   echo chunk=576 total=2817/6168 after=0.250750s
2026-08-31 05:53:04,912 DEBUG   echo chunk=576 total=3393/6168 after=0.300980s
2026-08-31 05:53:04,962 DEBUG   echo chunk=576 total=3969/6168 after=0.351186s
2026-08-31 05:53:05,012 DEBUG   echo chunk=576 total=4545/6168 after=0.401373s
2026-08-31 05:53:05,062 DEBUG   echo chunk=576 total=5121/6168 after=0.451575s
2026-08-31 05:53:05,112 DEBUG   echo chunk=576 total=5697/6168 after=0.501768s
2026-08-31 05:53:05,154 DEBUG   echo chunk=471 total=6168/6168 after=0.543515s
2026-08-31 05:53:05,170 DEBUG   device: b'@RESULT mode=dma sequence=5 rx=6168 tx=6168 crc=PASS data=PASS status=PASS'
2026-08-31 05:53:05,170 INFO    section=stress cycle=4/10 PASS frame_payload=6144 elapsed=1.080s roundtrip=11.1 KiB/s
2026-08-31 05:53:05,233 DEBUG   device: b'uart> \r\x1b[2Kuart> a\r\x1b[2Kuart> au\r\x1b[2Kuart> aut\r\x1b[2Kuart> auto\r\x1b[2Kuart> auto \r\x1b[2Kuart> auto d\r\x1b[2Kuart> auto dm\r\x1b[2Kuart> auto dma\r\x1b[2Kuart> auto dma \r\x1b[2Kuart> auto dma 6\r\x1b[2Kuart> auto dma 61\r\x1b[2Kuart> auto dma 614\r\x1b[2Kuart> auto dma 6144\r\x1b[2Kuart> auto dma 6144 \r\x1b[2Kuart> auto dma 6144 6\r\x1b[2Kuart> auto dma 6144 6 \r\x1b[2Kuart> auto dma 6144 6 3\r\x1b[2Kuart> auto dma 6144 6 33\r\x1b[2Kuart> auto dma 6144 6 334\r\x1b[2Kuart> auto dma 6144 6 3347\r\x1b[2Kuart> auto dma 6144 6 33471\r\x1b[2Kuart> auto dma 6144 6 334713\r\x1b[2Kuart> auto dma 6144 6 3347132\r\x1b[2Kuart> auto dma 6144 6 33471326\r\x1b[2Kuart> auto dma 6144 6 334713262\r\x1b[2Kuart> auto dma 6144 6 3347132622'
2026-08-31 05:53:05,249 DEBUG   device: b'@READY mode=dma sequence=6 frame=6168 payload=6144'
2026-08-31 05:53:05,249 DEBUG   READY accepted; delaying 0.050s before frame TX
2026-08-31 05:53:05,836 DEBUG   frame TX submitted bytes=6168/6168 write_and_flush=0.537382s crc=0x468A
2026-08-31 05:53:05,887 DEBUG   echo chunk=513 total=513/6168 after=0.050068s
2026-08-31 05:53:05,937 DEBUG   echo chunk=576 total=1089/6168 after=0.100220s
2026-08-31 05:53:05,987 DEBUG   echo chunk=576 total=1665/6168 after=0.150348s
2026-08-31 05:53:06,037 DEBUG   echo chunk=576 total=2241/6168 after=0.200500s
2026-08-31 05:53:06,087 DEBUG   echo chunk=576 total=2817/6168 after=0.250722s
2026-08-31 05:53:06,137 DEBUG   echo chunk=576 total=3393/6168 after=0.300872s
2026-08-31 05:53:06,188 DEBUG   echo chunk=576 total=3969/6168 after=0.351067s
2026-08-31 05:53:06,238 DEBUG   echo chunk=576 total=4545/6168 after=0.401192s
2026-08-31 05:53:06,288 DEBUG   echo chunk=576 total=5121/6168 after=0.451341s
2026-08-31 05:53:06,338 DEBUG   echo chunk=576 total=5697/6168 after=0.501508s
2026-08-31 05:53:06,379 DEBUG   echo chunk=471 total=6168/6168 after=0.542720s
2026-08-31 05:53:06,395 DEBUG   device: b'@RESULT mode=dma sequence=6 rx=6168 tx=6168 crc=PASS data=PASS status=PASS'
2026-08-31 05:53:06,395 INFO    section=stress cycle=5/10 PASS frame_payload=6144 elapsed=1.080s roundtrip=11.1 KiB/s
2026-08-31 05:53:06,458 DEBUG   device: b'uart> \r\x1b[2Kuart> a\r\x1b[2Kuart> au\r\x1b[2Kuart> aut\r\x1b[2Kuart> auto\r\x1b[2Kuart> auto \r\x1b[2Kuart> auto d\r\x1b[2Kuart> auto dm\r\x1b[2Kuart> auto dma\r\x1b[2Kuart> auto dma \r\x1b[2Kuart> auto dma 6\r\x1b[2Kuart> auto dma 61\r\x1b[2Kuart> auto dma 614\r\x1b[2Kuart> auto dma 6144\r\x1b[2Kuart> auto dma 6144 \r\x1b[2Kuart> auto dma 6144 7\r\x1b[2Kuart> auto dma 6144 7 \r\x1b[2Kuart> auto dma 6144 7 1\r\x1b[2Kuart> auto dma 6144 7 17\r\x1b[2Kuart> auto dma 6144 7 170\r\x1b[2Kuart> auto dma 6144 7 1706\r\x1b[2Kuart> auto dma 6144 7 17066\r\x1b[2Kuart> auto dma 6144 7 170660\r\x1b[2Kuart> auto dma 6144 7 1706601\r\x1b[2Kuart> auto dma 6144 7 17066010\r\x1b[2Kuart> auto dma 6144 7 170660109\r\x1b[2Kuart> auto dma 6144 7 1706601095'
2026-08-31 05:53:06,474 DEBUG   device: b'@READY mode=dma sequence=7 frame=6168 payload=6144'
2026-08-31 05:53:06,474 DEBUG   READY accepted; delaying 0.050s before frame TX
2026-08-31 05:53:07,061 DEBUG   frame TX submitted bytes=6168/6168 write_and_flush=0.537331s crc=0x9A23
2026-08-31 05:53:07,112 DEBUG   echo chunk=513 total=513/6168 after=0.050067s
2026-08-31 05:53:07,162 DEBUG   echo chunk=576 total=1089/6168 after=0.100222s
2026-08-31 05:53:07,212 DEBUG   echo chunk=576 total=1665/6168 after=0.150371s
2026-08-31 05:53:07,262 DEBUG   echo chunk=576 total=2241/6168 after=0.200506s
2026-08-31 05:53:07,312 DEBUG   echo chunk=576 total=2817/6168 after=0.250653s
2026-08-31 05:53:07,362 DEBUG   echo chunk=576 total=3393/6168 after=0.300797s
2026-08-31 05:53:07,412 DEBUG   echo chunk=576 total=3969/6168 after=0.350930s
2026-08-31 05:53:07,463 DEBUG   echo chunk=576 total=4545/6168 after=0.401075s
2026-08-31 05:53:07,513 DEBUG   echo chunk=576 total=5121/6168 after=0.451220s
2026-08-31 05:53:07,563 DEBUG   echo chunk=576 total=5697/6168 after=0.501350s
2026-08-31 05:53:07,604 DEBUG   echo chunk=471 total=6168/6168 after=0.542765s
2026-08-31 05:53:07,620 DEBUG   device: b'@RESULT mode=dma sequence=7 rx=6168 tx=6168 crc=PASS data=PASS status=PASS'
2026-08-31 05:53:07,620 INFO    section=stress cycle=6/10 PASS frame_payload=6144 elapsed=1.080s roundtrip=11.1 KiB/s
2026-08-31 05:53:07,677 DEBUG   device: b'uart> \r\x1b[2Kuart> a\r\x1b[2Kuart> au\r\x1b[2Kuart> aut\r\x1b[2Kuart> auto\r\x1b[2Kuart> auto \r\x1b[2Kuart> auto d\r\x1b[2Kuart> auto dm\r\x1b[2Kuart> auto dma\r\x1b[2Kuart> auto dma \r\x1b[2Kuart> auto dma 6\r\x1b[2Kuart> auto dma 61\r\x1b[2Kuart> auto dma 614\r\x1b[2Kuart> auto dma 6144\r\x1b[2Kuart> auto dma 6144 \r\x1b[2Kuart> auto dma 6144 8\r\x1b[2Kuart> auto dma 6144 8 \r\x1b[2Kuart> auto dma 6144 8 6\r\x1b[2Kuart> auto dma 6144 8 66\r\x1b[2Kuart> auto dma 6144 8 660\r\x1b[2Kuart> auto dma 6144 8 6606\r\x1b[2Kuart> auto dma 6144 8 66069\r\x1b[2Kuart> auto dma 6144 8 660695\r\x1b[2Kuart> auto dma 6144 8 6606956\r\x1b[2Kuart> auto dma 6144 8 66069568'
2026-08-31 05:53:07,693 DEBUG   device: b'@READY mode=dma sequence=8 frame=6168 payload=6144'
2026-08-31 05:53:07,693 DEBUG   READY accepted; delaying 0.050s before frame TX
2026-08-31 05:53:08,280 DEBUG   frame TX submitted bytes=6168/6168 write_and_flush=0.537433s crc=0x4CE4
2026-08-31 05:53:08,331 DEBUG   echo chunk=513 total=513/6168 after=0.050066s
2026-08-31 05:53:08,381 DEBUG   echo chunk=576 total=1089/6168 after=0.100241s
2026-08-31 05:53:08,431 DEBUG   echo chunk=576 total=1665/6168 after=0.150392s
2026-08-31 05:53:08,481 DEBUG   echo chunk=576 total=2241/6168 after=0.200543s
2026-08-31 05:53:08,531 DEBUG   echo chunk=576 total=2817/6168 after=0.250690s
2026-08-31 05:53:08,581 DEBUG   echo chunk=576 total=3393/6168 after=0.300830s
2026-08-31 05:53:08,631 DEBUG   echo chunk=576 total=3969/6168 after=0.350967s
2026-08-31 05:53:08,682 DEBUG   echo chunk=576 total=4545/6168 after=0.401103s
2026-08-31 05:53:08,732 DEBUG   echo chunk=576 total=5121/6168 after=0.451229s
2026-08-31 05:53:08,782 DEBUG   echo chunk=576 total=5697/6168 after=0.501352s
2026-08-31 05:53:08,823 DEBUG   echo chunk=471 total=6168/6168 after=0.542640s
2026-08-31 05:53:08,839 DEBUG   device: b'@RESULT mode=dma sequence=8 rx=6168 tx=6168 crc=PASS data=PASS status=PASS'
2026-08-31 05:53:08,839 INFO    section=stress cycle=7/10 PASS frame_payload=6144 elapsed=1.080s roundtrip=11.1 KiB/s
2026-08-31 05:53:08,902 DEBUG   device: b'uart> \r\x1b[2Kuart> a\r\x1b[2Kuart> au\r\x1b[2Kuart> aut\r\x1b[2Kuart> auto\r\x1b[2Kuart> auto \r\x1b[2Kuart> auto d\r\x1b[2Kuart> auto dm\r\x1b[2Kuart> auto dma\r\x1b[2Kuart> auto dma \r\x1b[2Kuart> auto dma 6\r\x1b[2Kuart> auto dma 61\r\x1b[2Kuart> auto dma 614\r\x1b[2Kuart> auto dma 6144\r\x1b[2Kuart> auto dma 6144 \r\x1b[2Kuart> auto dma 6144 9\r\x1b[2Kuart> auto dma 6144 9 \r\x1b[2Kuart> auto dma 6144 9 2\r\x1b[2Kuart> auto dma 6144 9 27\r\x1b[2Kuart> auto dma 6144 9 272\r\x1b[2Kuart> auto dma 6144 9 2720\r\x1b[2Kuart> auto dma 6144 9 27205\r\x1b[2Kuart> auto dma 6144 9 272050\r\x1b[2Kuart> auto dma 6144 9 2720505\r\x1b[2Kuart> auto dma 6144 9 27205053\r\x1b[2Kuart> auto dma 6144 9 272050533\r\x1b[2Kuart> auto dma 6144 9 2720505337'
2026-08-31 05:53:08,918 DEBUG   device: b'@READY mode=dma sequence=9 frame=6168 payload=6144'
2026-08-31 05:53:08,918 DEBUG   READY accepted; delaying 0.050s before frame TX
2026-08-31 05:53:09,504 DEBUG   frame TX submitted bytes=6168/6168 write_and_flush=0.536430s crc=0x4EAB
2026-08-31 05:53:09,555 DEBUG   echo chunk=513 total=513/6168 after=0.050066s
2026-08-31 05:53:09,605 DEBUG   echo chunk=576 total=1089/6168 after=0.100213s
2026-08-31 05:53:09,655 DEBUG   echo chunk=576 total=1665/6168 after=0.150354s
2026-08-31 05:53:09,705 DEBUG   echo chunk=576 total=2241/6168 after=0.200488s
2026-08-31 05:53:09,755 DEBUG   echo chunk=576 total=2817/6168 after=0.250632s
2026-08-31 05:53:09,805 DEBUG   echo chunk=576 total=3393/6168 after=0.300760s
2026-08-31 05:53:09,855 DEBUG   echo chunk=576 total=3969/6168 after=0.350916s
2026-08-31 05:53:09,906 DEBUG   echo chunk=576 total=4545/6168 after=0.401050s
2026-08-31 05:53:09,956 DEBUG   echo chunk=576 total=5121/6168 after=0.451185s
2026-08-31 05:53:10,006 DEBUG   echo chunk=576 total=5697/6168 after=0.501311s
2026-08-31 05:53:10,048 DEBUG   echo chunk=471 total=6168/6168 after=0.543666s
2026-08-31 05:53:10,064 DEBUG   device: b'@RESULT mode=dma sequence=9 rx=6168 tx=6168 crc=PASS data=PASS status=PASS'
2026-08-31 05:53:10,064 INFO    section=stress cycle=8/10 PASS frame_payload=6144 elapsed=1.080s roundtrip=11.1 KiB/s
2026-08-31 05:53:10,132 DEBUG   device: b'uart> \r\x1b[2Kuart> a\r\x1b[2Kuart> au\r\x1b[2Kuart> aut\r\x1b[2Kuart> auto\r\x1b[2Kuart> auto \r\x1b[2Kuart> auto d\r\x1b[2Kuart> auto dm\r\x1b[2Kuart> auto dma\r\x1b[2Kuart> auto dma \r\x1b[2Kuart> auto dma 6\r\x1b[2Kuart> auto dma 61\r\x1b[2Kuart> auto dma 614\r\x1b[2Kuart> auto dma 6144\r\x1b[2Kuart> auto dma 6144 \r\x1b[2Kuart> auto dma 6144 1\r\x1b[2Kuart> auto dma 6144 10\r\x1b[2Kuart> auto dma 6144 10 \r\x1b[2Kuart> auto dma 6144 10 1\r\x1b[2Kuart> auto dma 6144 10 10\r\x1b[2Kuart> auto dma 6144 10 107\r\x1b[2Kuart> auto dma 6144 10 1079\r\x1b[2Kuart> auto dma 6144 10 10799\r\x1b[2Kuart> auto dma 6144 10 107997\r\x1b[2Kuart> auto dma 6144 10 1079973\r\x1b[2Kuart> auto dma 6144 10 10799738\r\x1b[2Kuart> auto dma 6144 10 107997381\r\x1b[2Kuart> auto dma 6144 10 1079973810'
2026-08-31 05:53:10,148 DEBUG   device: b'@READY mode=dma sequence=10 frame=6168 payload=6144'
2026-08-31 05:53:10,148 DEBUG   READY accepted; delaying 0.050s before frame TX
2026-08-31 05:53:10,734 DEBUG   frame TX submitted bytes=6168/6168 write_and_flush=0.536454s crc=0x1E8C
2026-08-31 05:53:10,785 DEBUG   echo chunk=513 total=513/6168 after=0.050071s
2026-08-31 05:53:10,835 DEBUG   echo chunk=576 total=1089/6168 after=0.100251s
2026-08-31 05:53:10,885 DEBUG   echo chunk=576 total=1665/6168 after=0.150452s
2026-08-31 05:53:10,935 DEBUG   echo chunk=576 total=2241/6168 after=0.200640s
2026-08-31 05:53:10,985 DEBUG   echo chunk=576 total=2817/6168 after=0.250803s
2026-08-31 05:53:11,035 DEBUG   echo chunk=576 total=3393/6168 after=0.300977s
2026-08-31 05:53:11,086 DEBUG   echo chunk=576 total=3969/6168 after=0.351141s
2026-08-31 05:53:11,136 DEBUG   echo chunk=576 total=4545/6168 after=0.401283s
2026-08-31 05:53:11,186 DEBUG   echo chunk=576 total=5121/6168 after=0.451432s
2026-08-31 05:53:11,236 DEBUG   echo chunk=576 total=5697/6168 after=0.501587s
2026-08-31 05:53:11,278 DEBUG   echo chunk=471 total=6168/6168 after=0.543604s
2026-08-31 05:53:11,294 DEBUG   device: b'@RESULT mode=dma sequence=10 rx=6168 tx=6168 crc=PASS data=PASS status=PASS'
2026-08-31 05:53:11,294 INFO    section=stress cycle=9/10 PASS frame_payload=6144 elapsed=1.080s roundtrip=11.1 KiB/s
2026-08-31 05:53:11,363 DEBUG   device: b'uart> \r\x1b[2Kuart> a\r\x1b[2Kuart> au\r\x1b[2Kuart> aut\r\x1b[2Kuart> auto\r\x1b[2Kuart> auto \r\x1b[2Kuart> auto d\r\x1b[2Kuart> auto dm\r\x1b[2Kuart> auto dma\r\x1b[2Kuart> auto dma \r\x1b[2Kuart> auto dma 6\r\x1b[2Kuart> auto dma 61\r\x1b[2Kuart> auto dma 614\r\x1b[2Kuart> auto dma 6144\r\x1b[2Kuart> auto dma 6144 \r\x1b[2Kuart> auto dma 6144 1\r\x1b[2Kuart> auto dma 6144 11\r\x1b[2Kuart> auto dma 6144 11 \r\x1b[2Kuart> auto dma 6144 11 3\r\x1b[2Kuart> auto dma 6144 11 37\r\x1b[2Kuart> auto dma 6144 11 373\r\x1b[2Kuart> auto dma 6144 11 3734\r\x1b[2Kuart> auto dma 6144 11 37344\r\x1b[2Kuart> auto dma 6144 11 373440\r\x1b[2Kuart> auto dma 6144 11 3734409\r\x1b[2Kuart> auto dma 6144 11 37344095\r\x1b[2Kuart> auto dma 6144 11 373440957\r\x1b[2Kuart> auto dma 6144 11 3734409579'
2026-08-31 05:53:11,379 DEBUG   device: b'@READY mode=dma sequence=11 frame=6168 payload=6144'
2026-08-31 05:53:11,379 DEBUG   READY accepted; delaying 0.050s before frame TX
2026-08-31 05:53:11,966 DEBUG   frame TX submitted bytes=6168/6168 write_and_flush=0.537672s crc=0x95F0
2026-08-31 05:53:12,017 DEBUG   echo chunk=513 total=513/6168 after=0.050070s
2026-08-31 05:53:12,067 DEBUG   echo chunk=576 total=1089/6168 after=0.100250s
2026-08-31 05:53:12,117 DEBUG   echo chunk=576 total=1665/6168 after=0.150425s
2026-08-31 05:53:12,167 DEBUG   echo chunk=576 total=2241/6168 after=0.200597s
2026-08-31 05:53:12,217 DEBUG   echo chunk=576 total=2817/6168 after=0.250743s
2026-08-31 05:53:12,267 DEBUG   echo chunk=576 total=3393/6168 after=0.300891s
2026-08-31 05:53:12,318 DEBUG   echo chunk=576 total=3969/6168 after=0.351026s
2026-08-31 05:53:12,368 DEBUG   echo chunk=576 total=4545/6168 after=0.401182s
2026-08-31 05:53:12,418 DEBUG   echo chunk=576 total=5121/6168 after=0.451331s
2026-08-31 05:53:12,468 DEBUG   echo chunk=576 total=5697/6168 after=0.501469s
2026-08-31 05:53:12,509 DEBUG   echo chunk=471 total=6168/6168 after=0.542384s
2026-08-31 05:53:12,525 DEBUG   device: b'@RESULT mode=dma sequence=11 rx=6168 tx=6168 crc=PASS data=PASS status=PASS'
2026-08-31 05:53:12,525 INFO    section=stress cycle=10/10 PASS frame_payload=6144 elapsed=1.080s roundtrip=11.1 KiB/s
2026-08-31 05:53:12,525 INFO    SECTION name=stress status=PASS passed=10 failed=0 elapsed=10.803s
2026-08-31 05:53:12,525 INFO    SECTION name=tx-tail status=BEGIN cases=23
2026-08-31 05:53:12,577 DEBUG   device: b'uart> \r\x1b[2Kuart> a\r\x1b[2Kuart> au\r\x1b[2Kuart> aut\r\x1b[2Kuart> auto\r\x1b[2Kuart> auto \r\x1b[2Kuart> auto t\r\x1b[2Kuart> auto tx\r\x1b[2Kuart> auto tx \r\x1b[2Kuart> auto tx 2\r\x1b[2Kuart> auto tx 2 \r\x1b[2Kuart> auto tx 2 1\r\x1b[2Kuart> auto tx 2 12\r\x1b[2Kuart> auto tx 2 12 \r\x1b[2Kuart> auto tx 2 12 2\r\x1b[2Kuart> auto tx 2 12 20\r\x1b[2Kuart> auto tx 2 12 209\r\x1b[2Kuart> auto tx 2 12 2093\r\x1b[2Kuart> auto tx 2 12 20938\r\x1b[2Kuart> auto tx 2 12 209387\r\x1b[2Kuart> auto tx 2 12 2093878\r\x1b[2Kuart> auto tx 2 12 20938780\r\x1b[2Kuart> auto tx 2 12 209387805\r\x1b[2Kuart> auto tx 2 12 2093878052'
2026-08-31 05:53:12,583 DEBUG   device: b'@READY mode=tx sequence=12 size=2 dma=0 tail=2'
2026-08-31 05:53:12,583 DEBUG   echo chunk=2 total=2/2 after=0.000010s
2026-08-31 05:53:12,598 DEBUG   device: b'@RESULT mode=tx sequence=12 size=2 tail=2 tx=2 status=PASS'
2026-08-31 05:53:12,598 INFO    section=tx-tail case=1/23 PASS size=2 dma=0 tail=2 elapsed=0.000s
2026-08-31 05:53:12,645 DEBUG   device: b'uart> \r\x1b[2Kuart> a\r\x1b[2Kuart> au\r\x1b[2Kuart> aut\r\x1b[2Kuart> auto\r\x1b[2Kuart> auto \r\x1b[2Kuart> auto t\r\x1b[2Kuart> auto tx\r\x1b[2Kuart> auto tx \r\x1b[2Kuart> auto tx 3\r\x1b[2Kuart> auto tx 3 \r\x1b[2Kuart> auto tx 3 1\r\x1b[2Kuart> auto tx 3 13\r\x1b[2Kuart> auto tx 3 13 \r\x1b[2Kuart> auto tx 3 13 4\r\x1b[2Kuart> auto tx 3 13 45\r\x1b[2Kuart> auto tx 3 13 453\r\x1b[2Kuart> auto tx 3 13 4533\r\x1b[2Kuart> auto tx 3 13 45334\r\x1b[2Kuart> auto tx 3 13 453346\r\x1b[2Kuart> auto tx 3 13 4533465\r\x1b[2Kuart> auto tx 3 13 45334652\r\x1b[2Kuart> auto tx 3 13 453346525'
2026-08-31 05:53:12,651 DEBUG   device: b'@READY mode=tx sequence=13 size=3 dma=0 tail=3'
2026-08-31 05:53:12,651 DEBUG   echo chunk=3 total=3/3 after=0.000010s
2026-08-31 05:53:12,667 DEBUG   device: b'@RESULT mode=tx sequence=13 size=3 tail=3 tx=3 status=PASS'
2026-08-31 05:53:12,667 INFO    section=tx-tail case=2/23 PASS size=3 dma=0 tail=3 elapsed=0.000s
2026-08-31 05:53:12,719 DEBUG   device: b'uart> \r\x1b[2Kuart> a\r\x1b[2Kuart> au\r\x1b[2Kuart> aut\r\x1b[2Kuart> auto\r\x1b[2Kuart> auto \r\x1b[2Kuart> auto t\r\x1b[2Kuart> auto tx\r\x1b[2Kuart> auto tx \r\x1b[2Kuart> auto tx 4\r\x1b[2Kuart> auto tx 4 \r\x1b[2Kuart> auto tx 4 1\r\x1b[2Kuart> auto tx 4 14\r\x1b[2Kuart> auto tx 4 14 \r\x1b[2Kuart> auto tx 4 14 3\r\x1b[2Kuart> auto tx 4 14 31\r\x1b[2Kuart> auto tx 4 14 310\r\x1b[2Kuart> auto tx 4 14 3107\r\x1b[2Kuart> auto tx 4 14 31077\r\x1b[2Kuart> auto tx 4 14 310778\r\x1b[2Kuart> auto tx 4 14 3107782\r\x1b[2Kuart> auto tx 4 14 31077822\r\x1b[2Kuart> auto tx 4 14 310778229\r\x1b[2Kuart> auto tx 4 14 3107782294'
2026-08-31 05:53:12,725 DEBUG   device: b'@READY mode=tx sequence=14 size=4 dma=0 tail=4'
2026-08-31 05:53:12,725 DEBUG   echo chunk=4 total=4/4 after=0.000010s
2026-08-31 05:53:12,740 DEBUG   device: b'@RESULT mode=tx sequence=14 size=4 tail=4 tx=4 status=PASS'
2026-08-31 05:53:12,740 INFO    section=tx-tail case=3/23 PASS size=4 dma=0 tail=4 elapsed=0.000s
2026-08-31 05:53:12,793 DEBUG   device: b'uart> \r\x1b[2Kuart> a\r\x1b[2Kuart> au\r\x1b[2Kuart> aut\r\x1b[2Kuart> auto\r\x1b[2Kuart> auto \r\x1b[2Kuart> auto t\r\x1b[2Kuart> auto tx\r\x1b[2Kuart> auto tx \r\x1b[2Kuart> auto tx 5\r\x1b[2Kuart> auto tx 5 \r\x1b[2Kuart> auto tx 5 1\r\x1b[2Kuart> auto tx 5 15\r\x1b[2Kuart> auto tx 5 15 \r\x1b[2Kuart> auto tx 5 15 1\r\x1b[2Kuart> auto tx 5 15 14\r\x1b[2Kuart> auto tx 5 15 146\r\x1b[2Kuart> auto tx 5 15 1467\r\x1b[2Kuart> auto tx 5 15 14672\r\x1b[2Kuart> auto tx 5 15 146725\r\x1b[2Kuart> auto tx 5 15 1467250\r\x1b[2Kuart> auto tx 5 15 14672507\r\x1b[2Kuart> auto tx 5 15 146725076\r\x1b[2Kuart> auto tx 5 15 1467250767'
2026-08-31 05:53:12,799 DEBUG   device: b'@READY mode=tx sequence=15 size=5 dma=0 tail=5'
2026-08-31 05:53:12,799 DEBUG   echo chunk=5 total=5/5 after=0.000008s
2026-08-31 05:53:12,814 DEBUG   device: b'@RESULT mode=tx sequence=15 size=5 tail=5 tx=5 status=PASS'
2026-08-31 05:53:12,814 INFO    section=tx-tail case=4/23 PASS size=5 dma=0 tail=5 elapsed=0.000s
2026-08-31 05:53:12,867 DEBUG   device: b'uart> \r\x1b[2Kuart> a\r\x1b[2Kuart> au\r\x1b[2Kuart> aut\r\x1b[2Kuart> auto\r\x1b[2Kuart> auto \r\x1b[2Kuart> auto t\r\x1b[2Kuart> auto tx\r\x1b[2Kuart> auto tx \r\x1b[2Kuart> auto tx 6\r\x1b[2Kuart> auto tx 6 \r\x1b[2Kuart> auto tx 6 1\r\x1b[2Kuart> auto tx 6 16\r\x1b[2Kuart> auto tx 6 16 \r\x1b[2Kuart> auto tx 6 16 4\r\x1b[2Kuart> auto tx 6 16 41\r\x1b[2Kuart> auto tx 6 16 412\r\x1b[2Kuart> auto tx 6 16 4121\r\x1b[2Kuart> auto tx 6 16 41216\r\x1b[2Kuart> auto tx 6 16 412168\r\x1b[2Kuart> auto tx 6 16 4121686\r\x1b[2Kuart> auto tx 6 16 41216865\r\x1b[2Kuart> auto tx 6 16 412168653\r\x1b[2Kuart> auto tx 6 16 4121686536'
2026-08-31 05:53:12,873 DEBUG   device: b'@READY mode=tx sequence=16 size=6 dma=0 tail=6'
2026-08-31 05:53:12,873 DEBUG   echo chunk=6 total=6/6 after=0.000008s
2026-08-31 05:53:12,888 DEBUG   device: b'@RESULT mode=tx sequence=16 size=6 tail=6 tx=6 status=PASS'
2026-08-31 05:53:12,889 INFO    section=tx-tail case=5/23 PASS size=6 dma=0 tail=6 elapsed=0.000s
2026-08-31 05:53:12,941 DEBUG   device: b'uart> \r\x1b[2Kuart> a\r\x1b[2Kuart> au\r\x1b[2Kuart> aut\r\x1b[2Kuart> auto\r\x1b[2Kuart> auto \r\x1b[2Kuart> auto t\r\x1b[2Kuart> auto tx\r\x1b[2Kuart> auto tx \r\x1b[2Kuart> auto tx 7\r\x1b[2Kuart> auto tx 7 \r\x1b[2Kuart> auto tx 7 1\r\x1b[2Kuart> auto tx 7 17\r\x1b[2Kuart> auto tx 7 17 \r\x1b[2Kuart> auto tx 7 17 2\r\x1b[2Kuart> auto tx 7 17 24\r\x1b[2Kuart> auto tx 7 17 248\r\x1b[2Kuart> auto tx 7 17 2481\r\x1b[2Kuart> auto tx 7 17 24811\r\x1b[2Kuart> auto tx 7 17 248115\r\x1b[2Kuart> auto tx 7 17 2481155\r\x1b[2Kuart> auto tx 7 17 24811550\r\x1b[2Kuart> auto tx 7 17 248115500\r\x1b[2Kuart> auto tx 7 17 2481155009'
2026-08-31 05:53:12,947 DEBUG   device: b'@READY mode=tx sequence=17 size=7 dma=0 tail=7'
2026-08-31 05:53:12,947 DEBUG   echo chunk=7 total=7/7 after=0.000009s
2026-08-31 05:53:12,962 DEBUG   device: b'@RESULT mode=tx sequence=17 size=7 tail=7 tx=7 status=PASS'
2026-08-31 05:53:12,963 INFO    section=tx-tail case=6/23 PASS size=7 dma=0 tail=7 elapsed=0.000s
2026-08-31 05:53:13,009 DEBUG   device: b'uart> \r\x1b[2Kuart> a\r\x1b[2Kuart> au\r\x1b[2Kuart> aut\r\x1b[2Kuart> auto\r\x1b[2Kuart> auto \r\x1b[2Kuart> auto t\r\x1b[2Kuart> auto tx\r\x1b[2Kuart> auto tx \r\x1b[2Kuart> auto tx 8\r\x1b[2Kuart> auto tx 8 \r\x1b[2Kuart> auto tx 8 1\r\x1b[2Kuart> auto tx 8 18\r\x1b[2Kuart> auto tx 8 18 \r\x1b[2Kuart> auto tx 8 18 8\r\x1b[2Kuart> auto tx 8 18 84\r\x1b[2Kuart> auto tx 8 18 840\r\x1b[2Kuart> auto tx 8 18 8406\r\x1b[2Kuart> auto tx 8 18 84062\r\x1b[2Kuart> auto tx 8 18 840623\r\x1b[2Kuart> auto tx 8 18 8406234\r\x1b[2Kuart> auto tx 8 18 84062348\r\x1b[2Kuart> auto tx 8 18 840623482'
2026-08-31 05:53:13,015 DEBUG   device: b'@READY mode=tx sequence=18 size=8 dma=8 tail=0'
2026-08-31 05:53:13,015 DEBUG   echo chunk=8 total=8/8 after=0.000010s
2026-08-31 05:53:13,031 DEBUG   device: b'@RESULT mode=tx sequence=18 size=8 tail=0 tx=8 status=PASS'
2026-08-31 05:53:13,031 INFO    section=tx-tail case=7/23 PASS size=8 dma=8 tail=0 elapsed=0.000s
2026-08-31 05:53:13,083 DEBUG   device: b'uart> \r\x1b[2Kuart> a\r\x1b[2Kuart> au\r\x1b[2Kuart> aut\r\x1b[2Kuart> auto\r\x1b[2Kuart> auto \r\x1b[2Kuart> auto t\r\x1b[2Kuart> auto tx\r\x1b[2Kuart> auto tx \r\x1b[2Kuart> auto tx 9\r\x1b[2Kuart> auto tx 9 \r\x1b[2Kuart> auto tx 9 1\r\x1b[2Kuart> auto tx 9 19\r\x1b[2Kuart> auto tx 9 19 \r\x1b[2Kuart> auto tx 9 19 3\r\x1b[2Kuart> auto tx 9 19 34\r\x1b[2Kuart> auto tx 9 19 349\r\x1b[2Kuart> auto tx 9 19 3495\r\x1b[2Kuart> auto tx 9 19 34950\r\x1b[2Kuart> auto tx 9 19 349505\r\x1b[2Kuart> auto tx 9 19 3495059\r\x1b[2Kuart> auto tx 9 19 34950592\r\x1b[2Kuart> auto tx 9 19 349505925\r\x1b[2Kuart> auto tx 9 19 3495059251'
2026-08-31 05:53:13,089 DEBUG   device: b'@READY mode=tx sequence=19 size=9 dma=8 tail=1'
2026-08-31 05:53:13,089 DEBUG   echo chunk=9 total=9/9 after=0.000009s
2026-08-31 05:53:13,104 DEBUG   device: b'@RESULT mode=tx sequence=19 size=9 tail=1 tx=9 status=PASS'
2026-08-31 05:53:13,104 INFO    section=tx-tail case=8/23 PASS size=9 dma=8 tail=1 elapsed=0.000s
2026-08-31 05:53:13,157 DEBUG   device: b'uart> \r\x1b[2Kuart> a\r\x1b[2Kuart> au\r\x1b[2Kuart> aut\r\x1b[2Kuart> auto\r\x1b[2Kuart> auto \r\x1b[2Kuart> auto t\r\x1b[2Kuart> auto tx\r\x1b[2Kuart> auto tx \r\x1b[2Kuart> auto tx 1\r\x1b[2Kuart> auto tx 10\r\x1b[2Kuart> auto tx 10 \r\x1b[2Kuart> auto tx 10 2\r\x1b[2Kuart> auto tx 10 20\r\x1b[2Kuart> auto tx 10 20 \r\x1b[2Kuart> auto tx 10 20 1\r\x1b[2Kuart> auto tx 10 20 18\r\x1b[2Kuart> auto tx 10 20 185\r\x1b[2Kuart> auto tx 10 20 1854\r\x1b[2Kuart> auto tx 10 20 18545\r\x1b[2Kuart> auto tx 10 20 185452\r\x1b[2Kuart> auto tx 10 20 1854527\r\x1b[2Kuart> auto tx 10 20 18545277\r\x1b[2Kuart> auto tx 10 20 185452772\r\x1b[2Kuart> auto tx 10 20 1854527724'
2026-08-31 05:53:13,163 DEBUG   device: b'@READY mode=tx sequence=20 size=10 dma=8 tail=2'
2026-08-31 05:53:13,163 DEBUG   echo chunk=10 total=10/10 after=0.000009s
2026-08-31 05:53:13,179 DEBUG   device: b'@RESULT mode=tx sequence=20 size=10 tail=2 tx=10 status=PASS'
2026-08-31 05:53:13,179 INFO    section=tx-tail case=9/23 PASS size=10 dma=8 tail=2 elapsed=0.000s
2026-08-31 05:53:13,231 DEBUG   device: b'uart> \r\x1b[2Kuart> a\r\x1b[2Kuart> au\r\x1b[2Kuart> aut\r\x1b[2Kuart> auto\r\x1b[2Kuart> auto \r\x1b[2Kuart> auto t\r\x1b[2Kuart> auto tx\r\x1b[2Kuart> auto tx \r\x1b[2Kuart> auto tx 1\r\x1b[2Kuart> auto tx 11\r\x1b[2Kuart> auto tx 11 \r\x1b[2Kuart> auto tx 11 2\r\x1b[2Kuart> auto tx 11 21\r\x1b[2Kuart> auto tx 11 21 \r\x1b[2Kuart> auto tx 11 21 2\r\x1b[2Kuart> auto tx 11 21 21\r\x1b[2Kuart> auto tx 11 21 213\r\x1b[2Kuart> auto tx 11 21 2139\r\x1b[2Kuart> auto tx 11 21 21399\r\x1b[2Kuart> auto tx 11 21 213996\r\x1b[2Kuart> auto tx 11 21 2139961\r\x1b[2Kuart> auto tx 11 21 21399619\r\x1b[2Kuart> auto tx 11 21 213996197'
2026-08-31 05:53:13,237 DEBUG   device: b'@READY mode=tx sequence=21 size=11 dma=8 tail=3'
2026-08-31 05:53:13,237 DEBUG   echo chunk=11 total=11/11 after=0.000011s
2026-08-31 05:53:13,253 DEBUG   device: b'@RESULT mode=tx sequence=21 size=11 tail=3 tx=11 status=PASS'
2026-08-31 05:53:13,253 INFO    section=tx-tail case=10/23 PASS size=11 dma=8 tail=3 elapsed=0.000s
2026-08-31 05:53:13,305 DEBUG   device: b'uart> \r\x1b[2Kuart> a\r\x1b[2Kuart> au\r\x1b[2Kuart> aut\r\x1b[2Kuart> auto\r\x1b[2Kuart> auto \r\x1b[2Kuart> auto t\r\x1b[2Kuart> auto tx\r\x1b[2Kuart> auto tx \r\x1b[2Kuart> auto tx 1\r\x1b[2Kuart> auto tx 12\r\x1b[2Kuart> auto tx 12 \r\x1b[2Kuart> auto tx 12 2\r\x1b[2Kuart> auto tx 12 22\r\x1b[2Kuart> auto tx 12 22 \r\x1b[2Kuart> auto tx 12 22 2\r\x1b[2Kuart> auto tx 12 22 28\r\x1b[2Kuart> auto tx 12 22 286\r\x1b[2Kuart> auto tx 12 22 2868\r\x1b[2Kuart> auto tx 12 22 28684\r\x1b[2Kuart> auto tx 12 22 286843\r\x1b[2Kuart> auto tx 12 22 2868431\r\x1b[2Kuart> auto tx 12 22 28684319\r\x1b[2Kuart> auto tx 12 22 286843196\r\x1b[2Kuart> auto tx 12 22 2868431966'
2026-08-31 05:53:13,311 DEBUG   device: b'@READY mode=tx sequence=22 size=12 dma=8 tail=4'
2026-08-31 05:53:13,311 DEBUG   echo chunk=12 total=12/12 after=0.000011s
2026-08-31 05:53:13,327 DEBUG   device: b'@RESULT mode=tx sequence=22 size=12 tail=4 tx=12 status=PASS'
2026-08-31 05:53:13,327 INFO    section=tx-tail case=11/23 PASS size=12 dma=8 tail=4 elapsed=0.000s
2026-08-31 05:53:13,379 DEBUG   device: b'uart> \r\x1b[2Kuart> a\r\x1b[2Kuart> au\r\x1b[2Kuart> aut\r\x1b[2Kuart> auto\r\x1b[2Kuart> auto \r\x1b[2Kuart> auto t\r\x1b[2Kuart> auto tx\r\x1b[2Kuart> auto tx \r\x1b[2Kuart> auto tx 1\r\x1b[2Kuart> auto tx 13\r\x1b[2Kuart> auto tx 13 \r\x1b[2Kuart> auto tx 13 2\r\x1b[2Kuart> auto tx 13 23\r\x1b[2Kuart> auto tx 13 23 \r\x1b[2Kuart> auto tx 13 23 1\r\x1b[2Kuart> auto tx 13 23 12\r\x1b[2Kuart> auto tx 13 23 122\r\x1b[2Kuart> auto tx 13 23 1227\r\x1b[2Kuart> auto tx 13 23 12279\r\x1b[2Kuart> auto tx 13 23 122790\r\x1b[2Kuart> auto tx 13 23 1227900\r\x1b[2Kuart> auto tx 13 23 12279004\r\x1b[2Kuart> auto tx 13 23 122790043\r\x1b[2Kuart> auto tx 13 23 1227900439'
2026-08-31 05:53:13,385 DEBUG   device: b'@READY mode=tx sequence=23 size=13 dma=8 tail=5'
2026-08-31 05:53:13,385 DEBUG   echo chunk=13 total=13/13 after=0.000009s
2026-08-31 05:53:13,401 DEBUG   device: b'@RESULT mode=tx sequence=23 size=13 tail=5 tx=13 status=PASS'
2026-08-31 05:53:13,401 INFO    section=tx-tail case=12/23 PASS size=13 dma=8 tail=5 elapsed=0.000s
2026-08-31 05:53:13,453 DEBUG   device: b'uart> \r\x1b[2Kuart> a\r\x1b[2Kuart> au\r\x1b[2Kuart> aut\r\x1b[2Kuart> auto\r\x1b[2Kuart> auto \r\x1b[2Kuart> auto t\r\x1b[2Kuart> auto tx\r\x1b[2Kuart> auto tx \r\x1b[2Kuart> auto tx 1\r\x1b[2Kuart> auto tx 14\r\x1b[2Kuart> auto tx 14 \r\x1b[2Kuart> auto tx 14 2\r\x1b[2Kuart> auto tx 14 24\r\x1b[2Kuart> auto tx 14 24 \r\x1b[2Kuart> auto tx 14 24 3\r\x1b[2Kuart> auto tx 14 24 38\r\x1b[2Kuart> auto tx 14 24 388\r\x1b[2Kuart> auto tx 14 24 3882\r\x1b[2Kuart> auto tx 14 24 38823\r\x1b[2Kuart> auto tx 14 24 388233\r\x1b[2Kuart> auto tx 14 24 3882336\r\x1b[2Kuart> auto tx 14 24 38823362\r\x1b[2Kuart> auto tx 14 24 388233620\r\x1b[2Kuart> auto tx 14 24 3882336208'
2026-08-31 05:53:13,459 DEBUG   device: b'@READY mode=tx sequence=24 size=14 dma=8 tail=6'
2026-08-31 05:53:13,459 DEBUG   echo chunk=14 total=14/14 after=0.000010s
2026-08-31 05:53:13,475 DEBUG   device: b'@RESULT mode=tx sequence=24 size=14 tail=6 tx=14 status=PASS'
2026-08-31 05:53:13,475 INFO    section=tx-tail case=13/23 PASS size=14 dma=8 tail=6 elapsed=0.000s
2026-08-31 05:53:13,527 DEBUG   device: b'uart> \r\x1b[2Kuart> a\r\x1b[2Kuart> au\r\x1b[2Kuart> aut\r\x1b[2Kuart> auto\r\x1b[2Kuart> auto \r\x1b[2Kuart> auto t\r\x1b[2Kuart> auto tx\r\x1b[2Kuart> auto tx \r\x1b[2Kuart> auto tx 1\r\x1b[2Kuart> auto tx 15\r\x1b[2Kuart> auto tx 15 \r\x1b[2Kuart> auto tx 15 2\r\x1b[2Kuart> auto tx 15 25\r\x1b[2Kuart> auto tx 15 25 \r\x1b[2Kuart> auto tx 15 25 2\r\x1b[2Kuart> auto tx 15 25 22\r\x1b[2Kuart> auto tx 15 25 224\r\x1b[2Kuart> auto tx 15 25 2241\r\x1b[2Kuart> auto tx 15 25 22418\r\x1b[2Kuart> auto tx 15 25 224180\r\x1b[2Kuart> auto tx 15 25 2241804\r\x1b[2Kuart> auto tx 15 25 22418046\r\x1b[2Kuart> auto tx 15 25 224180468\r\x1b[2Kuart> auto tx 15 25 2241804681'
2026-08-31 05:53:13,533 DEBUG   device: b'@READY mode=tx sequence=25 size=15 dma=8 tail=7'
2026-08-31 05:53:13,533 DEBUG   echo chunk=15 total=15/15 after=0.000009s
2026-08-31 05:53:13,549 DEBUG   device: b'@RESULT mode=tx sequence=25 size=15 tail=7 tx=15 status=PASS'
2026-08-31 05:53:13,549 INFO    section=tx-tail case=14/23 PASS size=15 dma=8 tail=7 elapsed=0.000s
2026-08-31 05:53:13,601 DEBUG   device: b'uart> \r\x1b[2Kuart> a\r\x1b[2Kuart> au\r\x1b[2Kuart> aut\r\x1b[2Kuart> auto\r\x1b[2Kuart> auto \r\x1b[2Kuart> auto t\r\x1b[2Kuart> auto tx\r\x1b[2Kuart> auto tx \r\x1b[2Kuart> auto tx 1\r\x1b[2Kuart> auto tx 16\r\x1b[2Kuart> auto tx 16 \r\x1b[2Kuart> auto tx 16 2\r\x1b[2Kuart> auto tx 16 26\r\x1b[2Kuart> auto tx 16 26 \r\x1b[2Kuart> auto tx 16 26 6\r\x1b[2Kuart> auto tx 16 26 60\r\x1b[2Kuart> auto tx 16 26 601\r\x1b[2Kuart> auto tx 16 26 6012\r\x1b[2Kuart> auto tx 16 26 60127\r\x1b[2Kuart> auto tx 16 26 601273\r\x1b[2Kuart> auto tx 16 26 6012731\r\x1b[2Kuart> auto tx 16 26 60127315\r\x1b[2Kuart> auto tx 16 26 601273154'
2026-08-31 05:53:13,607 DEBUG   device: b'@READY mode=tx sequence=26 size=16 dma=16 tail=0'
2026-08-31 05:53:13,607 DEBUG   echo chunk=16 total=16/16 after=0.000010s
2026-08-31 05:53:13,622 DEBUG   device: b'@RESULT mode=tx sequence=26 size=16 tail=0 tx=16 status=PASS'
2026-08-31 05:53:13,622 INFO    section=tx-tail case=15/23 PASS size=16 dma=16 tail=0 elapsed=0.000s
2026-08-31 05:53:13,687 DEBUG   device: b'uart> \r\x1b[2Kuart> a\r\x1b[2Kuart> au\r\x1b[2Kuart> aut\r\x1b[2Kuart> auto\r\x1b[2Kuart> auto \r\x1b[2Kuart> auto t\r\x1b[2Kuart> auto tx\r\x1b[2Kuart> auto tx \r\x1b[2Kuart> auto tx 6\r\x1b[2Kuart> auto tx 61\r\x1b[2Kuart> auto tx 614\r\x1b[2Kuart> auto tx 6144\r\x1b[2Kuart> auto tx 6144 \r\x1b[2Kuart> auto tx 6144 2\r\x1b[2Kuart> auto tx 6144 27\r\x1b[2Kuart> auto tx 6144 27 \r\x1b[2Kuart> auto tx 6144 27 3\r\x1b[2Kuart> auto tx 6144 27 32\r\x1b[2Kuart> auto tx 6144 27 325\r\x1b[2Kuart> auto tx 6144 27 3255\r\x1b[2Kuart> auto tx 6144 27 32557\r\x1b[2Kuart> auto tx 6144 27 325570\r\x1b[2Kuart> auto tx 6144 27 3255708\r\x1b[2Kuart> auto tx 6144 27 32557089\r\x1b[2Kuart> auto tx 6144 27 325570892\r\x1b[2Kuart> auto tx 6144 27 3255708923'
2026-08-31 05:53:13,693 DEBUG   device: b'@READY mode=tx sequence=27 size=6144 dma=6144 tail=0'
2026-08-31 05:53:13,743 DEBUG   echo chunk=587 total=587/6144 after=0.050062s
2026-08-31 05:53:13,793 DEBUG   echo chunk=576 total=1163/6144 after=0.100193s
2026-08-31 05:53:13,843 DEBUG   echo chunk=512 total=1675/6144 after=0.150335s
2026-08-31 05:53:13,893 DEBUG   echo chunk=576 total=2251/6144 after=0.200492s
2026-08-31 05:53:13,944 DEBUG   echo chunk=576 total=2827/6144 after=0.250634s
2026-08-31 05:53:13,994 DEBUG   echo chunk=576 total=3403/6144 after=0.300775s
2026-08-31 05:53:14,044 DEBUG   echo chunk=576 total=3979/6144 after=0.350913s
2026-08-31 05:53:14,094 DEBUG   echo chunk=576 total=4555/6144 after=0.401055s
2026-08-31 05:53:14,144 DEBUG   echo chunk=576 total=5131/6144 after=0.451190s
2026-08-31 05:53:14,194 DEBUG   echo chunk=576 total=5707/6144 after=0.501330s
2026-08-31 05:53:14,229 DEBUG   echo chunk=437 total=6144/6144 after=0.535613s
2026-08-31 05:53:14,245 DEBUG   device: b'@RESULT mode=tx sequence=27 size=6144 tail=0 tx=6144 status=PASS'
2026-08-31 05:53:14,245 INFO    section=tx-tail case=16/23 PASS size=6144 dma=6144 tail=0 elapsed=0.536s
2026-08-31 05:53:14,310 DEBUG   device: b'uart> \r\x1b[2Kuart> a\r\x1b[2Kuart> au\r\x1b[2Kuart> aut\r\x1b[2Kuart> auto\r\x1b[2Kuart> auto \r\x1b[2Kuart> auto t\r\x1b[2Kuart> auto tx\r\x1b[2Kuart> auto tx \r\x1b[2Kuart> auto tx 6\r\x1b[2Kuart> auto tx 61\r\x1b[2Kuart> auto tx 614\r\x1b[2Kuart> auto tx 6145\r\x1b[2Kuart> auto tx 6145 \r\x1b[2Kuart> auto tx 6145 2\r\x1b[2Kuart> auto tx 6145 28\r\x1b[2Kuart> auto tx 6145 28 \r\x1b[2Kuart> auto tx 6145 28 1\r\x1b[2Kuart> auto tx 6145 28 16\r\x1b[2Kuart> auto tx 6145 28 161\r\x1b[2Kuart> auto tx 6145 28 1615\r\x1b[2Kuart> auto tx 6145 28 16151\r\x1b[2Kuart> auto tx 6145 28 161517\r\x1b[2Kuart> auto tx 6145 28 1615177\r\x1b[2Kuart> auto tx 6145 28 16151773\r\x1b[2Kuart> auto tx 6145 28 161517739\r\x1b[2Kuart> auto tx 6145 28 1615177396'
2026-08-31 05:53:14,316 DEBUG   device: b'@READY mode=tx sequence=28 size=6145 dma=6144 tail=1'
2026-08-31 05:53:14,366 DEBUG   echo chunk=587 total=587/6145 after=0.050060s
2026-08-31 05:53:14,416 DEBUG   echo chunk=576 total=1163/6145 after=0.100138s
2026-08-31 05:53:14,466 DEBUG   echo chunk=512 total=1675/6145 after=0.150280s
2026-08-31 05:53:14,516 DEBUG   echo chunk=576 total=2251/6145 after=0.200426s
2026-08-31 05:53:14,566 DEBUG   echo chunk=576 total=2827/6145 after=0.250579s
2026-08-31 05:53:14,616 DEBUG   echo chunk=576 total=3403/6145 after=0.300712s
2026-08-31 05:53:14,666 DEBUG   echo chunk=576 total=3979/6145 after=0.350844s
2026-08-31 05:53:14,717 DEBUG   echo chunk=576 total=4555/6145 after=0.400979s
2026-08-31 05:53:14,767 DEBUG   echo chunk=576 total=5131/6145 after=0.451109s
2026-08-31 05:53:14,817 DEBUG   echo chunk=576 total=5707/6145 after=0.501242s
2026-08-31 05:53:14,851 DEBUG   echo chunk=438 total=6145/6145 after=0.535683s
2026-08-31 05:53:14,868 DEBUG   device: b'@RESULT mode=tx sequence=28 size=6145 tail=1 tx=6145 status=PASS'
2026-08-31 05:53:14,868 INFO    section=tx-tail case=17/23 PASS size=6145 dma=6144 tail=1 elapsed=0.536s
2026-08-31 05:53:14,933 DEBUG   device: b'uart> \r\x1b[2Kuart> a\r\x1b[2Kuart> au\r\x1b[2Kuart> aut\r\x1b[2Kuart> auto\r\x1b[2Kuart> auto \r\x1b[2Kuart> auto t\r\x1b[2Kuart> auto tx\r\x1b[2Kuart> auto tx \r\x1b[2Kuart> auto tx 6\r\x1b[2Kuart> auto tx 61\r\x1b[2Kuart> auto tx 614\r\x1b[2Kuart> auto tx 6146\r\x1b[2Kuart> auto tx 6146 \r\x1b[2Kuart> auto tx 6146 2\r\x1b[2Kuart> auto tx 6146 29\r\x1b[2Kuart> auto tx 6146 29 \r\x1b[2Kuart> auto tx 6146 29 4\r\x1b[2Kuart> auto tx 6146 29 42\r\x1b[2Kuart> auto tx 6146 29 426\r\x1b[2Kuart> auto tx 6146 29 4269\r\x1b[2Kuart> auto tx 6146 29 42696\r\x1b[2Kuart> auto tx 6146 29 426961\r\x1b[2Kuart> auto tx 6146 29 4269613\r\x1b[2Kuart> auto tx 6146 29 42696131\r\x1b[2Kuart> auto tx 6146 29 426961316\r\x1b[2Kuart> auto tx 6146 29 4269613165'
2026-08-31 05:53:14,938 DEBUG   device: b'@READY mode=tx sequence=29 size=6146 dma=6144 tail=2'
2026-08-31 05:53:14,989 DEBUG   echo chunk=587 total=587/6146 after=0.050064s
2026-08-31 05:53:15,039 DEBUG   echo chunk=576 total=1163/6146 after=0.100249s
2026-08-31 05:53:15,089 DEBUG   echo chunk=576 total=1739/6146 after=0.150395s
2026-08-31 05:53:15,139 DEBUG   echo chunk=512 total=2251/6146 after=0.200530s
2026-08-31 05:53:15,189 DEBUG   echo chunk=576 total=2827/6146 after=0.250664s
2026-08-31 05:53:15,239 DEBUG   echo chunk=576 total=3403/6146 after=0.300797s
2026-08-31 05:53:15,289 DEBUG   echo chunk=576 total=3979/6146 after=0.350939s
2026-08-31 05:53:15,340 DEBUG   echo chunk=576 total=4555/6146 after=0.401074s
2026-08-31 05:53:15,390 DEBUG   echo chunk=576 total=5131/6146 after=0.451211s
2026-08-31 05:53:15,440 DEBUG   echo chunk=576 total=5707/6146 after=0.501356s
2026-08-31 05:53:15,474 DEBUG   echo chunk=439 total=6146/6146 after=0.535553s
2026-08-31 05:53:15,490 DEBUG   device: b'@RESULT mode=tx sequence=29 size=6146 tail=2 tx=6146 status=PASS'
2026-08-31 05:53:15,490 INFO    section=tx-tail case=18/23 PASS size=6146 dma=6144 tail=2 elapsed=0.536s
2026-08-31 05:53:15,555 DEBUG   device: b'uart> \r\x1b[2Kuart> a\r\x1b[2Kuart> au\r\x1b[2Kuart> aut\r\x1b[2Kuart> auto\r\x1b[2Kuart> auto \r\x1b[2Kuart> auto t\r\x1b[2Kuart> auto tx\r\x1b[2Kuart> auto tx \r\x1b[2Kuart> auto tx 6\r\x1b[2Kuart> auto tx 61\r\x1b[2Kuart> auto tx 614\r\x1b[2Kuart> auto tx 6147\r\x1b[2Kuart> auto tx 6147 \r\x1b[2Kuart> auto tx 6147 3\r\x1b[2Kuart> auto tx 6147 30\r\x1b[2Kuart> auto tx 6147 30 \r\x1b[2Kuart> auto tx 6147 30 2\r\x1b[2Kuart> auto tx 6147 30 26\r\x1b[2Kuart> auto tx 6147 30 262\r\x1b[2Kuart> auto tx 6147 30 2629\r\x1b[2Kuart> auto tx 6147 30 26290\r\x1b[2Kuart> auto tx 6147 30 262908\r\x1b[2Kuart> auto tx 6147 30 2629081\r\x1b[2Kuart> auto tx 6147 30 26290816\r\x1b[2Kuart> auto tx 6147 30 262908163\r\x1b[2Kuart> auto tx 6147 30 2629081638'
2026-08-31 05:53:15,561 DEBUG   device: b'@READY mode=tx sequence=30 size=6147 dma=6144 tail=3'
2026-08-31 05:53:15,611 DEBUG   echo chunk=587 total=587/6147 after=0.050066s
2026-08-31 05:53:15,661 DEBUG   echo chunk=576 total=1163/6147 after=0.100251s
2026-08-31 05:53:15,711 DEBUG   echo chunk=576 total=1739/6147 after=0.150457s
2026-08-31 05:53:15,761 DEBUG   echo chunk=576 total=2315/6147 after=0.200648s
2026-08-31 05:53:15,811 DEBUG   echo chunk=576 total=2891/6147 after=0.250792s
2026-08-31 05:53:15,862 DEBUG   echo chunk=512 total=3403/6147 after=0.300940s
2026-08-31 05:53:15,912 DEBUG   echo chunk=576 total=3979/6147 after=0.351076s
2026-08-31 05:53:15,962 DEBUG   echo chunk=576 total=4555/6147 after=0.401215s
2026-08-31 05:53:16,012 DEBUG   echo chunk=576 total=5131/6147 after=0.451376s
2026-08-31 05:53:16,062 DEBUG   echo chunk=576 total=5707/6147 after=0.501568s
2026-08-31 05:53:16,096 DEBUG   echo chunk=440 total=6147/6147 after=0.535531s
2026-08-31 05:53:16,102 DEBUG   device: b'@RESULT mode=tx sequence=30 size=6147 tail=3 tx=6147 status=PASS'
2026-08-31 05:53:16,102 INFO    section=tx-tail case=19/23 PASS size=6147 dma=6144 tail=3 elapsed=0.536s
2026-08-31 05:53:16,167 DEBUG   device: b'uart> \r\x1b[2Kuart> a\r\x1b[2Kuart> au\r\x1b[2Kuart> aut\r\x1b[2Kuart> auto\r\x1b[2Kuart> auto \r\x1b[2Kuart> auto t\r\x1b[2Kuart> auto tx\r\x1b[2Kuart> auto tx \r\x1b[2Kuart> auto tx 6\r\x1b[2Kuart> auto tx 61\r\x1b[2Kuart> auto tx 614\r\x1b[2Kuart> auto tx 6148\r\x1b[2Kuart> auto tx 6148 \r\x1b[2Kuart> auto tx 6148 3\r\x1b[2Kuart> auto tx 6148 31\r\x1b[2Kuart> auto tx 6148 31 \r\x1b[2Kuart> auto tx 6148 31 9\r\x1b[2Kuart> auto tx 6148 31 98\r\x1b[2Kuart> auto tx 6148 31 988\r\x1b[2Kuart> auto tx 6148 31 9885\r\x1b[2Kuart> auto tx 6148 31 98855\r\x1b[2Kuart> auto tx 6148 31 988550\r\x1b[2Kuart> auto tx 6148 31 9885501\r\x1b[2Kuart> auto tx 6148 31 98855011\r\x1b[2Kuart> auto tx 6148 31 988550111'
2026-08-31 05:53:16,173 DEBUG   device: b'@READY mode=tx sequence=31 size=6148 dma=6144 tail=4'
2026-08-31 05:53:16,223 DEBUG   echo chunk=560 total=560/6148 after=0.050065s
2026-08-31 05:53:16,273 DEBUG   echo chunk=576 total=1136/6148 after=0.100241s
2026-08-31 05:53:16,323 DEBUG   echo chunk=576 total=1712/6148 after=0.150383s
2026-08-31 05:53:16,374 DEBUG   echo chunk=576 total=2288/6148 after=0.200529s
2026-08-31 05:53:16,424 DEBUG   echo chunk=576 total=2864/6148 after=0.250690s
2026-08-31 05:53:16,474 DEBUG   echo chunk=576 total=3440/6148 after=0.300819s
2026-08-31 05:53:16,525 DEBUG   echo chunk=640 total=4080/6148 after=0.351596s
2026-08-31 05:53:16,575 DEBUG   echo chunk=576 total=4656/6148 after=0.401699s
2026-08-31 05:53:16,625 DEBUG   echo chunk=512 total=5168/6148 after=0.451834s
2026-08-31 05:53:16,675 DEBUG   echo chunk=576 total=5744/6148 after=0.501964s
2026-08-31 05:53:16,709 DEBUG   echo chunk=404 total=6148/6148 after=0.535904s
2026-08-31 05:53:16,724 DEBUG   device: b'@RESULT mode=tx sequence=31 size=6148 tail=4 tx=6148 status=PASS'
2026-08-31 05:53:16,725 INFO    section=tx-tail case=20/23 PASS size=6148 dma=6144 tail=4 elapsed=0.536s
2026-08-31 05:53:16,789 DEBUG   device: b'uart> \r\x1b[2Kuart> a\r\x1b[2Kuart> au\r\x1b[2Kuart> aut\r\x1b[2Kuart> auto\r\x1b[2Kuart> auto \r\x1b[2Kuart> auto t\r\x1b[2Kuart> auto tx\r\x1b[2Kuart> auto tx \r\x1b[2Kuart> auto tx 6\r\x1b[2Kuart> auto tx 61\r\x1b[2Kuart> auto tx 614\r\x1b[2Kuart> auto tx 6149\r\x1b[2Kuart> auto tx 6149 \r\x1b[2Kuart> auto tx 6149 3\r\x1b[2Kuart> auto tx 6149 32\r\x1b[2Kuart> auto tx 6149 32 \r\x1b[2Kuart> auto tx 6149 32 3\r\x1b[2Kuart> auto tx 6149 32 36\r\x1b[2Kuart> auto tx 6149 32 364\r\x1b[2Kuart> auto tx 6149 32 3642\r\x1b[2Kuart> auto tx 6149 32 36429\r\x1b[2Kuart> auto tx 6149 32 364298\r\x1b[2Kuart> auto tx 6149 32 3642985\r\x1b[2Kuart> auto tx 6149 32 36429858\r\x1b[2Kuart> auto tx 6149 32 364298588\r\x1b[2Kuart> auto tx 6149 32 3642985880'
2026-08-31 05:53:16,795 DEBUG   device: b'@READY mode=tx sequence=32 size=6149 dma=6144 tail=5'
2026-08-31 05:53:16,845 DEBUG   echo chunk=587 total=587/6149 after=0.050070s
2026-08-31 05:53:16,896 DEBUG   echo chunk=576 total=1163/6149 after=0.100276s
2026-08-31 05:53:16,946 DEBUG   echo chunk=576 total=1739/6149 after=0.150455s
2026-08-31 05:53:16,996 DEBUG   echo chunk=576 total=2315/6149 after=0.200544s
2026-08-31 05:53:17,046 DEBUG   echo chunk=512 total=2827/6149 after=0.250737s
2026-08-31 05:53:17,096 DEBUG   echo chunk=576 total=3403/6149 after=0.300902s
2026-08-31 05:53:17,146 DEBUG   echo chunk=576 total=3979/6149 after=0.351065s
2026-08-31 05:53:17,197 DEBUG   echo chunk=576 total=4555/6149 after=0.401212s
2026-08-31 05:53:17,247 DEBUG   echo chunk=576 total=5131/6149 after=0.451360s
2026-08-31 05:53:17,297 DEBUG   echo chunk=576 total=5707/6149 after=0.501504s
2026-08-31 05:53:17,331 DEBUG   echo chunk=442 total=6149/6149 after=0.535559s
2026-08-31 05:53:17,337 DEBUG   device: b'@RESULT mode=tx sequence=32 size=6149 tail=5 tx=6149 status=PASS'
2026-08-31 05:53:17,337 INFO    section=tx-tail case=21/23 PASS size=6149 dma=6144 tail=5 elapsed=0.536s
2026-08-31 05:53:17,407 DEBUG   device: b'uart> \r\x1b[2Kuart> a\r\x1b[2Kuart> au\r\x1b[2Kuart> aut\r\x1b[2Kuart> auto\r\x1b[2Kuart> auto \r\x1b[2Kuart> auto t\r\x1b[2Kuart> auto tx\r\x1b[2Kuart> auto tx \r\x1b[2Kuart> auto tx 6\r\x1b[2Kuart> auto tx 61\r\x1b[2Kuart> auto tx 615\r\x1b[2Kuart> auto tx 6150\r\x1b[2Kuart> auto tx 6150 \r\x1b[2Kuart> auto tx 6150 3\r\x1b[2Kuart> auto tx 6150 33\r\x1b[2Kuart> auto tx 6150 33 \r\x1b[2Kuart> auto tx 6150 33 2\r\x1b[2Kuart> auto tx 6150 33 20\r\x1b[2Kuart> auto tx 6150 33 200\r\x1b[2Kuart> auto tx 6150 33 2002\r\x1b[2Kuart> auto tx 6150 33 20024\r\x1b[2Kuart> auto tx 6150 33 200245\r\x1b[2Kuart> auto tx 6150 33 2002454\r\x1b[2Kuart> auto tx 6150 33 20024543\r\x1b[2Kuart> auto tx 6150 33 200245435\r\x1b[2Kuart> auto tx 6150 33 2002454353'
2026-08-31 05:53:17,408 DEBUG   device: b'@READY mode=tx sequence=33 size=6150 dma=6144 tail=6'
2026-08-31 05:53:17,458 DEBUG   echo chunk=585 total=585/6150 after=0.050069s
2026-08-31 05:53:17,508 DEBUG   echo chunk=576 total=1161/6150 after=0.100258s
2026-08-31 05:53:17,558 DEBUG   echo chunk=576 total=1737/6150 after=0.150355s
2026-08-31 05:53:17,608 DEBUG   echo chunk=512 total=2249/6150 after=0.200500s
2026-08-31 05:53:17,659 DEBUG   echo chunk=576 total=2825/6150 after=0.250649s
2026-08-31 05:53:17,709 DEBUG   echo chunk=576 total=3401/6150 after=0.300803s
2026-08-31 05:53:17,759 DEBUG   echo chunk=576 total=3977/6150 after=0.350932s
2026-08-31 05:53:17,809 DEBUG   echo chunk=576 total=4553/6150 after=0.401066s
2026-08-31 05:53:17,859 DEBUG   echo chunk=576 total=5129/6150 after=0.451223s
2026-08-31 05:53:17,909 DEBUG   echo chunk=576 total=5705/6150 after=0.501363s
2026-08-31 05:53:17,943 DEBUG   echo chunk=445 total=6150/6150 after=0.535526s
2026-08-31 05:53:17,950 DEBUG   device: b'@RESULT mode=tx sequence=33 size=6150 tail=6 tx=6150 status=PASS'
2026-08-31 05:53:17,950 INFO    section=tx-tail case=22/23 PASS size=6150 dma=6144 tail=6 elapsed=0.536s
2026-08-31 05:53:18,014 DEBUG   device: b'uart> \r\x1b[2Kuart> a\r\x1b[2Kuart> au\r\x1b[2Kuart> aut\r\x1b[2Kuart> auto\r\x1b[2Kuart> auto \r\x1b[2Kuart> auto t\r\x1b[2Kuart> auto tx\r\x1b[2Kuart> auto tx \r\x1b[2Kuart> auto tx 6\r\x1b[2Kuart> auto tx 61\r\x1b[2Kuart> auto tx 615\r\x1b[2Kuart> auto tx 6151\r\x1b[2Kuart> auto tx 6151 \r\x1b[2Kuart> auto tx 6151 3\r\x1b[2Kuart> auto tx 6151 34\r\x1b[2Kuart> auto tx 6151 34 \r\x1b[2Kuart> auto tx 6151 34 3\r\x1b[2Kuart> auto tx 6151 34 36\r\x1b[2Kuart> auto tx 6151 34 361\r\x1b[2Kuart> auto tx 6151 34 3619\r\x1b[2Kuart> auto tx 6151 34 36192\r\x1b[2Kuart> auto tx 6151 34 361922\r\x1b[2Kuart> auto tx 6151 34 3619228\r\x1b[2Kuart> auto tx 6151 34 36192282\r\x1b[2Kuart> auto tx 6151 34 361922826'
2026-08-31 05:53:18,020 DEBUG   device: b'@READY mode=tx sequence=34 size=6151 dma=6144 tail=7'
2026-08-31 05:53:18,070 DEBUG   echo chunk=619 total=619/6151 after=0.050032s
2026-08-31 05:53:18,120 DEBUG   echo chunk=512 total=1131/6151 after=0.100190s
2026-08-31 05:53:18,170 DEBUG   echo chunk=576 total=1707/6151 after=0.150326s
2026-08-31 05:53:18,220 DEBUG   echo chunk=576 total=2283/6151 after=0.200468s
2026-08-31 05:53:18,270 DEBUG   echo chunk=576 total=2859/6151 after=0.250607s
2026-08-31 05:53:18,321 DEBUG   echo chunk=576 total=3435/6151 after=0.300759s
2026-08-31 05:53:18,371 DEBUG   echo chunk=576 total=4011/6151 after=0.350901s
2026-08-31 05:53:18,421 DEBUG   echo chunk=576 total=4587/6151 after=0.401044s
2026-08-31 05:53:18,471 DEBUG   echo chunk=576 total=5163/6151 after=0.451181s
2026-08-31 05:53:18,521 DEBUG   echo chunk=576 total=5739/6151 after=0.501317s
2026-08-31 05:53:18,556 DEBUG   echo chunk=412 total=6151/6151 after=0.535879s
2026-08-31 05:53:18,571 DEBUG   device: b'@RESULT mode=tx sequence=34 size=6151 tail=7 tx=6151 status=PASS'
2026-08-31 05:53:18,571 INFO    section=tx-tail case=23/23 PASS size=6151 dma=6144 tail=7 elapsed=0.536s
2026-08-31 05:53:18,572 INFO    SECTION name=tx-tail status=PASS passed=23 failed=0 elapsed=4.287s
2026-08-31 05:53:18,572 INFO    SECTION name=rx-tail status=BEGIN cases=23
2026-08-31 05:53:18,624 DEBUG   device: b'uart> \r\x1b[2Kuart> a\r\x1b[2Kuart> au\r\x1b[2Kuart> aut\r\x1b[2Kuart> auto\r\x1b[2Kuart> auto \r\x1b[2Kuart> auto r\r\x1b[2Kuart> auto rx\r\x1b[2Kuart> auto rx \r\x1b[2Kuart> auto rx 2\r\x1b[2Kuart> auto rx 2 \r\x1b[2Kuart> auto rx 2 3\r\x1b[2Kuart> auto rx 2 35\r\x1b[2Kuart> auto rx 2 35 \r\x1b[2Kuart> auto rx 2 35 3\r\x1b[2Kuart> auto rx 2 35 30\r\x1b[2Kuart> auto rx 2 35 301\r\x1b[2Kuart> auto rx 2 35 3016\r\x1b[2Kuart> auto rx 2 35 30163\r\x1b[2Kuart> auto rx 2 35 301635\r\x1b[2Kuart> auto rx 2 35 3016358\r\x1b[2Kuart> auto rx 2 35 30163585\r\x1b[2Kuart> auto rx 2 35 301635859\r\x1b[2Kuart> auto rx 2 35 3016358595'
2026-08-31 05:53:18,639 DEBUG   device: b'@READY mode=rx sequence=35 size=2 dma=0 tail=2'
2026-08-31 05:53:18,639 DEBUG   RX READY accepted; delaying 0.050s before packet TX
2026-08-31 05:53:18,690 DEBUG   RX packet submitted bytes=2 write_and_flush=0.000407s crc=0xFFFF
2026-08-31 05:53:18,712 DEBUG   device: b'@RESULT mode=rx sequence=35 size=2 dma=0 tail=2 rx=2 crc=PASS data=PASS status=PASS'
2026-08-31 05:53:18,712 INFO    section=rx-tail case=1/23 PASS size=2 dma=0 tail=2 elapsed=0.023s
2026-08-31 05:53:18,765 DEBUG   device: b'uart> \r\x1b[2Kuart> a\r\x1b[2Kuart> au\r\x1b[2Kuart> aut\r\x1b[2Kuart> auto\r\x1b[2Kuart> auto \r\x1b[2Kuart> auto r\r\x1b[2Kuart> auto rx\r\x1b[2Kuart> auto rx \r\x1b[2Kuart> auto rx 3\r\x1b[2Kuart> auto rx 3 \r\x1b[2Kuart> auto rx 3 3\r\x1b[2Kuart> auto rx 3 36\r\x1b[2Kuart> auto rx 3 36 \r\x1b[2Kuart> auto rx 3 36 1\r\x1b[2Kuart> auto rx 3 36 13\r\x1b[2Kuart> auto rx 3 36 137\r\x1b[2Kuart> auto rx 3 36 1375\r\x1b[2Kuart> auto rx 3 36 13758\r\x1b[2Kuart> auto rx 3 36 137582\r\x1b[2Kuart> auto rx 3 36 1375827\r\x1b[2Kuart> auto rx 3 36 13758270\r\x1b[2Kuart> auto rx 3 36 137582706\r\x1b[2Kuart> auto rx 3 36 1375827068'
2026-08-31 05:53:18,780 DEBUG   device: b'@READY mode=rx sequence=36 size=3 dma=0 tail=3'
2026-08-31 05:53:18,780 DEBUG   RX READY accepted; delaying 0.050s before packet TX
2026-08-31 05:53:18,831 DEBUG   RX packet submitted bytes=3 write_and_flush=0.000423s crc=0x0A6E
2026-08-31 05:53:18,854 DEBUG   device: b'@RESULT mode=rx sequence=36 size=3 dma=0 tail=3 rx=3 crc=PASS data=PASS status=PASS'
2026-08-31 05:53:18,854 INFO    section=rx-tail case=2/23 PASS size=3 dma=0 tail=3 elapsed=0.023s
2026-08-31 05:53:18,906 DEBUG   device: b'uart> \r\x1b[2Kuart> a\r\x1b[2Kuart> au\r\x1b[2Kuart> aut\r\x1b[2Kuart> auto\r\x1b[2Kuart> auto \r\x1b[2Kuart> auto r\r\x1b[2Kuart> auto rx\r\x1b[2Kuart> auto rx \r\x1b[2Kuart> auto rx 4\r\x1b[2Kuart> auto rx 4 \r\x1b[2Kuart> auto rx 4 3\r\x1b[2Kuart> auto rx 4 37\r\x1b[2Kuart> auto rx 4 37 \r\x1b[2Kuart> auto rx 4 37 4\r\x1b[2Kuart> auto rx 4 37 40\r\x1b[2Kuart> auto rx 4 37 403\r\x1b[2Kuart> auto rx 4 37 4030\r\x1b[2Kuart> auto rx 4 37 40302\r\x1b[2Kuart> auto rx 4 37 403026\r\x1b[2Kuart> auto rx 4 37 4030262\r\x1b[2Kuart> auto rx 4 37 40302628\r\x1b[2Kuart> auto rx 4 37 403026283\r\x1b[2Kuart> auto rx 4 37 4030262837'
2026-08-31 05:53:18,921 DEBUG   device: b'@READY mode=rx sequence=37 size=4 dma=0 tail=4'
2026-08-31 05:53:18,921 DEBUG   RX READY accepted; delaying 0.050s before packet TX
2026-08-31 05:53:18,972 DEBUG   RX packet submitted bytes=4 write_and_flush=0.000410s crc=0x4056
2026-08-31 05:53:18,994 DEBUG   device: b'@RESULT mode=rx sequence=37 size=4 dma=0 tail=4 rx=4 crc=PASS data=PASS status=PASS'
2026-08-31 05:53:18,995 INFO    section=rx-tail case=3/23 PASS size=4 dma=0 tail=4 elapsed=0.023s
2026-08-31 05:53:19,047 DEBUG   device: b'uart> \r\x1b[2Kuart> a\r\x1b[2Kuart> au\r\x1b[2Kuart> aut\r\x1b[2Kuart> auto\r\x1b[2Kuart> auto \r\x1b[2Kuart> auto r\r\x1b[2Kuart> auto rx\r\x1b[2Kuart> auto rx \r\x1b[2Kuart> auto rx 5\r\x1b[2Kuart> auto rx 5 \r\x1b[2Kuart> auto rx 5 3\r\x1b[2Kuart> auto rx 5 38\r\x1b[2Kuart> auto rx 5 38 \r\x1b[2Kuart> auto rx 5 38 2\r\x1b[2Kuart> auto rx 5 38 23\r\x1b[2Kuart> auto rx 5 38 238\r\x1b[2Kuart> auto rx 5 38 2389\r\x1b[2Kuart> auto rx 5 38 23897\r\x1b[2Kuart> auto rx 5 38 238973\r\x1b[2Kuart> auto rx 5 38 2389731\r\x1b[2Kuart> auto rx 5 38 23897313\r\x1b[2Kuart> auto rx 5 38 238973131\r\x1b[2Kuart> auto rx 5 38 2389731310'
2026-08-31 05:53:19,062 DEBUG   device: b'@READY mode=rx sequence=38 size=5 dma=0 tail=5'
2026-08-31 05:53:19,062 DEBUG   RX READY accepted; delaying 0.050s before packet TX
2026-08-31 05:53:19,113 DEBUG   RX packet submitted bytes=5 write_and_flush=0.000471s crc=0x9FCC
2026-08-31 05:53:19,135 DEBUG   device: b'@RESULT mode=rx sequence=38 size=5 dma=0 tail=5 rx=5 crc=PASS data=PASS status=PASS'
2026-08-31 05:53:19,136 INFO    section=rx-tail case=4/23 PASS size=5 dma=0 tail=5 elapsed=0.023s
2026-08-31 05:53:19,182 DEBUG   device: b'uart> \r\x1b[2Kuart> a\r\x1b[2Kuart> au\r\x1b[2Kuart> aut\r\x1b[2Kuart> auto\r\x1b[2Kuart> auto \r\x1b[2Kuart> auto r\r\x1b[2Kuart> auto rx\r\x1b[2Kuart> auto rx \r\x1b[2Kuart> auto rx 6\r\x1b[2Kuart> auto rx 6 \r\x1b[2Kuart> auto rx 6 3\r\x1b[2Kuart> auto rx 6 39\r\x1b[2Kuart> auto rx 6 39 \r\x1b[2Kuart> auto rx 6 39 7\r\x1b[2Kuart> auto rx 6 39 74\r\x1b[2Kuart> auto rx 6 39 749\r\x1b[2Kuart> auto rx 6 39 7491\r\x1b[2Kuart> auto rx 6 39 74919\r\x1b[2Kuart> auto rx 6 39 749199\r\x1b[2Kuart> auto rx 6 39 7491997\r\x1b[2Kuart> auto rx 6 39 74919978\r\x1b[2Kuart> auto rx 6 39 749199783'
2026-08-31 05:53:19,198 DEBUG   device: b'@READY mode=rx sequence=39 size=6 dma=0 tail=6'
2026-08-31 05:53:19,199 DEBUG   RX READY accepted; delaying 0.050s before packet TX
2026-08-31 05:53:19,251 DEBUG   RX packet submitted bytes=6 write_and_flush=0.002618s crc=0xA1C9
2026-08-31 05:53:19,271 DEBUG   device: b'@RESULT mode=rx sequence=39 size=6 dma=0 tail=6 rx=6 crc=PASS data=PASS status=PASS'
2026-08-31 05:53:19,271 INFO    section=rx-tail case=5/23 PASS size=6 dma=0 tail=6 elapsed=0.023s
2026-08-31 05:53:19,324 DEBUG   device: b'uart> \r\x1b[2Kuart> a\r\x1b[2Kuart> au\r\x1b[2Kuart> aut\r\x1b[2Kuart> auto\r\x1b[2Kuart> auto \r\x1b[2Kuart> auto r\r\x1b[2Kuart> auto rx\r\x1b[2Kuart> auto rx \r\x1b[2Kuart> auto rx 7\r\x1b[2Kuart> auto rx 7 \r\x1b[2Kuart> auto rx 7 4\r\x1b[2Kuart> auto rx 7 40\r\x1b[2Kuart> auto rx 7 40 \r\x1b[2Kuart> auto rx 7 40 3\r\x1b[2Kuart> auto rx 7 40 34\r\x1b[2Kuart> auto rx 7 40 340\r\x1b[2Kuart> auto rx 7 40 3403\r\x1b[2Kuart> auto rx 7 40 34036\r\x1b[2Kuart> auto rx 7 40 340363\r\x1b[2Kuart> auto rx 7 40 3403635\r\x1b[2Kuart> auto rx 7 40 34036355\r\x1b[2Kuart> auto rx 7 40 340363555\r\x1b[2Kuart> auto rx 7 40 3403635552'
2026-08-31 05:53:19,339 DEBUG   device: b'@READY mode=rx sequence=40 size=7 dma=0 tail=7'
2026-08-31 05:53:19,339 DEBUG   RX READY accepted; delaying 0.050s before packet TX
2026-08-31 05:53:19,391 DEBUG   RX packet submitted bytes=7 write_and_flush=0.001774s crc=0x52BC
2026-08-31 05:53:19,412 DEBUG   device: b'@RESULT mode=rx sequence=40 size=7 dma=0 tail=7 rx=7 crc=PASS data=PASS status=PASS'
2026-08-31 05:53:19,412 INFO    section=rx-tail case=6/23 PASS size=7 dma=0 tail=7 elapsed=0.023s
2026-08-31 05:53:19,465 DEBUG   device: b'uart> \r\x1b[2Kuart> a\r\x1b[2Kuart> au\r\x1b[2Kuart> aut\r\x1b[2Kuart> auto\r\x1b[2Kuart> auto \r\x1b[2Kuart> auto r\r\x1b[2Kuart> auto rx\r\x1b[2Kuart> auto rx \r\x1b[2Kuart> auto rx 8\r\x1b[2Kuart> auto rx 8 \r\x1b[2Kuart> auto rx 8 4\r\x1b[2Kuart> auto rx 8 41\r\x1b[2Kuart> auto rx 8 41 \r\x1b[2Kuart> auto rx 8 41 1\r\x1b[2Kuart> auto rx 8 41 17\r\x1b[2Kuart> auto rx 8 41 176\r\x1b[2Kuart> auto rx 8 41 1763\r\x1b[2Kuart> auto rx 8 41 17631\r\x1b[2Kuart> auto rx 8 41 176310\r\x1b[2Kuart> auto rx 8 41 1763104\r\x1b[2Kuart> auto rx 8 41 17631040\r\x1b[2Kuart> auto rx 8 41 176310402\r\x1b[2Kuart> auto rx 8 41 1763104025'
2026-08-31 05:53:19,480 DEBUG   device: b'@READY mode=rx sequence=41 size=8 dma=8 tail=0'
2026-08-31 05:53:19,480 DEBUG   RX READY accepted; delaying 0.050s before packet TX
2026-08-31 05:53:19,532 DEBUG   RX packet submitted bytes=8 write_and_flush=0.001777s crc=0xD9D1
2026-08-31 05:53:19,553 DEBUG   device: b'@RESULT mode=rx sequence=41 size=8 dma=8 tail=0 rx=8 crc=PASS data=PASS status=PASS'
2026-08-31 05:53:19,553 INFO    section=rx-tail case=7/23 PASS size=8 dma=8 tail=0 elapsed=0.023s
2026-08-31 05:53:19,600 DEBUG   device: b'uart> \r\x1b[2Kuart> a\r\x1b[2Kuart> au\r\x1b[2Kuart> aut\r\x1b[2Kuart> auto\r\x1b[2Kuart> auto \r\x1b[2Kuart> auto r\r\x1b[2Kuart> auto rx\r\x1b[2Kuart> auto rx \r\x1b[2Kuart> auto rx 9\r\x1b[2Kuart> auto rx 9 \r\x1b[2Kuart> auto rx 9 4\r\x1b[2Kuart> auto rx 9 42\r\x1b[2Kuart> auto rx 9 42 \r\x1b[2Kuart> auto rx 9 42 1\r\x1b[2Kuart> auto rx 9 42 12\r\x1b[2Kuart> auto rx 9 42 122\r\x1b[2Kuart> auto rx 9 42 1225\r\x1b[2Kuart> auto rx 9 42 12257\r\x1b[2Kuart> auto rx 9 42 122572\r\x1b[2Kuart> auto rx 9 42 1225724\r\x1b[2Kuart> auto rx 9 42 12257249\r\x1b[2Kuart> auto rx 9 42 122572498'
2026-08-31 05:53:19,615 DEBUG   device: b'@READY mode=rx sequence=42 size=9 dma=8 tail=1'
2026-08-31 05:53:19,616 DEBUG   RX READY accepted; delaying 0.050s before packet TX
2026-08-31 05:53:19,668 DEBUG   RX packet submitted bytes=9 write_and_flush=0.002670s crc=0x2064
2026-08-31 05:53:19,688 DEBUG   device: b'@RESULT mode=rx sequence=42 size=9 dma=8 tail=1 rx=9 crc=PASS data=PASS status=PASS'
2026-08-31 05:53:19,688 INFO    section=rx-tail case=8/23 PASS size=9 dma=8 tail=1 elapsed=0.023s
2026-08-31 05:53:19,741 DEBUG   device: b'uart> \r\x1b[2Kuart> a\r\x1b[2Kuart> au\r\x1b[2Kuart> aut\r\x1b[2Kuart> auto\r\x1b[2Kuart> auto \r\x1b[2Kuart> auto r\r\x1b[2Kuart> auto rx\r\x1b[2Kuart> auto rx \r\x1b[2Kuart> auto rx 1\r\x1b[2Kuart> auto rx 10\r\x1b[2Kuart> auto rx 10 \r\x1b[2Kuart> auto rx 10 4\r\x1b[2Kuart> auto rx 10 43\r\x1b[2Kuart> auto rx 10 43 \r\x1b[2Kuart> auto rx 10 43 2\r\x1b[2Kuart> auto rx 10 43 27\r\x1b[2Kuart> auto rx 10 43 277\r\x1b[2Kuart> auto rx 10 43 2777\r\x1b[2Kuart> auto rx 10 43 27770\r\x1b[2Kuart> auto rx 10 43 277700\r\x1b[2Kuart> auto rx 10 43 2777008\r\x1b[2Kuart> auto rx 10 43 27770082\r\x1b[2Kuart> auto rx 10 43 277700826\r\x1b[2Kuart> auto rx 10 43 2777008267'
2026-08-31 05:53:19,756 DEBUG   device: b'@READY mode=rx sequence=43 size=10 dma=8 tail=2'
2026-08-31 05:53:19,757 DEBUG   RX READY accepted; delaying 0.050s before packet TX
2026-08-31 05:53:19,809 DEBUG   RX packet submitted bytes=10 write_and_flush=0.002684s crc=0x2E18
2026-08-31 05:53:19,829 DEBUG   device: b'@RESULT mode=rx sequence=43 size=10 dma=8 tail=2 rx=10 crc=PASS data=PASS status=PASS'
2026-08-31 05:53:19,829 INFO    section=rx-tail case=9/23 PASS size=10 dma=8 tail=2 elapsed=0.023s
2026-08-31 05:53:19,882 DEBUG   device: b'uart> \r\x1b[2Kuart> a\r\x1b[2Kuart> au\r\x1b[2Kuart> aut\r\x1b[2Kuart> auto\r\x1b[2Kuart> auto \r\x1b[2Kuart> auto r\r\x1b[2Kuart> auto rx\r\x1b[2Kuart> auto rx \r\x1b[2Kuart> auto rx 1\r\x1b[2Kuart> auto rx 11\r\x1b[2Kuart> auto rx 11 \r\x1b[2Kuart> auto rx 11 4\r\x1b[2Kuart> auto rx 11 44\r\x1b[2Kuart> auto rx 11 44 \r\x1b[2Kuart> auto rx 11 44 1\r\x1b[2Kuart> auto rx 11 44 11\r\x1b[2Kuart> auto rx 11 44 113\r\x1b[2Kuart> auto rx 11 44 1136\r\x1b[2Kuart> auto rx 11 44 11364\r\x1b[2Kuart> auto rx 11 44 113647\r\x1b[2Kuart> auto rx 11 44 1136476\r\x1b[2Kuart> auto rx 11 44 11364767\r\x1b[2Kuart> auto rx 11 44 113647674\r\x1b[2Kuart> auto rx 11 44 1136476740'
2026-08-31 05:53:19,897 DEBUG   device: b'@READY mode=rx sequence=44 size=11 dma=8 tail=3'
2026-08-31 05:53:19,898 DEBUG   RX READY accepted; delaying 0.050s before packet TX
2026-08-31 05:53:19,950 DEBUG   RX packet submitted bytes=11 write_and_flush=0.002632s crc=0x0C4D
2026-08-31 05:53:19,971 DEBUG   device: b'@RESULT mode=rx sequence=44 size=11 dma=8 tail=3 rx=11 crc=PASS data=PASS status=PASS'
2026-08-31 05:53:19,971 INFO    section=rx-tail case=10/23 PASS size=11 dma=8 tail=3 elapsed=0.024s
2026-08-31 05:53:20,024 DEBUG   device: b'uart> \r\x1b[2Kuart> a\r\x1b[2Kuart> au\r\x1b[2Kuart> aut\r\x1b[2Kuart> auto\r\x1b[2Kuart> auto \r\x1b[2Kuart> auto r\r\x1b[2Kuart> auto rx\r\x1b[2Kuart> auto rx \r\x1b[2Kuart> auto rx 1\r\x1b[2Kuart> auto rx 12\r\x1b[2Kuart> auto rx 12 \r\x1b[2Kuart> auto rx 12 4\r\x1b[2Kuart> auto rx 12 45\r\x1b[2Kuart> auto rx 12 45 \r\x1b[2Kuart> auto rx 12 45 3\r\x1b[2Kuart> auto rx 12 45 37\r\x1b[2Kuart> auto rx 12 45 379\r\x1b[2Kuart> auto rx 12 45 3790\r\x1b[2Kuart> auto rx 12 45 37909\r\x1b[2Kuart> auto rx 12 45 379091\r\x1b[2Kuart> auto rx 12 45 3790912\r\x1b[2Kuart> auto rx 12 45 37909125\r\x1b[2Kuart> auto rx 12 45 379091250\r\x1b[2Kuart> auto rx 12 45 3790912509'
2026-08-31 05:53:20,039 DEBUG   device: b'@READY mode=rx sequence=45 size=12 dma=8 tail=4'
2026-08-31 05:53:20,040 DEBUG   RX READY accepted; delaying 0.050s before packet TX
2026-08-31 05:53:20,092 DEBUG   RX packet submitted bytes=12 write_and_flush=0.002691s crc=0x774C
2026-08-31 05:53:20,113 DEBUG   device: b'@RESULT mode=rx sequence=45 size=12 dma=8 tail=4 rx=12 crc=PASS data=PASS status=PASS'
2026-08-31 05:53:20,113 INFO    section=rx-tail case=11/23 PASS size=12 dma=8 tail=4 elapsed=0.024s
2026-08-31 05:53:20,166 DEBUG   device: b'uart> \r\x1b[2Kuart> a\r\x1b[2Kuart> au\r\x1b[2Kuart> aut\r\x1b[2Kuart> auto\r\x1b[2Kuart> auto \r\x1b[2Kuart> auto r\r\x1b[2Kuart> auto rx\r\x1b[2Kuart> auto rx \r\x1b[2Kuart> auto rx 1\r\x1b[2Kuart> auto rx 13\r\x1b[2Kuart> auto rx 13 \r\x1b[2Kuart> auto rx 13 4\r\x1b[2Kuart> auto rx 13 46\r\x1b[2Kuart> auto rx 13 46 \r\x1b[2Kuart> auto rx 13 46 2\r\x1b[2Kuart> auto rx 13 46 21\r\x1b[2Kuart> auto rx 13 46 215\r\x1b[2Kuart> auto rx 13 46 2150\r\x1b[2Kuart> auto rx 13 46 21503\r\x1b[2Kuart> auto rx 13 46 215038\r\x1b[2Kuart> auto rx 13 46 2150380\r\x1b[2Kuart> auto rx 13 46 21503809\r\x1b[2Kuart> auto rx 13 46 215038098\r\x1b[2Kuart> auto rx 13 46 2150380982'
2026-08-31 05:53:20,182 DEBUG   device: b'@READY mode=rx sequence=46 size=13 dma=8 tail=5'
2026-08-31 05:53:20,182 DEBUG   RX READY accepted; delaying 0.050s before packet TX
2026-08-31 05:53:20,234 DEBUG   RX packet submitted bytes=13 write_and_flush=0.002554s crc=0xB7F0
2026-08-31 05:53:20,255 DEBUG   device: b'@RESULT mode=rx sequence=46 size=13 dma=8 tail=5 rx=13 crc=PASS data=PASS status=PASS'
2026-08-31 05:53:20,256 INFO    section=rx-tail case=12/23 PASS size=13 dma=8 tail=5 elapsed=0.024s
2026-08-31 05:53:20,308 DEBUG   device: b'uart> \r\x1b[2Kuart> a\r\x1b[2Kuart> au\r\x1b[2Kuart> aut\r\x1b[2Kuart> auto\r\x1b[2Kuart> auto \r\x1b[2Kuart> auto r\r\x1b[2Kuart> auto rx\r\x1b[2Kuart> auto rx \r\x1b[2Kuart> auto rx 1\r\x1b[2Kuart> auto rx 14\r\x1b[2Kuart> auto rx 14 \r\x1b[2Kuart> auto rx 14 4\r\x1b[2Kuart> auto rx 14 47\r\x1b[2Kuart> auto rx 14 47 \r\x1b[2Kuart> auto rx 14 47 5\r\x1b[2Kuart> auto rx 14 47 50\r\x1b[2Kuart> auto rx 14 47 509\r\x1b[2Kuart> auto rx 14 47 5098\r\x1b[2Kuart> auto rx 14 47 50984\r\x1b[2Kuart> auto rx 14 47 509849\r\x1b[2Kuart> auto rx 14 47 5098494\r\x1b[2Kuart> auto rx 14 47 50984945\r\x1b[2Kuart> auto rx 14 47 509849455'
2026-08-31 05:53:20,323 DEBUG   device: b'@READY mode=rx sequence=47 size=14 dma=8 tail=6'
2026-08-31 05:53:20,323 DEBUG   RX READY accepted; delaying 0.050s before packet TX
2026-08-31 05:53:20,375 DEBUG   RX packet submitted bytes=14 write_and_flush=0.001925s crc=0xBE2C
2026-08-31 05:53:20,397 DEBUG   device: b'@RESULT mode=rx sequence=47 size=14 dma=8 tail=6 rx=14 crc=PASS data=PASS status=PASS'
2026-08-31 05:53:20,397 INFO    section=rx-tail case=13/23 PASS size=14 dma=8 tail=6 elapsed=0.024s
2026-08-31 05:53:20,450 DEBUG   device: b'uart> \r\x1b[2Kuart> a\r\x1b[2Kuart> au\r\x1b[2Kuart> aut\r\x1b[2Kuart> auto\r\x1b[2Kuart> auto \r\x1b[2Kuart> auto r\r\x1b[2Kuart> auto rx\r\x1b[2Kuart> auto rx \r\x1b[2Kuart> auto rx 1\r\x1b[2Kuart> auto rx 15\r\x1b[2Kuart> auto rx 15 \r\x1b[2Kuart> auto rx 15 4\r\x1b[2Kuart> auto rx 15 48\r\x1b[2Kuart> auto rx 15 48 \r\x1b[2Kuart> auto rx 15 48 3\r\x1b[2Kuart> auto rx 15 48 31\r\x1b[2Kuart> auto rx 15 48 316\r\x1b[2Kuart> auto rx 15 48 3164\r\x1b[2Kuart> auto rx 15 48 31642\r\x1b[2Kuart> auto rx 15 48 316428\r\x1b[2Kuart> auto rx 15 48 3164285\r\x1b[2Kuart> auto rx 15 48 31642852\r\x1b[2Kuart> auto rx 15 48 316428522\r\x1b[2Kuart> auto rx 15 48 3164285224'
2026-08-31 05:53:20,465 DEBUG   device: b'@READY mode=rx sequence=48 size=15 dma=8 tail=7'
2026-08-31 05:53:20,466 DEBUG   RX READY accepted; delaying 0.050s before packet TX
2026-08-31 05:53:20,518 DEBUG   RX packet submitted bytes=15 write_and_flush=0.002651s crc=0xAAD1
2026-08-31 05:53:20,539 DEBUG   device: b'@RESULT mode=rx sequence=48 size=15 dma=8 tail=7 rx=15 crc=PASS data=PASS status=PASS'
2026-08-31 05:53:20,539 INFO    section=rx-tail case=14/23 PASS size=15 dma=8 tail=7 elapsed=0.024s
2026-08-31 05:53:20,592 DEBUG   device: b'uart> \r\x1b[2Kuart> a\r\x1b[2Kuart> au\r\x1b[2Kuart> aut\r\x1b[2Kuart> auto\r\x1b[2Kuart> auto \r\x1b[2Kuart> auto r\r\x1b[2Kuart> auto rx\r\x1b[2Kuart> auto rx \r\x1b[2Kuart> auto rx 1\r\x1b[2Kuart> auto rx 16\r\x1b[2Kuart> auto rx 16 \r\x1b[2Kuart> auto rx 16 4\r\x1b[2Kuart> auto rx 16 49\r\x1b[2Kuart> auto rx 16 49 \r\x1b[2Kuart> auto rx 16 49 1\r\x1b[2Kuart> auto rx 16 49 15\r\x1b[2Kuart> auto rx 16 49 152\r\x1b[2Kuart> auto rx 16 49 1523\r\x1b[2Kuart> auto rx 16 49 15237\r\x1b[2Kuart> auto rx 16 49 152375\r\x1b[2Kuart> auto rx 16 49 1523753\r\x1b[2Kuart> auto rx 16 49 15237536\r\x1b[2Kuart> auto rx 16 49 152375369\r\x1b[2Kuart> auto rx 16 49 1523753697'
2026-08-31 05:53:20,607 DEBUG   device: b'@READY mode=rx sequence=49 size=16 dma=16 tail=0'
2026-08-31 05:53:20,608 DEBUG   RX READY accepted; delaying 0.050s before packet TX
2026-08-31 05:53:20,660 DEBUG   RX packet submitted bytes=16 write_and_flush=0.002673s crc=0x2F87
2026-08-31 05:53:20,681 DEBUG   device: b'@RESULT mode=rx sequence=49 size=16 dma=16 tail=0 rx=16 crc=PASS data=PASS status=PASS'
2026-08-31 05:53:20,681 INFO    section=rx-tail case=15/23 PASS size=16 dma=16 tail=0 elapsed=0.024s
2026-08-31 05:53:20,745 DEBUG   device: b'uart> \r\x1b[2Kuart> a\r\x1b[2Kuart> au\r\x1b[2Kuart> aut\r\x1b[2Kuart> auto\r\x1b[2Kuart> auto \r\x1b[2Kuart> auto r\r\x1b[2Kuart> auto rx\r\x1b[2Kuart> auto rx \r\x1b[2Kuart> auto rx 6\r\x1b[2Kuart> auto rx 61\r\x1b[2Kuart> auto rx 614\r\x1b[2Kuart> auto rx 6144\r\x1b[2Kuart> auto rx 6144 \r\x1b[2Kuart> auto rx 6144 5\r\x1b[2Kuart> auto rx 6144 50\r\x1b[2Kuart> auto rx 6144 50 \r\x1b[2Kuart> auto rx 6144 50 4\r\x1b[2Kuart> auto rx 6144 50 41\r\x1b[2Kuart> auto rx 6144 50 417\r\x1b[2Kuart> auto rx 6144 50 4178\r\x1b[2Kuart> auto rx 6144 50 41781\r\x1b[2Kuart> auto rx 6144 50 417818\r\x1b[2Kuart> auto rx 6144 50 4178189\r\x1b[2Kuart> auto rx 6144 50 41781894\r\x1b[2Kuart> auto rx 6144 50 417818946\r\x1b[2Kuart> auto rx 6144 50 4178189466'
2026-08-31 05:53:20,761 DEBUG   device: b'@READY mode=rx sequence=50 size=6144 dma=6144 tail=0'
2026-08-31 05:53:20,761 DEBUG   RX READY accepted; delaying 0.050s before packet TX
2026-08-31 05:53:21,346 DEBUG   RX packet submitted bytes=6144 write_and_flush=0.535592s crc=0xEA49
2026-08-31 05:53:21,368 DEBUG   device: b'@RESULT mode=rx sequence=50 size=6144 dma=6144 tail=0 rx=6144 crc=PASS data=PASS status=PASS'
2026-08-31 05:53:21,369 INFO    section=rx-tail case=16/23 PASS size=6144 dma=6144 tail=0 elapsed=0.558s
2026-08-31 05:53:21,432 DEBUG   device: b'uart> \r\x1b[2Kuart> a\r\x1b[2Kuart> au\r\x1b[2Kuart> aut\r\x1b[2Kuart> auto\r\x1b[2Kuart> auto \r\x1b[2Kuart> auto r\r\x1b[2Kuart> auto rx\r\x1b[2Kuart> auto rx \r\x1b[2Kuart> auto rx 6\r\x1b[2Kuart> auto rx 61\r\x1b[2Kuart> auto rx 614\r\x1b[2Kuart> auto rx 6145\r\x1b[2Kuart> auto rx 6145 \r\x1b[2Kuart> auto rx 6145 5\r\x1b[2Kuart> auto rx 6145 51\r\x1b[2Kuart> auto rx 6145 51 \r\x1b[2Kuart> auto rx 6145 51 2\r\x1b[2Kuart> auto rx 6145 51 25\r\x1b[2Kuart> auto rx 6145 51 253\r\x1b[2Kuart> auto rx 6145 51 2537\r\x1b[2Kuart> auto rx 6145 51 25376\r\x1b[2Kuart> auto rx 6145 51 253765\r\x1b[2Kuart> auto rx 6145 51 2537657\r\x1b[2Kuart> auto rx 6145 51 25376579\r\x1b[2Kuart> auto rx 6145 51 253765793\r\x1b[2Kuart> auto rx 6145 51 2537657939'
2026-08-31 05:53:21,448 DEBUG   device: b'@READY mode=rx sequence=51 size=6145 dma=6144 tail=1'
2026-08-31 05:53:21,448 DEBUG   RX READY accepted; delaying 0.050s before packet TX
2026-08-31 05:53:22,032 DEBUG   RX packet submitted bytes=6145 write_and_flush=0.534596s crc=0xB573
2026-08-31 05:53:22,055 DEBUG   device: b'@RESULT mode=rx sequence=51 size=6145 dma=6144 tail=1 rx=6145 crc=PASS data=PASS status=PASS'
2026-08-31 05:53:22,056 INFO    section=rx-tail case=17/23 PASS size=6145 dma=6144 tail=1 elapsed=0.558s
2026-08-31 05:53:22,119 DEBUG   device: b'uart> \r\x1b[2Kuart> a\r\x1b[2Kuart> au\r\x1b[2Kuart> aut\r\x1b[2Kuart> auto\r\x1b[2Kuart> auto \r\x1b[2Kuart> auto r\r\x1b[2Kuart> auto rx\r\x1b[2Kuart> auto rx \r\x1b[2Kuart> auto rx 6\r\x1b[2Kuart> auto rx 61\r\x1b[2Kuart> auto rx 614\r\x1b[2Kuart> auto rx 6146\r\x1b[2Kuart> auto rx 6146 \r\x1b[2Kuart> auto rx 6146 5\r\x1b[2Kuart> auto rx 6146 52\r\x1b[2Kuart> auto rx 6146 52 \r\x1b[2Kuart> auto rx 6146 52 8\r\x1b[2Kuart> auto rx 6146 52 89\r\x1b[2Kuart> auto rx 6146 52 897\r\x1b[2Kuart> auto rx 6146 52 8971\r\x1b[2Kuart> auto rx 6146 52 89712\r\x1b[2Kuart> auto rx 6146 52 897126\r\x1b[2Kuart> auto rx 6146 52 8971264\r\x1b[2Kuart> auto rx 6146 52 89712641\r\x1b[2Kuart> auto rx 6146 52 897126412'
2026-08-31 05:53:22,134 DEBUG   device: b'@READY mode=rx sequence=52 size=6146 dma=6144 tail=2'
2026-08-31 05:53:22,134 DEBUG   RX READY accepted; delaying 0.050s before packet TX
2026-08-31 05:53:22,720 DEBUG   RX packet submitted bytes=6146 write_and_flush=0.535780s crc=0x7A07
2026-08-31 05:53:22,742 DEBUG   device: b'@RESULT mode=rx sequence=52 size=6146 dma=6144 tail=2 rx=6146 crc=PASS data=PASS status=PASS'
2026-08-31 05:53:22,742 INFO    section=rx-tail case=18/23 PASS size=6146 dma=6144 tail=2 elapsed=0.558s
2026-08-31 05:53:22,806 DEBUG   device: b'uart> \r\x1b[2Kuart> a\r\x1b[2Kuart> au\r\x1b[2Kuart> aut\r\x1b[2Kuart> auto\r\x1b[2Kuart> auto \r\x1b[2Kuart> auto r\r\x1b[2Kuart> auto rx\r\x1b[2Kuart> auto rx \r\x1b[2Kuart> auto rx 6\r\x1b[2Kuart> auto rx 61\r\x1b[2Kuart> auto rx 614\r\x1b[2Kuart> auto rx 6147\r\x1b[2Kuart> auto rx 6147 \r\x1b[2Kuart> auto rx 6147 5\r\x1b[2Kuart> auto rx 6147 53\r\x1b[2Kuart> auto rx 6147 53 \r\x1b[2Kuart> auto rx 6147 53 3\r\x1b[2Kuart> auto rx 6147 53 35\r\x1b[2Kuart> auto rx 6147 53 355\r\x1b[2Kuart> auto rx 6147 53 3551\r\x1b[2Kuart> auto rx 6147 53 35515\r\x1b[2Kuart> auto rx 6147 53 355156\r\x1b[2Kuart> auto rx 6147 53 3551562\r\x1b[2Kuart> auto rx 6147 53 35515621\r\x1b[2Kuart> auto rx 6147 53 355156218\r\x1b[2Kuart> auto rx 6147 53 3551562181'
2026-08-31 05:53:22,821 DEBUG   device: b'@READY mode=rx sequence=53 size=6147 dma=6144 tail=3'
2026-08-31 05:53:22,822 DEBUG   RX READY accepted; delaying 0.050s before packet TX
2026-08-31 05:53:23,407 DEBUG   RX packet submitted bytes=6147 write_and_flush=0.535653s crc=0xDB1E
2026-08-31 05:53:23,430 DEBUG   device: b'@RESULT mode=rx sequence=53 size=6147 dma=6144 tail=3 rx=6147 crc=PASS data=PASS status=PASS'
2026-08-31 05:53:23,430 INFO    section=rx-tail case=19/23 PASS size=6147 dma=6144 tail=3 elapsed=0.559s
2026-08-31 05:53:23,494 DEBUG   device: b'uart> \r\x1b[2Kuart> a\r\x1b[2Kuart> au\r\x1b[2Kuart> aut\r\x1b[2Kuart> auto\r\x1b[2Kuart> auto \r\x1b[2Kuart> auto r\r\x1b[2Kuart> auto rx\r\x1b[2Kuart> auto rx \r\x1b[2Kuart> auto rx 6\r\x1b[2Kuart> auto rx 61\r\x1b[2Kuart> auto rx 614\r\x1b[2Kuart> auto rx 6148\r\x1b[2Kuart> auto rx 6148 \r\x1b[2Kuart> auto rx 6148 5\r\x1b[2Kuart> auto rx 6148 54\r\x1b[2Kuart> auto rx 6148 54 \r\x1b[2Kuart> auto rx 6148 54 1\r\x1b[2Kuart> auto rx 6148 54 19\r\x1b[2Kuart> auto rx 6148 54 191\r\x1b[2Kuart> auto rx 6148 54 1911\r\x1b[2Kuart> auto rx 6148 54 19110\r\x1b[2Kuart> auto rx 6148 54 191103\r\x1b[2Kuart> auto rx 6148 54 1911030\r\x1b[2Kuart> auto rx 6148 54 19110306\r\x1b[2Kuart> auto rx 6148 54 191103065\r\x1b[2Kuart> auto rx 6148 54 1911030654'
2026-08-31 05:53:23,509 DEBUG   device: b'@READY mode=rx sequence=54 size=6148 dma=6144 tail=4'
2026-08-31 05:53:23,510 DEBUG   RX READY accepted; delaying 0.050s before packet TX
2026-08-31 05:53:24,096 DEBUG   RX packet submitted bytes=6148 write_and_flush=0.536712s crc=0xFD11
2026-08-31 05:53:24,118 DEBUG   device: b'@RESULT mode=rx sequence=54 size=6148 dma=6144 tail=4 rx=6148 crc=PASS data=PASS status=PASS'
2026-08-31 05:53:24,118 INFO    section=rx-tail case=20/23 PASS size=6148 dma=6144 tail=4 elapsed=0.559s
2026-08-31 05:53:24,182 DEBUG   device: b'uart> \r\x1b[2Kuart> a\r\x1b[2Kuart> au\r\x1b[2Kuart> aut\r\x1b[2Kuart> auto\r\x1b[2Kuart> auto \r\x1b[2Kuart> auto r\r\x1b[2Kuart> auto rx\r\x1b[2Kuart> auto rx \r\x1b[2Kuart> auto rx 6\r\x1b[2Kuart> auto rx 61\r\x1b[2Kuart> auto rx 614\r\x1b[2Kuart> auto rx 6149\r\x1b[2Kuart> auto rx 6149 \r\x1b[2Kuart> auto rx 6149 5\r\x1b[2Kuart> auto rx 6149 55\r\x1b[2Kuart> auto rx 6149 55 \r\x1b[2Kuart> auto rx 6149 55 2\r\x1b[2Kuart> auto rx 6149 55 27\r\x1b[2Kuart> auto rx 6149 55 270\r\x1b[2Kuart> auto rx 6149 55 2704\r\x1b[2Kuart> auto rx 6149 55 27049\r\x1b[2Kuart> auto rx 6149 55 270499\r\x1b[2Kuart> auto rx 6149 55 2704991\r\x1b[2Kuart> auto rx 6149 55 27049912\r\x1b[2Kuart> auto rx 6149 55 270499127'
2026-08-31 05:53:24,197 DEBUG   device: b'@READY mode=rx sequence=55 size=6149 dma=6144 tail=5'
2026-08-31 05:53:24,197 DEBUG   RX READY accepted; delaying 0.050s before packet TX
2026-08-31 05:53:24,783 DEBUG   RX packet submitted bytes=6149 write_and_flush=0.535861s crc=0xA2E7
2026-08-31 05:53:24,806 DEBUG   device: b'@RESULT mode=rx sequence=55 size=6149 dma=6144 tail=5 rx=6149 crc=PASS data=PASS status=PASS'
2026-08-31 05:53:24,806 INFO    section=rx-tail case=21/23 PASS size=6149 dma=6144 tail=5 elapsed=0.559s
2026-08-31 05:53:24,870 DEBUG   device: b'uart> \r\x1b[2Kuart> a\r\x1b[2Kuart> au\r\x1b[2Kuart> aut\r\x1b[2Kuart> auto\r\x1b[2Kuart> auto \r\x1b[2Kuart> auto r\r\x1b[2Kuart> auto rx\r\x1b[2Kuart> auto rx \r\x1b[2Kuart> auto rx 6\r\x1b[2Kuart> auto rx 61\r\x1b[2Kuart> auto rx 615\r\x1b[2Kuart> auto rx 6150\r\x1b[2Kuart> auto rx 6150 \r\x1b[2Kuart> auto rx 6150 5\r\x1b[2Kuart> auto rx 6150 56\r\x1b[2Kuart> auto rx 6150 56 \r\x1b[2Kuart> auto rx 6150 56 2\r\x1b[2Kuart> auto rx 6150 56 29\r\x1b[2Kuart> auto rx 6150 56 292\r\x1b[2Kuart> auto rx 6150 56 2924\r\x1b[2Kuart> auto rx 6150 56 29249\r\x1b[2Kuart> auto rx 6150 56 292493\r\x1b[2Kuart> auto rx 6150 56 2924934\r\x1b[2Kuart> auto rx 6150 56 29249348\r\x1b[2Kuart> auto rx 6150 56 292493489\r\x1b[2Kuart> auto rx 6150 56 2924934896'
2026-08-31 05:53:24,885 DEBUG   device: b'@READY mode=rx sequence=56 size=6150 dma=6144 tail=6'
2026-08-31 05:53:24,885 DEBUG   RX READY accepted; delaying 0.050s before packet TX
2026-08-31 05:53:25,470 DEBUG   RX packet submitted bytes=6150 write_and_flush=0.534744s crc=0x5E93
2026-08-31 05:53:25,494 DEBUG   device: b'@RESULT mode=rx sequence=56 size=6150 dma=6144 tail=6 rx=6150 crc=PASS data=PASS status=PASS'
2026-08-31 05:53:25,494 INFO    section=rx-tail case=22/23 PASS size=6150 dma=6144 tail=6 elapsed=0.559s
2026-08-31 05:53:25,558 DEBUG   device: b'uart> \r\x1b[2Kuart> a\r\x1b[2Kuart> au\r\x1b[2Kuart> aut\r\x1b[2Kuart> auto\r\x1b[2Kuart> auto \r\x1b[2Kuart> auto r\r\x1b[2Kuart> auto rx\r\x1b[2Kuart> auto rx \r\x1b[2Kuart> auto rx 6\r\x1b[2Kuart> auto rx 61\r\x1b[2Kuart> auto rx 615\r\x1b[2Kuart> auto rx 6151\r\x1b[2Kuart> auto rx 6151 \r\x1b[2Kuart> auto rx 6151 5\r\x1b[2Kuart> auto rx 6151 57\r\x1b[2Kuart> auto rx 6151 57 \r\x1b[2Kuart> auto rx 6151 57 1\r\x1b[2Kuart> auto rx 6151 57 12\r\x1b[2Kuart> auto rx 6151 57 128\r\x1b[2Kuart> auto rx 6151 57 1284\r\x1b[2Kuart> auto rx 6151 57 12844\r\x1b[2Kuart> auto rx 6151 57 128440\r\x1b[2Kuart> auto rx 6151 57 1284403\r\x1b[2Kuart> auto rx 6151 57 12844033\r\x1b[2Kuart> auto rx 6151 57 128440336\r\x1b[2Kuart> auto rx 6151 57 1284403369'
2026-08-31 05:53:25,573 DEBUG   device: b'@READY mode=rx sequence=57 size=6151 dma=6144 tail=7'
2026-08-31 05:53:25,573 DEBUG   RX READY accepted; delaying 0.050s before packet TX
2026-08-31 05:53:26,158 DEBUG   RX packet submitted bytes=6151 write_and_flush=0.534755s crc=0x293C
2026-08-31 05:53:26,182 DEBUG   device: b'@RESULT mode=rx sequence=57 size=6151 dma=6144 tail=7 rx=6151 crc=PASS data=PASS status=PASS'
2026-08-31 05:53:26,182 INFO    section=rx-tail case=23/23 PASS size=6151 dma=6144 tail=7 elapsed=0.559s
2026-08-31 05:53:26,182 INFO    SECTION name=rx-tail status=PASS passed=23 failed=0 elapsed=4.817s
2026-08-31 05:53:26,183 INFO    SUITE status=PASS passed=58 failed=0 full_profile=SKIPPED
2026-08-31 05:53:26,183 INFO    BAUD_RATE status=PASS rate=1/1 index=11 baud=115200 passed=58 failed=0 elapsed=21.041s
2026-08-31 05:53:26,206 DEBUG   device: b'uart> \r\x1b[2Kuart> a\r\x1b[2Kuart> au\r\x1b[2Kuart> aut\r\x1b[2Kuart> auto\r\x1b[2Kuart> auto \r\x1b[2Kuart> auto b\r\x1b[2Kuart> auto ba\r\x1b[2Kuart> auto bau\r\x1b[2Kuart> auto baud\r\x1b[2Kuart> auto baud \r\x1b[2Kuart> auto baud 1\r\x1b[2Kuart> auto baud 11'
2026-08-31 05:53:26,222 DEBUG   device: b'@BAUD READY old_index=11 old=115200 new_index=11 new=115200'
2026-08-31 05:53:26,238 DEBUG   device: b'@BAUD ACTIVE index=11 baud=115200 mode=16x'
2026-08-31 05:53:26,238 INFO    BAUD_SWITCH status=PASS old_index=11 old=115200 new_index=11 new=115200
2026-08-31 05:53:26,238 INFO    BAUD_MATRIX status=PASS rates_passed=1 rates_unsupported=0 rates_failed=0 hardware_cases_passed=58
2026-08-31 05:53:26,240 INFO    SUMMARY status=PASS passed=58 failed=0 elapsed=21.041s wall_elapsed=27.464s
