RTT setup v3: project loaded
Project.SetDevice ("AM3359");
Target core support plugin loaded.: /opt/SEGGER/Ozone_V334/Plugins/Core/CorePluginARM.so
Project.SetHostIF ("USB", "941000024");
Project.SetTargetIF ("JTAG");
Project.SetTIFSpeed ("12 MHz");
Project.AddRTTSearchRange (0x40300000, 0x10000);
Project.AddSvdFile ("Cortex-A8.svd");
File name resolved: "Cortex-A8.svd" was found at "/opt/SEGGER/Ozone_V334/Config/CPU/Cortex-A8.svd"
Project.AddSvdFile ("../../../tools/AM335x.svd");
File.Open ("../../../cmake-build-debug/examples/uart_cli/am335x_uart_cli.elf");
Project.SetRTT (0);
Debug.SetResetMode (RM_RESET_HALT);
File.Open: completed in 197 ms
Program segments:
  Address         Size         Code      RO Data      RW Data      ZI Data    Flg
---------    ---------    ---------    ---------    ---------    ---------    ---
 80017870            0            0            0            0            0    R
 40300000        6 400            0            0        6 400            0    RW
 80000000      208 773       96 365            0       78 488       33 920    RWE
---------    ---------    ---------    ---------    ---------    ---------    ---
   Total:      215 173       96 365            0       84 888       33 920
---------    ---------    ---------    ---------    ---------    ---------    ---
For further information on ELF file data sections, execute command Elf.PrintSectionInfo(0).
Debug.ReadIntoInstCache: updated instruction information within 1 code ranges (0x80000000-0x8001786D)
Debug.Start();
Project.SetRTT (0);
Executed J-Link command "ScriptFile=../../../tools/AM335x_DDR_Init.jlinkscript"
Device "AM3359" selected.
InitTarget() start
TotalIRLen = 6, IRPrint = 0x01
TotalIRLen = 6, IRPrint = 0x01
JTAG chain detection found 1 devices:
 #0 Id: 0x2B94402F, IRLen: 06, TI ICEPick
InitTarget() end - Took 210ms
TotalIRLen = 10, IRPrint = 0x0011
JTAG chain detection found 2 devices:
 #0 Id: 0x3BA00477, IRLen: 04, CoreSight JTAG-DP
 #1 Id: 0x2B94402F, IRLen: 06, TI ICEPick
DPv0 detected
AP map detection skipped. Manually configured AP map found.
AP[0]: AHB-AP (IDR: Not set)
AP[1]: APB-AP (IDR: Not set)
AP[2]: JTAG-AP (IDR: Not set)
Using preconfigured AP[1] as APB-AP
AP[1]: APB-AP found
Found Cortex-A8 r3p2
6 code breakpoints, 2 data breakpoints
Debug architecture ARMv7.0
Data endian: little
Main ID register: 0x413FC082
I-Cache L1: 32 KB, 128 Sets, 64 Bytes/Line, 4-Way
D-Cache L1: 32 KB, 128 Sets, 64 Bytes/Line, 4-Way
Unified-Cache L2: 256 KB, 512 Sets, 64 Bytes/Line, 8-Way
System control register:
  Instruction endian: little
  Level-1 instruction cache disabled
  Level-1 data cache disabled
  MMU disabled
  Branch prediction enabled
SetupTarget() start
SetupTarget(): Initializing DDR...
=== AM335x EVM Initialization ===
Subarctic ALL ADPLL Config for OPP == OPP100 is In Progress...
Input Clock: 24MHz
MPU PLL: Going to Bypass...
Bypassed, changing values...
MPU PLL: Locking...
MPU PLL: Locked
Core PLL Bypassed...
Now locking Core PLL.
Core PLL: Locked
DDR PLL: Bypassed
DDR PLL: Locked
PER PLL: Bypassed
PER PLL: Locked
DISP PLL Config in progress...
DISP PLL Config done
Subarctic ALL ADPLL Config for OPP == OPP100 is Done
DDR3 EMIF and PHY configuration...
EMIF PRCM is in progress...
EMIF PRCM done
GPIO module clock configuration is done
Waiting for VTP Ready...
VTP Enable done
DDR PHY CMD Register configuration is in progress
DDR PHY CMD Register configuration is in progress
DDR PHY CMD Register configuration is in progress
DDR PHY Data Register configuration is in progress
DDR PHY Data Register configuration is in progress
EMIF Timing register configuration is in progress...
EMIF Timing register configuration is done...
PHY is READY!
DDR3 EMIF configuration done
=== AM335x EVM Initialization done ===
DDR test: SUCCESS!
RTT: selecting BGMemAP before connect returns
SetupTarget() end - Took 152ms
Using stop mode for background memory accesses: https://wiki.segger.com/Memory_accesses.
Connected to target device.
J-Link/J-Trace serial number: 941000024
RTT setup v3: selecting background AP after target connect
RTT setup v3: inspect command messages and J-Link log for result
TargetReset
Disable watchdog
Project.SetRTT (0);
Debug.Halt();
Target.WriteU32 (0x44E35048, 0xAAAA);
Target.WriteU32 (0x44E35048, 0x5555);
Target.GetReg ("CPSR"); // returns 0x800001B3
Setting Execution Mode to ARM.
Target.SetReg ("CPSR", 0x80000193);
Elf.GetEntryPointPC(); // returns 0x80000000
Setting PC to ELF entry point:0x80000000
Target.SetReg ("PC", 0x80000000);
Debug.SetResetMode (RM_RESET_HALT);
Target.GetReg ("PC"); // returns 0x80000000
AfterTargetReset: PC:0x80000000
Project.SetRTT (0);
TargetDownload: Loading application to DDR (0x80000000)
Target.WriteU32 (0x80000000, 0xDEADBEEF);
Target.ReadU32 (0x80000000); // returns 0x4, data is 0xDEADBEEF
DDR test:0xDEADBEEF
SUCCESS: DDR is working!
Exec.Download ("../../../cmake-build-debug/examples/uart_cli/am335x_uart_cli.elf");
Project.SetRTT (0);
AfterTargetDownload: Download complete; RTT awaits startup
Target.ReadU32 (0x80000000); // returns 0x4, data is 0xE10F0000
Value at 0x80000000:0xE10F0000
Elf.GetEntryPointPC(); // returns 0x80000000
Target.SetReg ("PC", 0x80000000);
Target.GetReg ("PC"); // returns 0x80000000
PC after set:0x80000000
Ready. Press Go to start debugging.
AfterTargetHalt
Target.GetReg ("PC"); // returns 0x80000000
Halted at PC:0x80000000
Debug.Continue();
Memory map 'after startup completion point' is active
Startup complete (PC=0x80000F1C)
RTT setup v3: startup complete
Elf.GetExprValue ("&_SEGGER_RTT"); // returns 0x40301840
RTT setup v3: &_SEGGER_RTT:0x40301840
Target.ReadU32 (0x40301840); // returns 0x4, data is 0x47474553
RTT setup v3: control-block byte offset:0x0
RTT setup v3: word:0x47474553
Target.ReadU32 (0x40301844); // returns 0x4, data is 0x52205245
RTT setup v3: control-block byte offset:0x4
RTT setup v3: word:0x52205245
Target.ReadU32 (0x40301848); // returns 0x4, data is 0x5454
RTT setup v3: control-block byte offset:0x8
RTT setup v3: word:0x5454
Target.ReadU32 (0x4030184C); // returns 0x4, data is 0x0
RTT setup v3: control-block byte offset:0xC
RTT setup v3: word:0x0
Target.ReadU32 (0x40301850); // returns 0x4, data is 0x3
RTT setup v3: control-block byte offset:0x10
RTT setup v3: word:0x3
Target.ReadU32 (0x40301854); // returns 0x4, data is 0x3
RTT setup v3: control-block byte offset:0x14
RTT setup v3: word:0x3
Project.SetRTT (1);
RTT active
Executed J-Link command "SetRTTSearchRanges 0x40300000 0x10000"
Executed J-Link command "SetRTTAddr 0x40301840"
RTT setup v3: RTT requested; inspect Ozone activation messages
Debug.Stop();
Project.SetRTT (0);
RTT inactive
Disconnected from target device.
